06-20 13:38:33.755  7638  7638 W ViewRootImpl[Toast]: EGLdebug relayoutWindow Surface isSurface(name=null)  (appName =com.quvideo.xiaoying) ( mSurfaceControllerIsValid =false) (mNativeObject  =0)/@0x35b56dc,viewVisibility is0
06-20 13:38:33.774  7638  7638 W ViewRootImpl[Toast]: EGLdebug relayoutWindow Surface isSurface(name=null)  (appName =com.quvideo.xiaoying) ( mSurfaceControllerIsValid =true) (mNativeObject  =a5c90000)/@0x35b56dc,relayoutResult is7
06-20 13:38:33.890  1157  1279 I chatty  : uid=1000(system) android.anim expire 2 lines
06-20 13:38:34.832   485   849 W SocketListener: sending broadcast to Pid = 1157, Uid = 1000 
06-20 13:38:34.834  1157  1330 I chatty  : uid=1000(system) NetdConnector expire 2 lines
06-20 13:38:34.843  1157  1331 I chatty  : uid=1000(system) NetworkStats expire 10 lines
06-20 13:38:34.845  1157  1330 I chatty  : uid=1000(system) NetdConnector expire 10 lines
06-20 13:38:34.956  1157  1660 I chatty  : uid=1000(system) Binder:1157_8 expire 11 lines
06-20 13:38:35.041  1157  8081 I chatty  : uid=1000(system) Binder:1157_19 expire 10 lines
06-20 13:38:35.543  1157  1186 I chatty  : uid=1000(system) PowerManagerSer expire 1 line
06-20 13:38:35.723  1157  1157 I chatty  : uid=1000 system_server expire 12 lines
06-20 13:38:35.925   732   732 E wificond: Failed to get NL80211_RATE_INFO_NOISE
06-20 13:38:35.925   732   732 E wificond: Failed to get NL80211_RATE_INFO_SNR
06-20 13:38:35.925   732   732 E wificond: Failed to get NL80211_STA_INFO_CNAHLOAD
06-20 13:38:36.003  1157  1279 I chatty  : uid=1000(system) android.anim expire 16 lines
06-20 13:38:37.698  1157 14597 I chatty  : uid=1000(system) Binder:1157_1F expire 19 lines
06-20 13:38:37.841   732   732 E wificond: Failed to get NL80211_RATE_INFO_NOISE
06-20 13:38:37.841   732   732 E wificond: Failed to get NL80211_RATE_INFO_SNR
06-20 13:38:37.841   732   732 E wificond: Failed to get NL80211_STA_INFO_CNAHLOAD
06-20 13:38:37.843   732   732 E wificond: Failed to get NL80211_RATE_INFO_NOISE
06-20 13:38:37.844   732   732 E wificond: Failed to get NL80211_RATE_INFO_SNR
06-20 13:38:37.844   732   732 E wificond: Failed to get NL80211_STA_INFO_CNAHLOAD
06-20 13:38:38.225  1498 28669 D CommandQueue: setNotchStatusBarColor
06-20 13:38:38.225  1498 28669 D CommandQueue: CommandQueue, setNotchStatusBarColor
06-20 13:38:38.229  1498 28669 D CommandQueue: setNotchStatusBarColor
06-20 13:38:38.229  1498 28669 D CommandQueue: CommandQueue, setNotchStatusBarColor
06-20 13:38:38.932   732   732 E wificond: Failed to get NL80211_RATE_INFO_NOISE
06-20 13:38:38.932   732   732 E wificond: Failed to get NL80211_RATE_INFO_SNR
06-20 13:38:38.932   732   732 E wificond: Failed to get NL80211_STA_INFO_CNAHLOAD
06-20 13:38:39.377  1157  1591 I chatty  : uid=1000(system) watchdog expire 2 lines
06-20 13:38:39.686  1498 28669 D CommandQueue: setNotchStatusBarColor
06-20 13:38:39.686  1498 28669 D CommandQueue: CommandQueue, setNotchStatusBarColor
06-20 13:38:40.133  1157  1290 I chatty  : uid=1000(system) Binder:1157_3 expire 4 lines
06-20 13:38:40.156  1498 28669 D CommandQueue: setNotchStatusBarColor
06-20 13:38:40.156  1498 28669 D CommandQueue: CommandQueue, setNotchStatusBarColor
06-20 13:38:40.159  1498 28669 D CommandQueue: setNotchStatusBarColor
06-20 13:38:40.159  1498 28669 D CommandQueue: CommandQueue, setNotchStatusBarColor
06-20 13:38:41.943   732   732 E wificond: Failed to get NL80211_RATE_INFO_NOISE
06-20 13:38:41.944   732   732 E wificond: Failed to get NL80211_RATE_INFO_SNR
06-20 13:38:41.944   732   732 E wificond: Failed to get NL80211_STA_INFO_CNAHLOAD
06-20 13:38:44.952   732   732 E wificond: Failed to get NL80211_RATE_INFO_NOISE
06-20 13:38:44.952   732   732 E wificond: Failed to get NL80211_RATE_INFO_SNR
06-20 13:38:44.952   732   732 E wificond: Failed to get NL80211_STA_INFO_CNAHLOAD
06-20 13:38:45.842   732   732 E wificond: Failed to get NL80211_RATE_INFO_NOISE
06-20 13:38:45.842   732   732 E wificond: Failed to get NL80211_RATE_INFO_SNR
06-20 13:38:45.842   732   732 E wificond: Failed to get NL80211_STA_INFO_CNAHLOAD
06-20 13:38:45.844   732   732 E wificond: Failed to get NL80211_RATE_INFO_NOISE
06-20 13:38:45.844   732   732 E wificond: Failed to get NL80211_RATE_INFO_SNR
06-20 13:38:45.844   732   732 E wificond: Failed to get NL80211_STA_INFO_CNAHLOAD
06-20 13:38:47.961   732   732 E wificond: Failed to get NL80211_RATE_INFO_NOISE
06-20 13:38:47.961   732   732 E wificond: Failed to get NL80211_RATE_INFO_SNR
06-20 13:38:47.961   732   732 E wificond: Failed to get NL80211_STA_INFO_CNAHLOAD
06-20 13:38:50.303  1157  8282 I chatty  : uid=1000(system) Binder:1157_1B expire 24 lines
06-20 13:38:50.971   732   732 E wificond: Failed to get NL80211_RATE_INFO_NOISE
06-20 13:38:50.971   732   732 E wificond: Failed to get NL80211_RATE_INFO_SNR
06-20 13:38:50.971   732   732 E wificond: Failed to get NL80211_STA_INFO_CNAHLOAD
06-20 13:38:53.854   732   732 E wificond: Failed to get NL80211_RATE_INFO_NOISE
06-20 13:38:53.854   732   732 E wificond: Failed to get NL80211_RATE_INFO_SNR
06-20 13:38:53.854   732   732 E wificond: Failed to get NL80211_STA_INFO_CNAHLOAD
06-20 13:38:53.859   732   732 E wificond: Failed to get NL80211_RATE_INFO_NOISE
06-20 13:38:53.859   732   732 E wificond: Failed to get NL80211_RATE_INFO_SNR
06-20 13:38:53.859   732   732 E wificond: Failed to get NL80211_STA_INFO_CNAHLOAD
06-20 13:38:53.977   732   732 E wificond: Failed to get NL80211_RATE_INFO_NOISE
06-20 13:38:53.977   732   732 E wificond: Failed to get NL80211_RATE_INFO_SNR
06-20 13:38:53.977   732   732 E wificond: Failed to get NL80211_STA_INFO_CNAHLOAD
06-20 13:38:56.987   732   732 E wificond: Failed to get NL80211_RATE_INFO_NOISE
06-20 13:38:56.987   732   732 E wificond: Failed to get NL80211_RATE_INFO_SNR
06-20 13:38:56.987   732   732 E wificond: Failed to get NL80211_STA_INFO_CNAHLOAD
06-20 13:38:57.804  1157  8081 I chatty  : uid=1000(system) Binder:1157_19 expire 11 lines
06-20 13:38:59.997   732   732 E wificond: Failed to get NL80211_RATE_INFO_NOISE
06-20 13:38:59.997   732   732 E wificond: Failed to get NL80211_RATE_INFO_SNR
06-20 13:38:59.997   732   732 E wificond: Failed to get NL80211_STA_INFO_CNAHLOAD
06-20 13:39:01.860   732   732 E wificond: Failed to get NL80211_RATE_INFO_NOISE
06-20 13:39:01.860   732   732 E wificond: Failed to get NL80211_RATE_INFO_SNR
06-20 13:39:01.860   732   732 E wificond: Failed to get NL80211_STA_INFO_CNAHLOAD
06-20 13:39:01.861   732   732 E wificond: Failed to get NL80211_RATE_INFO_NOISE
06-20 13:39:01.861   732   732 E wificond: Failed to get NL80211_RATE_INFO_SNR
06-20 13:39:01.861   732   732 E wificond: Failed to get NL80211_STA_INFO_CNAHLOAD
06-20 13:39:03.005   732   732 E wificond: Failed to get NL80211_RATE_INFO_NOISE
06-20 13:39:03.005   732   732 E wificond: Failed to get NL80211_RATE_INFO_SNR
06-20 13:39:03.005   732   732 E wificond: Failed to get NL80211_STA_INFO_CNAHLOAD
06-20 13:39:03.271  1157  1285 I chatty  : uid=1000(system) UEventObserver expire 2 lines
06-20 13:39:06.015   732   732 E wificond: Failed to get NL80211_RATE_INFO_NOISE
06-20 13:39:06.015   732   732 E wificond: Failed to get NL80211_RATE_INFO_SNR
06-20 13:39:06.015   732   732 E wificond: Failed to get NL80211_STA_INFO_CNAHLOAD
06-20 13:39:09.026   732   732 E wificond: Failed to get NL80211_RATE_INFO_NOISE
06-20 13:39:09.026   732   732 E wificond: Failed to get NL80211_RATE_INFO_SNR
06-20 13:39:09.026   732   732 E wificond: Failed to get NL80211_STA_INFO_CNAHLOAD
06-20 13:39:09.864   732   732 E wificond: Failed to get NL80211_RATE_INFO_NOISE
06-20 13:39:09.864   732   732 E wificond: Failed to get NL80211_RATE_INFO_SNR
06-20 13:39:09.864   732   732 E wificond: Failed to get NL80211_STA_INFO_CNAHLOAD
06-20 13:39:09.866   732   732 E wificond: Failed to get NL80211_RATE_INFO_NOISE
06-20 13:39:09.866   732   732 E wificond: Failed to get NL80211_RATE_INFO_SNR
06-20 13:39:09.866   732   732 E wificond: Failed to get NL80211_STA_INFO_CNAHLOAD
06-20 13:39:12.034   732   732 E wificond: Failed to get NL80211_RATE_INFO_NOISE
06-20 13:39:12.034   732   732 E wificond: Failed to get NL80211_RATE_INFO_SNR
06-20 13:39:12.034   732   732 E wificond: Failed to get NL80211_STA_INFO_CNAHLOAD
06-20 13:39:12.378  1498  1901 D CommandQueue: setNotchStatusBarColor
06-20 13:39:12.378  1498  1901 D CommandQueue: CommandQueue, setNotchStatusBarColor
06-20 13:39:12.430  1157  1660 I chatty  : uid=1000(system) Binder:1157_8 expire 7 lines
06-20 13:39:12.482  7638  7638 W ViewRootImpl[Toast]: EGLdebug relayoutWindow Surface isSurface(name=null)  (appName =com.quvideo.xiaoying) ( mSurfaceControllerIsValid =false) (mNativeObject  =0)/@0xab6f3bc,viewVisibility is0
06-20 13:39:12.498  7638  7638 W ViewRootImpl[Toast]: EGLdebug relayoutWindow Surface isSurface(name=null)  (appName =com.quvideo.xiaoying) ( mSurfaceControllerIsValid =true) (mNativeObject  =bdc15000)/@0xab6f3bc,relayoutResult is7
06-20 13:39:12.526  1157  1279 I chatty  : uid=1000(system) android.anim expire 12 lines
06-20 13:39:12.725  1157  8081 I chatty  : uid=1000(system) Binder:1157_19 expire 6 lines
06-20 13:39:12.940   485   849 W SocketListener: sending broadcast to Pid = 1157, Uid = 1000 
06-20 13:39:12.943  1157  1180 I chatty  : uid=1000(system) android.fg expire 2 lines
06-20 13:39:15.042   732   732 E wificond: Failed to get NL80211_RATE_INFO_NOISE
06-20 13:39:15.042   732   732 E wificond: Failed to get NL80211_RATE_INFO_SNR
06-20 13:39:15.042   732   732 E wificond: Failed to get NL80211_STA_INFO_CNAHLOAD
06-20 13:39:17.121   485   849 W SocketListener: sending broadcast to Pid = 1157, Uid = 1000 
06-20 13:39:17.124  1157  1330 I chatty  : uid=1000(system) NetdConnector expire 6 lines
06-20 13:39:17.131  1157  1331 I chatty  : uid=1000(system) NetworkStats expire 20 lines
06-20 13:39:17.869   732   732 E wificond: Failed to get NL80211_RATE_INFO_NOISE
06-20 13:39:17.869   732   732 E wificond: Failed to get NL80211_RATE_INFO_SNR
06-20 13:39:17.869   732   732 E wificond: Failed to get NL80211_STA_INFO_CNAHLOAD
06-20 13:39:17.873   732   732 E wificond: Failed to get NL80211_RATE_INFO_NOISE
06-20 13:39:17.873   732   732 E wificond: Failed to get NL80211_RATE_INFO_SNR
06-20 13:39:17.873   732   732 E wificond: Failed to get NL80211_STA_INFO_CNAHLOAD
06-20 13:39:18.046   732   732 E wificond: Failed to get NL80211_RATE_INFO_NOISE
06-20 13:39:18.046   732   732 E wificond: Failed to get NL80211_RATE_INFO_SNR
06-20 13:39:18.046   732   732 E wificond: Failed to get NL80211_STA_INFO_CNAHLOAD
06-20 13:39:20.633   485   849 W SocketListener: sending broadcast to Pid = 1157, Uid = 1000 
06-20 13:39:20.634  1157  1330 I chatty  : uid=1000(system) NetdConnector expire 30 lines
06-20 13:39:20.636  1157  1180 I chatty  : uid=1000(system) android.fg expire 10 lines
06-20 13:39:21.049   732   732 E wificond: Failed to get NL80211_RATE_INFO_NOISE
06-20 13:39:21.049   732   732 E wificond: Failed to get NL80211_RATE_INFO_SNR
06-20 13:39:21.049   732   732 E wificond: Failed to get NL80211_STA_INFO_CNAHLOAD
06-20 13:39:22.478  1157  1173 I chatty  : uid=1000(system) ActivityManager expire 3 lines
06-20 13:39:22.489  1157  8081 I chatty  : uid=1000(system) Binder:1157_19 expire 10 lines
06-20 13:39:22.583  7638  7638 D ActivityThread: Remove activity client record, r= ActivityRecord{af0ae6f token=android.os.BinderProxy@8c272b5 {com.quvideo.xiaoying/com.quvideo.xiaoying.app.publish.PublishActivity}} token= android.os.BinderProxy@8c272b5
06-20 13:39:22.586  1157  1660 I chatty  : uid=1000(system) Binder:1157_8 expire 14 lines
06-20 13:39:22.709  1157  1290 I chatty  : uid=1000(system) Binder:1157_3 expire 9 lines
06-20 13:39:23.149   485   849 W SocketListener: sending broadcast to Pid = 1157, Uid = 1000 
06-20 13:39:23.213  1157  1157 I chatty  : uid=1000 system_server expire 6 lines
06-20 13:39:24.059   732   732 E wificond: Failed to get NL80211_RATE_INFO_NOISE
06-20 13:39:24.060   732   732 E wificond: Failed to get NL80211_RATE_INFO_SNR
06-20 13:39:24.060   732   732 E wificond: Failed to get NL80211_STA_INFO_CNAHLOAD
06-20 13:39:25.178   485   849 W SocketListener: sending broadcast to Pid = 1157, Uid = 1000 
06-20 13:39:25.876   732   732 E wificond: Failed to get NL80211_RATE_INFO_NOISE
06-20 13:39:25.876   732   732 E wificond: Failed to get NL80211_RATE_INFO_SNR
06-20 13:39:25.876   732   732 E wificond: Failed to get NL80211_STA_INFO_CNAHLOAD
06-20 13:39:25.879   732   732 E wificond: Failed to get NL80211_RATE_INFO_NOISE
06-20 13:39:25.879   732   732 E wificond: Failed to get NL80211_RATE_INFO_SNR
06-20 13:39:25.879   732   732 E wificond: Failed to get NL80211_STA_INFO_CNAHLOAD
06-20 13:39:26.634  1157  1316 I chatty  : uid=1000(system) Binder:1157_4 expire 11 lines
06-20 13:39:26.667  1157  8282 I chatty  : uid=1000(system) Binder:1157_1B expire 12 lines
06-20 13:39:27.069   732   732 E wificond: Failed to get NL80211_RATE_INFO_NOISE
06-20 13:39:27.069   732   732 E wificond: Failed to get NL80211_RATE_INFO_SNR
06-20 13:39:27.069   732   732 E wificond: Failed to get NL80211_STA_INFO_CNAHLOAD
06-20 13:39:27.205   485   849 W SocketListener: sending broadcast to Pid = 1157, Uid = 1000 
06-20 13:39:27.214  1157  1331 I chatty  : uid=1000(system) NetworkStats expire 25 lines
06-20 13:39:28.903  1157  1321 I chatty  : uid=1000(system) InputDispatcher expire 4 lines
06-20 13:39:29.197  1157  1279 I chatty  : uid=1000(system) android.anim expire 11 lines
06-20 13:39:29.210   485   849 W SocketListener: sending broadcast to Pid = 1157, Uid = 1000 
06-20 13:39:29.768  7638  7638 V ActivityThread: ActivityThread,callActivityOnCreate
06-20 13:39:29.868  7638  7638 D ActivityThread: add activity client record, r= ActivityRecord{26259fb token=android.os.BinderProxy@805b6b1 {com.quvideo.xiaoying/com.quvideo.xiaoying.app.community.usergrade.UserGradePage}} token= android.os.BinderProxy@805b6b1
06-20 13:39:30.075   732   732 E wificond: Failed to get NL80211_RATE_INFO_NOISE
06-20 13:39:30.075   732   732 E wificond: Failed to get NL80211_RATE_INFO_SNR
06-20 13:39:30.075   732   732 E wificond: Failed to get NL80211_STA_INFO_CNAHLOAD
06-20 13:39:31.324   485   849 W SocketListener: sending broadcast to Pid = 1157, Uid = 1000 
06-20 13:39:31.325  1157  1330 I chatty  : uid=1000(system) NetdConnector expire 24 lines
06-20 13:39:33.084   732   732 E wificond: Failed to get NL80211_RATE_INFO_NOISE
06-20 13:39:33.084   732   732 E wificond: Failed to get NL80211_RATE_INFO_SNR
06-20 13:39:33.084   732   732 E wificond: Failed to get NL80211_STA_INFO_CNAHLOAD
06-20 13:39:33.511  1157  1285 I chatty  : uid=1000(system) UEventObserver expire 2 lines
06-20 13:39:33.883   732   732 E wificond: Failed to get NL80211_RATE_INFO_NOISE
06-20 13:39:33.883   732   732 E wificond: Failed to get NL80211_RATE_INFO_SNR
06-20 13:39:33.883   732   732 E wificond: Failed to get NL80211_STA_INFO_CNAHLOAD
06-20 13:39:33.885   732   732 E wificond: Failed to get NL80211_RATE_INFO_NOISE
06-20 13:39:33.885   732   732 E wificond: Failed to get NL80211_RATE_INFO_SNR
06-20 13:39:33.885   732   732 E wificond: Failed to get NL80211_STA_INFO_CNAHLOAD
06-20 13:39:34.170   485   849 W SocketListener: sending broadcast to Pid = 1157, Uid = 1000 
06-20 13:39:35.932  1157  1660 I chatty  : uid=1000(system) Binder:1157_8 expire 4 lines
06-20 13:39:36.089   732   732 E wificond: Failed to get NL80211_RATE_INFO_NOISE
06-20 13:39:36.089   732   732 E wificond: Failed to get NL80211_RATE_INFO_SNR
06-20 13:39:36.089   732   732 E wificond: Failed to get NL80211_STA_INFO_CNAHLOAD
06-20 13:39:36.583   485   849 W SocketListener: sending broadcast to Pid = 1157, Uid = 1000 
06-20 13:39:38.664  1157  1705 I chatty  : uid=1000(system) Binder:1157_9 expire 8 lines
06-20 13:39:39.100   732   732 E wificond: Failed to get NL80211_RATE_INFO_NOISE
06-20 13:39:39.100   732   732 E wificond: Failed to get NL80211_RATE_INFO_SNR
06-20 13:39:39.100   732   732 E wificond: Failed to get NL80211_STA_INFO_CNAHLOAD
06-20 13:39:39.380  1157  1591 I chatty  : uid=1000(system) watchdog expire 1 line
06-20 13:39:39.730   485   849 W SocketListener: sending broadcast to Pid = 1157, Uid = 1000 
06-20 13:39:39.737  1157  1331 I chatty  : uid=1000(system) NetworkStats expire 15 lines
06-20 13:39:41.236  1157  8282 I chatty  : uid=1000(system) Binder:1157_1B expire 1 line
06-20 13:39:41.890   732   732 E wificond: Failed to get NL80211_RATE_INFO_NOISE
06-20 13:39:41.890   732   732 E wificond: Failed to get NL80211_RATE_INFO_SNR
06-20 13:39:41.890   732   732 E wificond: Failed to get NL80211_STA_INFO_CNAHLOAD
06-20 13:39:41.892   732   732 E wificond: Failed to get NL80211_RATE_INFO_NOISE
06-20 13:39:41.892   732   732 E wificond: Failed to get NL80211_RATE_INFO_SNR
06-20 13:39:41.892   732   732 E wificond: Failed to get NL80211_STA_INFO_CNAHLOAD
06-20 13:39:41.898   485   849 W SocketListener: sending broadcast to Pid = 1157, Uid = 1000 
06-20 13:39:41.901  1157  1330 I chatty  : uid=1000(system) NetdConnector expire 12 lines
06-20 13:39:42.105   732   732 E wificond: Failed to get NL80211_RATE_INFO_NOISE
06-20 13:39:42.105   732   732 E wificond: Failed to get NL80211_RATE_INFO_SNR
06-20 13:39:42.105   732   732 E wificond: Failed to get NL80211_STA_INFO_CNAHLOAD
06-20 13:39:45.112   732   732 E wificond: Failed to get NL80211_RATE_INFO_NOISE
06-20 13:39:45.112   732   732 E wificond: Failed to get NL80211_RATE_INFO_SNR
06-20 13:39:45.112   732   732 E wificond: Failed to get NL80211_STA_INFO_CNAHLOAD
06-20 13:39:45.765   485   849 W SocketListener: sending broadcast to Pid = 1157, Uid = 1000 
06-20 13:39:45.772  1157  1180 I chatty  : uid=1000(system) android.fg expire 1 line
06-20 13:39:45.976  7638  7638 D ActivityThread: Remove activity client record, r= ActivityRecord{26259fb token=android.os.BinderProxy@805b6b1 {com.quvideo.xiaoying/com.quvideo.xiaoying.app.community.usergrade.UserGradePage}} token= android.os.BinderProxy@805b6b1
06-20 13:39:46.390  1157  8081 I chatty  : uid=1000(system) Binder:1157_19 expire 2 lines
06-20 13:39:47.841  1157  1168 I chatty  : uid=1000(system) Binder:1157_2 expire 13 lines
06-20 13:39:48.120   732   732 E wificond: Failed to get NL80211_RATE_INFO_NOISE
06-20 13:39:48.120   732   732 E wificond: Failed to get NL80211_RATE_INFO_SNR
06-20 13:39:48.120   732   732 E wificond: Failed to get NL80211_STA_INFO_CNAHLOAD
06-20 13:39:48.515  1157  5114 I chatty  : uid=1000(system) Binder:1157_11 expire 10 lines
06-20 13:39:48.572  1157  1706 I chatty  : uid=1000(system) Binder:1157_A expire 14 lines
06-20 13:39:48.593  7638  7638 V ActivityThread: ActivityThread,callActivityOnCreate
06-20 13:39:48.672  7638  7638 D ActivityThread: add activity client record, r= ActivityRecord{8456c3a token=android.os.BinderProxy@d661a0 {com.quvideo.xiaoying/com.quvideo.xiaoying.editor.gallery.GalleryActivity}} token= android.os.BinderProxy@d661a0
06-20 13:39:48.688  1157  1715 I chatty  : uid=1000(system) Binder:1157_B expire 14 lines
06-20 13:39:48.847  1157  1279 I chatty  : uid=1000(system) android.anim expire 14 lines
06-20 13:39:49.113  1157  1157 I chatty  : uid=1000 system_server expire 7 lines
06-20 13:39:49.894   732   732 E wificond: Failed to get NL80211_RATE_INFO_NOISE
06-20 13:39:49.894   732   732 E wificond: Failed to get NL80211_RATE_INFO_SNR
06-20 13:39:49.894   732   732 E wificond: Failed to get NL80211_STA_INFO_CNAHLOAD
06-20 13:39:49.896   732   732 E wificond: Failed to get NL80211_RATE_INFO_NOISE
06-20 13:39:49.897   732   732 E wificond: Failed to get NL80211_RATE_INFO_SNR
06-20 13:39:49.897   732   732 E wificond: Failed to get NL80211_STA_INFO_CNAHLOAD
06-20 13:39:50.018  1157  8081 I chatty  : uid=1000(system) Binder:1157_19 expire 15 lines
06-20 13:39:50.423  1157  1186 I chatty  : uid=1000(system) PowerManagerSer expire 1 line
06-20 13:39:50.448   485   849 W SocketListener: sending broadcast to Pid = 1157, Uid = 1000 
06-20 13:39:50.449  1157  1330 I chatty  : uid=1000(system) NetdConnector expire 24 lines
06-20 13:39:50.451  1157  1180 I chatty  : uid=1000(system) android.fg expire 5 lines
06-20 13:39:50.455  1157  1331 I chatty  : uid=1000(system) NetworkStats expire 20 lines
06-20 13:39:51.127   732   732 E wificond: Failed to get NL80211_RATE_INFO_NOISE
06-20 13:39:51.128   732   732 E wificond: Failed to get NL80211_RATE_INFO_SNR
06-20 13:39:51.128   732   732 E wificond: Failed to get NL80211_STA_INFO_CNAHLOAD
06-20 13:39:54.141   732   732 E wificond: Failed to get NL80211_RATE_INFO_NOISE
06-20 13:39:54.141   732   732 E wificond: Failed to get NL80211_RATE_INFO_SNR
06-20 13:39:54.141   732   732 E wificond: Failed to get NL80211_STA_INFO_CNAHLOAD
06-20 13:39:55.469   485   849 W SocketListener: sending broadcast to Pid = 1157, Uid = 1000 
06-20 13:39:57.149   732   732 E wificond: Failed to get NL80211_RATE_INFO_NOISE
06-20 13:39:57.149   732   732 E wificond: Failed to get NL80211_RATE_INFO_SNR
06-20 13:39:57.149   732   732 E wificond: Failed to get NL80211_STA_INFO_CNAHLOAD
06-20 13:39:57.540  7638  7638 V ActivityThread: ActivityThread,callActivityOnCreate
06-20 13:39:57.592  7638  7638 D ActivityThread: add activity client record, r= ActivityRecord{16ec55 token=android.os.BinderProxy@e688f75 {com.quvideo.xiaoying/com.quvideo.xiaoying.editor.VideoEditorActivity}} token= android.os.BinderProxy@e688f75
06-20 13:39:57.632  1157  8281 I chatty  : uid=1000(system) Binder:1157_1A expire 29 lines
06-20 13:39:57.734   485   849 W SocketListener: sending broadcast to Pid = 1157, Uid = 1000 
06-20 13:39:57.903   732   732 E wificond: Failed to get NL80211_RATE_INFO_NOISE
06-20 13:39:57.903   732   732 E wificond: Failed to get NL80211_RATE_INFO_SNR
06-20 13:39:57.903   732   732 E wificond: Failed to get NL80211_STA_INFO_CNAHLOAD
06-20 13:39:57.905   732   732 E wificond: Failed to get NL80211_RATE_INFO_NOISE
06-20 13:39:57.905   732   732 E wificond: Failed to get NL80211_RATE_INFO_SNR
06-20 13:39:57.905   732   732 E wificond: Failed to get NL80211_STA_INFO_CNAHLOAD
06-20 13:39:58.364  7638  7638 D ActivityThread: Remove activity client record, r= ActivityRecord{8456c3a token=android.os.BinderProxy@d661a0 {com.quvideo.xiaoying/com.quvideo.xiaoying.editor.gallery.GalleryActivity}} token= android.os.BinderProxy@d661a0
06-20 13:39:59.739   485   849 W SocketListener: sending broadcast to Pid = 1157, Uid = 1000 
06-20 13:39:59.953  1157  1168 I chatty  : uid=1000(system) Binder:1157_2 expire 9 lines
06-20 13:40:00.150  7638  7638 V ActivityThread: ActivityThread,callActivityOnCreate
06-20 13:40:00.158   732   732 E wificond: Failed to get NL80211_RATE_INFO_NOISE
06-20 13:40:00.159   732   732 E wificond: Failed to get NL80211_RATE_INFO_SNR
06-20 13:40:00.159   732   732 E wificond: Failed to get NL80211_STA_INFO_CNAHLOAD
06-20 13:40:00.200  1157  1715 I chatty  : uid=1000(system) Binder:1157_B expire 8 lines
06-20 13:40:00.289  7638  7638 D ActivityThread: add activity client record, r= ActivityRecord{d93026e token=android.os.BinderProxy@50bb10c {com.quvideo.xiaoying/com.quvideo.xiaoying.app.publish.PublishActivity}} token= android.os.BinderProxy@50bb10c
06-20 13:40:00.509 10114 10114 D ActivityThread: ActivityThread,attachApplication
06-20 13:40:00.517  1157  1279 I chatty  : uid=1000(system) android.anim expire 3 lines
06-20 13:40:01.147  1157 10148 I chatty  : uid=1000 system_server expire 6 lines
06-20 13:40:01.151  1157  1608 I chatty  : uid=1000(system) LocationThread expire 3 lines
06-20 13:40:01.316  1157  1706 I chatty  : uid=1000(system) Binder:1157_A expire 1 line
06-20 13:40:01.834   485   849 W SocketListener: sending broadcast to Pid = 1157, Uid = 1000 
06-20 13:40:01.836  1157  1330 I chatty  : uid=1000(system) NetdConnector expire 6 lines
06-20 13:40:01.843  1157  1331 I chatty  : uid=1000(system) NetworkStats expire 5 lines
06-20 13:40:01.922  7638  7638 D ActivityThread: Remove activity client record, r= ActivityRecord{16ec55 token=android.os.BinderProxy@e688f75 {com.quvideo.xiaoying/com.quvideo.xiaoying.editor.VideoEditorActivity}} token= android.os.BinderProxy@e688f75
06-20 13:40:01.925  1157  8081 I chatty  : uid=1000(system) Binder:1157_19 expire 13 lines
06-20 13:40:02.585  1157  8281 I chatty  : uid=1000(system) Binder:1157_1A expire 10 lines
06-20 13:40:03.022  1157  1186 I chatty  : uid=1000(system) PowerManagerSer expire 2 lines
06-20 13:40:03.166   732   732 E wificond: Failed to get NL80211_RATE_INFO_NOISE
06-20 13:40:03.166   732   732 E wificond: Failed to get NL80211_RATE_INFO_SNR
06-20 13:40:03.166   732   732 E wificond: Failed to get NL80211_STA_INFO_CNAHLOAD
06-20 13:40:03.754  1157  1285 I chatty  : uid=1000(system) UEventObserver expire 4 lines
06-20 13:40:03.771  1157  1157 I chatty  : uid=1000 system_server expire 12 lines
06-20 13:40:03.856   485   849 W SocketListener: sending broadcast to Pid = 1157, Uid = 1000 
06-20 13:40:03.857  1157  1330 I chatty  : uid=1000(system) NetdConnector expire 26 lines
06-20 13:40:03.859  1157  1180 I chatty  : uid=1000(system) android.fg expire 5 lines
06-20 13:40:03.862  1157  1331 I chatty  : uid=1000(system) NetworkStats expire 20 lines
06-20 13:40:03.946  1157  1706 I chatty  : uid=1000(system) Binder:1157_A expire 12 lines
06-20 13:40:04.010  1157  1345 I chatty  : uid=1000(system) WifiScanningSer expire 1 line
06-20 13:40:04.498   485   848 W SocketListener: sending broadcast to Pid = 1157, Uid = 1000 
06-20 13:40:04.512  1157  1168 I chatty  : uid=1000(system) Binder:1157_2 expire 11 lines
06-20 13:40:04.897 10179 10179 D ActivityThread: ActivityThread,attachApplication
06-20 13:40:05.877   485   849 W SocketListener: sending broadcast to Pid = 1157, Uid = 1000 
06-20 13:40:05.911   732   732 E wificond: Failed to get NL80211_RATE_INFO_NOISE
06-20 13:40:05.911   732   732 E wificond: Failed to get NL80211_RATE_INFO_SNR
06-20 13:40:05.911   732   732 E wificond: Failed to get NL80211_STA_INFO_CNAHLOAD
06-20 13:40:05.913   732   732 E wificond: Failed to get NL80211_RATE_INFO_NOISE
06-20 13:40:05.913   732   732 E wificond: Failed to get NL80211_RATE_INFO_SNR
06-20 13:40:05.913   732   732 E wificond: Failed to get NL80211_STA_INFO_CNAHLOAD
06-20 13:40:06.173   732   732 E wificond: Failed to get NL80211_RATE_INFO_NOISE
06-20 13:40:06.173   732   732 E wificond: Failed to get NL80211_RATE_INFO_SNR
06-20 13:40:06.173   732   732 E wificond: Failed to get NL80211_STA_INFO_CNAHLOAD
06-20 13:40:07.922   485   849 W SocketListener: sending broadcast to Pid = 1157, Uid = 1000 
06-20 13:40:09.180   732   732 E wificond: Failed to get NL80211_RATE_INFO_NOISE
06-20 13:40:09.180   732   732 E wificond: Failed to get NL80211_RATE_INFO_SNR
06-20 13:40:09.180   732   732 E wificond: Failed to get NL80211_STA_INFO_CNAHLOAD
06-20 13:40:09.381  1157  1591 I chatty  : uid=1000(system) watchdog expire 2 lines
06-20 13:40:11.340   485   849 W SocketListener: sending broadcast to Pid = 1157, Uid = 1000 
06-20 13:40:12.186   732   732 E wificond: Failed to get NL80211_RATE_INFO_NOISE
06-20 13:40:12.186   732   732 E wificond: Failed to get NL80211_RATE_INFO_SNR
06-20 13:40:12.186   732   732 E wificond: Failed to get NL80211_STA_INFO_CNAHLOAD
06-20 13:40:12.929  1157  8081 I chatty  : uid=1000(system) Binder:1157_19 expire 6 lines
06-20 13:40:13.918   732   732 E wificond: Failed to get NL80211_RATE_INFO_NOISE
06-20 13:40:13.918   732   732 E wificond: Failed to get NL80211_RATE_INFO_SNR
06-20 13:40:13.918   732   732 E wificond: Failed to get NL80211_STA_INFO_CNAHLOAD
06-20 13:40:13.920   732   732 E wificond: Failed to get NL80211_RATE_INFO_NOISE
06-20 13:40:13.920   732   732 E wificond: Failed to get NL80211_RATE_INFO_SNR
06-20 13:40:13.920   732   732 E wificond: Failed to get NL80211_STA_INFO_CNAHLOAD
06-20 13:40:14.878  1498  1901 D CommandQueue: setNotchStatusBarColor
06-20 13:40:14.878  1498  1901 D CommandQueue: CommandQueue, setNotchStatusBarColor
06-20 13:40:14.881  1498 28669 D CommandQueue: setNotchStatusBarColor
06-20 13:40:14.882  1498 28669 D CommandQueue: CommandQueue, setNotchStatusBarColor
06-20 13:40:14.966  1157  1279 I chatty  : uid=1000(system) android.anim expire 21 lines
06-20 13:40:15.194   732   732 E wificond: Failed to get NL80211_RATE_INFO_NOISE
06-20 13:40:15.194   732   732 E wificond: Failed to get NL80211_RATE_INFO_SNR
06-20 13:40:15.194   732   732 E wificond: Failed to get NL80211_STA_INFO_CNAHLOAD
06-20 13:40:15.787  1498 28669 D CommandQueue: setNotchStatusBarColor
06-20 13:40:15.787  1498 28669 D CommandQueue: CommandQueue, setNotchStatusBarColor
06-20 13:40:16.161  7638  7638 W ViewRootImpl[Toast]: EGLdebug relayoutWindow Surface isSurface(name=null)  (appName =com.quvideo.xiaoying) ( mSurfaceControllerIsValid =false) (mNativeObject  =0)/@0xc00ce4d,viewVisibility is0
06-20 13:40:16.167  1157  8281 I chatty  : uid=1000(system) Binder:1157_1A expire 6 lines
06-20 13:40:16.174  7638  7638 W ViewRootImpl[Toast]: EGLdebug relayoutWindow Surface isSurface(name=null)  (appName =com.quvideo.xiaoying) ( mSurfaceControllerIsValid =true) (mNativeObject  =c4845800)/@0xc00ce4d,relayoutResult is7
06-20 13:40:17.930  1157  1168 I chatty  : uid=1000(system) Binder:1157_2 expire 10 lines
06-20 13:40:18.204   732   732 E wificond: Failed to get NL80211_RATE_INFO_NOISE
06-20 13:40:18.204   732   732 E wificond: Failed to get NL80211_RATE_INFO_SNR
06-20 13:40:18.204   732   732 E wificond: Failed to get NL80211_STA_INFO_CNAHLOAD
06-20 13:40:19.270  1498  1901 D CommandQueue: setNotchStatusBarColor
06-20 13:40:19.270  1498  1901 D CommandQueue: CommandQueue, setNotchStatusBarColor
06-20 13:40:19.273  1498 28669 D CommandQueue: setNotchStatusBarColor
06-20 13:40:19.273  1498 28669 D CommandQueue: CommandQueue, setNotchStatusBarColor
06-20 13:40:20.319  1157  1715 I chatty  : uid=1000(system) Binder:1157_B expire 10 lines
06-20 13:40:20.326  1498 28669 D CommandQueue: setNotchStatusBarColor
06-20 13:40:20.326  1498 28669 D CommandQueue: CommandQueue, setNotchStatusBarColor
06-20 13:40:20.429  1498 28669 D CommandQueue: setNotchStatusBarColor
06-20 13:40:20.429  1498 28669 D CommandQueue: CommandQueue, setNotchStatusBarColor
06-20 13:40:20.433  1498 28669 D CommandQueue: setNotchStatusBarColor
06-20 13:40:20.433  1498 28669 D CommandQueue: CommandQueue, setNotchStatusBarColor
06-20 13:40:20.457  1157  5376 I chatty  : uid=1000(system) Binder:1157_13 expire 10 lines
06-20 13:40:21.215   732   732 E wificond: Failed to get NL80211_RATE_INFO_NOISE
06-20 13:40:21.215   732   732 E wificond: Failed to get NL80211_RATE_INFO_SNR
06-20 13:40:21.215   732   732 E wificond: Failed to get NL80211_STA_INFO_CNAHLOAD
06-20 13:40:21.927   732   732 E wificond: Failed to get NL80211_RATE_INFO_NOISE
06-20 13:40:21.927   732   732 E wificond: Failed to get NL80211_RATE_INFO_SNR
06-20 13:40:21.927   732   732 E wificond: Failed to get NL80211_STA_INFO_CNAHLOAD
06-20 13:40:21.930   732   732 E wificond: Failed to get NL80211_RATE_INFO_NOISE
06-20 13:40:21.931   732   732 E wificond: Failed to get NL80211_RATE_INFO_SNR
06-20 13:40:21.931   732   732 E wificond: Failed to get NL80211_STA_INFO_CNAHLOAD
06-20 13:40:24.227   732   732 E wificond: Failed to get NL80211_RATE_INFO_NOISE
06-20 13:40:24.227   732   732 E wificond: Failed to get NL80211_RATE_INFO_SNR
06-20 13:40:24.227   732   732 E wificond: Failed to get NL80211_STA_INFO_CNAHLOAD
06-20 13:40:27.236   732   732 E wificond: Failed to get NL80211_RATE_INFO_NOISE
06-20 13:40:27.237   732   732 E wificond: Failed to get NL80211_RATE_INFO_SNR
06-20 13:40:27.237   732   732 E wificond: Failed to get NL80211_STA_INFO_CNAHLOAD
06-20 13:40:29.935   732   732 E wificond: Failed to get NL80211_RATE_INFO_NOISE
06-20 13:40:29.936   732   732 E wificond: Failed to get NL80211_RATE_INFO_SNR
06-20 13:40:29.936   732   732 E wificond: Failed to get NL80211_STA_INFO_CNAHLOAD
06-20 13:40:29.938   732   732 E wificond: Failed to get NL80211_RATE_INFO_NOISE
06-20 13:40:29.938   732   732 E wificond: Failed to get NL80211_RATE_INFO_SNR
06-20 13:40:29.938   732   732 E wificond: Failed to get NL80211_STA_INFO_CNAHLOAD
06-20 13:40:30.242   732   732 E wificond: Failed to get NL80211_RATE_INFO_NOISE
06-20 13:40:30.242   732   732 E wificond: Failed to get NL80211_RATE_INFO_SNR
06-20 13:40:30.243   732   732 E wificond: Failed to get NL80211_STA_INFO_CNAHLOAD
06-20 13:40:30.538  1157 12195 I chatty  : uid=1000(system) Binder:1157_1C expire 8 lines
06-20 13:40:33.255   732   732 E wificond: Failed to get NL80211_RATE_INFO_NOISE
06-20 13:40:33.255   732   732 E wificond: Failed to get NL80211_RATE_INFO_SNR
06-20 13:40:33.255   732   732 E wificond: Failed to get NL80211_STA_INFO_CNAHLOAD
06-20 13:40:36.267   732   732 E wificond: Failed to get NL80211_RATE_INFO_NOISE
06-20 13:40:36.267   732   732 E wificond: Failed to get NL80211_RATE_INFO_SNR
06-20 13:40:36.267   732   732 E wificond: Failed to get NL80211_STA_INFO_CNAHLOAD
06-20 13:40:37.942   732   732 E wificond: Failed to get NL80211_RATE_INFO_NOISE
06-20 13:40:37.943   732   732 E wificond: Failed to get NL80211_RATE_INFO_SNR
06-20 13:40:37.943   732   732 E wificond: Failed to get NL80211_STA_INFO_CNAHLOAD
06-20 13:40:37.944   732   732 E wificond: Failed to get NL80211_RATE_INFO_NOISE
06-20 13:40:37.944   732   732 E wificond: Failed to get NL80211_RATE_INFO_SNR
06-20 13:40:37.945   732   732 E wificond: Failed to get NL80211_STA_INFO_CNAHLOAD
06-20 13:40:38.042  1157  1168 I chatty  : uid=1000(system) Binder:1157_2 expire 6 lines
06-20 13:40:39.281   732   732 E wificond: Failed to get NL80211_RATE_INFO_NOISE
06-20 13:40:39.281   732   732 E wificond: Failed to get NL80211_RATE_INFO_SNR
06-20 13:40:39.281   732   732 E wificond: Failed to get NL80211_STA_INFO_CNAHLOAD
06-20 13:40:42.293   732   732 E wificond: Failed to get NL80211_RATE_INFO_NOISE
06-20 13:40:42.293   732   732 E wificond: Failed to get NL80211_RATE_INFO_SNR
06-20 13:40:42.293   732   732 E wificond: Failed to get NL80211_STA_INFO_CNAHLOAD
06-20 13:40:45.304   732   732 E wificond: Failed to get NL80211_RATE_INFO_NOISE
06-20 13:40:45.304   732   732 E wificond: Failed to get NL80211_RATE_INFO_SNR
06-20 13:40:45.304   732   732 E wificond: Failed to get NL80211_STA_INFO_CNAHLOAD
06-20 13:40:45.948   732   732 E wificond: Failed to get NL80211_RATE_INFO_NOISE
06-20 13:40:45.948   732   732 E wificond: Failed to get NL80211_RATE_INFO_SNR
06-20 13:40:45.948   732   732 E wificond: Failed to get NL80211_STA_INFO_CNAHLOAD
06-20 13:40:45.952   732   732 E wificond: Failed to get NL80211_RATE_INFO_NOISE
06-20 13:40:45.952   732   732 E wificond: Failed to get NL80211_RATE_INFO_SNR
06-20 13:40:45.952   732   732 E wificond: Failed to get NL80211_STA_INFO_CNAHLOAD
06-20 13:40:48.313   732   732 E wificond: Failed to get NL80211_RATE_INFO_NOISE
06-20 13:40:48.313   732   732 E wificond: Failed to get NL80211_RATE_INFO_SNR
06-20 13:40:48.313   732   732 E wificond: Failed to get NL80211_STA_INFO_CNAHLOAD
06-20 13:40:49.625  1498 27173 D CommandQueue: setNotchStatusBarColor
06-20 13:40:49.626  1498 27173 D CommandQueue: CommandQueue, setNotchStatusBarColor
06-20 13:40:49.690  7638  7638 W ViewRootImpl[Toast]: EGLdebug relayoutWindow Surface isSurface(name=null)  (appName =com.quvideo.xiaoying) ( mSurfaceControllerIsValid =false) (mNativeObject  =0)/@0x1d492fa,viewVisibility is0
06-20 13:40:49.700  1157  5376 I chatty  : uid=1000(system) Binder:1157_13 expire 19 lines
06-20 13:40:49.710  7638  7638 W ViewRootImpl[Toast]: EGLdebug relayoutWindow Surface isSurface(name=null)  (appName =com.quvideo.xiaoying) ( mSurfaceControllerIsValid =true) (mNativeObject  =b1633800)/@0x1d492fa,relayoutResult is7
06-20 13:40:49.778  1157  1279 I chatty  : uid=1000(system) android.anim expire 14 lines
06-20 13:40:49.843  7638  7638 V ActivityThread: ActivityThread,callActivityOnCreate
06-20 13:40:49.927  1157  1715 I chatty  : uid=1000(system) Binder:1157_B expire 19 lines
06-20 13:40:49.937  7638  7638 D ActivityThread: add activity client record, r= ActivityRecord{1beba99 token=android.os.BinderProxy@77a0b76 {com.quvideo.xiaoying/com.quvideo.xiaoying.studio.StudioActivity}} token= android.os.BinderProxy@77a0b76
06-20 13:40:50.255  7638  7638 D ActivityThread: Remove activity client record, r= ActivityRecord{d93026e token=android.os.BinderProxy@50bb10c {com.quvideo.xiaoying/com.quvideo.xiaoying.app.publish.PublishActivity}} token= android.os.BinderProxy@50bb10c
06-20 13:40:51.322   732   732 E wificond: Failed to get NL80211_RATE_INFO_NOISE
06-20 13:40:51.322   732   732 E wificond: Failed to get NL80211_RATE_INFO_SNR
06-20 13:40:51.322   732   732 E wificond: Failed to get NL80211_STA_INFO_CNAHLOAD
06-20 13:40:51.623  1157  1167 I chatty  : uid=1000(system) Binder:1157_1 expire 2 lines
06-20 13:40:52.066  7638  7638 V ActivityThread: ActivityThread,callActivityOnCreate
06-20 13:40:52.141  7638  7638 D ActivityThread: add activity client record, r= ActivityRecord{4564666 token=android.os.BinderProxy@3bbc30 {com.quvideo.xiaoying/com.quvideo.xiaoying.app.publish.PublishActivity}} token= android.os.BinderProxy@3bbc30
06-20 13:40:52.179  1157  1706 I chatty  : uid=1000(system) Binder:1157_A expire 15 lines
06-20 13:40:52.210 10285 10285 D ActivityThread: ActivityThread,attachApplication
06-20 13:40:52.234  1157  1715 I chatty  : uid=1000(system) Binder:1157_B expire 8 lines
06-20 13:40:52.320  1157  5376 I chatty  : uid=1000(system) Binder:1157_13 expire 13 lines
06-20 13:40:52.324  1157  1279 I chatty  : uid=1000(system) android.anim expire 15 lines
06-20 13:40:52.496  1157  1608 I chatty  : uid=1000(system) LocationThread expire 3 lines
06-20 13:40:52.497  1157 10315 I chatty  : uid=1000 system_server expire 6 lines
06-20 13:40:52.502  1157  1157 I chatty  : uid=1000 system_server expire 4 lines
06-20 13:40:52.591  7638  7638 D ActivityThread: Remove activity client record, r= ActivityRecord{1beba99 token=android.os.BinderProxy@77a0b76 {com.quvideo.xiaoying/com.quvideo.xiaoying.studio.StudioActivity}} token= android.os.BinderProxy@77a0b76
06-20 13:40:52.603  1157  1167 I chatty  : uid=1000(system) Binder:1157_1 expire 1 line
06-20 13:40:53.027  1498  1901 D CommandQueue: setNotchStatusBarColor
06-20 13:40:53.027  1498  1901 D CommandQueue: CommandQueue, setNotchStatusBarColor
06-20 13:40:53.031  1498  1901 D CommandQueue: setNotchStatusBarColor
06-20 13:40:53.032  1498  1901 D CommandQueue: CommandQueue, setNotchStatusBarColor
06-20 13:40:53.955   732   732 E wificond: Failed to get NL80211_RATE_INFO_NOISE
06-20 13:40:53.956   732   732 E wificond: Failed to get NL80211_RATE_INFO_SNR
06-20 13:40:53.956   732   732 E wificond: Failed to get NL80211_STA_INFO_CNAHLOAD
06-20 13:40:53.959   732   732 E wificond: Failed to get NL80211_RATE_INFO_NOISE
06-20 13:40:53.959   732   732 E wificond: Failed to get NL80211_RATE_INFO_SNR
06-20 13:40:53.959   732   732 E wificond: Failed to get NL80211_STA_INFO_CNAHLOAD
06-20 13:40:54.327   732   732 E wificond: Failed to get NL80211_RATE_INFO_NOISE
06-20 13:40:54.328   732   732 E wificond: Failed to get NL80211_RATE_INFO_SNR
06-20 13:40:54.328   732   732 E wificond: Failed to get NL80211_STA_INFO_CNAHLOAD
06-20 13:40:54.683  1157  8081 I chatty  : uid=1000(system) Binder:1157_19 expire 10 lines
06-20 13:40:55.208  1498 27173 D CommandQueue: setNotchStatusBarColor
06-20 13:40:55.208  1498 27173 D CommandQueue: CommandQueue, setNotchStatusBarColor
06-20 13:40:55.223  1157  1186 I chatty  : uid=1000(system) PowerManagerSer expire 1 line
06-20 13:40:55.516  7638  7638 W ViewRootImpl[Toast]: EGLdebug relayoutWindow Surface isSurface(name=null)  (appName =com.quvideo.xiaoying) ( mSurfaceControllerIsValid =false) (mNativeObject  =0)/@0xb16eb95,viewVisibility is0
06-20 13:40:55.532  7638  7638 W ViewRootImpl[Toast]: EGLdebug relayoutWindow Surface isSurface(name=null)  (appName =com.quvideo.xiaoying) ( mSurfaceControllerIsValid =true) (mNativeObject  =c6fe5800)/@0xb16eb95,relayoutResult is7
06-20 13:40:56.780  1498  1901 D CommandQueue: setNotchStatusBarColor
06-20 13:40:56.780  1498  1901 D CommandQueue: CommandQueue, setNotchStatusBarColor
06-20 13:40:56.783  1498 27173 D CommandQueue: setNotchStatusBarColor
06-20 13:40:56.783  1498 27173 D CommandQueue: CommandQueue, setNotchStatusBarColor
06-20 13:40:57.336   732   732 E wificond: Failed to get NL80211_RATE_INFO_NOISE
06-20 13:40:57.336   732   732 E wificond: Failed to get NL80211_RATE_INFO_SNR
06-20 13:40:57.336   732   732 E wificond: Failed to get NL80211_STA_INFO_CNAHLOAD
06-20 13:40:57.421  1498 27173 D CommandQueue: setNotchStatusBarColor
06-20 13:40:57.421  1498 27173 D CommandQueue: CommandQueue, setNotchStatusBarColor
06-20 13:40:57.478  1157  8282 I chatty  : uid=1000(system) Binder:1157_1B expire 10 lines
06-20 13:40:57.580  1157  1279 I chatty  : uid=1000(system) android.anim expire 28 lines
06-20 13:40:57.596  1157  5376 I chatty  : uid=1000(system) Binder:1157_13 expire 27 lines
06-20 13:40:57.883  7638  7638 W ViewRootImpl[Toast]: EGLdebug relayoutWindow Surface isSurface(name=null)  (appName =com.quvideo.xiaoying) ( mSurfaceControllerIsValid =false) (mNativeObject  =0)/@0xe0dac6c,viewVisibility is0
06-20 13:40:57.897  7638  7638 W ViewRootImpl[Toast]: EGLdebug relayoutWindow Surface isSurface(name=null)  (appName =com.quvideo.xiaoying) ( mSurfaceControllerIsValid =true) (mNativeObject  =c497b800)/@0xe0dac6c,relayoutResult is7
06-20 13:40:59.890  1157  1157 I chatty  : uid=1000 system_server expire 18 lines
06-20 13:41:00.346   732   732 E wificond: Failed to get NL80211_RATE_INFO_NOISE
06-20 13:41:00.346   732   732 E wificond: Failed to get NL80211_RATE_INFO_SNR
06-20 13:41:00.346   732   732 E wificond: Failed to get NL80211_STA_INFO_CNAHLOAD
06-20 13:41:01.873  1157  8081 I chatty  : uid=1000(system) Binder:1157_19 expire 29 lines
06-20 13:41:01.886  1498 28669 D CommandQueue: setNotchStatusBarColor
06-20 13:41:01.886  1498 28669 D CommandQueue: CommandQueue, setNotchStatusBarColor
06-20 13:41:01.889  1498 28669 D CommandQueue: setNotchStatusBarColor
06-20 13:41:01.889  1498 28669 D CommandQueue: CommandQueue, setNotchStatusBarColor
06-20 13:41:01.965   732   732 E wificond: Failed to get NL80211_RATE_INFO_NOISE
06-20 13:41:01.965   732   732 E wificond: Failed to get NL80211_RATE_INFO_SNR
06-20 13:41:01.965   732   732 E wificond: Failed to get NL80211_STA_INFO_CNAHLOAD
06-20 13:41:01.967   732   732 E wificond: Failed to get NL80211_RATE_INFO_NOISE
06-20 13:41:01.967   732   732 E wificond: Failed to get NL80211_RATE_INFO_SNR
06-20 13:41:01.967   732   732 E wificond: Failed to get NL80211_STA_INFO_CNAHLOAD
06-20 13:41:03.147  1157  1706 I chatty  : uid=1000(system) Binder:1157_A expire 12 lines
06-20 13:41:03.152  1498 28669 D CommandQueue: setNotchStatusBarColor
06-20 13:41:03.152  1498 28669 D CommandQueue: CommandQueue, setNotchStatusBarColor
06-20 13:41:03.237  1157  1715 I chatty  : uid=1000(system) Binder:1157_B expire 9 lines
06-20 13:41:03.253  1498 28669 D CommandQueue: setNotchStatusBarColor
06-20 13:41:03.253  1498 28669 D CommandQueue: CommandQueue, setNotchStatusBarColor
06-20 13:41:03.257  1498 28669 D CommandQueue: setNotchStatusBarColor
06-20 13:41:03.257  1498 28669 D CommandQueue: CommandQueue, setNotchStatusBarColor
06-20 13:41:03.354   732   732 E wificond: Failed to get NL80211_RATE_INFO_NOISE
06-20 13:41:03.354   732   732 E wificond: Failed to get NL80211_RATE_INFO_SNR
06-20 13:41:03.354   732   732 E wificond: Failed to get NL80211_STA_INFO_CNAHLOAD
06-20 13:41:04.214  1157  1285 I chatty  : uid=1000(system) UEventObserver expire 2 lines
--------- beginning of crash
06-20 13:41:06.165  7638  7638 E AndroidRuntime: FATAL EXCEPTION: main
06-20 13:41:06.165  7638  7638 E AndroidRuntime: Process: com.quvideo.xiaoying, PID: 7638
06-20 13:41:06.165  7638  7638 E AndroidRuntime: java.lang.NullPointerException: Attempt to read from field 'int com.quvideo.xiaoying.datacenter.social.publish.PublishTaskInfo.step' on a null object reference
06-20 13:41:06.165  7638  7638 E AndroidRuntime: 	at com.quvideo.xiaoying.app.publish.d.a.aI(SourceFile:67)
06-20 13:41:06.165  7638  7638 E AndroidRuntime: 	at com.quvideo.xiaoying.app.publish.d.a.aK(SourceFile:123)
06-20 13:41:06.165  7638  7638 E AndroidRuntime: 	at com.quvideo.xiaoying.app.publish.d.a.a(SourceFile:151)
06-20 13:41:06.165  7638  7638 E AndroidRuntime: 	at com.quvideo.xiaoying.app.publish.SocialPublishBaseActivity.da(SourceFile:1531)
06-20 13:41:06.165  7638  7638 E AndroidRuntime: 	at com.quvideo.xiaoying.app.publish.SocialPublishBaseActivity.aaM(SourceFile:1565)
06-20 13:41:06.165  7638  7638 E AndroidRuntime: 	at com.quvideo.xiaoying.app.publish.c.b$1.acg(SourceFile:312)
06-20 13:41:06.165  7638  7638 E AndroidRuntime: 	at com.quvideo.xiaoying.videoeditor.j.a.a$4.m(SourceFile:650)
06-20 13:41:06.165  7638  7638 E AndroidRuntime: 	at com.quvideo.xiaoying.ui.dialog.c.onClick(SourceFile:165)
06-20 13:41:06.165  7638  7638 E AndroidRuntime: 	at android.view.View.performClick(View.java:6291)
06-20 13:41:06.165  7638  7638 E AndroidRuntime: 	at android.view.View$PerformClick.run(View.java:24931)
06-20 13:41:06.165  7638  7638 E AndroidRuntime: 	at android.os.Handler.handleCallback(Handler.java:808)
06-20 13:41:06.165  7638  7638 E AndroidRuntime: 	at android.os.Handler.dispatchMessage(Handler.java:101)
06-20 13:41:06.165  7638  7638 E AndroidRuntime: 	at android.os.Looper.loop(Looper.java:166)
06-20 13:41:06.165  7638  7638 E AndroidRuntime: 	at android.app.ActivityThread.main(ActivityThread.java:7425)
06-20 13:41:06.165  7638  7638 E AndroidRuntime: 	at java.lang.reflect.Method.invoke(Native Method)
06-20 13:41:06.165  7638  7638 E AndroidRuntime: 	at com.android.internal.os.Zygote$MethodAndArgsCaller.run(Zygote.java:245)
06-20 13:41:06.165  7638  7638 E AndroidRuntime: 	at com.android.internal.os.ZygoteInit.main(ZygoteInit.java:921)
06-20 13:41:06.367   732   732 E wificond: Failed to get NL80211_RATE_INFO_NOISE
06-20 13:41:06.367   732   732 E wificond: Failed to get NL80211_RATE_INFO_SNR
06-20 13:41:06.367   732   732 E wificond: Failed to get NL80211_STA_INFO_CNAHLOAD
06-20 13:41:07.841  1157  1174 I chatty  : uid=1000(system) android.ui expire 3 lines
06-20 13:41:07.851  1448  1780 I HwNetworkPolicyManager: getHwUidPolicy uid = 10063 policy = 0
06-20 13:41:07.878  1157  2823 I chatty  : uid=1000(system) Binder:1157_F expire 1 line
06-20 13:41:07.879  1157  1350 I chatty  : uid=1000(system) ConnectivitySer expire 14 lines
06-20 13:41:07.879  1157  8282 I chatty  : uid=1000(system) Binder:1157_1B expire 10 lines
06-20 13:41:07.893  1157  8281 I chatty  : uid=1000(system) Binder:1157_1A expire 12 lines
06-20 13:41:07.900 17940 17940 I ActivityThread: Removing dead content provider:android.content.ContentProviderProxy@b3b0cdb
06-20 13:41:07.911  1157 14597 I chatty  : uid=1000(system) Binder:1157_1F expire 9 lines
06-20 13:41:07.936  1157  1167 I chatty  : uid=1000(system) Binder:1157_1 expire 14 lines
06-20 13:41:07.942  1157  1367 I chatty  : uid=1000(system) CallbackHandler expire 2 lines
06-20 13:41:07.958  1157  1182 I chatty  : uid=1000(system) android.display expire 1 line
06-20 13:41:07.988  1498  1901 I CommandQueue: updateBarBgColor
06-20 13:41:07.988  1498  1901 D CommandQueue: CommandQueue, setBarBackgroundColor
06-20 13:41:08.053  1157  1279 I chatty  : uid=1000(system) android.anim expire 20 lines
06-20 13:41:08.063  1157  5376 I chatty  : uid=1000(system) Binder:1157_13 expire 6 lines
06-20 13:41:08.064  1498  1901 D CommandQueue: setNotchStatusBarColor
06-20 13:41:08.064  1498  1901 D CommandQueue: CommandQueue, setNotchStatusBarColor
06-20 13:41:08.554  1157  1186 I chatty  : uid=1000(system) PowerManagerSer expire 1 line
06-20 13:41:09.383   732   732 E wificond: Failed to get NL80211_RATE_INFO_NOISE
06-20 13:41:09.384   732   732 E wificond: Failed to get NL80211_RATE_INFO_SNR
06-20 13:41:09.384   732   732 E wificond: Failed to get NL80211_STA_INFO_CNAHLOAD
06-20 13:41:09.385  1157  1591 I chatty  : uid=1000(system) watchdog expire 1 line
06-20 13:41:09.573  1157  1173 I chatty  : uid=1000(system) ActivityManager expire 1 line
06-20 13:41:09.970   732   732 E wificond: Failed to get NL80211_RATE_INFO_NOISE
06-20 13:41:09.970   732   732 E wificond: Failed to get NL80211_RATE_INFO_SNR
06-20 13:41:09.970   732   732 E wificond: Failed to get NL80211_STA_INFO_CNAHLOAD
06-20 13:41:09.972   732   732 E wificond: Failed to get NL80211_RATE_INFO_NOISE
06-20 13:41:09.972   732   732 E wificond: Failed to get NL80211_RATE_INFO_SNR
06-20 13:41:09.972   732   732 E wificond: Failed to get NL80211_STA_INFO_CNAHLOAD
06-20 13:41:12.048 10394 10394 D ActivityThread: ActivityThread,attachApplication
06-20 13:41:12.049  1157  8081 I chatty  : uid=1000(system) Binder:1157_19 expire 12 lines
06-20 13:41:12.083  1448  1780 I HwNetworkPolicyManager: getHwUidPolicy uid = 10211 policy = 0
06-20 13:41:12.147  1157  1705 I chatty  : uid=1000(system) Binder:1157_9 expire 9 lines
06-20 13:41:12.396   732   732 E wificond: Failed to get NL80211_RATE_INFO_NOISE
06-20 13:41:12.396   732   732 E wificond: Failed to get NL80211_RATE_INFO_SNR
06-20 13:41:12.396   732   732 E wificond: Failed to get NL80211_STA_INFO_CNAHLOAD
06-20 13:41:12.549  1157  1312 I chatty  : uid=1000(system) AlarmManager expire 2 lines
06-20 13:41:13.154 10505 10505 D ActivityThread: ActivityThread,attachApplication
06-20 13:41:13.269 10394 10394 V ActivityThread: ActivityThread,callActivityOnCreate
06-20 13:41:13.472 10394 10394 D ActivityThread: add activity client record, r= ActivityRecord{2bdf327 token=android.os.BinderProxy@160cb33 {com.quvideo.xiaoying/com.quvideo.xiaoying.app.SplashActivity}} token= android.os.BinderProxy@160cb33
06-20 13:41:13.601  1498 27173 I CommandQueue: updateBarBgColor
06-20 13:41:13.601  1498 27173 D CommandQueue: CommandQueue, setBarBackgroundColor
06-20 13:41:13.920 10615 10615 D ActivityThread: ActivityThread,attachApplication
06-20 13:41:13.959  1157  1157 I chatty  : uid=1000 system_server expire 2 lines
