06-20 13:41:58.120  1498  1498 W HwNotchSizeUtil: calculateSize error mRogWidth = 0mRogWHeigth = 0, mDefaultWidth = 1080
06-20 13:41:58.120  1498  1498 W HwNotchSizeUtil: calculateSize error mRogWidth = 0mRogWHeigth = 0, mDefaultWidth = 1080
06-20 13:41:58.121  1688  1877 I iMonitor: create: 910009020
06-20 13:41:58.121  1688  1877 I iMonitor: send: 910000007
06-20 13:41:58.127 10861 10879 D baidu_location_service: baidu location service has stoped ...
06-20 13:41:58.127 10861 10879 I Process : Sending signal. PID: 10861 SIG: 9
06-20 13:41:58.249  1157  1706 I ActivityManager: Process com.quvideo.xiaoying:baidu (pid 10861) has died: cch  CEM 
06-20 13:41:58.249  1688  1694 I zygote64: Compiler allocated 7MB to compile void com.huawei.ncdft.gnss.GnssDftUploadManager.sendSessionDataToImonitor(java.util.ArrayList, java.util.ArrayList, java.util.ArrayList, java.util.ArrayList, com.huawei.ncdft.gnss.BrcmParameter, com.huawei.ncdft.gnss.GnssSessionParameter, com.huawei.ncdft.gnss.GnssNavigatingStatus, java.util.ArrayList, java.util.ArrayList, java.util.ArrayList, java.util.ArrayList, java.util.ArrayList, java.util.ArrayList, java.lang.String, com.huawei.ncdft.gnss.hiGeoSessionParam.HigeoCommInfo, java.util.ArrayList, java.util.ArrayList, java.util.ArrayList, java.util.ArrayList, java.util.ArrayList, java.util.ArrayList, java.util.ArrayList, java.util.ArrayList, com.huawei.ncdft.gnss.hiGeoSessionParam.HigeoWifiPosCount, com.huawei.ncdft.gnss.hiGeoSessionParam.HigeoArCount, com.huawei.ncdft.gnss.hiGeoSessionParam.HigeoMmStatus, com.huawei.ncdft.gnss.hiGeoSessionParam.HigeoScanStatus, com.huawei.ncdft.gnss.hiGeoSessionParam.HigeoRmDownloadStatus, java.util.ArrayList, com.huawei.ncdft.gnss.hiGeoSes
06-20 13:41:58.250  1157  1706 D ActivityManager: cleanUpApplicationRecord app: ProcessRecord{8c06dbd 10861:com.quvideo.xiaoying:baidu/u0a211}, app.bad: false, restarting: false, allowRestart: true
06-20 13:41:58.252  1157  1318 I chatty  : uid=1000(system) sManagerService expire 2 lines
06-20 13:41:58.573  3456  3527 I AutoCache: start immediate decoding.
06-20 13:41:58.581 19589 19589 D Gallery2_MediaSync: [onStartCommand] start to sync.
06-20 13:41:58.581 19589 19589 D CloudLocalSyncService: --schedule-- start local sync
06-20 13:41:58.581 19589 19589 D CloudLocalSyncService: --schedule-- stop child service
06-20 13:41:58.582 19589 19589 D Gallery2_Search: stop search servcie
06-20 13:41:58.601 19589 10947 D Gallery2_Common_GalleryProvider: sync uri: content://com.huawei.gallery.provider/none/sycnner/1
06-20 13:41:58.605 19589 10947 D Gallery2_MediaSync_LocalSyncToken: no data need delete
06-20 13:41:58.605 19589 10947 D Gallery2_MediaSync_LocalSyncToken: privilege buckets -1739773001 , 0 , 1028075469, 0
06-20 13:41:58.609 19589 10947 D Gallery2_MediaSync_LocalSyncToken: sync privilege buckets from id 12860
06-20 13:41:58.618 19589 10947 D Gallery2_MediaSync_LocalSyncToken: [syncInner] uri:null, whereClause:media_type IN (1,3) AND _id > 12860 AND bucket_id IN ( -1739773001 , 0 , 1028075469, 0 ), count: 0
06-20 13:41:58.621 19589 10947 D Gallery2_MediaSync_LocalSyncToken: sync common buckets from id 13928
06-20 13:41:58.630 19589 10947 D Gallery2_MediaSync_LocalSyncToken: [syncInner] uri:null, whereClause:media_type IN (1,3) AND _id > 13928 AND bucket_id NOT IN ( -1739773001 , 0 , 1028075469, 0 ), count: 1
06-20 13:41:58.630 19589 10947 D Gallery2_MediaSync_LocalSyncToken: [syncBatchInner] uri:content://media/external/file?limit=0%2C100
06-20 13:41:58.737   727 14430 I MetadataRetrieverClient: setDataSource local Path=/storage/emulated/0/DCIM/XiaoYing/XiaoYing_Video_1529473286361_HD.mp4
06-20 13:41:58.738   727 14430 D StagefrightMetadataRetriever: FileSource remote
06-20 13:41:58.739   727 14430 E StagefrightMetadataRetriever: IDataSource(FileSource): 0xf1de1d20 24 0 22236241
06-20 13:41:58.740   727 14430 I MediaExtractor: Create (null)
06-20 13:41:58.747   724  4548 V HwExtendedExtractor: HwExtendedExtractor::Sniff   in...
06-20 13:41:58.748   724  4548 V HwExtendedExtractor: HwExtendedExtractor::Sniff   out...
06-20 13:41:58.748   724  4548 I MediaExtractor: content 'video/mp4' with conf 0.40
06-20 13:41:58.750   724  4548 I MediaExtractorService: makeExtractor ((null)), uid = 1013
06-20 13:41:58.750   595   595 I audio_hw_primary: usb_ext_get_parameters: check show hires (false)
06-20 13:41:58.750   713 29775 I hash_map_utils: key: 'typec_need_show_hires' value: ''
06-20 13:41:58.751  1157  1157 I HwAudioService: check HiRes Icon false
06-20 13:41:58.752  1157  1157 I HwAudioService: broadcastHiresIntent : false
06-20 13:41:58.753  1498  1498 D StatusBarIconController: setIconVisibility icon is null or visibility not change visibility=false
06-20 13:41:58.754   727 14430 E MetadataRetrieverClient: failed to extract an album art
06-20 13:41:58.755  3456 10946 E MediaMetadataRetrieverJNI: getEmbeddedPicture: Call to getEmbeddedPicture failed.
06-20 13:41:58.755  3456 10946 D DecodeUtils: getFrameAtTime option code:4
06-20 13:41:58.757   727 14430 I Utils   : vstride = 12,vsliceHeight = 1768829746
06-20 13:41:58.760   411   411 W /system/bin/hwservicemanager: Cannot open /odm/manifest_ANE-AL00.xml
06-20 13:41:58.761   727 10949 I OMXClient: Treble IOmx obtained
06-20 13:41:58.762   727 10949 I ACodec  : In onAllocateComponent create compenent, codec name: OMX.IMG.MSVDX.Decoder.AVC
06-20 13:41:58.765   727 10949 W HwExtendedUtils: hw configLocalPlayBack err = -1010
06-20 13:41:58.765   727 10949 I HwExtendedCodec: mime is [video/avc] at setVideoFormat
06-20 13:41:58.766   727 10949 W OMXUtils: do not know color format 0x2f = 47
06-20 13:41:58.766   727 10949 W OMXUtils: do not know color format 0x19 = 25
06-20 13:41:58.767   727 10949 W OMXUtils: do not know color format 0x1b = 27
06-20 13:41:58.767   727 10949 W OMXUtils: do not know color format 0x23 = 35
06-20 13:41:58.767   734 18260 E OMXNodeInstance: getParameter(0xeae246a0:IMG.MSVDX.Decoder.AVC, ??(0x7f000008)) ERROR: UnsupportedSetting(0x80001019)
06-20 13:41:58.767   727 10949 W OMXUtils: do not know color format 0x28 = 40
06-20 13:41:58.768   734 18260 E imgvideo-omx: IMG_OMD_GetParameter FAILED: Unknown ColorFormat
06-20 13:41:58.768   734 18260 E OMXNodeInstance: getParameter(0xeae246a0:IMG.MSVDX.Decoder.AVC, ??(0x7f000008)) ERROR: UnsupportedSetting(0x80001019)
06-20 13:41:58.768   727 10949 W OMXUtils: do not know color format 0x34 = 52
06-20 13:41:58.768   734 18260 E imgvideo-omx: IMG_OMD_GetParameter FAILED: Unknown ColorFormat
06-20 13:41:58.769   734 18260 E OMXNodeInstance: getParameter(0xeae246a0:IMG.MSVDX.Decoder.AVC, ??(0x7f000008)) ERROR: UnsupportedSetting(0x80001019)
06-20 13:41:58.769   727 10949 W OMXUtils: do not know color format 0x7f000001 = 2130706433
06-20 13:41:58.769   734 18260 E imgvideo-omx: IMG_OMD_GetParameter FAILED: Unknown ColorFormat
06-20 13:41:58.769   734 18260 E OMXNodeInstance: getParameter(0xeae246a0:IMG.MSVDX.Decoder.AVC, ??(0x7f000008)) ERROR: UnsupportedSetting(0x80001019)
06-20 13:41:58.769   727 10949 W OMXUtils: do not know color format 0x7f000002 = 2130706434
06-20 13:41:58.769   734 18260 E imgvideo-omx: IMG_OMD_GetParameter FAILED: Unknown ColorFormat
06-20 13:41:58.769   734 18260 E OMXNodeInstance: getParameter(0xeae246a0:IMG.MSVDX.Decoder.AVC, ??(0x7f000008)) ERROR: UnsupportedSetting(0x80001019)
06-20 13:41:58.769   727 10949 W ACodec  : [OMX.IMG.MSVDX.Decoder.AVC] does not support color format 19
06-20 13:41:58.770   727 10949 D ACodec  : Setting [OMX.IMG.MSVDX.Decoder.AVC] input port buffer number: 2
06-20 13:41:58.770   734 18260 E imgvideo-omx: IMG_OMD_SetParameter FAILED: Requested buffers are not enough
06-20 13:41:58.770   734 18260 E OMXNodeInstance: setParameter(0xeae246a0:IMG.MSVDX.Decoder.AVC, ParamPortDefinition(0x2000001)) ERROR: BadParameter(0x80001005)
06-20 13:41:58.770   727 10949 W ACodec  : Fail to set [OMX.IMG.MSVDX.Decoder.AVC] input port buffer number: 2
06-20 13:41:58.770   727 10949 D ACodec  : Setting [OMX.IMG.MSVDX.Decoder.AVC] output port buffer number: 1
06-20 13:41:58.770   734 18260 I         : framerate = 26  
06-20 13:41:58.770   734 18260 I img_omd_vdec_task: >>>>>>>psPortDef->nPortIndex = 0 xFramerate = 26
06-20 13:41:58.770   734 18260 I img_omd_vdec_task: mFrameRate = 26
06-20 13:41:58.771   734 18260 W imgvideo-omx: Extension index OMX.google.android.index.describeColorAspects not found
06-20 13:41:58.771   734 18260 E imgvideo-omx: IMG_OMD_GetExtensionIndex FAILED: Index Not Found.
06-20 13:41:58.771   734 18260 W imgvideo-omx: Extension index OMX.google.android.index.describeHDRStaticInfo not found
06-20 13:41:58.771   734 18260 E imgvideo-omx: IMG_OMD_GetExtensionIndex FAILED: Index Not Found.
06-20 13:41:58.771   734 18260 E imgvideo-omx: IMG_OMD_GetConfig FAILED: Unsupported paramter structure.
06-20 13:41:58.771   734 18260 E OMXNodeInstance: getConfig(0xeae246a0:IMG.MSVDX.Decoder.AVC, ConfigAndroidVendorExtension(0x6f100004)) ERROR: UnsupportedIndex(0x8000101a)
06-20 13:41:58.775   727 10949 I ACodec  : onStart
06-20 13:41:58.780   578   578 I chatty  : uid=1000(system) allocator@1.0-s expire 11 lines
06-20 13:41:58.790   734 10950 I imgvideo-omx: VDECUtil_AddPortBuf Allocating shadow buffer port index 0
06-20 13:41:58.794   734 10950 I imgvideo-omx: VDECUtil_AddPortBuf Allocating shadow buffer port index 0
06-20 13:41:58.798   734 10950 I imgvideo-omx: VDECUtil_AddPortBuf Allocating shadow buffer port index 0
06-20 13:41:58.805   734 10950 I imgvideo-omx: VDECUtil_AddPortBuf Allocating shadow buffer port index 0
06-20 13:41:58.807   578   578 W /system/bin/hw/android.hidl.allocator@1.0-service: ashmem_create_region(829440) returning hidl_memory(0x74d1a2c3b0, 829440)
06-20 13:41:58.809   734 10950 I imgvideo-omx: VDECUtil_AddPortBuf Allocating shadow buffer port index 1
06-20 13:41:58.812   724  4548 D MediaBufferGroup: creating MemoryDealer
06-20 13:41:58.819   734 10953 I imgvideo-vdecapi: [SID=0x05000001] VDECDD_EVENT_STREAM_STOPPED
06-20 13:41:58.819   734 10950 I imgvideo-omx: VDEC_STOPSTATUS_CLOSED_GOP
06-20 13:41:58.819   734 10950 I imgvideo-omx: VDEC_STOPSTATUS_RECONFIGURE
06-20 13:41:58.819   734 10950 I imgvideo-omx: Port Enabled: 1
06-20 13:41:58.819   734 10953 I imgvideo-vdecapi: [SID=0x05000001] VDECDD_EVENT_STREAM_FLUSHED
06-20 13:41:58.819   734 10950 I imgvideo-omx: PSC: Framerate (Q16) :1D0000, Height :720, Width :720, Stride :720, SliceHeight: 720 BitRate: 0
06-20 13:41:58.819   734 10950 I imgvideo-omx: Left :0  Top :0 Width :720 Height :720
06-20 13:41:58.824   578   578 W /system/bin/hw/android.hidl.allocator@1.0-service: ashmem_create_region(777600) returning hidl_memory(0x74d1a2c3b0, 777600)
06-20 13:41:58.825   734 10950 I imgvideo-omx: VDECUtil_AddPortBuf Allocating shadow buffer port index 1
06-20 13:41:58.826   578   578 W /system/bin/hw/android.hidl.allocator@1.0-service: ashmem_create_region(777600) returning hidl_memory(0x74d1a2c3b0, 777600)
06-20 13:41:58.827   734 10950 I imgvideo-omx: VDECUtil_AddPortBuf Allocating shadow buffer port index 1
06-20 13:41:58.828   578   578 W /system/bin/hw/android.hidl.allocator@1.0-service: ashmem_create_region(777600) returning hidl_memory(0x74d1a2c3b0, 777600)
06-20 13:41:58.829   734 10950 I imgvideo-omx: VDECUtil_AddPortBuf Allocating shadow buffer port index 1
06-20 13:41:58.848 19589 10947 D Gallery2_Common_GalleryProvider: bulk insert: 1, time cost: 6
06-20 13:41:58.852 19589 10947 D Gallery2_MediaSync_LocalSyncToken: sync batch inner cost time: 222, will wait 0
06-20 13:41:58.852 19589 10947 D Gallery2_MediaSync_LocalSyncToken: sync all record cost time: 247
06-20 13:41:58.861 19589 10947 D Gallery2_MediaSync: sync with operation record[0] cost time: 9
06-20 13:41:58.861 19589 10947 D Gallery2_MediaSync: sync done with operations. time cost(include sleep time): 276
06-20 13:41:58.862 19589 10947 D Gallery2_Common_GalleryProvider: sync uri: content://com.huawei.gallery.provider/none/sycnner/0
06-20 13:41:58.916   727 14430 I ColorConverter: YUV420SemiPlanar ARGB8888...
06-20 13:41:58.916   727 14430 D ColorConverter: ColorConverter::convertYUV420PlanarToABGR8888(SW) src.cropWidth(720), src.cropHeight(720), dst.cropWidth(720), dst.cropHeight(720)
06-20 13:41:58.942   727 10949 W ACodec  : forcing OMX state to Idle when received shutdown in ExecutingState
06-20 13:41:58.945   734 10953 I imgvideo-vdecapi: [SID=0x05000001] VDECDD_EVENT_STREAM_STOPPED
06-20 13:41:58.945   734 10950 I imgvideo-omx: #Total number of Frames Decoded: 3
06-20 13:41:58.967   734  6855 D IMG-OMX : Removed 0xeae246a0 from libomx_vxd.so
06-20 13:41:58.967   734 10950 I imgvideo-omx: Exiting VDECTask
06-20 13:41:58.967   734  6855 I imgvideo-omx: Destroying VdecTask eae55140
06-20 13:41:58.967   734  6855 I imgvideo-omx: IMG_OMD_ComponentDeInit Done.
06-20 13:41:58.983   727   944 I MetadataRetrieverClient: setDataSource local Path=/storage/emulated/0/DCIM/XiaoYing/XiaoYing_Video_1529473286361_HD.mp4
06-20 13:41:58.984   727   944 D StagefrightMetadataRetriever: FileSource remote
06-20 13:41:58.984   727   944 E StagefrightMetadataRetriever: IDataSource(FileSource): 0xf1de1fc0 24 0 22236241
06-20 13:41:58.985   727   944 I MediaExtractor: Create (null)
06-20 13:41:58.992   724 30839 V HwExtendedExtractor: HwExtendedExtractor::Sniff   in...
06-20 13:41:58.993   724 30839 V HwExtendedExtractor: HwExtendedExtractor::Sniff   out...
06-20 13:41:58.993   724 30839 I MediaExtractor: content 'video/mp4' with conf 0.40
06-20 13:41:58.995   724 30839 I MediaExtractorService: makeExtractor ((null)), uid = 1013
06-20 13:41:58.998   727   944 I Utils   : vstride = 12,vsliceHeight = 1768829746
06-20 13:41:59.000   411   411 W /system/bin/hwservicemanager: Cannot open /odm/manifest_ANE-AL00.xml
06-20 13:41:59.002   727 10955 I OMXClient: Treble IOmx obtained
06-20 13:41:59.002   734  6855 I OMXMaster: makeComponentInstance(OMX.IMG.MSVDX.Decoder.AVC) in omx@1.0-service process
06-20 13:41:59.003   734  6855 I imgvideo-omx: Created VdecTask ea589580
06-20 13:41:59.003   734  6855 I imgvideo-omx: IMG_OMD_ComponentInit Done.
06-20 13:41:59.003   734  6855 D IMG-OMX : Loaded OMX.IMG.MSVDX.Decoder.AVC (0xeae246a0) from libomx_vxd.so
06-20 13:41:59.003   727 10955 I ACodec  : In onAllocateComponent create compenent, codec name: OMX.IMG.MSVDX.Decoder.AVC
06-20 13:41:59.005   734  6855 W imgvideo-omx: Extension index OMX.google.android.index.storeMetaDataInBuffers not found
06-20 13:41:59.005   734  6855 E imgvideo-omx: IMG_OMD_GetExtensionIndex FAILED: Index Not Found.
06-20 13:41:59.005   734  6855 W imgvideo-omx: Extension index OMX.google.android.index.storeANWBufferInMetadata not found
06-20 13:41:59.005   734  6855 E imgvideo-omx: IMG_OMD_GetExtensionIndex FAILED: Index Not Found.
06-20 13:41:59.005   734  6855 W imgvideo-omx: Extension index OMX.google.android.index.configureVideoTunnelMode not found
06-20 13:41:59.005   734  6855 E imgvideo-omx: IMG_OMD_GetExtensionIndex FAILED: Index Not Found.
06-20 13:41:59.005   734  6855 W imgvideo-omx: Extension index OMX.google.android.index.allocateNativeHandle not found
06-20 13:41:59.005   734  6855 E imgvideo-omx: IMG_OMD_GetExtensionIndex FAILED: Index Not Found.
06-20 13:41:59.005   734  6855 E imgvideo-omx: IMG_OMD_SetConfig FAILED: Unsupported paramter structure.
06-20 13:41:59.005   734  6855 E OMXNodeInstance: setConfig(0xeae246a0:IMG.MSVDX.Decoder.AVC, ??(0x6f700006)) ERROR: UnsupportedIndex(0x8000101a)
06-20 13:41:59.005   727 10955 W HwExtendedUtils: hw configLocalPlayBack err = -1010
06-20 13:41:59.006   734  6855 W imgvideo-omx: Extension index OMX.Hisi.Para.Index.processNameParams not found
06-20 13:41:59.006   734  6855 E imgvideo-omx: IMG_OMD_GetExtensionIndex FAILED: Index Not Found.
06-20 13:41:59.006   727 10955 I HwExtendedCodec: mime is [video/avc] at setVideoFormat
06-20 13:41:59.007   734  6855 E imgvideo-omx: IMG_OMD_GetParameter FAILED: Unknown ColorFormat
06-20 13:41:59.007   734  6855 E OMXNodeInstance: getParameter(0xeae246a0:IMG.MSVDX.Decoder.AVC, ??(0x7f000008)) ERROR: UnsupportedSetting(0x80001019)
06-20 13:41:59.007   727 10955 W OMXUtils: do not know color format 0x2f = 47
06-20 13:41:59.008   734  6855 E imgvideo-omx: IMG_OMD_GetParameter FAILED: Unknown ColorFormat
06-20 13:41:59.008   734  6855 E OMXNodeInstance: getParameter(0xeae246a0:IMG.MSVDX.Decoder.AVC, ??(0x7f000008)) ERROR: UnsupportedSetting(0x80001019)
06-20 13:41:59.008   727 10955 W OMXUtils: do not know color format 0x19 = 25
06-20 13:41:59.009   734  6855 E imgvideo-omx: IMG_OMD_GetParameter FAILED: Unknown ColorFormat
06-20 13:41:59.009   734  6855 E OMXNodeInstance: getParameter(0xeae246a0:IMG.MSVDX.Decoder.AVC, ??(0x7f000008)) ERROR: UnsupportedSetting(0x80001019)
06-20 13:41:59.009   727 10955 W OMXUtils: do not know color format 0x1b = 27
06-20 13:41:59.009   734  6855 E imgvideo-omx: IMG_OMD_GetParameter FAILED: Unknown ColorFormat
06-20 13:41:59.009   734  6855 E OMXNodeInstance: getParameter(0xeae246a0:IMG.MSVDX.Decoder.AVC, ??(0x7f000008)) ERROR: UnsupportedSetting(0x80001019)
06-20 13:41:59.009   727 10955 W OMXUtils: do not know color format 0x23 = 35
06-20 13:41:59.009   734  6855 E imgvideo-omx: IMG_OMD_GetParameter FAILED: Unknown ColorFormat
06-20 13:41:59.009   734  6855 E OMXNodeInstance: getParameter(0xeae246a0:IMG.MSVDX.Decoder.AVC, ??(0x7f000008)) ERROR: UnsupportedSetting(0x80001019)
06-20 13:41:59.010   727 10955 W OMXUtils: do not know color format 0x28 = 40
06-20 13:41:59.010   734  6855 E imgvideo-omx: IMG_OMD_GetParameter FAILED: Unknown ColorFormat
06-20 13:41:59.010   734  6855 E OMXNodeInstance: getParameter(0xeae246a0:IMG.MSVDX.Decoder.AVC, ??(0x7f000008)) ERROR: UnsupportedSetting(0x80001019)
06-20 13:41:59.010   727 10955 W OMXUtils: do not know color format 0x34 = 52
06-20 13:41:59.010   734  6855 E imgvideo-omx: IMG_OMD_GetParameter FAILED: Unknown ColorFormat
06-20 13:41:59.010   734  6855 E OMXNodeInstance: getParameter(0xeae246a0:IMG.MSVDX.Decoder.AVC, ??(0x7f000008)) ERROR: UnsupportedSetting(0x80001019)
06-20 13:41:59.010   727 10955 W OMXUtils: do not know color format 0x7f000001 = 2130706433
06-20 13:41:59.010   734  6855 E imgvideo-omx: IMG_OMD_GetParameter FAILED: Unknown ColorFormat
06-20 13:41:59.011   734  6855 E OMXNodeInstance: getParameter(0xeae246a0:IMG.MSVDX.Decoder.AVC, ??(0x7f000008)) ERROR: UnsupportedSetting(0x80001019)
06-20 13:41:59.011   727 10955 W OMXUtils: do not know color format 0x7f000002 = 2130706434
06-20 13:41:59.011   734  6855 E imgvideo-omx: IMG_OMD_GetParameter FAILED: Unknown ColorFormat
06-20 13:41:59.011   734  6855 E OMXNodeInstance: getParameter(0xeae246a0:IMG.MSVDX.Decoder.AVC, ??(0x7f000008)) ERROR: UnsupportedSetting(0x80001019)
06-20 13:41:59.011   727 10955 W ACodec  : [OMX.IMG.MSVDX.Decoder.AVC] does not support color format 19
06-20 13:41:59.011   727 10955 D ACodec  : Setting [OMX.IMG.MSVDX.Decoder.AVC] input port buffer number: 2
06-20 13:41:59.011   734  6855 E imgvideo-omx: IMG_OMD_SetParameter FAILED: Requested buffers are not enough
06-20 13:41:59.012   734  6855 E OMXNodeInstance: setParameter(0xeae246a0:IMG.MSVDX.Decoder.AVC, ParamPortDefinition(0x2000001)) ERROR: BadParameter(0x80001005)
06-20 13:41:59.012   727 10955 W ACodec  : Fail to set [OMX.IMG.MSVDX.Decoder.AVC] input port buffer number: 2
06-20 13:41:59.012   727 10955 D ACodec  : Setting [OMX.IMG.MSVDX.Decoder.AVC] output port buffer number: 1
06-20 13:41:59.012   734  6855 I         : framerate = 26  
06-20 13:41:59.012   734  6855 I img_omd_vdec_task: >>>>>>>psPortDef->nPortIndex = 0 xFramerate = 26
06-20 13:41:59.012   734  6855 I img_omd_vdec_task: mFrameRate = 26
06-20 13:41:59.012   734  6855 W imgvideo-omx: Extension index OMX.google.android.index.describeColorAspects not found
06-20 13:41:59.012   734  6855 E imgvideo-omx: IMG_OMD_GetExtensionIndex FAILED: Index Not Found.
06-20 13:41:59.012   734  6855 W imgvideo-omx: Extension index OMX.google.android.index.describeHDRStaticInfo not found
06-20 13:41:59.012   734  6855 E imgvideo-omx: IMG_OMD_GetExtensionIndex FAILED: Index Not Found.
06-20 13:41:59.013   734  6855 E imgvideo-omx: IMG_OMD_GetConfig FAILED: Unsupported paramter structure.
06-20 13:41:59.013   734  6855 E OMXNodeInstance: getConfig(0xeae246a0:IMG.MSVDX.Decoder.AVC, ConfigAndroidVendorExtension(0x6f100004)) ERROR: UnsupportedIndex(0x8000101a)
06-20 13:41:59.015   727 10955 I ACodec  : onStart
06-20 13:41:59.018   578   578 W /system/bin/hw/android.hidl.allocator@1.0-service: ashmem_create_region(6291456) returning hidl_memory(0x74d1a2c3b0, 6291456)
06-20 13:41:59.029   734 10956 I imgvideo-omx: VDECUtil_AddPortBuf Allocating shadow buffer port index 0
06-20 13:41:59.030   578   578 W /system/bin/hw/android.hidl.allocator@1.0-service: ashmem_create_region(6291456) returning hidl_memory(0x74d1a2c3b0, 6291456)
06-20 13:41:59.034   734 10956 I imgvideo-omx: VDECUtil_AddPortBuf Allocating shadow buffer port index 0
06-20 13:41:59.034   578   578 W /system/bin/hw/android.hidl.allocator@1.0-service: ashmem_create_region(6291456) returning hidl_memory(0x74d1a2c3b0, 6291456)
06-20 13:41:59.038   734 10956 I imgvideo-omx: VDECUtil_AddPortBuf Allocating shadow buffer port index 0
06-20 13:41:59.038   578   578 W /system/bin/hw/android.hidl.allocator@1.0-service: ashmem_create_region(6291456) returning hidl_memory(0x74d1a2c3b0, 6291456)
06-20 13:41:59.042   734 10956 I imgvideo-omx: VDECUtil_AddPortBuf Allocating shadow buffer port index 0
06-20 13:41:59.044   578   578 W /system/bin/hw/android.hidl.allocator@1.0-service: ashmem_create_region(829440) returning hidl_memory(0x74d1a2c3b0, 829440)
06-20 13:41:59.045   734 10956 I imgvideo-omx: VDECUtil_AddPortBuf Allocating shadow buffer port index 1
06-20 13:41:59.046   724 30839 D MediaBufferGroup: creating MemoryDealer
06-20 13:41:59.052   734 10959 I imgvideo-vdecapi: [SID=0x05000001] VDECDD_EVENT_STREAM_STOPPED
06-20 13:41:59.056   734 10956 I imgvideo-omx: VDEC_STOPSTATUS_CLOSED_GOP
06-20 13:41:59.056   734 10956 I imgvideo-omx: VDEC_STOPSTATUS_RECONFIGURE
06-20 13:41:59.056   734 10956 I imgvideo-omx: Port Enabled: 1
06-20 13:41:59.056   734 10959 I imgvideo-vdecapi: [SID=0x05000001] VDECDD_EVENT_STREAM_FLUSHED
06-20 13:41:59.057   734 10956 I imgvideo-omx: PSC: Framerate (Q16) :1D0000, Height :720, Width :720, Stride :720, SliceHeight: 720 BitRate: 0
06-20 13:41:59.057   734 10956 I imgvideo-omx: Left :0  Top :0 Width :720 Height :720
06-20 13:41:59.061   578   578 W /system/bin/hw/android.hidl.allocator@1.0-service: ashmem_create_region(777600) returning hidl_memory(0x74d1a2c3b0, 777600)
06-20 13:41:59.062   734 10956 I imgvideo-omx: VDECUtil_AddPortBuf Allocating shadow buffer port index 1
06-20 13:41:59.063   578   578 W /system/bin/hw/android.hidl.allocator@1.0-service: ashmem_create_region(777600) returning hidl_memory(0x74d1a2c3b0, 777600)
06-20 13:41:59.064   734 10956 I imgvideo-omx: VDECUtil_AddPortBuf Allocating shadow buffer port index 1
06-20 13:41:59.065   578   578 W /system/bin/hw/android.hidl.allocator@1.0-service: ashmem_create_region(777600) returning hidl_memory(0x74d1a2c3b0, 777600)
06-20 13:41:59.066   734 10956 I imgvideo-omx: VDECUtil_AddPortBuf Allocating shadow buffer port index 1
06-20 13:41:59.133   737  7381 I Pged-IPgedBinderService: ****action is 2, pid num is 9***
06-20 13:41:59.134   737  7381 I Pged-Freezer: thawPids
06-20 13:41:59.135   727   944 I ColorConverter: TIYUV420PackedSemiPlanar RGB565...
06-20 13:41:59.162   727 10955 W ACodec  : forcing OMX state to Idle when received shutdown in ExecutingState
06-20 13:41:59.163   734 10959 I imgvideo-vdecapi: [SID=0x05000001] VDECDD_EVENT_STREAM_STOPPED
06-20 13:41:59.164   734 10956 I imgvideo-omx: #Total number of Frames Decoded: 3
06-20 13:41:59.192   734  6855 D IMG-OMX : Removed 0xeae246a0 from libomx_vxd.so
06-20 13:41:59.192   734 10956 I imgvideo-omx: Exiting VDECTask
06-20 13:41:59.192   734  6855 I imgvideo-omx: Destroying VdecTask ea589580
06-20 13:41:59.193   734  6855 I imgvideo-omx: IMG_OMD_ComponentDeInit Done.
06-20 13:41:59.397 19589 10947 D Gallery2_MediaSync: operation is sync done ? true, max media id 13929, max sync id 13929
06-20 13:41:59.417 19589 10947 W Gallery2_MediaSync: sync count error. synced:702, total: 802
06-20 13:41:59.417 19589 10947 D CloudLocalSyncService: --schedule-- stop local sync
06-20 13:41:59.417 19589 10947 D CloudLocalSyncService: localSync = 1  cloudSync = -1
06-20 13:41:59.417 19589 10947 D CloudLocalSyncService: --schedule-- start child service
06-20 13:41:59.421 19589 10947 D Gallery2_Search: start search service delay
06-20 13:41:59.423 19589 19589 D Gallery2_Geo: --schedule-- [onStartCommand] start reverse geo code.
06-20 13:41:59.426 19589 19589 D Gallery2_Story_StoryAlbumService: --schedule-- [onStartCommand] start update cover
06-20 13:41:59.430 19589 10960 D Gallery2_Geo: total 8 should process.
06-20 13:41:59.436 19589 10961 D Gallery2_Story_StoryAlbumService: --schedule-- stop job 2
06-20 13:41:59.436 19589 10961 D Gallery2_Story_StoryAlbumService: --schedule-- service killed 
06-20 13:41:59.438 19589 19589 D Gallery2_Story_StoryAlbumService: --schedule-- StoryService onDestroy
06-20 13:41:59.443 19589 10960 D Gallery2_Geo: chinese version forbid net work or Network is not Available.
06-20 13:41:59.807  1157  1336 I chatty  : uid=1000(system) HwWifiStatStore expire 10 lines
06-20 13:42:00.003  1157  1157 V AlarmManager: Received TIME_TICK alarm; rescheduling
06-20 13:42:00.004  1157  1157 I HwAlarmManagerService: hwSetAlarm listenerTag: time_tick
06-20 13:42:00.008  1498  1498 E DateView: DateView,mCurrentTime: 1529473320008
06-20 13:42:00.021  1498  1498 I EventCenter: EventCenter Get :android.intent.action.TIME_TICK
06-20 13:42:00.023  1498  1498 W HwNotchSizeUtil: calculateSize error mRogWidth = 0mRogWHeigth = 0, mDefaultWidth = 1080
06-20 13:42:00.028  1498  1498 W HwNotchSizeUtil: calculateSize error mRogWidth = 0mRogWHeigth = 0, mDefaultWidth = 1080
06-20 13:42:00.028  1498  1498 W HwKeyguardDragHelper: AnimationBlocked
06-20 13:42:00.031  1498  1498 W ResourceType: No known package when getting value for resource number 0xffffffff
06-20 13:42:00.033  1498  1498 E DateLunarView: mDateString is: 620
06-20 13:42:00.037  1498  1498 D WeatherHelper: City info empty
06-20 13:42:00.038  1498  1498 W ResourceType: No known package when getting value for resource number 0xffffffff
06-20 13:42:00.038  1498  1498 E DateLunarView: mDateString is: 620
06-20 13:42:00.040  1498  1498 D WeatherHelper: City info empty
06-20 13:42:00.040  1498  1498 D KeyguardUpdateMonitor: received broadcast android.intent.action.TIME_TICK
06-20 13:42:00.042  1498  1498 W HwNotchSizeUtil: calculateSize error mRogWidth = 0mRogWHeigth = 0, mDefaultWidth = 1080
06-20 13:42:00.043  1498  1498 W HwNotchSizeUtil: calculateSize error mRogWidth = 0mRogWHeigth = 0, mDefaultWidth = 1080
06-20 13:42:00.043  1498  1498 D KeyguardUpdateMonitor: handleTimeUpdate
06-20 13:42:00.043  1498  1782 I KeyguardStatusView: Runnable for refresh
06-20 13:42:00.048  2870  2870 I HwLauncher: Model  onReceive intent=Intent { act=android.intent.action.TIME_TICK flg=0x50200014 hwFlg=0x900 (has extras) }
06-20 13:42:00.048  2870  2870 I HwLauncher: Model  onReceive user=UserHandle{0}
06-20 13:42:00.052  1498  1498 D WeatherHelper: City info empty
06-20 13:42:00.078  3081  4183 I Step_LSC: 80002326|processHandleBroadcastAction action:android.intent.action.TIME_TICK
06-20 13:42:00.086  2688  2688 I [HwRecSys]TimerController: onMinuteChange requestWeather
06-20 13:42:00.087  3081  4183 I Step_SPUtils: 80002326|setAliveRecord  success: timestampArg=1529473320079 elapsedRealtimeArg=92908756
06-20 13:42:00.088  1157  1705 V BroadcastQueue: Finished with ordered broadcast BroadcastRecord{243d2b3 u-1 android.intent.action.TIME_TICK}
06-20 13:42:00.091  1498  1498 W ExpandableNotificationRow: setActionsBackground,null == view,mPublicLayout
06-20 13:42:00.091  1498  1498 W ExpandableNotificationRow: setActionsBackground,null == view,mPrivateLayout
06-20 13:42:00.092  1498  1498 W ExpandableNotificationRow: setActionsBackground,null == view,mPublicLayout
06-20 13:42:00.092  1498  1498 W ExpandableNotificationRow: setActionsBackground,null == view,mPrivateLayout
06-20 13:42:00.093  1498  1498 W ExpandableNotificationRow: setActionsBackground,null == view,mPublicLayout
06-20 13:42:00.093  1498  1498 W ExpandableNotificationRow: setActionsBackground,null == view,mPrivateLayout
06-20 13:42:00.093  1498  1498 W ExpandableNotificationRow: setActionsBackground,null == view,mPublicLayout
06-20 13:42:00.093  1498  1498 W ExpandableNotificationRow: setActionsBackground,null == view,mPrivateLayout
06-20 13:42:00.094  1498  1498 W ExpandableNotificationRow: setActionsBackground,null == view,mPublicLayout
06-20 13:42:00.094  1498  1498 W ExpandableNotificationRow: setActionsBackground,null == view,mPrivateLayout
06-20 13:42:00.094  1498  1498 W ExpandableNotificationRow: setActionsBackground,null == view,mPublicLayout
06-20 13:42:00.096  1498  1498 W ExpandableNotificationRow: setActionsBackground,null == view,mPublicLayout
06-20 13:42:00.096  1498  1498 W HwKeyguardDragHelper: AnimationBlocked
06-20 13:42:00.122  1498  1498 D WeatherHelper: City info empty
06-20 13:42:00.123  1498  1498 D DateTimeView: Change to single clock mode!
06-20 13:42:00.124  1498  1498 D WeatherHelper: City info empty
06-20 13:42:00.125  1498  1498 D WeatherHelper: City info empty
06-20 13:42:00.125  1498  1498 D DateTimeView: Change to single clock mode!
06-20 13:42:00.127  1498  1498 D WeatherHelper: City info empty
06-20 13:42:00.329  3456  3527 I AutoCache: thumbnail cache has been set up successfully.
06-20 13:42:00.444 19589 10960 D Gallery2_Geo: resolve local address
06-20 13:42:00.444 19589 10960 D Gallery2_Geo: chinese version forbid net work or Network is not Available.
06-20 13:42:00.444 19589 10960 D Gallery2_Geo: --schedule-- work done, stop GeoService
06-20 13:42:00.448 19589 10960 D Gallery2_Search: start search service delay
06-20 13:42:00.450 19589 19589 D Gallery2_Story_StoryAlbumService: --schedule-- [onStartCommand] start story service
06-20 13:42:00.450 19589 19589 D Gallery2_Geo: --schedule-- GeoService onDestroy
06-20 13:42:00.450 19589 10963 D PhoneState: charge is true
06-20 13:42:00.450 19589 10963 D PhoneState: battery level is 100
06-20 13:42:00.451 19589 10963 D PhoneState: screen on true
06-20 13:42:00.452 19589 10963 D Gallery2_Story_StoryAlbumService: --schedule-- stop job 1
06-20 13:42:00.452 19589 10963 D Gallery2_Story_StoryAlbumService: --schedule-- service killed 
06-20 13:42:00.458 19589 19589 D Gallery2_Story_StoryAlbumService: --schedule-- StoryService onDestroy
06-20 13:42:00.459 19589 10964 D PhoneState: charge is true
06-20 13:42:00.459 19589 10964 D PhoneState: battery level is 100
06-20 13:42:00.460 19589 10964 D PhoneState: screen on true
06-20 13:42:00.552   633   633 E WifiHAL : enter wifi_get_link_stats
06-20 13:42:00.556   732   732 E wificond: Failed to get NL80211_RATE_INFO_NOISE
06-20 13:42:00.556   732   732 E wificond: Failed to get NL80211_RATE_INFO_SNR
06-20 13:42:00.556   732   732 E wificond: Failed to get NL80211_STA_INFO_CNAHLOAD
06-20 13:42:00.699   485 10965 W libc    : Set property "hw.wifi.dns_stat" to "1372,99,7423,1,81352"
06-20 13:42:00.924   647  1838 E BufferQueueProducer: [Toast#0] disconnect: not connected (req=1)
06-20 13:42:00.925 10394 10576 W libEGL  : EGLNativeWindowType 0xb82c6008 disconnect failed
06-20 13:42:00.936  1157  1157 V WindowManager: removeIfPossible: Window{239573c u0 Toast} callers=com.android.server.wm.WindowState.removeIfPossible:1914 com.android.server.wm.WindowToken.removeAllWindowsIfPossible:139 com.android.server.wm.WindowManagerService$LocalService.removeWindowToken:8350 com.android.server.notification.NotificationManagerService.cancelToastLocked:4766 com.android.server.notification.NotificationManagerService.handleTimeout:4795 
06-20 13:42:00.941  1157  1157 V WindowManager: Not removing Window{239573c u0 Toast EXITING} due to exit animation 
06-20 13:42:00.951  1157  1157 W WindowManager: removeWindowToken: Attempted to remove non-existing token: android.os.Binder@2a010c2
06-20 13:42:00.952  1157  1705 V WindowManager: removeIfPossible: Window{239573c u0 Toast EXITING} callers=com.android.server.wm.WindowState.removeIfPossible:1914 com.android.server.wm.WindowManagerService.removeWindow:2031 com.android.server.wm.Session.remove:218 android.view.IWindowSession$Stub.onTransact:242 com.android.server.wm.Session.onTransact:161 
06-20 13:42:00.952  1157  1705 V WindowManager: Not removing Window{239573c u0 Toast EXITING} due to exit animation 
06-20 13:42:01.216  1157  1279 V WindowManager: Exit animation finished in Window{239573c u0 Toast EXITING}: remove=true
06-20 13:42:01.229  1157  1279 I WindowManager: Destroying surface Surface(name=Toast) called by com.android.server.wm.WindowStateAnimator.destroySurface:2072 com.android.server.wm.WindowStateAnimator.destroySurfaceLocked:884 com.android.server.wm.HwWindowStateAnimator.destroySurfaceLocked:1006 com.android.server.wm.WindowState.destroyOrSaveSurfaceUnchecked:2998 com.android.server.wm.RootWindowContainer.performSurfacePlacement:804 com.android.server.wm.WindowSurfacePlacer.performSurfacePlacementLoop:224 com.android.server.wm.WindowSurfacePlacer.performSurfacePlacement:166 com.android.server.wm.WindowSurfacePlacer.performSurfacePlacement:156 
06-20 13:42:01.233  1157  1279 V WindowManager: postWindowRemoveCleanupLocked: Window{239573c u0 Toast}
06-20 13:42:01.233  1157  1279 V WindowManager: Removing Window{239573c u0 Toast} from WindowToken{f669cc5 android.os.Binder@2a010c2}
06-20 13:42:01.292   626   626 I chatty  : uid=1000(system) sensors@1.0-ser expire 13 lines
06-20 13:42:01.312 19589 19589 D Gallery2_MediaSync: [onStartCommand] start to sync.
06-20 13:42:01.312 19589 19589 D CloudLocalSyncService: --schedule-- start local sync
06-20 13:42:01.312 19589 19589 D CloudLocalSyncService: --schedule-- stop child service
06-20 13:42:01.313 19589 19589 D Gallery2_Search: stop search servcie
06-20 13:42:01.329 19589 10966 D Gallery2_Common_GalleryProvider: sync uri: content://com.huawei.gallery.provider/none/sycnner/1
06-20 13:42:01.334 19589 10966 D Gallery2_MediaSync_LocalSyncToken: no data need delete
06-20 13:42:01.334 19589 10966 D Gallery2_MediaSync_LocalSyncToken: privilege buckets -1739773001 , 0 , 1028075469, 0
06-20 13:42:01.343 19589 10966 D Gallery2_MediaSync_LocalSyncToken: sync privilege buckets from id 12860
06-20 13:42:01.353 19589 10966 D Gallery2_MediaSync_LocalSyncToken: [syncInner] uri:null, whereClause:media_type IN (1,3) AND _id > 12860 AND bucket_id IN ( -1739773001 , 0 , 1028075469, 0 ), count: 0
06-20 13:42:01.365 19589 10966 D Gallery2_MediaSync_LocalSyncToken: sync common buckets from id 13929
06-20 13:42:01.377 19589 10966 D Gallery2_MediaSync_LocalSyncToken: [syncInner] uri:null, whereClause:media_type IN (1,3) AND _id > 13929 AND bucket_id NOT IN ( -1739773001 , 0 , 1028075469, 0 ), count: 0
06-20 13:42:01.377 19589 10966 D Gallery2_MediaSync_LocalSyncToken: sync all record cost time: 43
06-20 13:42:01.401 19589 10966 D Gallery2_MediaSync_LocalSyncToken: syncBatch  query result count 1
06-20 13:42:01.442   654   654 I aptouch_daemon: filter_touch_detect, down, in: 1, out: 1
06-20 13:42:01.442  1157  1322 I chatty  : uid=1000(system) InputReader expire 28 lines
06-20 13:42:01.455  1707  1707 I chatty  : uid=1000(system) com.huawei.systemserver expire 6 lines
06-20 13:42:01.456  3081  4183 I Step_LSC: 80002326|onStandStepChanged 60
06-20 13:42:01.466  1707  1993 I chatty  : uid=1000(system) HwStepCounterTh expire 1 line
06-20 13:42:01.466  1707  1992 I chatty  : uid=1000(system) StepCounterRemo expire 1 line
06-20 13:42:01.466  3081  3105 I Step_LSC: 80002326|onExtend:1529473322000 0 0 0
06-20 13:42:01.511   654   654 I aptouch_daemon: filter_touch_detect, all_touch_up
06-20 13:42:01.520 10394 10394 V AudioManager: playSoundEffect   effectType: 0
06-20 13:42:01.522 10394 10443 E QQQVVV:c$a.handleMessage(L:190): handleMessage: what=258 arg1=2 arg2=0
06-20 13:42:01.526 10394 10443 E QQQVVV:c$a.handleMessage(L:190): handleMessage: what=262 arg1=0 arg2=0
06-20 13:42:01.536  1498  1498 D KeyguardUpdateMonitor: received broadcast android.intent.action.BATTERY_CHANGED
06-20 13:42:01.536  1498  1498 W KeyguardUpdateMonitor: ACTION_BATTERY_CHANGED AMP: 500000; Volt: 4889000
06-20 13:42:01.544 23553 23599 E CloudAlbum[8.0.3.308]: [ReceiverManager] not log on ignore
06-20 13:42:01.544  1157  1157 D WifiService: onReceive, action:android.intent.action.BATTERY_CHANGED
06-20 13:42:01.544  1157  1157 D WifiService: ACTION_BATTERY_CHANGED pluggedType: 2
06-20 13:42:01.561  1498  1498 V KeyguardUpdateMonitor: RefreshBatteryInfo isBatteryLow: 100
06-20 13:42:01.561  1498  1498 W KeyguardUpdateMonitor: ChargingSpeed  Wattage: 2444500 ST: 5000000 --> 7500000
06-20 13:42:01.561  1498  1498 I KgBattery: BatteryInfo updated:  5lPC0
06-20 13:42:01.562  1498  1498 W AppHandler: sendMessage with obj100
06-20 13:42:01.562  1498  1498 D KeyguardUpdateMonitor: handleBatteryUpdate
06-20 13:42:01.562  1498  1498 V KeyguardUpdateMonitor: RefreshBatteryInfo isBatteryLow: 100
06-20 13:42:01.562  1498  1498 W HwKeyguardBottomArea: updateBatteryInfo : false  true
06-20 13:42:01.562  1498  1498 W HwNotchSizeUtil: calculateSize error mRogWidth = 0mRogWHeigth = 0, mDefaultWidth = 1080
06-20 13:42:01.563  1498  1498 W HwNotchSizeUtil: calculateSize error mRogWidth = 0mRogWHeigth = 0, mDefaultWidth = 1080
06-20 13:42:01.564 10394 10443 E QQQVVV:c$a.handleMessage(L:190): handleMessage: what=268443657 arg1=0 arg2=0
06-20 13:42:01.565  1498  1498 W HwNotchSizeUtil: calculateSize error mRogWidth = 0mRogWHeigth = 0, mDefaultWidth = 1080
06-20 13:42:01.566  1498  1498 W HwNotchSizeUtil: calculateSize error mRogWidth = 0mRogWHeigth = 0, mDefaultWidth = 1080
06-20 13:42:01.566  1498  1498 W HwKeyguardDragHelper: AnimationBlocked
06-20 13:42:01.567  1498  1498 W HwNotchSizeUtil: calculateSize error mRogWidth = 0mRogWHeigth = 0, mDefaultWidth = 1080
06-20 13:42:01.569  1498  1498 W HwNotchSizeUtil: calculateSize error mRogWidth = 0mRogWHeigth = 0, mDefaultWidth = 1080
06-20 13:42:01.572  1498  1498 W HwLockScreenPanel: refreshBatteryInfo: null
06-20 13:42:01.573  1498  1498 W HwKeyguardBottomArea: updateBatteryInfo : false  true
06-20 13:42:01.573  1498  1498 W HwLockScreenPanel: Handle message: 100
06-20 13:42:01.574  1498  1498 W HwNotchSizeUtil: calculateSize error mRogWidth = 0mRogWHeigth = 0, mDefaultWidth = 1080
06-20 13:42:01.574  1498  1498 W HwNotchSizeUtil: calculateSize error mRogWidth = 0mRogWHeigth = 0, mDefaultWidth = 1080
06-20 13:42:01.605 17810 17916 D KCCachePool.excuteCheck#99: com.sohu.framework.cache.KCMemoryCache@e35be84 [countLimit=100, sizeLimit=8388608, cacheMap count:0, cacheMap size:0]
06-20 13:42:01.606 17810 17916 D KCCachePool.excuteCheck#99: com.sohu.framework.cache.KCMemoryCache@da1bd47 [countLimit=10, sizeLimit=5242880, cacheMap count:0, cacheMap size:0]
06-20 13:42:01.606 17810 17916 D KCCachePool.excuteCheck#99: com.sohu.framework.cache.KCFileCache@1736974
06-20 13:42:01.608  1157  1705 I ActivityManager: START u0 {cmp=com.quvideo.xiaoying/.app.publish.PublishActivity (has extras)} from uid 10211
06-20 13:42:01.608  1157  1705 I ActivityManager: ActivityRecord info: ActivityInfo{bd1633f com.quvideo.xiaoying.app.publish.PublishActivity}
06-20 13:42:01.610  1157  1705 W ActivityManager: startActivity called from finishing ActivityRecord{4808b27 u0 com.quvideo.xiaoying/.studio.StudioActivity t781 f}; forcing Intent.FLAG_ACTIVITY_NEW_TASK for: Intent { cmp=com.quvideo.xiaoying/.app.publish.PublishActivity (has extras) }
06-20 13:42:01.615  1157  1705 V WindowManager: addAppToken: AppWindowToken{5f2dd88 token=Token{dece52b ActivityRecord{75f897a u0 com.quvideo.xiaoying/.app.publish.PublishActivity t781}}} controller={TaskWindowContainerController taskId=781} at 2147483647
06-20 13:42:01.617  1157  1705 D ActivityManager: allPausedActivitiesComplete: r=ActivityRecord{4808b27 u0 com.quvideo.xiaoying/.studio.StudioActivity t781 f} state=PAUSING
06-20 13:42:01.626 10394 10443 I QQQVVV:c.onPause(L:163): onPause
06-20 13:42:01.635 19589 10966 D Gallery2_MediaSync_MediaOperation: deleteBatch result: 1
06-20 13:42:01.641 19589 10966 D Gallery2_MediaSync: done a batch with operation, will wait 0
06-20 13:42:01.647  1157  1705 V WindowManager: No longer Stopped: AppWindowToken{5f2dd88 token=Token{dece52b ActivityRecord{75f897a u0 com.quvideo.xiaoying/.app.publish.PublishActivity t781}}}
06-20 13:42:01.648  1157  1705 V WindowManager: No longer Stopped: AppWindowToken{5f2dd88 token=Token{dece52b ActivityRecord{75f897a u0 com.quvideo.xiaoying/.app.publish.PublishActivity t781}}}
06-20 13:42:01.659  1157  1705 V WindowManager: Checking 1 opening apps (frozen=false timeout=false)...
06-20 13:42:01.659  1157  1705 V WindowManager: Check opening app=AppWindowToken{5f2dd88 token=Token{dece52b ActivityRecord{75f897a u0 com.quvideo.xiaoying/.app.publish.PublishActivity t781}}}: allDrawn=false startingDisplayed=false startingMoved=false isRelaunching()=false
06-20 13:42:01.665 10394 10394 D HwCust  : Create obj success use class android.app.HwCustActivityImpl
06-20 13:42:01.666 10394 10394 D HwCust  : Create obj success use class android.app.HwCustHwWallpaperManagerImpl
06-20 13:42:01.667 19589 10966 D Gallery2_MediaSync: sync with operation record[1] cost time: 290
06-20 13:42:01.667 19589 10966 D Gallery2_MediaSync: sync done with operations. time cost(include sleep time): 351
06-20 13:42:01.667 19589 10966 D Gallery2_Common_GalleryProvider: sync uri: content://com.huawei.gallery.provider/none/sycnner/0
06-20 13:42:01.668 10394 10394 V ActivityThread: ActivityThread,callActivityOnCreate
06-20 13:42:01.670 10394 10394 D MotuCrashReporter: onActivityCreated
06-20 13:42:01.671 10394 10443 D QQQVVV:b.onActivityCreated(L:31): PublishActivity=======onActivityCreated
06-20 13:42:01.682 10394 10942 V SQLiteDatabase: triggerBuildingIndex(): invalid id, return.
06-20 13:42:01.683 10394 10443 I QQQVVV:BasePublishActivity.onCreate(L:75): onCreate
06-20 13:42:01.684 10394 10443 I QQQVVV:BasePublishActivity.onCreate(L:99): MagicCode:16632421
06-20 13:42:01.688 10394 10443 I QQQVVV:SocialPublishBaseActivity.aaC(L:238): handleCreateInit
06-20 13:42:01.699 10394 10394 D CubicBezierInterpolator: CubicBezierInterpolator  mControlPoint1x = 0.23, mControlPoint1y = 0.06, mControlPoint2x = 0.09, mControlPoint2y = 0.97
06-20 13:42:01.699 10394 10394 D CubicBezierInterpolator: CubicBezierInterpolator  mControlPoint1x = 0.6, mControlPoint1y = 0.9, mControlPoint2x = 0.8, mControlPoint2y = 1.0
06-20 13:42:01.700 10394 10394 D CubicBezierInterpolator: CubicBezierInterpolator  mControlPoint1x = 0.23, mControlPoint1y = 0.06, mControlPoint2x = 0.09, mControlPoint2y = 0.97
06-20 13:42:01.700 10394 10394 D CubicBezierInterpolator: CubicBezierInterpolator  mControlPoint1x = 0.6, mControlPoint1y = 0.9, mControlPoint2x = 0.8, mControlPoint2y = 1.0
06-20 13:42:01.726 10394 10394 D CubicBezierInterpolator: CubicBezierInterpolator  mControlPoint1x = 0.23, mControlPoint1y = 0.06, mControlPoint2x = 0.09, mControlPoint2y = 0.97
06-20 13:42:01.727 10394 10394 D CubicBezierInterpolator: CubicBezierInterpolator  mControlPoint1x = 0.6, mControlPoint1y = 0.9, mControlPoint2x = 0.8, mControlPoint2y = 1.0
06-20 13:42:01.727 10394 10394 D CubicBezierInterpolator: CubicBezierInterpolator  mControlPoint1x = 0.23, mControlPoint1y = 0.06, mControlPoint2x = 0.09, mControlPoint2y = 0.97
06-20 13:42:01.727 10394 10394 D CubicBezierInterpolator: CubicBezierInterpolator  mControlPoint1x = 0.6, mControlPoint1y = 0.9, mControlPoint2x = 0.8, mControlPoint2y = 1.0
06-20 13:42:01.729 10394 10394 D HwRTBlurUtils: check blur style for HwPhoneWindow, themeResId : 0x7f0b014e, context : com.quvideo.xiaoying.app.publish.PublishActivity@172f827, Nhwext : 0, get Blur : disable with , null
06-20 13:42:01.739 10394 10394 D MotuCrashReporter: onActivityStarted
06-20 13:42:01.741 10394 10394 D ActivityThread: add activity client record, r= ActivityRecord{142961e token=android.os.BinderProxy@ece5ae6 {com.quvideo.xiaoying/com.quvideo.xiaoying.app.publish.PublishActivity}} token= android.os.BinderProxy@ece5ae6
06-20 13:42:01.743 10394 10443 I QQQVVV:PublishActivity.onResume(L:60): onResume
06-20 13:42:01.744 10394 10394 D MotuCrashReporter: onActivityResumed
06-20 13:42:01.756 10394 10443 E QQQVVV:ImageCache.a(L:210): init cover_thumb
06-20 13:42:01.757  3081  4183 I Step_SPUtils: 80002326| getTodayTotalDetailSteps = 1529424000000##43##50##0##0##92881427
06-20 13:42:01.758  1498 27173 D HwRecentsLockUtils: Search
06-20 13:42:01.758  3081  4183 I Step_SPUtils: 80002326|setTodayTotalDetailSteps=1529424000000##43##50##0##0##92910434 timeZero=1529424000000
06-20 13:42:01.759  1157  8282 D ActivityManager: Skipping, home or recents stack task: TaskRecord{a746d46 #637 A=com.huawei.android.launcher U=0 StackId=0 sz=1}
06-20 13:42:01.760  1157  8282 D ActivityManager: Skipping intent:act=android.intent.action.MAIN cat=[android.intent.category.LAUNCHER] flg=0x10a00000 cmp=io.appium.settings/.Settings
06-20 13:42:01.760  1157  8282 D ActivityManager: Skipping intent:flg=0x10804000 cmp=com.android.systemui/.recents.RecentsActivity bnds=[48,845][1032,2425]
06-20 13:42:01.760  1157  8282 D ActivityManager: Skipping intent:act=android.intent.action.DELETE dat=package:com.baidu.BaiduMap flg=0x10800000 cmp=com.android.packageinstaller/.UninstallerActivity
06-20 13:42:01.760  1157  8282 D ActivityManager: Skipping intent:act=android.intent.action.DELETE dat=package:com.stupeflix.replay flg=0x10800000 cmp=com.android.packageinstaller/.UninstallerActivity
06-20 13:42:01.760  1157  8282 D ActivityManager: Skipping intent:act=android.intent.action.MAIN cat=[android.intent.category.HOME] flg=0x10800300 cmp=com.android.settings/.FallbackHome
06-20 13:42:01.760  1157  8282 D ActivityManager: Skipping intent:act=com.huawei.action.VOICE_ASSISTANT flg=0x10800000 cmp=com.huawei.vassistant/.ui.main.VAssistantActivity
06-20 13:42:01.761  3081  4183 I Step_DistanceManager: 80002326|computeDistanceDynamic walkingDistance=0.0 unwalkingDistance=30.701999999999998 mDistanceDiffExt=0.0 distanceDynamic=30
06-20 13:42:01.761  3081  4183 I Step_SPUtils: 80002326|setTodayDistance  success: timeZero=1529424000000 43 30
06-20 13:42:01.761  3081  4183 I Step_DistanceManager: 80002326|acquireDistance stepsSum=43 mDistanceBase.steps=0 mDistanceBase.distance=0.0 computeDynamic=true distanceNow=30
06-20 13:42:01.762  3081  4183 I Step_DistanceManager: 80002326|computeDistanceDynamic walkingDistance=0.0 unwalkingDistance=30.701999999999998 mDistanceDiffExt=0.0 distanceDynamic=30
06-20 13:42:01.762  3081  4183 I Step_SPUtils: 80002326|setTodayDistance  success: timeZero=1529424000000 43 30
06-20 13:42:01.762  3081  4183 I Step_DistanceManager: 80002326|acquireDistance stepsSum=43 mDistanceBase.steps=0 mDistanceBase.distance=0.0 computeDynamic=true distanceNow=30
06-20 13:42:01.771  3081  4183 I Step_ExtSDM: 80002326|calculateCaloriesWithCache totalCalories=870
06-20 13:42:01.771  3081  4183 I Step_CaloriesManager: 80002326|acquireDistance stepsSum=43 caloriesDiff=0.0 mIsSupportExtandStep=true caloriesNow=900
06-20 13:42:01.774 10394 10576 D OpenGLRenderer:   HWUI Binary is  enabled
06-20 13:42:01.776  1157  1706 V WindowManager: Adding Window{1d2a907 u0 com.quvideo.xiaoying/com.quvideo.xiaoying.app.publish.PublishActivity} to AppWindowToken{5f2dd88 token=Token{dece52b ActivityRecord{75f897a u0 com.quvideo.xiaoying/.app.publish.PublishActivity t781}}}
06-20 13:42:01.776  3081  4183 I Step_ExtSDM: 80002326|calculateAltitudeWithCache totalAltitude=0
06-20 13:42:01.777  1157  1706 V WindowManager: addWindow: New client android.os.BinderProxy@dccc346: window=Window{1d2a907 u0 com.quvideo.xiaoying/com.quvideo.xiaoying.app.publish.PublishActivity} Callers=com.android.server.wm.HwWindowManagerService.addWindow:574 com.android.server.wm.Session.addToDisplay:199 android.view.IWindowSession$Stub.onTransact:124 com.android.server.wm.Session.onTransact:161 android.os.Binder.execTransact:675 
06-20 13:42:01.780  1157  1706 V ActivityManager: startProcess: name=com.quvideo.xiaoying:baidu app=null knownToBeDead=true thread=null pid=-1
06-20 13:42:01.789 10394 10942 V SQLiteDatabase: triggerBuildingIndex(): invalid id, return.
06-20 13:42:01.794  1157  1706 I ActivityManager: Start proc 10987:com.quvideo.xiaoying:baidu/u0a211 for service com.quvideo.xiaoying/com.baidu.location.f
06-20 13:42:01.794 10987 10987 I         : power log dlsym ok
06-20 13:42:01.796 10394 10986 D TelephonyManager: getCellLocation calling app is com.quvideo.xiaoying
06-20 13:42:01.797 10394 10576 D OpenGLRenderer:   HWUI Binary is  enabled
06-20 13:42:01.798  1735  2298 W PhoneInterfaceManager: shouldBlockLocation running ...
06-20 13:42:01.800 10987 10987 I zygote  : Reinit property: dalvik.vm.checkjni= false
06-20 13:42:01.806  1735  2298 I PhoneInterfaceManager: shouldBlockLocation  ret:false
06-20 13:42:01.811 10987 10987 D ActivityThread: ActivityThread,attachApplication
06-20 13:42:01.812  1157  1706 D ActivityManager: ActivityManagerService,attachApplication,callingPid = 10987
06-20 13:42:01.824   411   411 W /system/bin/hwservicemanager: Cannot open /odm/manifest_ANE-AL00.xml
06-20 13:42:01.835 10394 10752 I zygote  : Deoptimizing void com.facebook.common.references.SharedReference.deleteReference() due to JIT inline cache
06-20 13:42:01.842  1157  8281 V WindowManager: Checking 1 opening apps (frozen=false timeout=false)...
06-20 13:42:01.842  1157  8281 V WindowManager: Check opening app=AppWindowToken{5f2dd88 token=Token{dece52b ActivityRecord{75f897a u0 com.quvideo.xiaoying/.app.publish.PublishActivity t781}}}: allDrawn=false startingDisplayed=false startingMoved=false isRelaunching()=false
