--------- beginning of system
06-20 11:21:17.233  2745  2745 V ActivityThread: Handle window ActivityRecord{534ca6c token=android.os.BinderProxy@a04c972 {com.quvideo.xiaoying/com.tencent.connect.common.AssistActivity}} visibility: true
06-20 11:21:17.240  1157 14597 I chatty  : uid=1000(system) Binder:1157_1F expire 21 lines
06-20 11:21:17.251  1157  1631 I chatty  : uid=1000(system) Binder:1157_6 expire 10 lines
06-20 11:21:17.264  1157  1367 I chatty  : uid=1000(system) CallbackHandler expire 1 line
06-20 11:21:17.273  1157  2823 I chatty  : uid=1000(system) Binder:1157_F expire 2 lines
06-20 11:21:17.292  1157  1174 I chatty  : uid=1000(system) android.ui expire 2 lines
06-20 11:21:17.292  2745  2745 V ActivityThread: Handle window ActivityRecord{5933613 token=android.os.BinderProxy@6426bb4 {com.quvideo.xiaoying/com.quvideo.xiaoying.app.setting.sns.SettingBindAccountV6Activity}} visibility: true
06-20 11:21:17.298  1157  1290 I chatty  : uid=1000(system) Binder:1157_3 expire 10 lines
06-20 11:21:17.298  1448  1780 I HwNetworkPolicyManager: getHwUidPolicy uid = 10211 policy = 0
06-20 11:21:17.310  1157  1279 I chatty  : uid=1000(system) android.anim expire 19 lines
06-20 11:21:17.317  1157  1660 I chatty  : uid=1000(system) Binder:1157_8 expire 10 lines
06-20 11:21:17.426  1157  5484 I chatty  : uid=1000(system) Binder:1157_14 expire 5 lines
06-20 11:21:17.564  2745  2745 D ActivityThread: Remove activity client record, r= ActivityRecord{534ca6c token=android.os.BinderProxy@a04c972 {com.quvideo.xiaoying/com.tencent.connect.common.AssistActivity}} token= android.os.BinderProxy@a04c972
06-20 11:21:17.742  1157  1182 I chatty  : uid=1000(system) android.display expire 1 line
06-20 11:21:17.791  2745  2745 W ViewRootImpl[Toast]: EGLdebug relayoutWindow Surface isSurface(name=null)  (appName =com.quvideo.xiaoying) ( mSurfaceControllerIsValid =false) (mNativeObject  =0)/@0x9f5747c,viewVisibility is0
06-20 11:21:17.826  2745  2745 W ViewRootImpl[Toast]: EGLdebug relayoutWindow Surface isSurface(name=null)  (appName =com.quvideo.xiaoying) ( mSurfaceControllerIsValid =true) (mNativeObject  =c292a000)/@0x9f5747c,relayoutResult is7
06-20 11:21:17.896  1157  1170 I chatty  : uid=1000(system) android.bg expire 1 line
06-20 11:21:18.029   732   732 I chatty  : uid=1010(wifi) /system/bin/wificond expire 39 lines
06-20 11:21:18.213  1157  1157 I chatty  : uid=1000 system_server expire 11 lines
06-20 11:21:22.990  1157  1591 I chatty  : uid=1000(system) watchdog expire 10 lines
06-20 11:21:26.823  1157  1285 I chatty  : uid=1000(system) UEventObserver expire 10 lines
06-20 11:21:37.819  1157 14955 I chatty  : uid=1000(system) Binder:1157_20 expire 14 lines
06-20 11:21:37.858  2745  2745 W ViewRootImpl[Toast]: EGLdebug relayoutWindow Surface isSurface(name=null)  (appName =com.quvideo.xiaoying) ( mSurfaceControllerIsValid =false) (mNativeObject  =0)/@0x945d714,viewVisibility is0
06-20 11:21:37.866  1157 14597 I chatty  : uid=1000(system) Binder:1157_1F expire 9 lines
06-20 11:21:37.873  2745  2745 W ViewRootImpl[Toast]: EGLdebug relayoutWindow Surface isSurface(name=null)  (appName =com.quvideo.xiaoying) ( mSurfaceControllerIsValid =true) (mNativeObject  =c306a000)/@0x945d714,relayoutResult is7
06-20 11:21:37.958  1157  1279 I chatty  : uid=1000(system) android.anim expire 9 lines
06-20 11:21:39.100   732   732 I chatty  : uid=1010(wifi) /system/bin/wificond expire 213 lines
06-20 11:21:56.184  1157  1157 I chatty  : uid=1000 system_server expire 20 lines
06-20 11:23:32.942  1157  1178 I chatty  : uid=1000(system) batterystats-sy expire 2 lines
06-20 11:23:40.369   730   790 E /system/bin/storaged: pid_info get_pids failed
06-20 11:23:42.181   732   732 I chatty  : uid=1010(wifi) /system/bin/wificond expire 261 lines
06-20 11:23:50.431  1157  1402 I chatty  : uid=1000(system) StatisticsCHRMs expire 4 lines
06-20 11:23:57.703  1157  1285 I chatty  : uid=1000(system) UEventObserver expire 10 lines
06-20 11:24:00.005  1157  1157 I chatty  : uid=1000 system_server expire 22 lines
06-20 11:24:02.057  1157  1290 I chatty  : uid=1000(system) Binder:1157_3 expire 3 lines
06-20 11:24:32.086  1157  1331 I chatty  : uid=1000(system) NetworkStats expire 7 lines
06-20 11:24:32.087  1157  1330 I chatty  : uid=1000(system) NetdConnector expire 4 lines
06-20 11:24:32.183  1157  1729 I chatty  : uid=1000(system) Binder:1157_C expire 6 lines
06-20 11:24:33.433  1157  1185 I chatty  : uid=1000(system) CpuTracker expire 2 lines
06-20 11:25:41.180  1157 14955 I chatty  : uid=1000(system) Binder:1157_20 expire 4 lines
06-20 11:26:08.401 17841  5713 E ActivityThread: Failed to find provider info for com.ss.android.ugc.aweme.wakeup.provider
06-20 11:26:10.155   732   732 I chatty  : uid=1010(wifi) /system/bin/wificond expire 45 lines
06-20 11:26:23.013  1157  1591 I chatty  : uid=1000(system) watchdog expire 2 lines
06-20 11:26:28.510  1157  1285 I chatty  : uid=1000(system) UEventObserver expire 5 lines
06-20 11:26:36.959  2688  3545 W SettingsEx: SettingsEx.Systemex.getInt deprecated use Settings.System.getInt instead ;callers=com.huawei.recsys.util.SystemUtil.getNotificationUpdateMode:169 com.huawei.recsys.util.SystemUtil.isAllowUpdate:104 com.huawei.recsys.controller.notification.http.NotificationUpdateController.startNotificationUpdate:85 
06-20 11:26:37.274   732   732 I chatty  : uid=1010(wifi) /system/bin/wificond expire 69 lines
06-20 11:26:56.183  1157  1157 I chatty  : uid=1000 system_server expire 16 lines
06-20 11:27:13.533  1157  1190 I chatty  : uid=1000(system) HwBinder:1157_1 expire 1 line
06-20 11:27:13.534  1157  1180 I chatty  : uid=1000(system) android.fg expire 2 lines
06-20 11:27:13.556  1157  1631 I chatty  : uid=1000(system) Binder:1157_6 expire 1 line
06-20 11:27:13.701  1157  1285 I chatty  : uid=1000(system) UEventObserver expire 1 line
06-20 11:27:13.712  1157  1186 I chatty  : uid=1000(system) PowerManagerSer expire 2 lines
06-20 11:27:13.713  1498  1498 W PowerUI : unknown intent: Intent { act=android.intent.action.ACTION_POWER_DISCONNECTED flg=0x4000010 (has extras) }
06-20 11:27:13.718  1157  1178 I chatty  : uid=1000(system) batterystats-sy expire 3 lines
06-20 11:27:13.729  1157  1170 I chatty  : uid=1000(system) android.bg expire 2 lines
06-20 11:27:13.779  1157  1330 I chatty  : uid=1000(system) NetdConnector expire 4 lines
06-20 11:27:13.795  1157  1660 I chatty  : uid=1000(system) Binder:1157_8 expire 36 lines
06-20 11:27:13.814  1157  1173 I chatty  : uid=1000(system) ActivityManager expire 8 lines
06-20 11:27:13.819  1157 14597 I chatty  : uid=1000(system) Binder:1157_1F expire 8 lines
06-20 11:27:13.948  1157  1729 I chatty  : uid=1000(system) Binder:1157_C expire 10 lines
06-20 11:27:16.235  1157  1321 I chatty  : uid=1000(system) InputDispatcher expire 10 lines
06-20 11:27:16.270  1157  1290 I chatty  : uid=1000(system) Binder:1157_3 expire 13 lines
06-20 11:27:16.352  2745  2745 W ViewRootImpl[XiaoYingActivity]: Dropping event due to no window focus: KeyEvent { action=ACTION_DOWN, keyCode=KEYCODE_BACK, scanCode=0, metaState=0, flags=0x48, hwFlags=0xffffffff, repeatCount=0, eventTime=23623871, downTime=23623871, deviceId=-1, source=0x101 }
06-20 11:27:16.364  2745  2745 W ViewRootImpl[XiaoYingActivity]: Cancelling event due to no window focus: KeyEvent { action=ACTION_UP, keyCode=KEYCODE_BACK, scanCode=0, metaState=0, flags=0x68, hwFlags=0xffffffff, repeatCount=0, eventTime=23623874, downTime=23623875, deviceId=-1, source=0x101 }
06-20 11:27:16.364  2745  2745 I chatty  : uid=10211(u0_a211) com.quvideo.xiaoying identical 7 lines
06-20 11:27:16.364  2745  2745 W ViewRootImpl[XiaoYingActivity]: Cancelling event due to no window focus: KeyEvent { action=ACTION_UP, keyCode=KEYCODE_BACK, scanCode=0, metaState=0, flags=0x68, hwFlags=0xffffffff, repeatCount=0, eventTime=23623874, downTime=23623875, deviceId=-1, source=0x101 }
06-20 11:27:16.404  2745  2745 W ViewRootImpl[XiaoYingActivity]: Cancelling event due to no window focus: KeyEvent { action=ACTION_UP, keyCode=KEYCODE_BACK, scanCode=0, metaState=0, flags=0x68, hwFlags=0xffffffff, repeatCount=0, eventTime=23623874, downTime=23623875, deviceId=-1, source=0x101 }
06-20 11:27:16.404  2745  2745 W ViewRootImpl[XiaoYingActivity]: Cancelling event due to no window focus: KeyEvent { action=ACTION_UP, keyCode=KEYCODE_BACK, scanCode=0, metaState=0, flags=0x68, hwFlags=0xffffffff, repeatCount=0, eventTime=23623874, downTime=23623875, deviceId=-1, source=0x101 }
06-20 11:27:16.408  1157  1279 I chatty  : uid=1000(system) android.anim expire 12 lines
06-20 11:27:16.423  2745  2745 W ViewRootImpl[XiaoYingActivity]: Dropping event due to no window focus: KeyEvent { action=ACTION_DOWN, keyCode=KEYCODE_BACK, scanCode=0, metaState=0, flags=0x48, hwFlags=0xffffffff, repeatCount=0, eventTime=23623875, downTime=23623875, deviceId=-1, source=0x101 }
06-20 11:27:16.433  2745  2745 W ViewRootImpl[XiaoYingActivity]: Cancelling event due to no window focus: KeyEvent { action=ACTION_UP, keyCode=KEYCODE_BACK, scanCode=0, metaState=0, flags=0x68, hwFlags=0xffffffff, repeatCount=0, eventTime=23623877, downTime=23623875, deviceId=-1, source=0x101 }
06-20 11:27:16.433  2745  2745 W ViewRootImpl[XiaoYingActivity]: Cancelling event due to no window focus: KeyEvent { action=ACTION_UP, keyCode=KEYCODE_BACK, scanCode=0, metaState=0, flags=0x68, hwFlags=0xffffffff, repeatCount=0, eventTime=23623877, downTime=23623875, deviceId=-1, source=0x101 }
06-20 11:27:16.436   732   732 I chatty  : uid=1010(wifi) /system/bin/wificond expire 294 lines
06-20 11:27:16.439  2745  2745 W ViewRootImpl[XiaoYingActivity]: Cancelling event due to no window focus: KeyEvent { action=ACTION_UP, keyCode=KEYCODE_BACK, scanCode=0, metaState=0, flags=0x68, hwFlags=0xffffffff, repeatCount=0, eventTime=23623877, downTime=23623875, deviceId=-1, source=0x101 }
06-20 11:27:16.444  2745  2745 W ViewRootImpl[XiaoYingActivity]: Cancelling event due to no window focus: KeyEvent { action=ACTION_UP, keyCode=KEYCODE_BACK, scanCode=0, metaState=0, flags=0x68, hwFlags=0xffffffff, repeatCount=0, eventTime=23623877, downTime=23623875, deviceId=-1, source=0x101 }
06-20 11:27:16.487  2745  2745 W ViewRootImpl[Toast]: EGLdebug relayoutWindow Surface isSurface(name=null)  (appName =com.quvideo.xiaoying) ( mSurfaceControllerIsValid =false) (mNativeObject  =0)/@0x9d8aff0,viewVisibility is0
06-20 11:27:16.499  2745  2745 W ViewRootImpl[Toast]: EGLdebug relayoutWindow Surface isSurface(name=null)  (appName =com.quvideo.xiaoying) ( mSurfaceControllerIsValid =true) (mNativeObject  =c297b000)/@0x9d8aff0,relayoutResult is7
06-20 11:27:19.223  1157  5376 I chatty  : uid=1000(system) Binder:1157_13 expire 18 lines
06-20 11:27:21.090  2745  2745 D ActivityThread: Remove activity client record, r= ActivityRecord{5933613 token=android.os.BinderProxy@6426bb4 {com.quvideo.xiaoying/com.quvideo.xiaoying.app.setting.sns.SettingBindAccountV6Activity}} token= android.os.BinderProxy@6426bb4
06-20 11:27:23.019  1157  1591 I chatty  : uid=1000(system) watchdog expire 8 lines
06-20 11:27:29.580  1157  1660 I chatty  : uid=1000(system) Binder:1157_8 expire 15 lines
06-20 11:28:33.925  1157  1157 I chatty  : uid=1000 system_server expire 17 lines
06-20 11:30:03.768  2745  2745 W ViewRootImpl[Toast]: EGLdebug relayoutWindow Surface isSurface(name=null)  (appName =com.quvideo.xiaoying) ( mSurfaceControllerIsValid =false) (mNativeObject  =0)/@0xbd94996,viewVisibility is0
06-20 11:30:03.782  2745  2745 W ViewRootImpl[Toast]: EGLdebug relayoutWindow Surface isSurface(name=null)  (appName =com.quvideo.xiaoying) ( mSurfaceControllerIsValid =true) (mNativeObject  =c35ff800)/@0xbd94996,relayoutResult is7
06-20 11:30:03.927  1157  1174 I chatty  : uid=1000(system) android.ui expire 2 lines
06-20 11:30:03.935  1157  1654 I chatty  : uid=1000(system) Binder:1157_7 expire 17 lines
06-20 11:30:03.935  1448  1780 I HwNetworkPolicyManager: getHwUidPolicy uid = 10063 policy = 0
06-20 11:30:03.948  1157  8081 I chatty  : uid=1000(system) Binder:1157_19 expire 11 lines
06-20 11:30:03.970  1157  1367 I chatty  : uid=1000(system) CallbackHandler expire 1 line
06-20 11:30:04.016  1157  1321 I chatty  : uid=1000(system) InputDispatcher expire 4 lines
06-20 11:30:04.025  1498  2556 I CommandQueue: updateBarBgColor
06-20 11:30:04.025  1498  2556 D CommandQueue: CommandQueue, setBarBackgroundColor
06-20 11:30:04.029  1157  1729 I chatty  : uid=1000(system) Binder:1157_C expire 2 lines
06-20 11:30:04.034  2870  2870 W ViewRootImpl[UniHomeLauncher]: Dropping event due to no window focus: KeyEvent { action=ACTION_DOWN, keyCode=KEYCODE_BACK, scanCode=0, metaState=0, flags=0x48, hwFlags=0x0, repeatCount=0, eventTime=23791623, downTime=23791623, deviceId=-1, source=0x101 }
06-20 11:30:04.112  2870  2870 W ViewRootImpl[UniHomeLauncher]: Cancelling event due to no window focus: KeyEvent { action=ACTION_UP, keyCode=KEYCODE_BACK, scanCode=0, metaState=0, flags=0x68, hwFlags=0x0, repeatCount=0, eventTime=23791677, downTime=23791623, deviceId=-1, source=0x101 }
06-20 11:30:04.112  2870  2870 I chatty  : uid=10063(u0_a63) com.huawei.android.launcher identical 7 lines
06-20 11:30:04.112  2870  2870 W ViewRootImpl[UniHomeLauncher]: Cancelling event due to no window focus: KeyEvent { action=ACTION_UP, keyCode=KEYCODE_BACK, scanCode=0, metaState=0, flags=0x68, hwFlags=0x0, repeatCount=0, eventTime=23791677, downTime=23791623, deviceId=-1, source=0x101 }
06-20 11:30:04.356  2745  2745 D ActivityThread: Remove activity client record, r= ActivityRecord{e33a347 token=android.os.BinderProxy@2f8d75 {com.quvideo.xiaoying/com.quvideo.xiaoying.XiaoYingActivity}} token= android.os.BinderProxy@2f8d75
06-20 11:30:05.044   732   732 I chatty  : uid=1010(wifi) /system/bin/wificond expire 59 lines
06-20 11:30:06.600  1157  1168 I chatty  : uid=1000(system) Binder:1157_2 expire 2 lines
06-20 11:30:06.600  1157  1705 I chatty  : uid=1000(system) Binder:1157_9 expire 1 line
06-20 11:30:06.600  1157  1316 I chatty  : uid=1000(system) Binder:1157_4 expire 8 lines
06-20 11:30:06.601  1157  5114 I chatty  : uid=1000(system) Binder:1157_11 expire 12 lines
06-20 11:30:06.603  1157  1350 I chatty  : uid=1000(system) ConnectivitySer expire 4 lines
06-20 11:30:06.633  1157  1649 I chatty  : uid=1000(system) MultiTaskManage expire 2 lines
06-20 11:30:06.891  1157  1279 I chatty  : uid=1000(system) android.anim expire 5 lines
06-20 11:30:06.907  1157  1182 I chatty  : uid=1000(system) android.display expire 1 line
06-20 11:30:13.963  1157  1157 I chatty  : uid=1000 system_server expire 4 lines
06-20 11:30:38.170   732   732 E wificond: Failed to get NL80211_STA_INFO_CNAHLOAD
06-20 11:30:38.519   732   732 E wificond: Failed to get NL80211_RATE_INFO_NOISE
06-20 11:30:38.519   732   732 E wificond: Failed to get NL80211_RATE_INFO_SNR
06-20 11:30:38.519   732   732 E wificond: Failed to get NL80211_STA_INFO_CNAHLOAD
06-20 11:30:38.523   732   732 E wificond: Failed to get NL80211_RATE_INFO_NOISE
06-20 11:30:38.523   732   732 E wificond: Failed to get NL80211_RATE_INFO_SNR
06-20 11:30:38.523   732   732 E wificond: Failed to get NL80211_STA_INFO_CNAHLOAD
06-20 11:30:41.184   732   732 E wificond: Failed to get NL80211_RATE_INFO_NOISE
06-20 11:30:41.184   732   732 E wificond: Failed to get NL80211_RATE_INFO_SNR
06-20 11:30:41.184   732   732 E wificond: Failed to get NL80211_STA_INFO_CNAHLOAD
06-20 11:30:44.199   732   732 E wificond: Failed to get NL80211_RATE_INFO_NOISE
06-20 11:30:44.199   732   732 E wificond: Failed to get NL80211_RATE_INFO_SNR
06-20 11:30:44.199   732   732 E wificond: Failed to get NL80211_STA_INFO_CNAHLOAD
06-20 11:30:46.530   732   732 E wificond: Failed to get NL80211_RATE_INFO_NOISE
06-20 11:30:46.530   732   732 E wificond: Failed to get NL80211_RATE_INFO_SNR
06-20 11:30:46.530   732   732 E wificond: Failed to get NL80211_STA_INFO_CNAHLOAD
06-20 11:30:46.534   732   732 E wificond: Failed to get NL80211_RATE_INFO_NOISE
06-20 11:30:46.534   732   732 E wificond: Failed to get NL80211_RATE_INFO_SNR
06-20 11:30:46.534   732   732 E wificond: Failed to get NL80211_STA_INFO_CNAHLOAD
06-20 11:30:47.207   732   732 E wificond: Failed to get NL80211_RATE_INFO_NOISE
06-20 11:30:47.208   732   732 E wificond: Failed to get NL80211_RATE_INFO_SNR
06-20 11:30:47.208   732   732 E wificond: Failed to get NL80211_STA_INFO_CNAHLOAD
06-20 11:30:50.220   732   732 E wificond: Failed to get NL80211_RATE_INFO_NOISE
06-20 11:30:50.220   732   732 E wificond: Failed to get NL80211_RATE_INFO_SNR
06-20 11:30:50.220   732   732 E wificond: Failed to get NL80211_STA_INFO_CNAHLOAD
06-20 11:30:53.234   732   732 E wificond: Failed to get NL80211_RATE_INFO_NOISE
06-20 11:30:53.235   732   732 E wificond: Failed to get NL80211_RATE_INFO_SNR
06-20 11:30:53.235   732   732 E wificond: Failed to get NL80211_STA_INFO_CNAHLOAD
06-20 11:30:54.538   732   732 E wificond: Failed to get NL80211_RATE_INFO_NOISE
06-20 11:30:54.538   732   732 E wificond: Failed to get NL80211_RATE_INFO_SNR
06-20 11:30:54.538   732   732 E wificond: Failed to get NL80211_STA_INFO_CNAHLOAD
06-20 11:30:54.542   732   732 E wificond: Failed to get NL80211_RATE_INFO_NOISE
06-20 11:30:54.542   732   732 E wificond: Failed to get NL80211_RATE_INFO_SNR
06-20 11:30:54.542   732   732 E wificond: Failed to get NL80211_STA_INFO_CNAHLOAD
06-20 11:30:56.246   732   732 E wificond: Failed to get NL80211_RATE_INFO_NOISE
06-20 11:30:56.247   732   732 E wificond: Failed to get NL80211_RATE_INFO_SNR
06-20 11:30:56.247   732   732 E wificond: Failed to get NL80211_STA_INFO_CNAHLOAD
06-20 11:30:59.258   732   732 E wificond: Failed to get NL80211_RATE_INFO_NOISE
06-20 11:30:59.259   732   732 E wificond: Failed to get NL80211_RATE_INFO_SNR
06-20 11:30:59.259   732   732 E wificond: Failed to get NL80211_STA_INFO_CNAHLOAD
06-20 11:31:02.274   732   732 E wificond: Failed to get NL80211_RATE_INFO_NOISE
06-20 11:31:02.274   732   732 E wificond: Failed to get NL80211_RATE_INFO_SNR
06-20 11:31:02.274   732   732 E wificond: Failed to get NL80211_STA_INFO_CNAHLOAD
06-20 11:31:02.539   732   732 E wificond: Failed to get NL80211_RATE_INFO_NOISE
06-20 11:31:02.539   732   732 E wificond: Failed to get NL80211_RATE_INFO_SNR
06-20 11:31:02.539   732   732 E wificond: Failed to get NL80211_STA_INFO_CNAHLOAD
06-20 11:31:02.543   732   732 E wificond: Failed to get NL80211_RATE_INFO_NOISE
06-20 11:31:02.543   732   732 E wificond: Failed to get NL80211_RATE_INFO_SNR
06-20 11:31:02.543   732   732 E wificond: Failed to get NL80211_STA_INFO_CNAHLOAD
06-20 11:31:05.287   732   732 E wificond: Failed to get NL80211_RATE_INFO_NOISE
06-20 11:31:05.288   732   732 E wificond: Failed to get NL80211_RATE_INFO_SNR
06-20 11:31:05.288   732   732 E wificond: Failed to get NL80211_STA_INFO_CNAHLOAD
06-20 11:31:07.309  1157  1176 I chatty  : uid=1000(system) ThirdAppHandler expire 1 line
06-20 11:31:07.337  6040  6040 D ActivityThread: ActivityThread,attachApplication
06-20 11:31:07.338  1157 13796 I chatty  : uid=1000(system) Binder:1157_1E expire 8 lines
06-20 11:31:07.899  1157  5114 I chatty  : uid=1000(system) Binder:1157_11 expire 11 lines
06-20 11:31:08.298   732   732 E wificond: Failed to get NL80211_RATE_INFO_NOISE
06-20 11:31:08.299   732   732 E wificond: Failed to get NL80211_RATE_INFO_SNR
06-20 11:31:08.299   732   732 E wificond: Failed to get NL80211_STA_INFO_CNAHLOAD
06-20 11:31:08.328  1157  1654 I chatty  : uid=1000(system) Binder:1157_7 expire 4 lines
06-20 11:31:08.379  1157  1316 I chatty  : uid=1000(system) Binder:1157_4 expire 10 lines
06-20 11:31:08.537  1157  1168 I chatty  : uid=1000(system) Binder:1157_2 expire 10 lines
06-20 11:31:08.576  6167  6167 D ActivityThread: ActivityThread,attachApplication
06-20 11:31:08.638  1157  1350 I chatty  : uid=1000(system) ConnectivitySer expire 16 lines
06-20 11:31:08.953  1157  1157 I chatty  : uid=1000 system_server expire 10 lines
06-20 11:31:10.544   732   732 E wificond: Failed to get NL80211_RATE_INFO_NOISE
06-20 11:31:10.544   732   732 E wificond: Failed to get NL80211_RATE_INFO_SNR
06-20 11:31:10.544   732   732 E wificond: Failed to get NL80211_STA_INFO_CNAHLOAD
06-20 11:31:10.545   732   732 E wificond: Failed to get NL80211_RATE_INFO_NOISE
06-20 11:31:10.545   732   732 E wificond: Failed to get NL80211_RATE_INFO_SNR
06-20 11:31:10.545   732   732 E wificond: Failed to get NL80211_STA_INFO_CNAHLOAD
06-20 11:31:11.306   732   732 E wificond: Failed to get NL80211_RATE_INFO_NOISE
06-20 11:31:11.306   732   732 E wificond: Failed to get NL80211_RATE_INFO_SNR
06-20 11:31:11.306   732   732 E wificond: Failed to get NL80211_STA_INFO_CNAHLOAD
06-20 11:31:14.318   732   732 E wificond: Failed to get NL80211_RATE_INFO_NOISE
06-20 11:31:14.319   732   732 E wificond: Failed to get NL80211_RATE_INFO_SNR
06-20 11:31:14.319   732   732 E wificond: Failed to get NL80211_STA_INFO_CNAHLOAD
06-20 11:31:17.330   732   732 E wificond: Failed to get NL80211_RATE_INFO_NOISE
06-20 11:31:17.330   732   732 E wificond: Failed to get NL80211_RATE_INFO_SNR
06-20 11:31:17.330   732   732 E wificond: Failed to get NL80211_STA_INFO_CNAHLOAD
06-20 11:31:18.551   732   732 E wificond: Failed to get NL80211_RATE_INFO_NOISE
06-20 11:31:18.552   732   732 E wificond: Failed to get NL80211_RATE_INFO_SNR
06-20 11:31:18.552   732   732 E wificond: Failed to get NL80211_STA_INFO_CNAHLOAD
06-20 11:31:18.554   732   732 E wificond: Failed to get NL80211_RATE_INFO_NOISE
06-20 11:31:18.554   732   732 E wificond: Failed to get NL80211_RATE_INFO_SNR
06-20 11:31:18.554   732   732 E wificond: Failed to get NL80211_STA_INFO_CNAHLOAD
06-20 11:31:20.339   732   732 E wificond: Failed to get NL80211_RATE_INFO_NOISE
06-20 11:31:20.339   732   732 E wificond: Failed to get NL80211_RATE_INFO_SNR
06-20 11:31:20.339   732   732 E wificond: Failed to get NL80211_STA_INFO_CNAHLOAD
06-20 11:31:23.035  1157  1591 I chatty  : uid=1000(system) watchdog expire 10 lines
06-20 11:31:23.350   732   732 E wificond: Failed to get NL80211_RATE_INFO_NOISE
06-20 11:31:23.350   732   732 E wificond: Failed to get NL80211_RATE_INFO_SNR
06-20 11:31:23.350   732   732 E wificond: Failed to get NL80211_STA_INFO_CNAHLOAD
06-20 11:31:26.363   732   732 E wificond: Failed to get NL80211_RATE_INFO_NOISE
06-20 11:31:26.364   732   732 E wificond: Failed to get NL80211_RATE_INFO_SNR
06-20 11:31:26.364   732   732 E wificond: Failed to get NL80211_STA_INFO_CNAHLOAD
06-20 11:31:26.558   732   732 E wificond: Failed to get NL80211_RATE_INFO_NOISE
06-20 11:31:26.558   732   732 E wificond: Failed to get NL80211_RATE_INFO_SNR
06-20 11:31:26.558   732   732 E wificond: Failed to get NL80211_STA_INFO_CNAHLOAD
06-20 11:31:26.561   732   732 E wificond: Failed to get NL80211_RATE_INFO_NOISE
06-20 11:31:26.562   732   732 E wificond: Failed to get NL80211_RATE_INFO_SNR
06-20 11:31:26.562   732   732 E wificond: Failed to get NL80211_STA_INFO_CNAHLOAD
06-20 11:31:29.377   732   732 E wificond: Failed to get NL80211_RATE_INFO_NOISE
06-20 11:31:29.377   732   732 E wificond: Failed to get NL80211_RATE_INFO_SNR
06-20 11:31:29.377   732   732 E wificond: Failed to get NL80211_STA_INFO_CNAHLOAD
06-20 11:31:32.392   732   732 E wificond: Failed to get NL80211_RATE_INFO_NOISE
06-20 11:31:32.392   732   732 E wificond: Failed to get NL80211_RATE_INFO_SNR
06-20 11:31:32.392   732   732 E wificond: Failed to get NL80211_STA_INFO_CNAHLOAD
06-20 11:31:34.569   732   732 E wificond: Failed to get NL80211_RATE_INFO_NOISE
06-20 11:31:34.569   732   732 E wificond: Failed to get NL80211_RATE_INFO_SNR
06-20 11:31:34.569   732   732 E wificond: Failed to get NL80211_STA_INFO_CNAHLOAD
06-20 11:31:34.573   732   732 E wificond: Failed to get NL80211_RATE_INFO_NOISE
06-20 11:31:34.573   732   732 E wificond: Failed to get NL80211_RATE_INFO_SNR
06-20 11:31:34.573   732   732 E wificond: Failed to get NL80211_STA_INFO_CNAHLOAD
06-20 11:31:35.401   732   732 E wificond: Failed to get NL80211_RATE_INFO_NOISE
06-20 11:31:35.401   732   732 E wificond: Failed to get NL80211_RATE_INFO_SNR
06-20 11:31:35.401   732   732 E wificond: Failed to get NL80211_STA_INFO_CNAHLOAD
06-20 11:31:37.748  1157  1330 I chatty  : uid=1000(system) NetdConnector expire 12 lines
06-20 11:31:38.413   732   732 E wificond: Failed to get NL80211_RATE_INFO_NOISE
06-20 11:31:38.413   732   732 E wificond: Failed to get NL80211_RATE_INFO_SNR
06-20 11:31:38.413   732   732 E wificond: Failed to get NL80211_STA_INFO_CNAHLOAD
06-20 11:31:41.428   732   732 E wificond: Failed to get NL80211_RATE_INFO_NOISE
06-20 11:31:41.428   732   732 E wificond: Failed to get NL80211_RATE_INFO_SNR
06-20 11:31:41.428   732   732 E wificond: Failed to get NL80211_STA_INFO_CNAHLOAD
06-20 11:31:42.576   732   732 E wificond: Failed to get NL80211_RATE_INFO_NOISE
06-20 11:31:42.577   732   732 E wificond: Failed to get NL80211_RATE_INFO_SNR
06-20 11:31:42.577   732   732 E wificond: Failed to get NL80211_STA_INFO_CNAHLOAD
06-20 11:31:42.581   732   732 E wificond: Failed to get NL80211_RATE_INFO_NOISE
06-20 11:31:42.581   732   732 E wificond: Failed to get NL80211_RATE_INFO_SNR
06-20 11:31:42.581   732   732 E wificond: Failed to get NL80211_STA_INFO_CNAHLOAD
06-20 11:31:44.442   732   732 E wificond: Failed to get NL80211_RATE_INFO_NOISE
06-20 11:31:44.442   732   732 E wificond: Failed to get NL80211_RATE_INFO_SNR
06-20 11:31:44.442   732   732 E wificond: Failed to get NL80211_STA_INFO_CNAHLOAD
06-20 11:31:47.455   732   732 E wificond: Failed to get NL80211_RATE_INFO_NOISE
06-20 11:31:47.455   732   732 E wificond: Failed to get NL80211_RATE_INFO_SNR
06-20 11:31:47.455   732   732 E wificond: Failed to get NL80211_STA_INFO_CNAHLOAD
06-20 11:31:50.470   732   732 E wificond: Failed to get NL80211_RATE_INFO_NOISE
06-20 11:31:50.470   732   732 E wificond: Failed to get NL80211_RATE_INFO_SNR
06-20 11:31:50.470   732   732 E wificond: Failed to get NL80211_STA_INFO_CNAHLOAD
06-20 11:31:50.580   732   732 E wificond: Failed to get NL80211_RATE_INFO_NOISE
06-20 11:31:50.580   732   732 E wificond: Failed to get NL80211_RATE_INFO_SNR
06-20 11:31:50.580   732   732 E wificond: Failed to get NL80211_STA_INFO_CNAHLOAD
06-20 11:31:50.584   732   732 E wificond: Failed to get NL80211_RATE_INFO_NOISE
06-20 11:31:50.584   732   732 E wificond: Failed to get NL80211_RATE_INFO_SNR
06-20 11:31:50.584   732   732 E wificond: Failed to get NL80211_STA_INFO_CNAHLOAD
06-20 11:31:53.484   732   732 E wificond: Failed to get NL80211_RATE_INFO_NOISE
06-20 11:31:53.484   732   732 E wificond: Failed to get NL80211_RATE_INFO_SNR
06-20 11:31:53.484   732   732 E wificond: Failed to get NL80211_STA_INFO_CNAHLOAD
06-20 11:31:56.499   732   732 E wificond: Failed to get NL80211_RATE_INFO_NOISE
06-20 11:31:56.499   732   732 E wificond: Failed to get NL80211_RATE_INFO_SNR
06-20 11:31:56.499   732   732 E wificond: Failed to get NL80211_STA_INFO_CNAHLOAD
06-20 11:31:58.586   732   732 E wificond: Failed to get NL80211_RATE_INFO_NOISE
06-20 11:31:58.586   732   732 E wificond: Failed to get NL80211_RATE_INFO_SNR
06-20 11:31:58.586   732   732 E wificond: Failed to get NL80211_STA_INFO_CNAHLOAD
06-20 11:31:58.590   732   732 E wificond: Failed to get NL80211_RATE_INFO_NOISE
06-20 11:31:58.590   732   732 E wificond: Failed to get NL80211_RATE_INFO_SNR
06-20 11:31:58.590   732   732 E wificond: Failed to get NL80211_STA_INFO_CNAHLOAD
06-20 11:31:59.507   732   732 E wificond: Failed to get NL80211_RATE_INFO_NOISE
06-20 11:31:59.507   732   732 E wificond: Failed to get NL80211_RATE_INFO_SNR
06-20 11:31:59.507   732   732 E wificond: Failed to get NL80211_STA_INFO_CNAHLOAD
06-20 11:32:00.081  1157  5114 I chatty  : uid=1000(system) Binder:1157_11 expire 9 lines
06-20 11:32:02.521   732   732 E wificond: Failed to get NL80211_RATE_INFO_NOISE
06-20 11:32:02.521   732   732 E wificond: Failed to get NL80211_RATE_INFO_SNR
06-20 11:32:02.521   732   732 E wificond: Failed to get NL80211_STA_INFO_CNAHLOAD
06-20 11:32:05.532   732   732 E wificond: Failed to get NL80211_RATE_INFO_NOISE
06-20 11:32:05.532   732   732 E wificond: Failed to get NL80211_RATE_INFO_SNR
06-20 11:32:05.532   732   732 E wificond: Failed to get NL80211_STA_INFO_CNAHLOAD
06-20 11:32:06.593   732   732 E wificond: Failed to get NL80211_RATE_INFO_NOISE
06-20 11:32:06.594   732   732 E wificond: Failed to get NL80211_RATE_INFO_SNR
06-20 11:32:06.594   732   732 E wificond: Failed to get NL80211_STA_INFO_CNAHLOAD
06-20 11:32:06.598   732   732 E wificond: Failed to get NL80211_RATE_INFO_NOISE
06-20 11:32:06.598   732   732 E wificond: Failed to get NL80211_RATE_INFO_SNR
06-20 11:32:06.598   732   732 E wificond: Failed to get NL80211_STA_INFO_CNAHLOAD
06-20 11:32:08.544   732   732 E wificond: Failed to get NL80211_RATE_INFO_NOISE
06-20 11:32:08.544   732   732 E wificond: Failed to get NL80211_RATE_INFO_SNR
06-20 11:32:08.544   732   732 E wificond: Failed to get NL80211_STA_INFO_CNAHLOAD
06-20 11:32:08.641  1157  1173 I chatty  : uid=1000(system) ActivityManager expire 8 lines
06-20 11:32:11.558   732   732 E wificond: Failed to get NL80211_RATE_INFO_NOISE
06-20 11:32:11.558   732   732 E wificond: Failed to get NL80211_RATE_INFO_SNR
06-20 11:32:11.558   732   732 E wificond: Failed to get NL80211_STA_INFO_CNAHLOAD
06-20 11:32:11.839  1157  1168 I chatty  : uid=1000(system) Binder:1157_2 expire 14 lines
06-20 11:32:14.572   732   732 E wificond: Failed to get NL80211_RATE_INFO_NOISE
06-20 11:32:14.573   732   732 E wificond: Failed to get NL80211_RATE_INFO_SNR
06-20 11:32:14.573   732   732 E wificond: Failed to get NL80211_STA_INFO_CNAHLOAD
06-20 11:32:14.576  1157  1350 I chatty  : uid=1000(system) ConnectivitySer expire 11 lines
06-20 11:32:14.592   732   732 E wificond: Failed to get NL80211_RATE_INFO_NOISE
06-20 11:32:14.592   732   732 E wificond: Failed to get NL80211_RATE_INFO_SNR
06-20 11:32:14.592   732   732 E wificond: Failed to get NL80211_STA_INFO_CNAHLOAD
06-20 11:32:14.595   732   732 E wificond: Failed to get NL80211_RATE_INFO_NOISE
06-20 11:32:14.595   732   732 E wificond: Failed to get NL80211_RATE_INFO_SNR
06-20 11:32:14.595   732   732 E wificond: Failed to get NL80211_STA_INFO_CNAHLOAD
06-20 11:32:17.589   732   732 E wificond: Failed to get NL80211_RATE_INFO_NOISE
06-20 11:32:17.589   732   732 E wificond: Failed to get NL80211_RATE_INFO_SNR
06-20 11:32:17.589   732   732 E wificond: Failed to get NL80211_STA_INFO_CNAHLOAD
06-20 11:32:20.604   732   732 E wificond: Failed to get NL80211_RATE_INFO_NOISE
06-20 11:32:20.604   732   732 E wificond: Failed to get NL80211_RATE_INFO_SNR
06-20 11:32:20.604   732   732 E wificond: Failed to get NL80211_STA_INFO_CNAHLOAD
06-20 11:32:22.495  1157  1170 I chatty  : uid=1000(system) android.bg expire 3 lines
06-20 11:32:22.601   732   732 E wificond: Failed to get NL80211_RATE_INFO_NOISE
06-20 11:32:22.601   732   732 E wificond: Failed to get NL80211_RATE_INFO_SNR
06-20 11:32:22.601   732   732 E wificond: Failed to get NL80211_STA_INFO_CNAHLOAD
06-20 11:32:22.603   732   732 E wificond: Failed to get NL80211_RATE_INFO_NOISE
06-20 11:32:22.603   732   732 E wificond: Failed to get NL80211_RATE_INFO_SNR
06-20 11:32:22.603   732   732 E wificond: Failed to get NL80211_STA_INFO_CNAHLOAD
06-20 11:32:23.616   732   732 E wificond: Failed to get NL80211_RATE_INFO_NOISE
06-20 11:32:23.616   732   732 E wificond: Failed to get NL80211_RATE_INFO_SNR
06-20 11:32:23.616   732   732 E wificond: Failed to get NL80211_STA_INFO_CNAHLOAD
06-20 11:32:26.630   732   732 E wificond: Failed to get NL80211_RATE_INFO_NOISE
06-20 11:32:26.631   732   732 E wificond: Failed to get NL80211_RATE_INFO_SNR
06-20 11:32:26.631   732   732 E wificond: Failed to get NL80211_STA_INFO_CNAHLOAD
06-20 11:32:29.644   732   732 E wificond: Failed to get NL80211_RATE_INFO_NOISE
06-20 11:32:29.644   732   732 E wificond: Failed to get NL80211_RATE_INFO_SNR
06-20 11:32:29.644   732   732 E wificond: Failed to get NL80211_STA_INFO_CNAHLOAD
06-20 11:32:30.600   732   732 E wificond: Failed to get NL80211_RATE_INFO_NOISE
06-20 11:32:30.600   732   732 E wificond: Failed to get NL80211_RATE_INFO_SNR
06-20 11:32:30.600   732   732 E wificond: Failed to get NL80211_STA_INFO_CNAHLOAD
06-20 11:32:30.604   732   732 E wificond: Failed to get NL80211_RATE_INFO_NOISE
06-20 11:32:30.604   732   732 E wificond: Failed to get NL80211_RATE_INFO_SNR
06-20 11:32:30.604   732   732 E wificond: Failed to get NL80211_STA_INFO_CNAHLOAD
06-20 11:32:32.655   732   732 E wificond: Failed to get NL80211_RATE_INFO_NOISE
06-20 11:32:32.655   732   732 E wificond: Failed to get NL80211_RATE_INFO_SNR
06-20 11:32:32.655   732   732 E wificond: Failed to get NL80211_STA_INFO_CNAHLOAD
06-20 11:32:34.500  1157 14955 I chatty  : uid=1000(system) Binder:1157_20 expire 3 lines
06-20 11:32:35.667   732   732 E wificond: Failed to get NL80211_RATE_INFO_NOISE
06-20 11:32:35.667   732   732 E wificond: Failed to get NL80211_RATE_INFO_SNR
06-20 11:32:35.667   732   732 E wificond: Failed to get NL80211_STA_INFO_CNAHLOAD
06-20 11:32:38.612   732   732 E wificond: Failed to get NL80211_RATE_INFO_NOISE
06-20 11:32:38.612   732   732 E wificond: Failed to get NL80211_RATE_INFO_SNR
06-20 11:32:38.612   732   732 E wificond: Failed to get NL80211_STA_INFO_CNAHLOAD
06-20 11:32:38.616   732   732 E wificond: Failed to get NL80211_RATE_INFO_NOISE
06-20 11:32:38.616   732   732 E wificond: Failed to get NL80211_RATE_INFO_SNR
06-20 11:32:38.616   732   732 E wificond: Failed to get NL80211_STA_INFO_CNAHLOAD
06-20 11:32:38.674   732   732 E wificond: Failed to get NL80211_RATE_INFO_NOISE
06-20 11:32:38.675   732   732 E wificond: Failed to get NL80211_RATE_INFO_SNR
06-20 11:32:38.675   732   732 E wificond: Failed to get NL80211_STA_INFO_CNAHLOAD
06-20 11:32:41.688   732   732 E wificond: Failed to get NL80211_RATE_INFO_NOISE
06-20 11:32:41.688   732   732 E wificond: Failed to get NL80211_RATE_INFO_SNR
06-20 11:32:41.688   732   732 E wificond: Failed to get NL80211_STA_INFO_CNAHLOAD
06-20 11:32:44.697   732   732 E wificond: Failed to get NL80211_RATE_INFO_NOISE
06-20 11:32:44.698   732   732 E wificond: Failed to get NL80211_RATE_INFO_SNR
06-20 11:32:44.698   732   732 E wificond: Failed to get NL80211_STA_INFO_CNAHLOAD
06-20 11:32:46.620   732   732 E wificond: Failed to get NL80211_RATE_INFO_NOISE
06-20 11:32:46.620   732   732 E wificond: Failed to get NL80211_RATE_INFO_SNR
06-20 11:32:46.620   732   732 E wificond: Failed to get NL80211_STA_INFO_CNAHLOAD
06-20 11:32:46.624   732   732 E wificond: Failed to get NL80211_RATE_INFO_NOISE
06-20 11:32:46.624   732   732 E wificond: Failed to get NL80211_RATE_INFO_SNR
06-20 11:32:46.624   732   732 E wificond: Failed to get NL80211_STA_INFO_CNAHLOAD
06-20 11:32:47.708   732   732 E wificond: Failed to get NL80211_RATE_INFO_NOISE
06-20 11:32:47.708   732   732 E wificond: Failed to get NL80211_RATE_INFO_SNR
06-20 11:32:47.708   732   732 E wificond: Failed to get NL80211_STA_INFO_CNAHLOAD
06-20 11:32:50.723   732   732 E wificond: Failed to get NL80211_RATE_INFO_NOISE
06-20 11:32:50.723   732   732 E wificond: Failed to get NL80211_RATE_INFO_SNR
06-20 11:32:50.723   732   732 E wificond: Failed to get NL80211_STA_INFO_CNAHLOAD
06-20 11:32:53.737   732   732 E wificond: Failed to get NL80211_RATE_INFO_NOISE
06-20 11:32:53.737   732   732 E wificond: Failed to get NL80211_RATE_INFO_SNR
06-20 11:32:53.737   732   732 E wificond: Failed to get NL80211_STA_INFO_CNAHLOAD
06-20 11:32:54.619   732   732 E wificond: Failed to get NL80211_RATE_INFO_NOISE
06-20 11:32:54.619   732   732 E wificond: Failed to get NL80211_RATE_INFO_SNR
06-20 11:32:54.619   732   732 E wificond: Failed to get NL80211_STA_INFO_CNAHLOAD
06-20 11:32:54.623   732   732 E wificond: Failed to get NL80211_RATE_INFO_NOISE
06-20 11:32:54.623   732   732 E wificond: Failed to get NL80211_RATE_INFO_SNR
06-20 11:32:54.623   732   732 E wificond: Failed to get NL80211_STA_INFO_CNAHLOAD
06-20 11:32:56.750   732   732 E wificond: Failed to get NL80211_RATE_INFO_NOISE
06-20 11:32:56.751   732   732 E wificond: Failed to get NL80211_RATE_INFO_SNR
06-20 11:32:56.751   732   732 E wificond: Failed to get NL80211_STA_INFO_CNAHLOAD
06-20 11:32:59.764   732   732 E wificond: Failed to get NL80211_RATE_INFO_NOISE
06-20 11:32:59.764   732   732 E wificond: Failed to get NL80211_RATE_INFO_SNR
06-20 11:32:59.764   732   732 E wificond: Failed to get NL80211_STA_INFO_CNAHLOAD
06-20 11:33:00.805  1157  1330 I chatty  : uid=1000(system) NetdConnector expire 12 lines
06-20 11:33:02.625   732   732 E wificond: Failed to get NL80211_RATE_INFO_NOISE
06-20 11:33:02.625   732   732 E wificond: Failed to get NL80211_RATE_INFO_SNR
06-20 11:33:02.625   732   732 E wificond: Failed to get NL80211_STA_INFO_CNAHLOAD
06-20 11:33:02.629   732   732 E wificond: Failed to get NL80211_RATE_INFO_NOISE
06-20 11:33:02.629   732   732 E wificond: Failed to get NL80211_RATE_INFO_SNR
06-20 11:33:02.629   732   732 E wificond: Failed to get NL80211_STA_INFO_CNAHLOAD
06-20 11:33:02.772   732   732 E wificond: Failed to get NL80211_RATE_INFO_NOISE
06-20 11:33:02.772   732   732 E wificond: Failed to get NL80211_RATE_INFO_SNR
06-20 11:33:02.772   732   732 E wificond: Failed to get NL80211_STA_INFO_CNAHLOAD
06-20 11:33:05.786   732   732 E wificond: Failed to get NL80211_RATE_INFO_NOISE
06-20 11:33:05.786   732   732 E wificond: Failed to get NL80211_RATE_INFO_SNR
06-20 11:33:05.786   732   732 E wificond: Failed to get NL80211_STA_INFO_CNAHLOAD
06-20 11:33:08.802   732   732 E wificond: Failed to get NL80211_RATE_INFO_NOISE
06-20 11:33:08.802   732   732 E wificond: Failed to get NL80211_RATE_INFO_SNR
06-20 11:33:08.802   732   732 E wificond: Failed to get NL80211_STA_INFO_CNAHLOAD
06-20 11:33:10.632   732   732 E wificond: Failed to get NL80211_RATE_INFO_NOISE
06-20 11:33:10.632   732   732 E wificond: Failed to get NL80211_RATE_INFO_SNR
06-20 11:33:10.632   732   732 E wificond: Failed to get NL80211_STA_INFO_CNAHLOAD
06-20 11:33:10.636   732   732 E wificond: Failed to get NL80211_RATE_INFO_NOISE
06-20 11:33:10.636   732   732 E wificond: Failed to get NL80211_RATE_INFO_SNR
06-20 11:33:10.636   732   732 E wificond: Failed to get NL80211_STA_INFO_CNAHLOAD
06-20 11:33:11.815   732   732 E wificond: Failed to get NL80211_RATE_INFO_NOISE
06-20 11:33:11.816   732   732 E wificond: Failed to get NL80211_RATE_INFO_SNR
06-20 11:33:11.816   732   732 E wificond: Failed to get NL80211_STA_INFO_CNAHLOAD
06-20 11:33:12.794  1157  1157 I chatty  : uid=1000 system_server expire 10 lines
06-20 11:33:14.830   732   732 E wificond: Failed to get NL80211_RATE_INFO_NOISE
06-20 11:33:14.830   732   732 E wificond: Failed to get NL80211_RATE_INFO_SNR
06-20 11:33:14.831   732   732 E wificond: Failed to get NL80211_STA_INFO_CNAHLOAD
06-20 11:33:17.845   732   732 E wificond: Failed to get NL80211_RATE_INFO_NOISE
06-20 11:33:17.845   732   732 E wificond: Failed to get NL80211_RATE_INFO_SNR
06-20 11:33:17.845   732   732 E wificond: Failed to get NL80211_STA_INFO_CNAHLOAD
06-20 11:33:18.638   732   732 E wificond: Failed to get NL80211_RATE_INFO_NOISE
06-20 11:33:18.638   732   732 E wificond: Failed to get NL80211_RATE_INFO_SNR
06-20 11:33:18.638   732   732 E wificond: Failed to get NL80211_STA_INFO_CNAHLOAD
06-20 11:33:18.642   732   732 E wificond: Failed to get NL80211_RATE_INFO_NOISE
06-20 11:33:18.642   732   732 E wificond: Failed to get NL80211_RATE_INFO_SNR
06-20 11:33:18.642   732   732 E wificond: Failed to get NL80211_STA_INFO_CNAHLOAD
06-20 11:33:20.858   732   732 E wificond: Failed to get NL80211_RATE_INFO_NOISE
06-20 11:33:20.858   732   732 E wificond: Failed to get NL80211_RATE_INFO_SNR
06-20 11:33:20.858   732   732 E wificond: Failed to get NL80211_STA_INFO_CNAHLOAD
06-20 11:33:23.872   732   732 E wificond: Failed to get NL80211_RATE_INFO_NOISE
06-20 11:33:23.872   732   732 E wificond: Failed to get NL80211_RATE_INFO_SNR
06-20 11:33:23.872   732   732 E wificond: Failed to get NL80211_STA_INFO_CNAHLOAD
06-20 11:33:26.642   732   732 E wificond: Failed to get NL80211_RATE_INFO_NOISE
06-20 11:33:26.642   732   732 E wificond: Failed to get NL80211_RATE_INFO_SNR
06-20 11:33:26.642   732   732 E wificond: Failed to get NL80211_STA_INFO_CNAHLOAD
06-20 11:33:26.646   732   732 E wificond: Failed to get NL80211_RATE_INFO_NOISE
06-20 11:33:26.646   732   732 E wificond: Failed to get NL80211_RATE_INFO_SNR
06-20 11:33:26.646   732   732 E wificond: Failed to get NL80211_STA_INFO_CNAHLOAD
06-20 11:33:26.881   732   732 E wificond: Failed to get NL80211_RATE_INFO_NOISE
06-20 11:33:26.881   732   732 E wificond: Failed to get NL80211_RATE_INFO_SNR
06-20 11:33:26.881   732   732 E wificond: Failed to get NL80211_STA_INFO_CNAHLOAD
06-20 11:33:29.895   732   732 E wificond: Failed to get NL80211_RATE_INFO_NOISE
06-20 11:33:29.895   732   732 E wificond: Failed to get NL80211_RATE_INFO_SNR
06-20 11:33:29.895   732   732 E wificond: Failed to get NL80211_STA_INFO_CNAHLOAD
06-20 11:33:31.354  1157  1168 I chatty  : uid=1000(system) Binder:1157_2 expire 3 lines
06-20 11:33:31.359  1157 14597 I chatty  : uid=1000(system) Binder:1157_1F expire 13 lines
06-20 11:33:31.649  1157  1345 I chatty  : uid=1000(system) WifiScanningSer expire 1 line
06-20 11:33:31.684  1157  6380 I chatty  : uid=1000 system_server expire 6 lines
06-20 11:33:31.688  1157  1608 I chatty  : uid=1000(system) LocationThread expire 2 lines
06-20 11:33:32.164   485   848 W SocketListener: sending broadcast to Pid = 1157, Uid = 1000 
06-20 11:33:32.173  1157  1180 I chatty  : uid=1000(system) android.fg expire 4 lines
06-20 11:33:32.908   732   732 E wificond: Failed to get NL80211_RATE_INFO_NOISE
06-20 11:33:32.908   732   732 E wificond: Failed to get NL80211_RATE_INFO_SNR
06-20 11:33:32.908   732   732 E wificond: Failed to get NL80211_STA_INFO_CNAHLOAD
06-20 11:33:34.650   732   732 E wificond: Failed to get NL80211_RATE_INFO_NOISE
06-20 11:33:34.650   732   732 E wificond: Failed to get NL80211_RATE_INFO_SNR
06-20 11:33:34.650   732   732 E wificond: Failed to get NL80211_STA_INFO_CNAHLOAD
06-20 11:33:34.655   732   732 E wificond: Failed to get NL80211_RATE_INFO_NOISE
06-20 11:33:34.655   732   732 E wificond: Failed to get NL80211_RATE_INFO_SNR
06-20 11:33:34.655   732   732 E wificond: Failed to get NL80211_STA_INFO_CNAHLOAD
06-20 11:33:35.930   732   732 E wificond: Failed to get NL80211_RATE_INFO_NOISE
06-20 11:33:35.931   732   732 E wificond: Failed to get NL80211_RATE_INFO_SNR
06-20 11:33:35.931   732   732 E wificond: Failed to get NL80211_STA_INFO_CNAHLOAD
06-20 11:33:36.419  1157  1340 I chatty  : uid=1000(system) IpManager.wlan0 expire 1 line
06-20 11:33:36.423  1157  1347 I chatty  : uid=1000(system) WifiP2pService expire 6 lines
06-20 11:33:36.429  1157 18690 I chatty  : uid=1000(system) DhcpClient expire 4 lines
06-20 11:33:36.459   732   732 E wificond: Failed to get NL80211_RATE_INFO_NOISE
06-20 11:33:36.459   732   732 E wificond: Failed to get NL80211_RATE_INFO_SNR
06-20 11:33:36.459   732   732 E wificond: Failed to get NL80211_STA_INFO_CNAHLOAD
06-20 11:33:36.483 19560 19560 W ContextImpl: Calling a method in the system process without a qualified user: android.app.ContextImpl.startService:1656 android.content.ContextWrapper.startService:644 android.content.ContextWrapper.startService:644 com.android.settings.wifi.AccessPointConnectedReceiver.onReceive:28 android.app.ActivityThread.handleReceiver:3695 
06-20 11:33:38.943   732   732 E wificond: Failed to get NL80211_RATE_INFO_NOISE
06-20 11:33:38.943   732   732 E wificond: Failed to get NL80211_RATE_INFO_SNR
06-20 11:33:38.943   732   732 E wificond: Failed to get NL80211_STA_INFO_CNAHLOAD
06-20 11:33:41.953   732   732 E wificond: Failed to get NL80211_RATE_INFO_NOISE
06-20 11:33:41.953   732   732 E wificond: Failed to get NL80211_RATE_INFO_SNR
06-20 11:33:41.953   732   732 E wificond: Failed to get NL80211_STA_INFO_CNAHLOAD
06-20 11:33:42.385  1157 14597 I chatty  : uid=1000(system) Binder:1157_1F expire 10 lines
06-20 11:33:42.652   732   732 E wificond: Failed to get NL80211_RATE_INFO_NOISE
06-20 11:33:42.652   732   732 E wificond: Failed to get NL80211_RATE_INFO_SNR
06-20 11:33:42.652   732   732 E wificond: Failed to get NL80211_STA_INFO_CNAHLOAD
06-20 11:33:42.655   732   732 E wificond: Failed to get NL80211_RATE_INFO_NOISE
06-20 11:33:42.655   732   732 E wificond: Failed to get NL80211_RATE_INFO_SNR
06-20 11:33:42.655   732   732 E wificond: Failed to get NL80211_STA_INFO_CNAHLOAD
06-20 11:33:44.963   732   732 E wificond: Failed to get NL80211_RATE_INFO_NOISE
06-20 11:33:44.964   732   732 E wificond: Failed to get NL80211_RATE_INFO_SNR
06-20 11:33:44.964   732   732 E wificond: Failed to get NL80211_STA_INFO_CNAHLOAD
06-20 11:33:46.401  1157  1706 I chatty  : uid=1000(system) Binder:1157_A expire 2 lines
06-20 11:33:47.976   732   732 E wificond: Failed to get NL80211_RATE_INFO_NOISE
06-20 11:33:47.976   732   732 E wificond: Failed to get NL80211_RATE_INFO_SNR
06-20 11:33:47.976   732   732 E wificond: Failed to get NL80211_STA_INFO_CNAHLOAD
06-20 11:33:50.662   732   732 E wificond: Failed to get NL80211_RATE_INFO_NOISE
06-20 11:33:50.662   732   732 E wificond: Failed to get NL80211_RATE_INFO_SNR
06-20 11:33:50.662   732   732 E wificond: Failed to get NL80211_STA_INFO_CNAHLOAD
06-20 11:33:50.665   732   732 E wificond: Failed to get NL80211_RATE_INFO_NOISE
06-20 11:33:50.665   732   732 E wificond: Failed to get NL80211_RATE_INFO_SNR
06-20 11:33:50.665   732   732 E wificond: Failed to get NL80211_STA_INFO_CNAHLOAD
06-20 11:33:50.985   732   732 E wificond: Failed to get NL80211_RATE_INFO_NOISE
06-20 11:33:50.985   732   732 E wificond: Failed to get NL80211_RATE_INFO_SNR
06-20 11:33:50.985   732   732 E wificond: Failed to get NL80211_STA_INFO_CNAHLOAD
06-20 11:33:53.998   732   732 E wificond: Failed to get NL80211_RATE_INFO_NOISE
06-20 11:33:53.998   732   732 E wificond: Failed to get NL80211_RATE_INFO_SNR
06-20 11:33:53.998   732   732 E wificond: Failed to get NL80211_STA_INFO_CNAHLOAD
06-20 11:33:57.012   732   732 E wificond: Failed to get NL80211_RATE_INFO_NOISE
06-20 11:33:57.012   732   732 E wificond: Failed to get NL80211_RATE_INFO_SNR
06-20 11:33:57.012   732   732 E wificond: Failed to get NL80211_STA_INFO_CNAHLOAD
06-20 11:33:58.672   732   732 E wificond: Failed to get NL80211_RATE_INFO_NOISE
06-20 11:33:58.672   732   732 E wificond: Failed to get NL80211_RATE_INFO_SNR
06-20 11:33:58.672   732   732 E wificond: Failed to get NL80211_STA_INFO_CNAHLOAD
06-20 11:33:58.676   732   732 E wificond: Failed to get NL80211_RATE_INFO_NOISE
06-20 11:33:58.676   732   732 E wificond: Failed to get NL80211_RATE_INFO_SNR
06-20 11:33:58.676   732   732 E wificond: Failed to get NL80211_STA_INFO_CNAHLOAD
06-20 11:34:00.023   732   732 E wificond: Failed to get NL80211_RATE_INFO_NOISE
06-20 11:34:00.023   732   732 E wificond: Failed to get NL80211_RATE_INFO_SNR
06-20 11:34:00.023   732   732 E wificond: Failed to get NL80211_STA_INFO_CNAHLOAD
06-20 11:34:00.076  1157 13315 I chatty  : uid=1000(system) Binder:1157_1D expire 9 lines
06-20 11:34:03.035   732   732 E wificond: Failed to get NL80211_RATE_INFO_NOISE
06-20 11:34:03.035   732   732 E wificond: Failed to get NL80211_RATE_INFO_SNR
06-20 11:34:03.035   732   732 E wificond: Failed to get NL80211_STA_INFO_CNAHLOAD
06-20 11:34:06.051   732   732 E wificond: Failed to get NL80211_RATE_INFO_NOISE
06-20 11:34:06.051   732   732 E wificond: Failed to get NL80211_RATE_INFO_SNR
06-20 11:34:06.051   732   732 E wificond: Failed to get NL80211_STA_INFO_CNAHLOAD
06-20 11:34:06.669   732   732 E wificond: Failed to get NL80211_RATE_INFO_NOISE
06-20 11:34:06.670   732   732 E wificond: Failed to get NL80211_RATE_INFO_SNR
06-20 11:34:06.670   732   732 E wificond: Failed to get NL80211_STA_INFO_CNAHLOAD
06-20 11:34:06.672   732   732 E wificond: Failed to get NL80211_RATE_INFO_NOISE
06-20 11:34:06.672   732   732 E wificond: Failed to get NL80211_RATE_INFO_SNR
06-20 11:34:06.672   732   732 E wificond: Failed to get NL80211_STA_INFO_CNAHLOAD
06-20 11:34:08.524  1157 14597 I chatty  : uid=1000(system) Binder:1157_1F expire 7 lines
06-20 11:34:09.064   732   732 E wificond: Failed to get NL80211_RATE_INFO_NOISE
06-20 11:34:09.064   732   732 E wificond: Failed to get NL80211_RATE_INFO_SNR
06-20 11:34:09.064   732   732 E wificond: Failed to get NL80211_STA_INFO_CNAHLOAD
06-20 11:34:12.078   732   732 E wificond: Failed to get NL80211_RATE_INFO_NOISE
06-20 11:34:12.078   732   732 E wificond: Failed to get NL80211_RATE_INFO_SNR
06-20 11:34:12.078   732   732 E wificond: Failed to get NL80211_STA_INFO_CNAHLOAD
06-20 11:34:14.682   732   732 E wificond: Failed to get NL80211_RATE_INFO_NOISE
06-20 11:34:14.682   732   732 E wificond: Failed to get NL80211_RATE_INFO_SNR
06-20 11:34:14.682   732   732 E wificond: Failed to get NL80211_STA_INFO_CNAHLOAD
06-20 11:34:14.686   732   732 E wificond: Failed to get NL80211_RATE_INFO_NOISE
06-20 11:34:14.686   732   732 E wificond: Failed to get NL80211_RATE_INFO_SNR
06-20 11:34:14.686   732   732 E wificond: Failed to get NL80211_STA_INFO_CNAHLOAD
06-20 11:34:15.086   732   732 E wificond: Failed to get NL80211_RATE_INFO_NOISE
06-20 11:34:15.087   732   732 E wificond: Failed to get NL80211_RATE_INFO_SNR
06-20 11:34:15.087   732   732 E wificond: Failed to get NL80211_STA_INFO_CNAHLOAD
06-20 11:34:18.101   732   732 E wificond: Failed to get NL80211_RATE_INFO_NOISE
06-20 11:34:18.101   732   732 E wificond: Failed to get NL80211_RATE_INFO_SNR
06-20 11:34:18.101   732   732 E wificond: Failed to get NL80211_STA_INFO_CNAHLOAD
06-20 11:34:21.114   732   732 E wificond: Failed to get NL80211_RATE_INFO_NOISE
06-20 11:34:21.114   732   732 E wificond: Failed to get NL80211_RATE_INFO_SNR
06-20 11:34:21.114   732   732 E wificond: Failed to get NL80211_STA_INFO_CNAHLOAD
06-20 11:34:22.689   732   732 E wificond: Failed to get NL80211_RATE_INFO_NOISE
06-20 11:34:22.690   732   732 E wificond: Failed to get NL80211_RATE_INFO_SNR
