06-20 11:40:29.058   732   732 E wificond: Failed to get NL80211_STA_INFO_CNAHLOAD
06-20 11:40:32.070   732   732 E wificond: Failed to get NL80211_RATE_INFO_NOISE
06-20 11:40:32.071   732   732 E wificond: Failed to get NL80211_RATE_INFO_SNR
06-20 11:40:32.071   732   732 E wificond: Failed to get NL80211_STA_INFO_CNAHLOAD
06-20 11:40:33.819   732   732 E wificond: Failed to get NL80211_RATE_INFO_NOISE
06-20 11:40:33.820   732   732 E wificond: Failed to get NL80211_RATE_INFO_SNR
06-20 11:40:33.820   732   732 E wificond: Failed to get NL80211_STA_INFO_CNAHLOAD
06-20 11:40:33.823   732   732 E wificond: Failed to get NL80211_RATE_INFO_NOISE
06-20 11:40:33.824   732   732 E wificond: Failed to get NL80211_RATE_INFO_SNR
06-20 11:40:33.824   732   732 E wificond: Failed to get NL80211_STA_INFO_CNAHLOAD
06-20 11:40:35.081   732   732 E wificond: Failed to get NL80211_RATE_INFO_NOISE
06-20 11:40:35.081   732   732 E wificond: Failed to get NL80211_RATE_INFO_SNR
06-20 11:40:35.081   732   732 E wificond: Failed to get NL80211_STA_INFO_CNAHLOAD
06-20 11:40:38.094   732   732 E wificond: Failed to get NL80211_RATE_INFO_NOISE
06-20 11:40:38.094   732   732 E wificond: Failed to get NL80211_RATE_INFO_SNR
06-20 11:40:38.094   732   732 E wificond: Failed to get NL80211_STA_INFO_CNAHLOAD
06-20 11:40:41.107   732   732 E wificond: Failed to get NL80211_RATE_INFO_NOISE
06-20 11:40:41.108   732   732 E wificond: Failed to get NL80211_RATE_INFO_SNR
06-20 11:40:41.108   732   732 E wificond: Failed to get NL80211_STA_INFO_CNAHLOAD
06-20 11:40:41.818   732   732 E wificond: Failed to get NL80211_RATE_INFO_NOISE
06-20 11:40:41.818   732   732 E wificond: Failed to get NL80211_RATE_INFO_SNR
06-20 11:40:41.819   732   732 E wificond: Failed to get NL80211_STA_INFO_CNAHLOAD
06-20 11:40:41.822   732   732 E wificond: Failed to get NL80211_RATE_INFO_NOISE
06-20 11:40:41.822   732   732 E wificond: Failed to get NL80211_RATE_INFO_SNR
06-20 11:40:41.822   732   732 E wificond: Failed to get NL80211_STA_INFO_CNAHLOAD
06-20 11:40:44.122   732   732 E wificond: Failed to get NL80211_RATE_INFO_NOISE
06-20 11:40:44.122   732   732 E wificond: Failed to get NL80211_RATE_INFO_SNR
06-20 11:40:44.122   732   732 E wificond: Failed to get NL80211_STA_INFO_CNAHLOAD
06-20 11:40:47.136   732   732 E wificond: Failed to get NL80211_RATE_INFO_NOISE
06-20 11:40:47.136   732   732 E wificond: Failed to get NL80211_RATE_INFO_SNR
06-20 11:40:47.136   732   732 E wificond: Failed to get NL80211_STA_INFO_CNAHLOAD
06-20 11:40:49.829   732   732 E wificond: Failed to get NL80211_RATE_INFO_NOISE
06-20 11:40:49.829   732   732 E wificond: Failed to get NL80211_RATE_INFO_SNR
06-20 11:40:49.829   732   732 E wificond: Failed to get NL80211_STA_INFO_CNAHLOAD
06-20 11:40:49.833   732   732 E wificond: Failed to get NL80211_RATE_INFO_NOISE
06-20 11:40:49.833   732   732 E wificond: Failed to get NL80211_RATE_INFO_SNR
06-20 11:40:49.833   732   732 E wificond: Failed to get NL80211_STA_INFO_CNAHLOAD
06-20 11:40:50.145   732   732 E wificond: Failed to get NL80211_RATE_INFO_NOISE
06-20 11:40:50.145   732   732 E wificond: Failed to get NL80211_RATE_INFO_SNR
06-20 11:40:50.145   732   732 E wificond: Failed to get NL80211_STA_INFO_CNAHLOAD
06-20 11:40:53.158   732   732 E wificond: Failed to get NL80211_RATE_INFO_NOISE
06-20 11:40:53.158   732   732 E wificond: Failed to get NL80211_RATE_INFO_SNR
06-20 11:40:53.158   732   732 E wificond: Failed to get NL80211_STA_INFO_CNAHLOAD
06-20 11:40:56.172   732   732 E wificond: Failed to get NL80211_RATE_INFO_NOISE
06-20 11:40:56.172   732   732 E wificond: Failed to get NL80211_RATE_INFO_SNR
06-20 11:40:56.172   732   732 E wificond: Failed to get NL80211_STA_INFO_CNAHLOAD
06-20 11:40:57.838   732   732 E wificond: Failed to get NL80211_RATE_INFO_NOISE
06-20 11:40:57.838   732   732 E wificond: Failed to get NL80211_RATE_INFO_SNR
06-20 11:40:57.838   732   732 E wificond: Failed to get NL80211_STA_INFO_CNAHLOAD
06-20 11:40:57.842   732   732 E wificond: Failed to get NL80211_RATE_INFO_NOISE
06-20 11:40:57.842   732   732 E wificond: Failed to get NL80211_RATE_INFO_SNR
06-20 11:40:57.842   732   732 E wificond: Failed to get NL80211_STA_INFO_CNAHLOAD
06-20 11:40:59.183   732   732 E wificond: Failed to get NL80211_RATE_INFO_NOISE
06-20 11:40:59.183   732   732 E wificond: Failed to get NL80211_RATE_INFO_SNR
06-20 11:40:59.183   732   732 E wificond: Failed to get NL80211_STA_INFO_CNAHLOAD
06-20 11:41:00.088  1157  1706 I chatty  : uid=1000(system) Binder:1157_A expire 15 lines
06-20 11:41:02.196   732   732 E wificond: Failed to get NL80211_RATE_INFO_NOISE
06-20 11:41:02.196   732   732 E wificond: Failed to get NL80211_RATE_INFO_SNR
06-20 11:41:02.196   732   732 E wificond: Failed to get NL80211_STA_INFO_CNAHLOAD
06-20 11:41:05.209   732   732 E wificond: Failed to get NL80211_RATE_INFO_NOISE
06-20 11:41:05.209   732   732 E wificond: Failed to get NL80211_RATE_INFO_SNR
06-20 11:41:05.209   732   732 E wificond: Failed to get NL80211_STA_INFO_CNAHLOAD
06-20 11:41:05.845   732   732 E wificond: Failed to get NL80211_RATE_INFO_NOISE
06-20 11:41:05.845   732   732 E wificond: Failed to get NL80211_RATE_INFO_SNR
06-20 11:41:05.845   732   732 E wificond: Failed to get NL80211_STA_INFO_CNAHLOAD
06-20 11:41:05.849   732   732 E wificond: Failed to get NL80211_RATE_INFO_NOISE
06-20 11:41:05.849   732   732 E wificond: Failed to get NL80211_RATE_INFO_SNR
06-20 11:41:05.849   732   732 E wificond: Failed to get NL80211_STA_INFO_CNAHLOAD
06-20 11:41:08.222   732   732 E wificond: Failed to get NL80211_RATE_INFO_NOISE
06-20 11:41:08.222   732   732 E wificond: Failed to get NL80211_RATE_INFO_SNR
06-20 11:41:08.222   732   732 E wificond: Failed to get NL80211_STA_INFO_CNAHLOAD
06-20 11:41:11.236   732   732 E wificond: Failed to get NL80211_RATE_INFO_NOISE
06-20 11:41:11.236   732   732 E wificond: Failed to get NL80211_RATE_INFO_SNR
06-20 11:41:11.236   732   732 E wificond: Failed to get NL80211_STA_INFO_CNAHLOAD
06-20 11:41:13.855   732   732 E wificond: Failed to get NL80211_RATE_INFO_NOISE
06-20 11:41:13.856   732   732 E wificond: Failed to get NL80211_RATE_INFO_SNR
06-20 11:41:13.856   732   732 E wificond: Failed to get NL80211_STA_INFO_CNAHLOAD
06-20 11:41:13.860   732   732 E wificond: Failed to get NL80211_RATE_INFO_NOISE
06-20 11:41:13.860   732   732 E wificond: Failed to get NL80211_RATE_INFO_SNR
06-20 11:41:13.860   732   732 E wificond: Failed to get NL80211_STA_INFO_CNAHLOAD
06-20 11:41:14.244   732   732 E wificond: Failed to get NL80211_RATE_INFO_NOISE
06-20 11:41:14.244   732   732 E wificond: Failed to get NL80211_RATE_INFO_SNR
06-20 11:41:14.245   732   732 E wificond: Failed to get NL80211_STA_INFO_CNAHLOAD
06-20 11:41:17.259   732   732 E wificond: Failed to get NL80211_RATE_INFO_NOISE
06-20 11:41:17.259   732   732 E wificond: Failed to get NL80211_RATE_INFO_SNR
06-20 11:41:17.259   732   732 E wificond: Failed to get NL80211_STA_INFO_CNAHLOAD
06-20 11:41:20.273   732   732 E wificond: Failed to get NL80211_RATE_INFO_NOISE
06-20 11:41:20.273   732   732 E wificond: Failed to get NL80211_RATE_INFO_SNR
06-20 11:41:20.273   732   732 E wificond: Failed to get NL80211_STA_INFO_CNAHLOAD
06-20 11:41:21.865   732   732 E wificond: Failed to get NL80211_RATE_INFO_NOISE
06-20 11:41:21.865   732   732 E wificond: Failed to get NL80211_RATE_INFO_SNR
06-20 11:41:21.865   732   732 E wificond: Failed to get NL80211_STA_INFO_CNAHLOAD
06-20 11:41:21.869   732   732 E wificond: Failed to get NL80211_RATE_INFO_NOISE
06-20 11:41:21.870   732   732 E wificond: Failed to get NL80211_RATE_INFO_SNR
06-20 11:41:21.870   732   732 E wificond: Failed to get NL80211_STA_INFO_CNAHLOAD
06-20 11:41:23.285   732   732 E wificond: Failed to get NL80211_RATE_INFO_NOISE
06-20 11:41:23.285   732   732 E wificond: Failed to get NL80211_RATE_INFO_SNR
06-20 11:41:23.286   732   732 E wificond: Failed to get NL80211_STA_INFO_CNAHLOAD
06-20 11:41:26.296   732   732 E wificond: Failed to get NL80211_RATE_INFO_NOISE
06-20 11:41:26.296   732   732 E wificond: Failed to get NL80211_RATE_INFO_SNR
06-20 11:41:26.296   732   732 E wificond: Failed to get NL80211_STA_INFO_CNAHLOAD
06-20 11:41:29.309   732   732 E wificond: Failed to get NL80211_RATE_INFO_NOISE
06-20 11:41:29.309   732   732 E wificond: Failed to get NL80211_RATE_INFO_SNR
06-20 11:41:29.309   732   732 E wificond: Failed to get NL80211_STA_INFO_CNAHLOAD
06-20 11:41:29.871   732   732 E wificond: Failed to get NL80211_RATE_INFO_NOISE
06-20 11:41:29.871   732   732 E wificond: Failed to get NL80211_RATE_INFO_SNR
06-20 11:41:29.871   732   732 E wificond: Failed to get NL80211_STA_INFO_CNAHLOAD
06-20 11:41:29.874   732   732 E wificond: Failed to get NL80211_RATE_INFO_NOISE
06-20 11:41:29.875   732   732 E wificond: Failed to get NL80211_RATE_INFO_SNR
06-20 11:41:29.875   732   732 E wificond: Failed to get NL80211_STA_INFO_CNAHLOAD
06-20 11:41:32.322   732   732 E wificond: Failed to get NL80211_RATE_INFO_NOISE
06-20 11:41:32.322   732   732 E wificond: Failed to get NL80211_RATE_INFO_SNR
06-20 11:41:32.322   732   732 E wificond: Failed to get NL80211_STA_INFO_CNAHLOAD
06-20 11:41:35.343   732   732 E wificond: Failed to get NL80211_RATE_INFO_NOISE
06-20 11:41:35.343   732   732 E wificond: Failed to get NL80211_RATE_INFO_SNR
06-20 11:41:35.343   732   732 E wificond: Failed to get NL80211_STA_INFO_CNAHLOAD
06-20 11:41:37.882   732   732 E wificond: Failed to get NL80211_RATE_INFO_NOISE
06-20 11:41:37.882   732   732 E wificond: Failed to get NL80211_RATE_INFO_SNR
06-20 11:41:37.882   732   732 E wificond: Failed to get NL80211_STA_INFO_CNAHLOAD
06-20 11:41:37.886   732   732 E wificond: Failed to get NL80211_RATE_INFO_NOISE
06-20 11:41:37.886   732   732 E wificond: Failed to get NL80211_RATE_INFO_SNR
06-20 11:41:37.886   732   732 E wificond: Failed to get NL80211_STA_INFO_CNAHLOAD
06-20 11:41:38.352   732   732 E wificond: Failed to get NL80211_RATE_INFO_NOISE
06-20 11:41:38.352   732   732 E wificond: Failed to get NL80211_RATE_INFO_SNR
06-20 11:41:38.352   732   732 E wificond: Failed to get NL80211_STA_INFO_CNAHLOAD
06-20 11:41:41.365   732   732 E wificond: Failed to get NL80211_RATE_INFO_NOISE
06-20 11:41:41.365   732   732 E wificond: Failed to get NL80211_RATE_INFO_SNR
06-20 11:41:41.365   732   732 E wificond: Failed to get NL80211_STA_INFO_CNAHLOAD
06-20 11:41:44.380   732   732 E wificond: Failed to get NL80211_RATE_INFO_NOISE
06-20 11:41:44.380   732   732 E wificond: Failed to get NL80211_RATE_INFO_SNR
06-20 11:41:44.380   732   732 E wificond: Failed to get NL80211_STA_INFO_CNAHLOAD
06-20 11:41:45.892   732   732 E wificond: Failed to get NL80211_RATE_INFO_NOISE
06-20 11:41:45.892   732   732 E wificond: Failed to get NL80211_RATE_INFO_SNR
06-20 11:41:45.892   732   732 E wificond: Failed to get NL80211_STA_INFO_CNAHLOAD
06-20 11:41:45.896   732   732 E wificond: Failed to get NL80211_RATE_INFO_NOISE
06-20 11:41:45.896   732   732 E wificond: Failed to get NL80211_RATE_INFO_SNR
06-20 11:41:45.896   732   732 E wificond: Failed to get NL80211_STA_INFO_CNAHLOAD
06-20 11:41:47.393   732   732 E wificond: Failed to get NL80211_RATE_INFO_NOISE
06-20 11:41:47.393   732   732 E wificond: Failed to get NL80211_RATE_INFO_SNR
06-20 11:41:47.393   732   732 E wificond: Failed to get NL80211_STA_INFO_CNAHLOAD
06-20 11:41:50.407   732   732 E wificond: Failed to get NL80211_RATE_INFO_NOISE
06-20 11:41:50.407   732   732 E wificond: Failed to get NL80211_RATE_INFO_SNR
06-20 11:41:50.407   732   732 E wificond: Failed to get NL80211_STA_INFO_CNAHLOAD
06-20 11:41:53.424   732   732 E wificond: Failed to get NL80211_RATE_INFO_NOISE
06-20 11:41:53.424   732   732 E wificond: Failed to get NL80211_RATE_INFO_SNR
06-20 11:41:53.424   732   732 E wificond: Failed to get NL80211_STA_INFO_CNAHLOAD
06-20 11:41:53.897   732   732 E wificond: Failed to get NL80211_RATE_INFO_NOISE
06-20 11:41:53.897   732   732 E wificond: Failed to get NL80211_RATE_INFO_SNR
06-20 11:41:53.897   732   732 E wificond: Failed to get NL80211_STA_INFO_CNAHLOAD
06-20 11:41:53.901   732   732 E wificond: Failed to get NL80211_RATE_INFO_NOISE
06-20 11:41:53.901   732   732 E wificond: Failed to get NL80211_RATE_INFO_SNR
06-20 11:41:53.901   732   732 E wificond: Failed to get NL80211_STA_INFO_CNAHLOAD
06-20 11:41:56.437   732   732 E wificond: Failed to get NL80211_RATE_INFO_NOISE
06-20 11:41:56.437   732   732 E wificond: Failed to get NL80211_RATE_INFO_SNR
06-20 11:41:56.437   732   732 E wificond: Failed to get NL80211_STA_INFO_CNAHLOAD
06-20 11:41:59.449   732   732 E wificond: Failed to get NL80211_RATE_INFO_NOISE
06-20 11:41:59.449   732   732 E wificond: Failed to get NL80211_RATE_INFO_SNR
06-20 11:41:59.449   732   732 E wificond: Failed to get NL80211_STA_INFO_CNAHLOAD
06-20 11:42:00.005  1157  1157 I chatty  : uid=1000 system_server expire 14 lines
06-20 11:42:01.905   732   732 E wificond: Failed to get NL80211_RATE_INFO_NOISE
06-20 11:42:01.905   732   732 E wificond: Failed to get NL80211_RATE_INFO_SNR
06-20 11:42:01.905   732   732 E wificond: Failed to get NL80211_STA_INFO_CNAHLOAD
06-20 11:42:01.909   732   732 E wificond: Failed to get NL80211_RATE_INFO_NOISE
06-20 11:42:01.909   732   732 E wificond: Failed to get NL80211_RATE_INFO_SNR
06-20 11:42:01.909   732   732 E wificond: Failed to get NL80211_STA_INFO_CNAHLOAD
06-20 11:42:02.457   732   732 E wificond: Failed to get NL80211_RATE_INFO_NOISE
06-20 11:42:02.457   732   732 E wificond: Failed to get NL80211_RATE_INFO_SNR
06-20 11:42:02.457   732   732 E wificond: Failed to get NL80211_STA_INFO_CNAHLOAD
06-20 11:42:05.470   732   732 E wificond: Failed to get NL80211_RATE_INFO_NOISE
06-20 11:42:05.470   732   732 E wificond: Failed to get NL80211_RATE_INFO_SNR
06-20 11:42:05.470   732   732 E wificond: Failed to get NL80211_STA_INFO_CNAHLOAD
06-20 11:42:08.486   732   732 E wificond: Failed to get NL80211_RATE_INFO_NOISE
06-20 11:42:08.486   732   732 E wificond: Failed to get NL80211_RATE_INFO_SNR
06-20 11:42:08.486   732   732 E wificond: Failed to get NL80211_STA_INFO_CNAHLOAD
06-20 11:42:09.911   732   732 E wificond: Failed to get NL80211_RATE_INFO_NOISE
06-20 11:42:09.911   732   732 E wificond: Failed to get NL80211_RATE_INFO_SNR
06-20 11:42:09.911   732   732 E wificond: Failed to get NL80211_STA_INFO_CNAHLOAD
06-20 11:42:09.915   732   732 E wificond: Failed to get NL80211_RATE_INFO_NOISE
06-20 11:42:09.915   732   732 E wificond: Failed to get NL80211_RATE_INFO_SNR
06-20 11:42:09.915   732   732 E wificond: Failed to get NL80211_STA_INFO_CNAHLOAD
06-20 11:42:11.499   732   732 E wificond: Failed to get NL80211_RATE_INFO_NOISE
06-20 11:42:11.499   732   732 E wificond: Failed to get NL80211_RATE_INFO_SNR
06-20 11:42:11.499   732   732 E wificond: Failed to get NL80211_STA_INFO_CNAHLOAD
06-20 11:42:14.512   732   732 E wificond: Failed to get NL80211_RATE_INFO_NOISE
06-20 11:42:14.512   732   732 E wificond: Failed to get NL80211_RATE_INFO_SNR
06-20 11:42:14.513   732   732 E wificond: Failed to get NL80211_STA_INFO_CNAHLOAD
06-20 11:42:17.526   732   732 E wificond: Failed to get NL80211_RATE_INFO_NOISE
06-20 11:42:17.526   732   732 E wificond: Failed to get NL80211_RATE_INFO_SNR
06-20 11:42:17.527   732   732 E wificond: Failed to get NL80211_STA_INFO_CNAHLOAD
06-20 11:42:17.916   732   732 E wificond: Failed to get NL80211_RATE_INFO_NOISE
06-20 11:42:17.916   732   732 E wificond: Failed to get NL80211_RATE_INFO_SNR
06-20 11:42:17.916   732   732 E wificond: Failed to get NL80211_STA_INFO_CNAHLOAD
06-20 11:42:17.920   732   732 E wificond: Failed to get NL80211_RATE_INFO_NOISE
06-20 11:42:17.920   732   732 E wificond: Failed to get NL80211_RATE_INFO_SNR
06-20 11:42:17.920   732   732 E wificond: Failed to get NL80211_STA_INFO_CNAHLOAD
06-20 11:42:20.540   732   732 E wificond: Failed to get NL80211_RATE_INFO_NOISE
06-20 11:42:20.540   732   732 E wificond: Failed to get NL80211_RATE_INFO_SNR
06-20 11:42:20.540   732   732 E wificond: Failed to get NL80211_STA_INFO_CNAHLOAD
06-20 11:42:23.555   732   732 E wificond: Failed to get NL80211_RATE_INFO_NOISE
06-20 11:42:23.555   732   732 E wificond: Failed to get NL80211_RATE_INFO_SNR
06-20 11:42:23.555   732   732 E wificond: Failed to get NL80211_STA_INFO_CNAHLOAD
06-20 11:42:25.929   732   732 E wificond: Failed to get NL80211_RATE_INFO_NOISE
06-20 11:42:25.930   732   732 E wificond: Failed to get NL80211_RATE_INFO_SNR
06-20 11:42:25.930   732   732 E wificond: Failed to get NL80211_STA_INFO_CNAHLOAD
06-20 11:42:25.934   732   732 E wificond: Failed to get NL80211_RATE_INFO_NOISE
06-20 11:42:25.934   732   732 E wificond: Failed to get NL80211_RATE_INFO_SNR
06-20 11:42:25.934   732   732 E wificond: Failed to get NL80211_STA_INFO_CNAHLOAD
06-20 11:42:26.563   732   732 E wificond: Failed to get NL80211_RATE_INFO_NOISE
06-20 11:42:26.563   732   732 E wificond: Failed to get NL80211_RATE_INFO_SNR
06-20 11:42:26.563   732   732 E wificond: Failed to get NL80211_STA_INFO_CNAHLOAD
06-20 11:42:29.576   732   732 E wificond: Failed to get NL80211_RATE_INFO_NOISE
06-20 11:42:29.576   732   732 E wificond: Failed to get NL80211_RATE_INFO_SNR
06-20 11:42:29.576   732   732 E wificond: Failed to get NL80211_STA_INFO_CNAHLOAD
06-20 11:42:32.590   732   732 E wificond: Failed to get NL80211_RATE_INFO_NOISE
06-20 11:42:32.590   732   732 E wificond: Failed to get NL80211_RATE_INFO_SNR
06-20 11:42:32.590   732   732 E wificond: Failed to get NL80211_STA_INFO_CNAHLOAD
06-20 11:42:33.931   732   732 E wificond: Failed to get NL80211_RATE_INFO_NOISE
06-20 11:42:33.931   732   732 E wificond: Failed to get NL80211_RATE_INFO_SNR
06-20 11:42:33.931   732   732 E wificond: Failed to get NL80211_STA_INFO_CNAHLOAD
06-20 11:42:33.935   732   732 E wificond: Failed to get NL80211_RATE_INFO_NOISE
06-20 11:42:33.935   732   732 E wificond: Failed to get NL80211_RATE_INFO_SNR
06-20 11:42:33.935   732   732 E wificond: Failed to get NL80211_STA_INFO_CNAHLOAD
06-20 11:42:35.602   732   732 E wificond: Failed to get NL80211_RATE_INFO_NOISE
06-20 11:42:35.603   732   732 E wificond: Failed to get NL80211_RATE_INFO_SNR
06-20 11:42:35.603   732   732 E wificond: Failed to get NL80211_STA_INFO_CNAHLOAD
06-20 11:42:38.617   732   732 E wificond: Failed to get NL80211_RATE_INFO_NOISE
06-20 11:42:38.618   732   732 E wificond: Failed to get NL80211_RATE_INFO_SNR
06-20 11:42:38.618   732   732 E wificond: Failed to get NL80211_STA_INFO_CNAHLOAD
06-20 11:42:41.631   732   732 E wificond: Failed to get NL80211_RATE_INFO_NOISE
06-20 11:42:41.631   732   732 E wificond: Failed to get NL80211_RATE_INFO_SNR
06-20 11:42:41.631   732   732 E wificond: Failed to get NL80211_STA_INFO_CNAHLOAD
06-20 11:42:41.937   732   732 E wificond: Failed to get NL80211_RATE_INFO_NOISE
06-20 11:42:41.937   732   732 E wificond: Failed to get NL80211_RATE_INFO_SNR
06-20 11:42:41.937   732   732 E wificond: Failed to get NL80211_STA_INFO_CNAHLOAD
06-20 11:42:41.941   732   732 E wificond: Failed to get NL80211_RATE_INFO_NOISE
06-20 11:42:41.941   732   732 E wificond: Failed to get NL80211_RATE_INFO_SNR
06-20 11:42:41.941   732   732 E wificond: Failed to get NL80211_STA_INFO_CNAHLOAD
06-20 11:42:44.644   732   732 E wificond: Failed to get NL80211_RATE_INFO_NOISE
06-20 11:42:44.644   732   732 E wificond: Failed to get NL80211_RATE_INFO_SNR
06-20 11:42:44.644   732   732 E wificond: Failed to get NL80211_STA_INFO_CNAHLOAD
06-20 11:42:47.657   732   732 E wificond: Failed to get NL80211_RATE_INFO_NOISE
06-20 11:42:47.658   732   732 E wificond: Failed to get NL80211_RATE_INFO_SNR
06-20 11:42:47.658   732   732 E wificond: Failed to get NL80211_STA_INFO_CNAHLOAD
06-20 11:42:49.949   732   732 E wificond: Failed to get NL80211_RATE_INFO_NOISE
06-20 11:42:49.949   732   732 E wificond: Failed to get NL80211_RATE_INFO_SNR
06-20 11:42:49.949   732   732 E wificond: Failed to get NL80211_STA_INFO_CNAHLOAD
06-20 11:42:49.953   732   732 E wificond: Failed to get NL80211_RATE_INFO_NOISE
06-20 11:42:49.953   732   732 E wificond: Failed to get NL80211_RATE_INFO_SNR
06-20 11:42:49.953   732   732 E wificond: Failed to get NL80211_STA_INFO_CNAHLOAD
06-20 11:42:50.666   732   732 E wificond: Failed to get NL80211_RATE_INFO_NOISE
06-20 11:42:50.666   732   732 E wificond: Failed to get NL80211_RATE_INFO_SNR
06-20 11:42:50.666   732   732 E wificond: Failed to get NL80211_STA_INFO_CNAHLOAD
06-20 11:42:53.680   732   732 E wificond: Failed to get NL80211_RATE_INFO_NOISE
06-20 11:42:53.680   732   732 E wificond: Failed to get NL80211_RATE_INFO_SNR
06-20 11:42:53.680   732   732 E wificond: Failed to get NL80211_STA_INFO_CNAHLOAD
06-20 11:42:56.692   732   732 E wificond: Failed to get NL80211_RATE_INFO_NOISE
06-20 11:42:56.692   732   732 E wificond: Failed to get NL80211_RATE_INFO_SNR
06-20 11:42:56.692   732   732 E wificond: Failed to get NL80211_STA_INFO_CNAHLOAD
06-20 11:42:57.958   732   732 E wificond: Failed to get NL80211_RATE_INFO_NOISE
06-20 11:42:57.958   732   732 E wificond: Failed to get NL80211_RATE_INFO_SNR
06-20 11:42:57.958   732   732 E wificond: Failed to get NL80211_STA_INFO_CNAHLOAD
06-20 11:42:57.963   732   732 E wificond: Failed to get NL80211_RATE_INFO_NOISE
06-20 11:42:57.963   732   732 E wificond: Failed to get NL80211_RATE_INFO_SNR
06-20 11:42:57.963   732   732 E wificond: Failed to get NL80211_STA_INFO_CNAHLOAD
06-20 11:42:59.703   732   732 E wificond: Failed to get NL80211_RATE_INFO_NOISE
06-20 11:42:59.703   732   732 E wificond: Failed to get NL80211_RATE_INFO_SNR
06-20 11:42:59.703   732   732 E wificond: Failed to get NL80211_STA_INFO_CNAHLOAD
06-20 11:43:00.071  1157 13315 I chatty  : uid=1000(system) Binder:1157_1D expire 4 lines
06-20 11:43:02.716   732   732 E wificond: Failed to get NL80211_RATE_INFO_NOISE
06-20 11:43:02.716   732   732 E wificond: Failed to get NL80211_RATE_INFO_SNR
06-20 11:43:02.716   732   732 E wificond: Failed to get NL80211_STA_INFO_CNAHLOAD
06-20 11:43:05.732   732   732 E wificond: Failed to get NL80211_RATE_INFO_NOISE
06-20 11:43:05.732   732   732 E wificond: Failed to get NL80211_RATE_INFO_SNR
06-20 11:43:05.732   732   732 E wificond: Failed to get NL80211_STA_INFO_CNAHLOAD
06-20 11:43:05.958   732   732 E wificond: Failed to get NL80211_RATE_INFO_NOISE
06-20 11:43:05.958   732   732 E wificond: Failed to get NL80211_RATE_INFO_SNR
06-20 11:43:05.958   732   732 E wificond: Failed to get NL80211_STA_INFO_CNAHLOAD
06-20 11:43:05.962   732   732 E wificond: Failed to get NL80211_RATE_INFO_NOISE
06-20 11:43:05.962   732   732 E wificond: Failed to get NL80211_RATE_INFO_SNR
06-20 11:43:05.962   732   732 E wificond: Failed to get NL80211_STA_INFO_CNAHLOAD
06-20 11:43:08.744   732   732 E wificond: Failed to get NL80211_RATE_INFO_NOISE
06-20 11:43:08.744   732   732 E wificond: Failed to get NL80211_RATE_INFO_SNR
06-20 11:43:08.744   732   732 E wificond: Failed to get NL80211_STA_INFO_CNAHLOAD
06-20 11:43:11.755   732   732 E wificond: Failed to get NL80211_RATE_INFO_NOISE
06-20 11:43:11.755   732   732 E wificond: Failed to get NL80211_RATE_INFO_SNR
06-20 11:43:11.755   732   732 E wificond: Failed to get NL80211_STA_INFO_CNAHLOAD
06-20 11:43:13.970   732   732 E wificond: Failed to get NL80211_RATE_INFO_NOISE
06-20 11:43:13.970   732   732 E wificond: Failed to get NL80211_RATE_INFO_SNR
06-20 11:43:13.970   732   732 E wificond: Failed to get NL80211_STA_INFO_CNAHLOAD
06-20 11:43:13.974   732   732 E wificond: Failed to get NL80211_RATE_INFO_NOISE
06-20 11:43:13.974   732   732 E wificond: Failed to get NL80211_RATE_INFO_SNR
06-20 11:43:13.974   732   732 E wificond: Failed to get NL80211_STA_INFO_CNAHLOAD
06-20 11:43:14.768   732   732 E wificond: Failed to get NL80211_RATE_INFO_NOISE
06-20 11:43:14.768   732   732 E wificond: Failed to get NL80211_RATE_INFO_SNR
06-20 11:43:14.768   732   732 E wificond: Failed to get NL80211_STA_INFO_CNAHLOAD
06-20 11:43:17.782   732   732 E wificond: Failed to get NL80211_RATE_INFO_NOISE
06-20 11:43:17.782   732   732 E wificond: Failed to get NL80211_RATE_INFO_SNR
06-20 11:43:17.782   732   732 E wificond: Failed to get NL80211_STA_INFO_CNAHLOAD
06-20 11:43:20.794   732   732 E wificond: Failed to get NL80211_RATE_INFO_NOISE
06-20 11:43:20.794   732   732 E wificond: Failed to get NL80211_RATE_INFO_SNR
06-20 11:43:20.794   732   732 E wificond: Failed to get NL80211_STA_INFO_CNAHLOAD
06-20 11:43:21.978   732   732 E wificond: Failed to get NL80211_RATE_INFO_NOISE
06-20 11:43:21.978   732   732 E wificond: Failed to get NL80211_RATE_INFO_SNR
06-20 11:43:21.979   732   732 E wificond: Failed to get NL80211_STA_INFO_CNAHLOAD
06-20 11:43:21.982   732   732 E wificond: Failed to get NL80211_RATE_INFO_NOISE
06-20 11:43:21.982   732   732 E wificond: Failed to get NL80211_RATE_INFO_SNR
06-20 11:43:21.982   732   732 E wificond: Failed to get NL80211_STA_INFO_CNAHLOAD
06-20 11:43:23.806   732   732 E wificond: Failed to get NL80211_RATE_INFO_NOISE
06-20 11:43:23.807   732   732 E wificond: Failed to get NL80211_RATE_INFO_SNR
06-20 11:43:23.807   732   732 E wificond: Failed to get NL80211_STA_INFO_CNAHLOAD
06-20 11:43:26.820   732   732 E wificond: Failed to get NL80211_RATE_INFO_NOISE
06-20 11:43:26.820   732   732 E wificond: Failed to get NL80211_RATE_INFO_SNR
06-20 11:43:26.820   732   732 E wificond: Failed to get NL80211_STA_INFO_CNAHLOAD
06-20 11:43:29.834   732   732 E wificond: Failed to get NL80211_RATE_INFO_NOISE
06-20 11:43:29.834   732   732 E wificond: Failed to get NL80211_RATE_INFO_SNR
06-20 11:43:29.834   732   732 E wificond: Failed to get NL80211_STA_INFO_CNAHLOAD
06-20 11:43:29.980   732   732 E wificond: Failed to get NL80211_RATE_INFO_NOISE
06-20 11:43:29.980   732   732 E wificond: Failed to get NL80211_RATE_INFO_SNR
06-20 11:43:29.980   732   732 E wificond: Failed to get NL80211_STA_INFO_CNAHLOAD
06-20 11:43:29.984   732   732 E wificond: Failed to get NL80211_RATE_INFO_NOISE
06-20 11:43:29.984   732   732 E wificond: Failed to get NL80211_RATE_INFO_SNR
06-20 11:43:29.984   732   732 E wificond: Failed to get NL80211_STA_INFO_CNAHLOAD
06-20 11:43:31.331  1157  1173 I chatty  : uid=1000(system) ActivityManager expire 2 lines
06-20 11:43:31.359  1157  1660 I chatty  : uid=1000(system) Binder:1157_8 expire 19 lines
06-20 11:43:32.846   732   732 E wificond: Failed to get NL80211_RATE_INFO_NOISE
06-20 11:43:32.847   732   732 E wificond: Failed to get NL80211_RATE_INFO_SNR
06-20 11:43:32.847   732   732 E wificond: Failed to get NL80211_STA_INFO_CNAHLOAD
06-20 11:43:35.861   732   732 E wificond: Failed to get NL80211_RATE_INFO_NOISE
06-20 11:43:35.861   732   732 E wificond: Failed to get NL80211_RATE_INFO_SNR
06-20 11:43:35.862   732   732 E wificond: Failed to get NL80211_STA_INFO_CNAHLOAD
06-20 11:43:37.991   732   732 E wificond: Failed to get NL80211_RATE_INFO_NOISE
06-20 11:43:37.991   732   732 E wificond: Failed to get NL80211_RATE_INFO_SNR
06-20 11:43:37.991   732   732 E wificond: Failed to get NL80211_STA_INFO_CNAHLOAD
06-20 11:43:37.995   732   732 E wificond: Failed to get NL80211_RATE_INFO_NOISE
06-20 11:43:37.995   732   732 E wificond: Failed to get NL80211_RATE_INFO_SNR
06-20 11:43:37.996   732   732 E wificond: Failed to get NL80211_STA_INFO_CNAHLOAD
06-20 11:43:38.870   732   732 E wificond: Failed to get NL80211_RATE_INFO_NOISE
06-20 11:43:38.870   732   732 E wificond: Failed to get NL80211_RATE_INFO_SNR
06-20 11:43:38.870   732   732 E wificond: Failed to get NL80211_STA_INFO_CNAHLOAD
06-20 11:43:41.883   732   732 E wificond: Failed to get NL80211_RATE_INFO_NOISE
06-20 11:43:41.884   732   732 E wificond: Failed to get NL80211_RATE_INFO_SNR
06-20 11:43:41.884   732   732 E wificond: Failed to get NL80211_STA_INFO_CNAHLOAD
06-20 11:43:44.897   732   732 E wificond: Failed to get NL80211_RATE_INFO_NOISE
06-20 11:43:44.897   732   732 E wificond: Failed to get NL80211_RATE_INFO_SNR
06-20 11:43:44.897   732   732 E wificond: Failed to get NL80211_STA_INFO_CNAHLOAD
06-20 11:43:46.002   732   732 E wificond: Failed to get NL80211_RATE_INFO_NOISE
06-20 11:43:46.002   732   732 E wificond: Failed to get NL80211_RATE_INFO_SNR
06-20 11:43:46.002   732   732 E wificond: Failed to get NL80211_STA_INFO_CNAHLOAD
06-20 11:43:46.006   732   732 E wificond: Failed to get NL80211_RATE_INFO_NOISE
06-20 11:43:46.006   732   732 E wificond: Failed to get NL80211_RATE_INFO_SNR
06-20 11:43:46.006   732   732 E wificond: Failed to get NL80211_STA_INFO_CNAHLOAD
06-20 11:43:47.907   732   732 E wificond: Failed to get NL80211_RATE_INFO_NOISE
06-20 11:43:47.907   732   732 E wificond: Failed to get NL80211_RATE_INFO_SNR
06-20 11:43:47.907   732   732 E wificond: Failed to get NL80211_STA_INFO_CNAHLOAD
06-20 11:43:50.917   732   732 E wificond: Failed to get NL80211_RATE_INFO_NOISE
06-20 11:43:50.918   732   732 E wificond: Failed to get NL80211_RATE_INFO_SNR
06-20 11:43:50.918   732   732 E wificond: Failed to get NL80211_STA_INFO_CNAHLOAD
06-20 11:43:52.445  1157  1706 I chatty  : uid=1000(system) Binder:1157_A expire 9 lines
06-20 11:43:53.929   732   732 E wificond: Failed to get NL80211_RATE_INFO_NOISE
06-20 11:43:53.930   732   732 E wificond: Failed to get NL80211_RATE_INFO_SNR
06-20 11:43:53.930   732   732 E wificond: Failed to get NL80211_STA_INFO_CNAHLOAD
06-20 11:43:54.005   732   732 E wificond: Failed to get NL80211_RATE_INFO_NOISE
06-20 11:43:54.005   732   732 E wificond: Failed to get NL80211_RATE_INFO_SNR
06-20 11:43:54.005   732   732 E wificond: Failed to get NL80211_STA_INFO_CNAHLOAD
06-20 11:43:54.009   732   732 E wificond: Failed to get NL80211_RATE_INFO_NOISE
06-20 11:43:54.009   732   732 E wificond: Failed to get NL80211_RATE_INFO_SNR
06-20 11:43:54.009   732   732 E wificond: Failed to get NL80211_STA_INFO_CNAHLOAD
06-20 11:43:54.794  1157  1186 I chatty  : uid=1000(system) PowerManagerSer expire 11 lines
06-20 11:43:54.878  2870  2870 V ActivityThread: Finishing stop of ActivityRecord{50be12d token=android.os.BinderProxy@b1d4db4 {com.huawei.android.launcher/com.huawei.android.launcher.unihome.UniHomeLauncher}}
06-20 11:43:55.097  1157  1418 I chatty  : uid=1000(system) PhotonicModulat expire 2 lines
06-20 11:43:55.097  1157  1182 I chatty  : uid=1000(system) android.display expire 7 lines
06-20 11:43:55.128  1157  1347 I chatty  : uid=1000(system) WifiP2pService expire 10 lines
06-20 11:43:55.136  1157 14597 I chatty  : uid=1000(system) Binder:1157_1F expire 12 lines
06-20 11:43:55.149  1157  1330 I chatty  : uid=1000(system) NetdConnector expire 12 lines
06-20 11:43:55.174  1157  2205 I chatty  : uid=1000(system) HwDeviceUsageCo expire 1 line
06-20 11:43:55.236  2688  6211 W ContextImpl: Calling a method in the system process without a qualified user: android.app.ContextImpl.bindService:1736 android.content.ContextWrapper.bindService:678 com.huawei.nb.dataservice.dsclient.RemoteServiceConnection.open:90 com.huawei.nb.dataservice.dsclient.DataServiceProxy.connect:105 com.huawei.nb.dataservice.rsclient.internal.RemoteRuleService.start:27 
06-20 11:43:55.298  1157  1174 I chatty  : uid=1000(system) android.ui expire 2 lines
06-20 11:44:00.065  1157  1157 I chatty  : uid=1000 system_server expire 10 lines
06-20 11:44:00.139  1157  1660 I chatty  : uid=1000(system) Binder:1157_8 expire 9 lines
06-20 11:44:00.139  1498  1498 V KeyguardViewMediator: updateInputRestrictedLocked 1 isInputApp = false, inputRestricted = true
06-20 11:44:00.201  1498  1498 V KeyguardStatusView: refresh statusview showing:true
06-20 11:44:00.205  1498  1498 V KeyguardDisplayManager: show
06-20 11:44:00.216  1707 10981 D AntiBruteForceProcessor: RemainingAuthenticateNum = 5
06-20 11:44:00.245  2870  2870 V ActivityThread: Handle window ActivityRecord{50be12d token=android.os.BinderProxy@b1d4db4 {com.huawei.android.launcher/com.huawei.android.launcher.unihome.UniHomeLauncher}} visibility: false
06-20 11:44:00.268  1157  1760 I chatty  : uid=1000(system) Binder:1157_D expire 10 lines
06-20 11:44:00.327  1157  1279 I chatty  : uid=1000(system) android.anim expire 4 lines
06-20 11:44:16.064   485   847 W SocketListener: sending broadcast to Pid = 1157, Uid = 1000 
06-20 11:44:16.068  1157  1180 I chatty  : uid=1000(system) android.fg expire 6 lines
06-20 11:46:41.093   485   847 W SocketListener: sending broadcast to Pid = 1157, Uid = 1000 
06-20 11:48:31.066   485   847 W SocketListener: sending broadcast to Pid = 1157, Uid = 1000 
06-20 11:48:55.109  1157  1170 I chatty  : uid=1000(system) android.bg expire 1 line
06-20 11:48:55.112   485   847 W SocketListener: sending broadcast to Pid = 1157, Uid = 1000 
06-20 11:48:55.274  1157  1332 I chatty  : uid=1000(system) NetworkPolicy expire 2 lines
06-20 11:48:56.561   732   732 E wificond: Failed to get NL80211_RATE_INFO_NOISE
06-20 11:48:56.561   732   732 E wificond: Failed to get NL80211_RATE_INFO_SNR
06-20 11:48:56.561   732   732 E wificond: Failed to get NL80211_STA_INFO_CNAHLOAD
06-20 11:48:56.566   732   732 E wificond: Failed to get NL80211_RATE_INFO_NOISE
06-20 11:48:56.566   732   732 E wificond: Failed to get NL80211_RATE_INFO_SNR
06-20 11:48:56.566   732   732 E wificond: Failed to get NL80211_STA_INFO_CNAHLOAD
06-20 11:50:09.065   485   847 W SocketListener: sending broadcast to Pid = 1157, Uid = 1000 
06-20 11:50:09.067  1157  1330 I chatty  : uid=1000(system) NetdConnector expire 8 lines
06-20 11:50:09.067  1157  1322 I chatty  : uid=1000(system) InputReader expire 6 lines
06-20 11:50:09.070  1157  1186 I chatty  : uid=1000(system) PowerManagerSer expire 17 lines
06-20 11:50:09.088  1157 14597 I chatty  : uid=1000(system) Binder:1157_1F expire 2 lines
06-20 11:50:09.108  1157  1324 I chatty  : uid=1000(system) StorageManagerS expire 8 lines
06-20 11:50:09.125   430   457 I vold    : TrimTask running tasks: 0
06-20 11:50:09.126  1157  1327 I chatty  : uid=1000(system) VoldConnector expire 1 line
06-20 11:50:09.134  1157  1157 I chatty  : uid=1000 system_server expire 16 lines
06-20 11:50:09.135   485   847 W SocketListener: sending broadcast to Pid = 1157, Uid = 1000 
06-20 11:50:09.135   732   732 E wificond: Failed to get NL80211_RATE_INFO_NOISE
06-20 11:50:09.136   732   732 E wificond: Failed to get NL80211_RATE_INFO_SNR
06-20 11:50:09.136   732   732 E wificond: Failed to get NL80211_STA_INFO_CNAHLOAD
06-20 11:50:09.166  1157  1760 I chatty  : uid=1000(system) Binder:1157_D expire 10 lines
06-20 11:50:09.169  1707  1707 D HwGameAssistantService: ScreenOnReceiver
06-20 11:50:09.252  2688  6214 W ContextImpl: Calling a method in the system process without a qualified user: android.app.ContextImpl.bindService:1736 android.content.ContextWrapper.bindService:678 com.huawei.nb.dataservice.dsclient.RemoteServiceConnection.open:90 com.huawei.nb.dataservice.dsclient.DataServiceProxy.connect:105 com.huawei.nb.dataservice.rsclient.internal.RemoteRuleService.start:27 
06-20 11:50:12.148   732   732 E wificond: Failed to get NL80211_RATE_INFO_NOISE
06-20 11:50:12.148   732   732 E wificond: Failed to get NL80211_RATE_INFO_SNR
06-20 11:50:12.148   732   732 E wificond: Failed to get NL80211_STA_INFO_CNAHLOAD
06-20 11:50:15.159   732   732 E wificond: Failed to get NL80211_RATE_INFO_NOISE
06-20 11:50:15.159   732   732 E wificond: Failed to get NL80211_RATE_INFO_SNR
06-20 11:50:15.159   732   732 E wificond: Failed to get NL80211_STA_INFO_CNAHLOAD
06-20 11:50:16.533   732   732 E wificond: Failed to get NL80211_RATE_INFO_NOISE
06-20 11:50:16.533   732   732 E wificond: Failed to get NL80211_RATE_INFO_SNR
06-20 11:50:16.533   732   732 E wificond: Failed to get NL80211_STA_INFO_CNAHLOAD
06-20 11:50:16.536   732   732 E wificond: Failed to get NL80211_RATE_INFO_NOISE
06-20 11:50:16.537   732   732 E wificond: Failed to get NL80211_RATE_INFO_SNR
06-20 11:50:16.537   732   732 E wificond: Failed to get NL80211_STA_INFO_CNAHLOAD
06-20 11:50:18.169   732   732 E wificond: Failed to get NL80211_RATE_INFO_NOISE
06-20 11:50:18.170   732   732 E wificond: Failed to get NL80211_RATE_INFO_SNR
06-20 11:50:18.170   732   732 E wificond: Failed to get NL80211_STA_INFO_CNAHLOAD
06-20 11:50:19.929  1157  1157 I chatty  : uid=1000 system_server expire 10 lines
06-20 11:50:19.935  1157  1186 I chatty  : uid=1000(system) PowerManagerSer expire 2 lines
06-20 11:50:19.953  1157  1418 I chatty  : uid=1000(system) PhotonicModulat expire 1 line
06-20 11:50:19.954  1157  1182 I chatty  : uid=1000(system) android.display expire 3 lines
06-20 11:50:19.965  1157 13315 I chatty  : uid=1000(system) Binder:1157_1D expire 6 lines
06-20 11:50:19.994  1157  1174 I chatty  : uid=1000(system) android.ui expire 2 lines
06-20 11:50:19.996  1157  1706 I chatty  : uid=1000(system) Binder:1157_A expire 7 lines
06-20 11:50:20.000  1157  1347 I chatty  : uid=1000(system) WifiP2pService expire 5 lines
06-20 11:50:20.056  1157  2205 I chatty  : uid=1000(system) HwDeviceUsageCo expire 1 line
06-20 11:50:20.114  2688  7698 W ContextImpl: Calling a method in the system process without a qualified user: android.app.ContextImpl.bindService:1736 android.content.ContextWrapper.bindService:678 com.huawei.nb.dataservice.dsclient.RemoteServiceConnection.open:90 com.huawei.nb.dataservice.dsclient.DataServiceProxy.connect:105 com.huawei.nb.dataservice.rsclient.internal.RemoteRuleService.start:27 
06-20 11:51:12.066   485   847 W SocketListener: sending broadcast to Pid = 1157, Uid = 1000 
06-20 11:51:12.067  1157  1330 I chatty  : uid=1000(system) NetdConnector expire 10 lines
06-20 11:51:12.069  1157  1180 I chatty  : uid=1000(system) android.fg expire 10 lines
06-20 11:51:12.071  1157  1660 I chatty  : uid=1000(system) Binder:1157_8 expire 12 lines
06-20 11:51:12.106   485   847 W SocketListener: sending broadcast to Pid = 1157, Uid = 1000 
06-20 11:53:03.066   485   847 W SocketListener: sending broadcast to Pid = 1157, Uid = 1000 
06-20 11:53:03.104   485   847 W SocketListener: sending broadcast to Pid = 1157, Uid = 1000 
06-20 11:53:03.269  2688  2700 W SettingsEx: SettingsEx.Systemex.getInt deprecated use Settings.System.getInt instead ;callers=com.huawei.recsys.util.SystemUtil.getNotificationUpdateMode:169 com.huawei.recsys.util.SystemUtil.isAllowUpdate:104 com.huawei.recsys.controller.notification.http.NotificationUpdateController.startNotificationUpdate:85 
06-20 11:53:03.431  1157 14597 I chatty  : uid=1000(system) Binder:1157_1F expire 12 lines
06-20 11:53:03.494 17841  6705 E ActivityThread: Failed to find provider info for com.ss.android.ugc.aweme.wakeup.provider
06-20 11:53:03.521  1157  8282 I chatty  : uid=1000(system) Binder:1157_1B expire 3 lines
06-20 11:53:03.525  1157  1176 I chatty  : uid=1000(system) ThirdAppHandler expire 1 line
06-20 11:53:03.576  1157  1330 I chatty  : uid=1000(system) NetdConnector expire 10 lines
06-20 11:53:03.580  1157  1660 I chatty  : uid=1000(system) Binder:1157_8 expire 12 lines
06-20 11:53:03.656  1157  1316 I chatty  : uid=1000(system) Binder:1157_4 expire 13 lines
06-20 11:53:03.680  1157  1173 I chatty  : uid=1000(system) ActivityManager expire 4 lines
06-20 11:53:03.688  1157  5289 I chatty  : uid=1000(system) Binder:1157_12 expire 2 lines
06-20 11:53:03.723  1157  1168 I chatty  : uid=1000(system) Binder:1157_2 expire 12 lines
06-20 11:53:03.773  1157  5376 I chatty  : uid=1000(system) Binder:1157_13 expire 10 lines
06-20 11:53:04.414  1157  1608 I chatty  : uid=1000(system) LocationThread expire 3 lines
06-20 11:53:04.417  1157  6746 I chatty  : uid=1000 system_server expire 2 lines
06-20 11:53:04.421  1157  6747 I chatty  : uid=1000 system_server expire 1 line
06-20 11:53:04.694  1157  1729 I chatty  : uid=1000(system) Binder:1157_C expire 11 lines
06-20 11:53:04.962   732   732 E wificond: Failed to get NL80211_RATE_INFO_NOISE
06-20 11:53:04.962   732   732 E wificond: Failed to get NL80211_RATE_INFO_SNR
06-20 11:53:04.962   732   732 E wificond: Failed to get NL80211_STA_INFO_CNAHLOAD
06-20 11:53:04.964   732   732 E wificond: Failed to get NL80211_RATE_INFO_NOISE
06-20 11:53:04.964   732   732 E wificond: Failed to get NL80211_RATE_INFO_SNR
06-20 11:53:04.964   732   732 E wificond: Failed to get NL80211_STA_INFO_CNAHLOAD
06-20 11:53:05.146  2688  2700 W SettingsEx: SettingsEx.Systemex.getInt deprecated use Settings.System.getInt instead ;callers=com.huawei.recsys.util.SystemUtil.getNotificationUpdateMode:169 com.huawei.recsys.util.SystemUtil.isAllowUpdate:104 com.huawei.recsys.controller.notification.http.NotificationUpdateController.startNotificationUpdate:85 
06-20 11:53:05.150  1157  6757 I chatty  : uid=1000 system_server expire 4 lines
06-20 11:53:31.067   485   847 W SocketListener: sending broadcast to Pid = 1157, Uid = 1000 
06-20 11:53:31.452   485   847 W SocketListener: sending broadcast to Pid = 1157, Uid = 1000 
06-20 11:53:31.508  1157  1591 I chatty  : uid=1000(system) watchdog expire 1 line
06-20 11:53:31.949  1157  1170 I chatty  : uid=1000(system) android.bg expire 4 lines
06-20 11:53:56.068   485   847 W SocketListener: sending broadcast to Pid = 1157, Uid = 1000 
06-20 11:53:56.069  1157  1330 I chatty  : uid=1000(system) NetdConnector expire 11 lines
06-20 11:53:56.074  1157  1357 I chatty  : uid=1000(system) onProviders.ECP expire 5 lines
06-20 11:53:56.109   485   847 W SocketListener: sending broadcast to Pid = 1157, Uid = 1000 
06-20 11:53:56.116  6781  6781 D ActivityThread: ActivityThread,attachApplication
06-20 11:53:56.117  1157  5376 I chatty  : uid=1000(system) Binder:1157_13 expire 6 lines
06-20 11:56:59.067   485   847 W SocketListener: sending broadcast to Pid = 1157, Uid = 1000 
06-20 11:56:59.081  1157  1331 I chatty  : uid=1000(system) NetworkStats expire 7 lines
06-20 11:56:59.083  1157  1157 I chatty  : uid=1000 system_server expire 15 lines
06-20 11:56:59.088  1157  1177 I chatty  : uid=1000(system) keyAppHanderThr expire 1 line
06-20 11:56:59.106   485   847 W SocketListener: sending broadcast to Pid = 1157, Uid = 1000 
06-20 11:56:59.106  1157  1330 I chatty  : uid=1000(system) NetdConnector expire 11 lines
06-20 11:56:59.162  1688  2425 W ContextImpl: Calling a method in the system process without a qualified user: android.app.ContextImpl.sendBroadcast:1095 com.huawei.android.chr.statistics.TelStatusService.updateStatisticDB:628 com.huawei.android.chr.statistics.TelStatusService.triggerStatsReport:545 com.huawei.android.chr.statistics.TelStatusService.triggerAllStatsReport:554 com.huawei.android.chr.statistics.TelStatusManager.triggerAllStatsReport:328 
06-20 11:56:59.209  1688  2425 W ContextImpl: Calling a method in the system process without a qualified user: android.app.ContextImpl.sendBroadcast:1095 com.huawei.android.chr.statistics.TelStatusService.updateStatisticDB:628 com.huawei.android.chr.statistics.TelStatusService.triggerStatsReport:545 com.huawei.android.chr.statistics.TelStatusService.triggerAllStatsReport:554 com.huawei.android.chr.statistics.TelStatusManager.triggerAllStatsReport:328 
06-20 11:56:59.296   732   732 E wificond: Failed to get NL80211_RATE_INFO_NOISE
06-20 11:56:59.296   732   732 E wificond: Failed to get NL80211_RATE_INFO_SNR
06-20 11:56:59.296   732   732 E wificond: Failed to get NL80211_STA_INFO_CNAHLOAD
06-20 11:56:59.298   732   732 E wificond: Failed to get NL80211_RATE_INFO_NOISE
06-20 11:56:59.298   732   732 E wificond: Failed to get NL80211_RATE_INFO_SNR
06-20 11:56:59.298   732   732 E wificond: Failed to get NL80211_STA_INFO_CNAHLOAD
06-20 11:56:59.363  6815  6815 D ActivityThread: ActivityThread,attachApplication
06-20 11:56:59.365  1157  1660 I chatty  : uid=1000(system) Binder:1157_8 expire 1 line
06-20 11:56:59.369  1157  1168 I chatty  : uid=1000(system) Binder:1157_2 expire 3 lines
06-20 11:58:31.067   485   847 W SocketListener: sending broadcast to Pid = 1157, Uid = 1000 
06-20 11:58:31.070  1157  1180 I chatty  : uid=1000(system) android.fg expire 3 lines
06-20 11:58:31.086  1157  1316 I chatty  : uid=1000(system) Binder:1157_4 expire 5 lines
06-20 11:58:31.368   485   847 W SocketListener: sending broadcast to Pid = 1157, Uid = 1000 
06-20 11:58:31.369  1157  1330 I chatty  : uid=1000(system) NetdConnector expire 10 lines
06-20 12:00:00.073   485   847 W SocketListener: sending broadcast to Pid = 1157, Uid = 1000 
06-20 12:00:01.416  1157  5376 I chatty  : uid=1000(system) Binder:1157_13 expire 11 lines
06-20 12:02:50.116   485   847 W SocketListener: sending broadcast to Pid = 1157, Uid = 1000 
06-20 12:02:50.118  1157  1180 I chatty  : uid=1000(system) android.fg expire 10 lines
06-20 12:03:31.065   485   847 W SocketListener: sending broadcast to Pid = 1157, Uid = 1000 
06-20 12:03:31.325  1157  1157 I chatty  : uid=1000 system_server expire 10 lines
06-20 12:03:31.335  1157  1173 I chatty  : uid=1000(system) ActivityManager expire 8 lines
06-20 12:03:31.336  1157  1660 I chatty  : uid=1000(system) Binder:1157_8 expire 8 lines
06-20 12:03:31.350  1157  1316 I chatty  : uid=1000(system) Binder:1157_4 expire 7 lines
06-20 12:03:31.355  1157  1177 I chatty  : uid=1000(system) keyAppHanderThr expire 2 lines
06-20 12:03:31.369   485   847 W SocketListener: sending broadcast to Pid = 1157, Uid = 1000 
06-20 12:03:32.021   732   732 E wificond: Failed to get NL80211_RATE_INFO_NOISE
06-20 12:03:32.022   732   732 E wificond: Failed to get NL80211_RATE_INFO_SNR
06-20 12:03:32.022   732   732 E wificond: Failed to get NL80211_STA_INFO_CNAHLOAD
06-20 12:03:32.024   732   732 E wificond: Failed to get NL80211_RATE_INFO_NOISE
06-20 12:03:32.024   732   732 E wificond: Failed to get NL80211_RATE_INFO_SNR
06-20 12:03:32.024   732   732 E wificond: Failed to get NL80211_STA_INFO_CNAHLOAD
06-20 12:03:32.708  1157  1176 I chatty  : uid=1000(system) ThirdAppHandler expire 2 lines
06-20 12:03:32.755  6880  6880 D ActivityThread: ActivityThread,attachApplication
06-20 12:03:32.914  1157  1168 I chatty  : uid=1000(system) Binder:1157_2 expire 12 lines
06-20 12:03:32.926  1157  1332 I chatty  : uid=1000(system) NetworkPolicy expire 3 lines
06-20 12:03:32.932  1157  1330 I chatty  : uid=1000(system) NetdConnector expire 10 lines
06-20 12:03:32.950  2688  6227 W SettingsEx: SettingsEx.Systemex.getInt deprecated use Settings.System.getInt instead ;callers=com.huawei.recsys.util.SystemUtil.getNotificationUpdateMode:169 com.huawei.recsys.util.SystemUtil.isAllowUpdate:104 com.huawei.recsys.controller.notification.http.NotificationUpdateController.startNotificationUpdate:85 
06-20 12:03:35.792  1157  1608 I chatty  : uid=1000(system) LocationThread expire 6 lines
06-20 12:03:35.795  1157  6954 I chatty  : uid=1000 system_server expire 2 lines
06-20 12:03:35.799  1157  6955 I chatty  : uid=1000 system_server expire 1 line
06-20 12:03:36.457  1157  1340 I chatty  : uid=1000(system) IpManager.wlan0 expire 1 line
06-20 12:03:36.459  1157  1347 I chatty  : uid=1000(system) WifiP2pService expire 6 lines
06-20 12:03:36.462  1157 18690 I chatty  : uid=1000(system) DhcpClient expire 4 lines
06-20 12:03:36.541  1157  1350 I chatty  : uid=1000(system) ConnectivitySer expire 13 lines
06-20 12:03:36.544   732   732 E wificond: Failed to get NL80211_RATE_INFO_NOISE
06-20 12:03:36.545   732   732 E wificond: Failed to get NL80211_RATE_INFO_SNR
06-20 12:03:36.545   732   732 E wificond: Failed to get NL80211_STA_INFO_CNAHLOAD
06-20 12:03:36.562  1157  1706 I chatty  : uid=1000(system) Binder:1157_A expire 7 lines
06-20 12:03:36.573 19560 19560 W ContextImpl: Calling a method in the system process without a qualified user: android.app.ContextImpl.startService:1656 android.content.ContextWrapper.startService:644 android.content.ContextWrapper.startService:644 com.android.settings.wifi.AccessPointConnectedReceiver.onReceive:28 android.app.ActivityThread.handleReceiver:3695 
06-20 12:03:51.138   732   732 E wificond: Failed to get NL80211_RATE_INFO_NOISE
06-20 12:03:51.138   732   732 E wificond: Failed to get NL80211_RATE_INFO_SNR
06-20 12:03:51.138   732   732 E wificond: Failed to get NL80211_STA_INFO_CNAHLOAD
06-20 12:03:51.140   732   732 E wificond: Failed to get NL80211_RATE_INFO_NOISE
06-20 12:03:51.140   732   732 E wificond: Failed to get NL80211_RATE_INFO_SNR
06-20 12:03:51.140   732   732 E wificond: Failed to get NL80211_STA_INFO_CNAHLOAD
06-20 12:03:54.245  1157  1649 I chatty  : uid=1000(system) MultiTaskManage expire 21 lines
06-20 12:03:54.325  1707  1707 I HwCoreAppHelperService: LocalReceiver receives:android.intent.action.PACKAGE_RESTARTED,pkg:com.quvideo.xiaoying,uid:10211
06-20 12:03:54.328  1157  1157 I chatty  : uid=1000 system_server expire 20 lines
06-20 12:03:54.459  1157  1761 I chatty  : uid=1000(system) Binder:1157_E expire 1 line
06-20 12:03:58.476  1157 13315 I chatty  : uid=1000(system) Binder:1157_1D expire 10 lines
06-20 12:04:16.068   485   847 W SocketListener: sending broadcast to Pid = 1157, Uid = 1000 
06-20 12:04:16.069  1157  1330 I chatty  : uid=1000(system) NetdConnector expire 10 lines
06-20 12:04:41.063   485   847 W SocketListener: sending broadcast to Pid = 1157, Uid = 1000 
06-20 12:04:41.067   485   847 W SocketListener: sending broadcast to Pid = 1157, Uid = 1000 
06-20 12:04:41.097   485   847 W SocketListener: sending broadcast to Pid = 1157, Uid = 1000 
06-20 12:05:03.067   485   847 W SocketListener: sending broadcast to Pid = 1157, Uid = 1000 
06-20 12:05:03.112   485   847 W SocketListener: sending broadcast to Pid = 1157, Uid = 1000 
06-20 12:05:03.113  1157  1330 I chatty  : uid=1000(system) NetdConnector expire 10 lines
06-20 12:05:15.118  1157  5100 I chatty  : uid=1000(system) Binder:1157_10 expire 12 lines
06-20 12:05:17.385   732   732 E wificond: Failed to get NL80211_RATE_INFO_NOISE
06-20 12:05:17.385   732   732 E wificond: Failed to get NL80211_RATE_INFO_SNR
06-20 12:05:17.385   732   732 E wificond: Failed to get NL80211_STA_INFO_CNAHLOAD
06-20 12:05:17.387   732   732 E wificond: Failed to get NL80211_RATE_INFO_NOISE
06-20 12:05:17.387   732   732 E wificond: Failed to get NL80211_RATE_INFO_SNR
06-20 12:05:17.387   732   732 E wificond: Failed to get NL80211_STA_INFO_CNAHLOAD
