06-15 15:06:12.860   719 30927 E IMGTOPAZ: IMG_ENC Before EmptyBufferDone in EncodeStreamTask at line:5399
06-15 15:06:12.860   719 30927 E IMGTOPAZ: IMG_ENC After EmptyBufferDone in EncodeStreamTask at line:5401
06-15 15:06:12.862   719 30926 E IMGTOPAZ: IMG_ENC After IMG_V_WaitForResults when send EOS inOTE_Video_FillBufferTask at line:6566
06-15 15:06:12.863   719 30926 E IMGTOPAZ: IMG_ENC FBT : EmptyBuffer command recieved bEOS_Coded:0 OTE_QUEUE_IsNotEmpty(&psCtxVideo->sInpBufUnused):1 in OTE_Video_FillBufferTask at line:6389
06-15 15:06:12.863   719 30926 E IMGTOPAZ: IMG_TEST=== Stream 0 : Some frames still with hardware - proceed normally and set EOS on last flag.
06-15 15:06:12.863   719 30926 E IMGTOPAZ: IMG_ENC Before IMG_V_WaitForResults when send EOS inOTE_Video_FillBufferTask at line:6555
06-15 15:06:12.863   719 30926 E IMGTOPAZ: IMG_ENC After IMG_V_WaitForResults when send EOS inOTE_Video_FillBufferTask at line:6566
06-15 15:06:12.863   719 30926 E IMGTOPAZ: IMG_ENC push EOS to sOutBufUsed in OTE_Video_OutputCoded at line:5002
=========================crash=========================
06-15 15:06:36.531 30957 30957 E AndroidRuntime: Process: com.quvideo.xiaoying, PID: 30957
06-15 15:06:36.531 30957 30957 E AndroidRuntime: java.lang.NullPointerException: Attempt to read from field 'java.lang.String com.quvideo.xiaoying.app.publish.api.b.puid' on a null object reference
06-15 15:06:36.531 30957 30957 E AndroidRuntime: 	at com.quvideo.xiaoying.app.publish.SocialPublishBaseActivity.cY(SourceFile:1531)
06-15 15:06:36.531 30957 30957 E AndroidRuntime: 	at com.quvideo.xiaoying.app.publish.SocialPublishBaseActivity.aaq(SourceFile:1559)
06-15 15:06:36.531 30957 30957 E AndroidRuntime: 	at com.quvideo.xiaoying.app.publish.c.b$1.abL(SourceFile:312)
06-15 15:06:36.531 30957 30957 E AndroidRuntime: 	at com.quvideo.xiaoying.videoeditor.j.a.a$4.m(SourceFile:650)
06-15 15:06:36.531 30957 30957 E AndroidRuntime: 	at com.quvideo.xiaoying.ui.dialog.c.onClick(SourceFile:165)
06-15 15:06:36.531 30957 30957 E AndroidRuntime: 	at android.view.View.performClick(View.java:6291)
06-15 15:06:36.531 30957 30957 E AndroidRuntime: 	at android.view.View$PerformClick.run(View.java:24931)
06-15 15:06:36.531 30957 30957 E AndroidRuntime: 	at android.os.Handler.handleCallback(Handler.java:808)
06-15 15:06:36.531 30957 30957 E AndroidRuntime: 	at android.os.Handler.dispatchMessage(Handler.java:101)
06-15 15:06:36.531 30957 30957 E AndroidRuntime: 	at android.os.Looper.loop(Looper.java:166)
06-15 15:06:36.531 30957 30957 E AndroidRuntime: 	at android.app.ActivityThread.main(ActivityThread.java:7425)
06-15 15:06:36.531 30957 30957 E AndroidRuntime: 	at java.lang.reflect.Method.invoke(Native Method)
06-15 15:06:36.531 30957 30957 E AndroidRuntime: 	at com.android.internal.os.Zygote$MethodAndArgsCaller.run(Zygote.java:245)
06-15 15:06:36.531 30957 30957 E AndroidRuntime: 	at com.android.internal.os.ZygoteInit.main(ZygoteInit.java:921)
06-15 15:06:36.535   751  2385 E iMonitor: FaultDetect: DUMPTOOL_PRINTF return.
06-15 15:06:36.537   751  2385 E iMonitor: FaultDetect: DUMPTOOL_PRINTF return.
06-15 15:06:36.537   751  2385 I iMonitor: create: 901001001
06-15 15:06:36.537   751  2385 I iMonitor: send: 901001001
06-15 15:06:36.537   751  2385 E iMonitor: FaultDetect: DUMPTOOL_PRINTF return.
06-15 15:06:36.537   751  2385 E iMonitor: FaultDetect: DUMPTOOL_PRINTF return.
06-15 15:06:36.659  1251  1400 V WindowManager: Exit animation finished in Window{8e11cc8 u0 com.quvideo.xiaoying/com.quvideo.xiaoying.app.publish.PublishActivity EXITING}: remove=true
06-15 15:06:36.659  1251  1400 E WindowManager: win=Window{8e11cc8 u0 com.quvideo.xiaoying/com.quvideo.xiaoying.app.publish.PublishActivity EXITING} destroySurfaces: appStopped=false win.mWindowRemovalAllowed=true win.mRemoveOnExit=true
06-15 15:06:36.662  1251  1400 I WindowManager: Destroying surface Surface(name=com.quvideo.xiaoying/com.quvideo.xiaoying.app.publish.PublishActivity) called by com.android.server.wm.WindowStateAnimator.destroySurface:2072 com.android.server.wm.WindowStateAnimator.destroySurfaceLocked:884 com.android.server.wm.HwWindowStateAnimator.destroySurfaceLocked:1006 com.android.server.wm.WindowState.destroyOrSaveSurfaceUnchecked:2998 com.android.server.wm.WindowState.destroySurface:2951 com.android.server.wm.AppWindowToken.destroySurfaces:664 com.android.server.wm.AppWindowToken.destroySurfaces:648 com.android.server.wm.WindowState.onExitAnimationDone:4424 
06-15 15:06:36.663  1251  1400 V WindowManager: postWindowRemoveCleanupLocked: Window{8e11cc8 u0 com.quvideo.xiaoying/com.quvideo.xiaoying.app.publish.PublishActivity}
06-15 15:06:36.663  1251  1400 V WindowManager: Removing Window{8e11cc8 u0 com.quvideo.xiaoying/com.quvideo.xiaoying.app.publish.PublishActivity} from AppWindowToken{f827c token=Token{2f9f56f ActivityRecord{c99604e u0 com.quvideo.xiaoying/.app.publish.PublishActivity t590}}}
06-15 15:06:36.726 30957 30962 I chatty  : uid=10195(u0_a195) com.quvideo.xiaoying expire 2 lines
06-15 15:06:36.816   719 31493 E IMGTOPAZ: IMG_ENC send EOS to psQueuePairQ in OTE_Video_EmptyBufferTask at line:5769
06-15 15:06:36.816   719 31495 E IMGTOPAZ: IMG_ENC receive EOS from psQueuePairQ in OTE_Video_EncodeStreamTask at line:5358
06-15 15:06:36.816   719 31495 E IMGTOPAZ: IMG_ENC Before IMG_V_FlushStream in EncodeStreamTask at line:5374
06-15 15:06:36.817   719 31495 E IMGTOPAZ: IMG_ENC After IMG_V_FlushStream in EncodeStreamTask at line:5376
06-15 15:06:36.817   719 31495 E IMGTOPAZ: IMG_ENC push EOS in sOutBufUsed in OTE_Video_EncodeStreamTask at line:5394
06-15 15:06:36.817   719 31495 E IMGTOPAZ: IMG_ENC Before EmptyBufferDone in EncodeStreamTask at line:5399
06-15 15:06:36.817   719 31495 E IMGTOPAZ: IMG_ENC After EmptyBufferDone in EncodeStreamTask at line:5401
06-15 15:06:36.818   719 31494 E IMGTOPAZ: IMG_ENC After IMG_V_WaitForResults when send EOS inOTE_Video_FillBufferTask at line:6566
06-15 15:06:36.819   719 31494 E IMGTOPAZ: IMG_ENC FBT : EmptyBuffer command recieved bEOS_Coded:0 OTE_QUEUE_IsNotEmpty(&psCtxVideo->sInpBufUnused):1 in OTE_Video_FillBufferTask at line:6389
06-15 15:06:36.819   719 31494 E IMGTOPAZ: IMG_TEST=== Stream 0 : Some frames still with hardware - proceed normally and set EOS on last flag.
06-15 15:06:36.819   719 31494 E IMGTOPAZ: IMG_ENC Before IMG_V_WaitForResults when send EOS inOTE_Video_FillBufferTask at line:6555
06-15 15:06:36.819   719 31494 E IMGTOPAZ: IMG_ENC After IMG_V_WaitForResults when send EOS inOTE_Video_FillBufferTask at line:6566
06-15 15:06:36.819   719 31494 E IMGTOPAZ: IMG_ENC push EOS to sOutBufUsed in OTE_Video_OutputCoded at line:5002
06-15 15:06:36.819   719 31494 E IMGTOPAZ: IMG_ENC FBT : EmptyBuffer command recieved bEOS_Coded:0 OTE_QUEUE_IsNotEmpty(&psCtxVideo->sInpBufUnused):0 in OTE_Video_FillBufferTask at line:6389
06-15 15:06:36.819   719 31494 E IMGTOPAZ: IMG_ENC before OTE_QUEUE_PopWait in FillBufferTask at line:6398
06-15 15:06:36.819   719 31494 E IMGTOPAZ: IMG_ENC before IMG_V_AbortStream in FillBufferTask at line:6400
06-15 15:06:36.819   719 31494 E IMGTOPAZ: IMG_ENC before IMG_C_WaitOnSync in FillBufferTask at line:6403
06-15 15:06:36.819   719 31494 E IMGTOPAZ: IMG_ENC After IMG_C_WaitOnSync in FillBufferTask at line:6405
06-15 15:06:36.819   719 31494 E IMGTOPAZ: IMG_ENC before FillBufferDone in FillBufferTask at line:6420
06-15 15:06:36.819   719 31494 E IMGTOPAZ: IMG_ENC After FillBufferDone in FillBufferTask at line:6422
06-15 15:06:36.830   719 18092 I img_ote_base: Enter OTE_Base_SendCommand eCmd 0
06-15 15:06:36.830   719 31490 I img_ote_base: Entering Executing_To_Idle
=========================crash=========================
09-04 10:44:51.033 24780 25213 W AudioCapabilities: Unsupported mime audio/mpeg-L1
09-04 10:44:51.034 24780 25213 W AudioCapabilities: Unsupported mime audio/mpeg-L2
09-04 10:44:51.034 24740 24765 D SecMenutree: title: 不使用的应用程序/ key: inactive_apps/ path: 开发者选项 / class: com.android.settings.DevelopmentSettings
09-04 10:44:51.035 24740 24765 D SecMenutree: title: 强制允许将应用写入外部存储设备/ key: force_allow_on_external/ path: 开发者选项 / class: com.android.settings.DevelopmentSettings
09-04 10:44:51.037 24740 24765 D SecMenutree: title: 强制将活动设为可调整大小/ key: force_resizable_activities/ path: 开发者选项 / class: com.android.settings.DevelopmentSettings
09-04 10:44:51.038 24780 25213 W AudioCapabilities: Unsupported mime audio/x-ms-wma
09-04 10:44:51.042 24780 25213 W AudioCapabilities: Unsupported mime audio/x-ima
09-04 10:44:51.044 24780 25213 W VideoCapabilities: Unrecognized profile 2130706433 for video/avc
09-04 10:44:51.065 24740 24765 D Index   : Indexing locale 'zh_CN' took 5187 millis
09-04 10:44:51.070 24780 25213 W VideoCapabilities: Unsupported mime video/wvc1
09-04 10:44:51.073 24780 25213 W VideoCapabilities: Unsupported mime video/x-ms-wmv
09-04 10:44:51.080  1501 12234 I ActivityManager: START u0 {act=android.intent.action.MAIN typ=null flg=0x4000 cmp=ComponentInfo{com.quvideo.xiaoying/com.quvideo.xiaoying.XiaoYingActivity}} from uid 10485 on display 0
09-04 10:44:51.082  1501 12234 D ActivityManager: ActivityRecord() Constructor : multiScreenAttrs=MultiScreenAttrs{mDisplayId=0, mBaseDisplayId=0, mBaseActivity=false}
09-04 10:44:51.085  1501 12234 D CustomFrequencyManagerService: acquireDVFSLockLocked : type : DVFS_MIN_LIMIT  frequency : 1344000  uid : 1000  pid : 1501  pkgName : AMS_ACT_START@CPU_MIN@19
09-04 10:44:51.086  1501 12234 D ActivityManagerPerformance: AMP_acquire() ACT_START
09-04 10:44:51.086  1501 12234 D ActivityManager: moveToFront() : reason=sourceStackToFront isAttached=true null
09-04 10:44:51.088  1501 12234 D ActivityTrigger: Activity is Triggerred in full screen 
09-04 10:44:51.089  1501 12234 D ActivityManager: moveToFront() : reason=startedActivity setFocusedActivity isAttached=true TaskRecord{d7922ebd0 #2294 A=com.quvideo.xiaoying U=0 StackId=1 sz=2}
09-04 10:44:51.089 24780 25213 W VideoCapabilities: Unrecognized profile/level 1/32 for video/mp4v-es
09-04 10:44:51.089 24780 25213 W VideoCapabilities: Unrecognized profile/level 32768/2 for video/mp4v-es
09-04 10:44:51.089 24780 25213 W VideoCapabilities: Unrecognized profile/level 32768/64 for video/mp4v-es
09-04 10:44:51.090  1501 12234 D InputDispatcher: Focused application set to: xxxx
09-04 10:44:51.091  1501 12234 D InputDispatcher: Focus left window: 24780
09-04 10:44:51.093 24780 25213 W VideoCapabilities: Unsupported mime video/wvc1
09-04 10:44:51.093  1501 12234 D ActivityManager: resumeTopActivityInnerLocked() : #1 prevTask=TaskRecord{d7922ebd0 #2294 A=com.quvideo.xiaoying U=0 StackId=1 sz=2} next=ActivityRecord{745551fd0 u0 com.quvideo.xiaoying/.XiaoYingActivity t2294} mFocusedStack=ActivityStack{7869121d0 stackId=1, 2 tasks}
09-04 10:44:51.093  1501 12234 D ActivityTrigger: ActivityTrigger activityPauseTrigger 
09-04 10:44:51.095 24780 25213 W VideoCapabilities: Unsupported mime video/x-ms-wmv
09-04 10:44:51.101  1501  3822 W MultiScreenManagerService: moveTaskBackToDisplayIfNeeded(): The task has more than one activity
09-04 10:44:51.101 24780 25213 W VideoCapabilities: Unsupported mime video/x-ms-wmv7
09-04 10:44:51.102 24780 24780 D ViewRootImpl@9998081[SplashActivity]: MSG_WINDOW_FOCUS_CHANGED 0
09-04 10:44:51.106 24780 25213 W VideoCapabilities: Unsupported mime video/x-ms-wmv8
09-04 10:44:51.109 24780 25213 W VideoCapabilities: Unsupported mime video/mp43
09-04 10:44:51.129  1501  2946 D ActivityManager: isCustomScaleDownAnimationAllowed() : false
09-04 10:44:51.130  1501  2946 D ActivityManager: resumeTopActivityInnerLocked() : #1 prevTask=TaskRecord{d7922ebd0 #2294 A=com.quvideo.xiaoying U=0 StackId=1 sz=2} next=ActivityRecord{745551fd0 u0 com.quvideo.xiaoying/.XiaoYingActivity t2294} mFocusedStack=ActivityStack{7869121d0 stackId=1, 2 tasks}
09-04 10:44:51.130  1501  2946 D ActivityManager: applyOptionsLocked(), pendingOptions : null
09-04 10:44:51.142  1501  2519 D GameManagerService: handleForegroundChange(). pkgName: com.quvideo.xiaoying, clsName: com.quvideo.xiaoying.XiaoYingActivity,FgActivityName:com.quvideo.xiaoying/.XiaoYingActivity
09-04 10:44:51.142  1501  2946 D MARsPolicyManager: handlePackageResumedFG pkgName = com.quvideo.xiaoying, userId = 0
09-04 10:44:51.142  1501  2519 D GameManagerService:   handleForegroundChange(). same package. game has never resumed yet. ignore
09-04 10:44:51.156 24780 25213 I VideoCapabilities: Unsupported profile 4 for video/mp4v-es
09-04 10:44:51.156   761   761 I MSM-irqbalance: Decided to move IRQ174 from CPU5 to CPU4
09-04 10:44:51.176  1501  2452 V NetworkPolicy: getFirewallRuleWifi UID:10485 policy:0
09-04 10:44:51.178 24780 24780 D MotuCrashReporter: onActivityCreated
09-04 10:44:51.204  1501  2946 D SamsungAlarmManager: Cancel Alarm calling from uid:10485 pid :24780 / op:PendingIntent{5af1aca: PendingIntentRecord{3fa2a51 com.quvideo.xiaoying broadcastIntent}}
09-04 10:44:51.208  1501  1517 I SamsungAlarmManager: setLocked to kernel - T:2 / 20180904T104452, SetElapsed=85336929, nowELAPSED=85335312
09-04 10:44:51.208  1501  1517 D SamsungAlarmManager: setInexact Listener (T:2/F:0/AC:false) 20180904T105306 - CU:1000/CP:1501
09-04 10:44:51.212  1501  1517 D SamsungAlarmManager: setInexact Listener (T:2/F:0/AC:false) 20180904T105837 - CU:1000/CP:1501
09-04 10:44:51.285 24780 24780 W Settings: Setting always_finish_activities has moved from android.provider.Settings.System to android.provider.Settings.Global, returning read-only value.
09-04 10:44:51.309 24780 24780 D ProxyApp: UserMainActivityLifeCycleImpl onCreate
09-04 10:44:51.309 24780 24780 D ProxyApp: CommunityMainActivityLifeCycleImpl onCreate
09-04 10:44:51.316 24780 25116 I RongLog : [ RongIMClient ] RongIMClient
09-04 10:44:51.326 24780 25116 D RongLog : [ RongIMClient ] init : com.quvideo.xiaoying, com.quvideo.xiaoying, com.quvideo.xiaoying.shell.VivaAppApplication@c5bfd1e
09-04 10:44:51.330 24780 24780 D MotuCrashReporter: onActivityStarted
09-04 10:44:51.340 24780 24780 D MotuCrashReporter: onActivityResumed
09-04 10:44:51.358  1501  1517 D MountService: getExternalStorageMountMode : 3
09-04 10:44:51.359  1501  1517 D MountService: getExternalStorageMountMode : 3
09-04 10:44:51.359  1501  1517 D MountService: getExternalStorageMountMode : final mountMode=3, uid : 10485, packageName : com.quvideo.xiaoying
09-04 10:44:51.385  1501  1517 I ActivityManager: Start proc 25227:com.quvideo.xiaoying:ipc/u0a485 for service com.quvideo.xiaoying/io.rong.imlib.ipc.RongService
09-04 10:44:51.387 25227 25227 E Zygote  : v2
09-04 10:44:51.388 25227 25227 I libpersona: KNOX_SDCARD checking this for 10485
09-04 10:44:51.388 25227 25227 I libpersona: KNOX_SDCARD not a persona
09-04 10:44:51.389 25227 25227 E Zygote  : accessInfo : 0
09-04 10:44:51.390 25227 25227 W SELinux : SELinux selinux_android_compute_policy_index : Policy Index[2],  Con:u:r:zygote:s0 RAM:SEPF_SECMOBILE_7.0_0009, [-1 -1 -1 -1 0 1]
09-04 10:44:51.393 25227 25227 I SELinux : SELinux: seapp_context_lookup: seinfo=untrusted, level=s0:c512,c768, pkgname=com.quvideo.xiaoying:ipc 
09-04 10:44:51.407 24780 25116 D Statistics: init ssl
09-04 10:44:51.408 24780 25116 I Statistics: start
09-04 10:44:51.417 24780 25116 D RongLog-Push[RongPushClient]: init. the push type is:
09-04 10:44:51.418 24780 25116 D RongLog-Push[RongPushClient]: send to pushService.
09-04 10:44:51.421  1501  2517 D MountService: getExternalStorageMountMode : 3
09-04 10:44:51.421  1501  2517 D MountService: getExternalStorageMountMode : 3
09-04 10:44:51.421  1501  2517 D MountService: getExternalStorageMountMode : final mountMode=3, uid : 10485, packageName : com.quvideo.xiaoying
09-04 10:44:51.454 25243 25243 E Zygote  : v2
09-04 10:44:51.455 25243 25243 I libpersona: KNOX_SDCARD checking this for 10485
09-04 10:44:51.455 25243 25243 I libpersona: KNOX_SDCARD not a persona
09-04 10:44:51.456 25243 25243 E Zygote  : accessInfo : 0
09-04 10:44:51.457 25243 25243 W SELinux : SELinux selinux_android_compute_policy_index : Policy Index[2],  Con:u:r:zygote:s0 RAM:SEPF_SECMOBILE_7.0_0009, [-1 -1 -1 -1 0 1]
09-04 10:44:51.460 25243 25243 I SELinux : SELinux: seapp_context_lookup: seinfo=untrusted, level=s0:c512,c768, pkgname=io.rong.push 
09-04 10:44:51.464  1501  2517 I ActivityManager: Start proc 25243:io.rong.push/u0a485 for service com.quvideo.xiaoying/io.rong.push.PushService
09-04 10:44:51.467  1501  2514 I ActivityManager: DSS on for com.quvideo.xiaoying and scale is 1.0
09-04 10:44:51.472 24780 25116 I RongLog : [ RongIMClient ] mReconnectInterval 10
09-04 10:44:51.480  1501  2929 D SamsungAlarmManager: Cancel Alarm calling from uid:10485 pid :24780 / op:PendingIntent{babca7a: PendingIntentRecord{3fa2a51 com.quvideo.xiaoying broadcastIntent}}
09-04 10:44:51.484  1501  2946 D SamsungAlarmManager: setInexact Listener (T:2/F:0/AC:false) 20180904T105306 - CU:1000/CP:1501
09-04 10:44:51.488  1501  2946 D SamsungAlarmManager: setInexact Listener (T:2/F:0/AC:false) 20180904T105837 - CU:1000/CP:1501
09-04 10:44:51.513  1501 12233 I ActivityManager: DSS on for com.quvideo.xiaoying and scale is 1.0
09-04 10:44:51.529 24780 24790 I art     : Background sticky concurrent mark sweep GC freed 223956(8MB) AllocSpace objects, 56(4MB) LOS objects, 32% free, 27MB/41MB, paused 3.391ms total 154.305ms
09-04 10:44:51.625 25227 25227 D XiaoYing: VivaBaseApplication:attachBaseContext isMainProcess
09-04 10:44:51.625 25227 25227 D XiaoYing: loadDex:App attachBaseContext 
09-04 10:44:51.626 25227 25227 D XiaoYing: loadDex::quickStart curProcessName=com.quvideo.xiaoying:ipc
09-04 10:44:51.626 25227 25227 D XiaoYing: loadDex::quickStart false!
09-04 10:44:51.638 25227 25227 D XiaoYing: loadDex::quickStart curProcessName=com.quvideo.xiaoying:ipc
09-04 10:44:51.638 25227 25227 D XiaoYing: loadDex::quickStart false!
09-04 10:44:51.639 25227 25227 D XiaoYing: loadDex::quickStart curProcessName=com.quvideo.xiaoying:ipc
09-04 10:44:51.639 25227 25227 D XiaoYing: loadDex::quickStart false!
09-04 10:44:51.657  1501  2441 D PackageManager: setEnabledSetting : userId = 0 packageName = com.quvideo.xiaoying cmp = androidx.work.impl.background.systemjob.SystemJobService newState = 1 callingPackage = 10485
09-04 10:44:51.662 25227 25227 D PackageManagerHelper: androidx.work.impl.background.systemjob.SystemJobService enabled
09-04 10:44:51.662 25227 25227 D Schedulers: Created SystemJobScheduler and enabled SystemJobService
09-04 10:44:51.667 24780 24800 E FirebaseInstanceId: Google Play services missing or without correct permission.
09-04 10:44:51.671  1501  3822 D PackageManager: setEnabledSetting : userId = 0 packageName = com.quvideo.xiaoying cmp = androidx.work.impl.background.firebase.FirebaseJobService newState = 2 callingPackage = 10485
09-04 10:44:51.673 25227 25227 D PackageManagerHelper: androidx.work.impl.background.firebase.FirebaseJobService disabled
09-04 10:44:51.676 24780 25197 D OkHttp  : --> GET https://s-ak.api.xiaoying.co/api/rest/s/configuration?requestParam=%7B%22d%22%3A%22114%2C115%2C113%2C117%2C116%2C119%2C121%2C118%2C106%2C2%2C230%2C124%22%2C%22a%22%3A%220%22%2C%22b%22%3A%22zh_CN%22%2C%22c%22%3A%22HK%22%2C%22duid%22%3A%22DAIC0Cfwm%22%7D&appKey=10022801&countryCode=HK&productId=2&serverVer=1.0 http/1.1
09-04 10:44:51.676 24780 25197 D OkHttp  : --> END GET
09-04 10:44:51.679   521  1528 D EnterpriseController: netId is 0
09-04 10:44:51.679   521  1528 D Netd    : getNetworkForDns: using netid 502 for uid 10485
09-04 10:44:51.679   521  1528 D DnsProxyListener: DNSDBG::dns addrinfo af 2
09-04 10:44:51.684  1501  2909 D PackageManager: setEnabledSetting : userId = 0 packageName = com.quvideo.xiaoying cmp = androidx.work.impl.background.systemalarm.SystemAlarmService newState = 2 callingPackage = 10485
09-04 10:44:51.690 24780 25115 D OkHttp  : --> POST https://push.api.xiaoying.co/api/rest/push/saveRegisterIds http/1.1
09-04 10:44:51.690 24780 25115 D OkHttp  : Content-Type: application/x-www-form-urlencoded
09-04 10:44:51.691 24780 25115 D OkHttp  : Content-Length: 328
09-04 10:44:51.691 24780 25115 D OkHttp  : systemParam=%7B%22appkey%22%3A%2210022801%22%2C%22duiddigest%22%3A%22DAIC0Cfwm%22%2C%22method%22%3A%22saveRegisterIds%22%7D&requestParam=%5B%7B%22registerId%22%3A%22190e35f7e0177a3e0aa%22%2C%22registerType%22%3A1%7D%2C%7B%22registerId%22%3A%22b9BhDchnQr3mrggKooWHPT6uenScj5Nf0xAA8yx3PRY%5Cu003d%22%2C%22registerType%22%3A3%7D%5D
09-04 10:44:51.691 24780 25115 D OkHttp  : --> END POST (328-byte body)
09-04 10:44:51.693 25227 25227 D PackageManagerHelper: androidx.work.impl.background.systemalarm.SystemAlarmService disabled
09-04 10:44:51.697   521  1528 D EnterpriseController: netId is 0
09-04 10:44:51.697   521  1528 D Netd    : getNetworkForDns: using netid 502 for uid 10485
09-04 10:44:51.697   521  1528 D DnsProxyListener: DNSDBG::dns addrinfo af 2
09-04 10:44:51.704 25227 25227 D RongLog : [ RongService ] onCreate, pid=25227
09-04 10:44:51.705 25227 25227 D RongLog : [ RongService ] onBind, pid=25227
09-04 10:44:51.706 25243 25243 D XiaoYing: VivaBaseApplication:attachBaseContext isMainProcess
09-04 10:44:51.706 25243 25243 D XiaoYing: loadDex:App attachBaseContext 
09-04 10:44:51.707 25243 25243 D XiaoYing: loadDex::quickStart curProcessName=io.rong.push
09-04 10:44:51.707 25243 25243 D XiaoYing: loadDex::quickStart false!
09-04 10:44:51.717 25243 25243 D XiaoYing: loadDex::quickStart curProcessName=io.rong.push
09-04 10:44:51.718 25243 25243 D XiaoYing: loadDex::quickStart false!
09-04 10:44:51.719 25243 25243 D XiaoYing: loadDex::quickStart curProcessName=io.rong.push
09-04 10:44:51.719 25243 25243 D XiaoYing: loadDex::quickStart false!
09-04 10:44:51.725 25227 25227 I RongLog : [ NativeClient ] init db path = /data/user/0/com.quvideo.xiaoying/files
09-04 10:44:51.732 25227 25227 D RongLog : [ RongLogMonitor ] RLog init.
09-04 10:44:51.739  1501  3822 D PackageManager: setEnabledSetting : userId = 0 packageName = com.quvideo.xiaoying cmp = androidx.work.impl.background.systemjob.SystemJobService newState = 1 callingPackage = 10485
09-04 10:44:51.744 25243 25243 D PackageManagerHelper: androidx.work.impl.background.systemjob.SystemJobService enabled
09-04 10:44:51.744 25243 25243 D Schedulers: Created SystemJobScheduler and enabled SystemJobService
09-04 10:44:51.747  1501  2909 D PackageManager: setEnabledSetting : userId = 0 packageName = com.quvideo.xiaoying cmp = androidx.work.impl.background.firebase.FirebaseJobService newState = 2 callingPackage = 10485
09-04 10:44:51.748 25243 25243 D PackageManagerHelper: androidx.work.impl.background.firebase.FirebaseJobService disabled
09-04 10:44:51.749 25227 25227 E RongLog : [ RongLogMonitor ] upload token is null
09-04 10:44:51.750  1501  2929 D PackageManager: setEnabledSetting : userId = 0 packageName = com.quvideo.xiaoying cmp = androidx.work.impl.background.systemalarm.SystemAlarmService newState = 2 callingPackage = 10485
09-04 10:44:51.750 25243 25243 D PackageManagerHelper: androidx.work.impl.background.systemalarm.SystemAlarmService disabled
09-04 10:44:51.757  1501  2459 D wifi    : onLinkStatsResults: radio_stat.on_time = 11889170
09-04 10:44:51.757  1501  2459 D wifi    : onLinkStatsResults: radio_stat.tx_time = 0
09-04 10:44:51.757  1501  2459 D wifi    : onLinkStatsResults: radio_stat.rx_time = 0
09-04 10:44:51.758  1501  2459 D wifi    : android_net_wifi_getLinkLayerStats: radio_stat.on_time = 11889170
09-04 10:44:51.758  1501  2459 D wifi    : android_net_wifi_getLinkLayerStats: radio_stat.tx_time = 0
09-04 10:44:51.758  1501  2459 D wifi    : android_net_wifi_getLinkLayerStats: radio_stat.rx_time = 0
09-04 10:44:51.763 24780 24780 D ProxyApp: UserMainActivityLifeCycleImpl onResume
09-04 10:44:51.763 24780 24780 D ProxyApp: CommunityMainActivityLifeCycleImpl onResume
09-04 10:44:51.769  1501  2459 D WifiStateMachine: Current network is: "XY_Employee" , ID is: 2
09-04 10:44:51.770  1501  2459 D WifiStateMachine: Current network is still qualified due to heavy traffic, txSuccessRate=107.4375 rxSuccessRate=194.125
09-04 10:44:51.770  1501  2459 D WifiStateMachine: Current network is 5GHz, bail out...
09-04 10:44:51.776 25243 25243 D RongLog-Push[PushService]: OnCreate
09-04 10:44:51.780 25243 25243 D RongLog-Push[PushService]: onStartCommand, intent Intent { act=io.rong.push.intent.action.INIT cmp=com.quvideo.xiaoying/io.rong.push.PushService launchParam=MultiScreenLaunchParams { mDisplayId=0 mBaseDisplayId=0 mFlags=0 } (has extras) }
09-04 10:44:51.783 25243 25276 W System.err: java.io.FileNotFoundException: armeabi-v7a/push_daemon
09-04 10:44:51.783 25243 25276 W System.err: 	at android.content.res.AssetManager.openAsset(Native Method)
09-04 10:44:51.783 25243 25276 W System.err: 	at android.content.res.AssetManager.open(AssetManager.java:423)
09-04 10:44:51.783 25243 25276 W System.err: 	at android.content.res.AssetManager.open(AssetManager.java:397)
09-04 10:44:51.783 25243 25276 W System.err: 	at io.rong.push.core.PushDaemon.copyAssets(SourceFile:105)
09-04 10:44:51.783 25243 25276 W System.err: 	at io.rong.push.core.PushDaemon.installDaemon(SourceFile:35)
09-04 10:44:51.783 25243 25276 W System.err: 	at io.rong.push.core.PushDaemon.access$100(SourceFile:22)
09-04 10:44:51.783 25243 25276 W System.err: 	at io.rong.push.core.PushDaemon$1.run(SourceFile:75)
09-04 10:44:51.783 25243 25276 W System.err: 	at java.lang.Thread.run(Thread.java:762)
09-04 10:44:51.784 25243 25276 E RongLog-Push[PushDaemon]: daemon installed failed, pushDaemonName armeabi-v7a
09-04 10:44:51.789 25243 25243 D RongLog-Push[PushConnectivityManager]: init, initialized = false, deviceId = 5DcIgwvwPpQlLt4YUMj3QQ, appKey = pvxdm17jpl0cr,enabledPushTypes:
