--------- beginning of main
09-13 17:58:11.157 16359 16661 I VideoCapabilities: Unsupported profile 4 for video/mp4v-es
--------- beginning of system
09-13 17:58:11.287  1467  2524 D MdnieScenarioControlService: Use Current User
09-13 17:58:11.288  1467  2524 V MdnieScenarioControlService: hdr_effect_enable : false , perfomance_mode : 0 , SemFloatingFeature : false , pbm_video_enhancer : true
09-13 17:58:11.328  1467  2470 D wifi    : onLinkStatsResults: radio_stat.on_time = 4018422
09-13 17:58:11.328  1467  2470 D wifi    : onLinkStatsResults: radio_stat.tx_time = 0
09-13 17:58:11.328  1467  2470 D wifi    : onLinkStatsResults: radio_stat.rx_time = 0
09-13 17:58:11.328  1467  2470 D wifi    : android_net_wifi_getLinkLayerStats: radio_stat.on_time = 4018422
09-13 17:58:11.328  1467  2470 D wifi    : android_net_wifi_getLinkLayerStats: radio_stat.tx_time = 0
09-13 17:58:11.328  1467  2470 D wifi    : android_net_wifi_getLinkLayerStats: radio_stat.rx_time = 0
09-13 17:58:11.333  1467  2470 D WifiStateMachine: Current network is: "XY_Employee" , ID is: 2
09-13 17:58:11.333  1467  2470 D WifiStateMachine: Current network is still qualified due to heavy traffic, txSuccessRate=80.84798684935292 rxSuccessRate=206.78898023404884
09-13 17:58:11.333  1467  2470 D WifiStateMachine: Current network is 5GHz, bail out...
09-13 17:58:11.756  1467  2538 D WifiWatchdogStateMachine.NetworkStatsAnalyzer: 61 10 23212 2564 380 256
09-13 17:58:11.767 16359 16578 I System.out: (HTTPLog)-Static: isSBSettingEnabled false
09-13 17:58:11.767 16359 16578 I System.out: (HTTPLog)-Static: isSBSettingEnabled false
09-13 17:58:11.770   529  1537 D EnterpriseController: netId is 0
09-13 17:58:11.770   529  1537 D Netd    : getNetworkForDns: using netid 502 for uid 10547
09-13 17:58:11.770   529  1537 D DnsProxyListener: DNSDBG::dns addrinfo af 2
09-13 17:58:12.425   786   786 I MSM-irqbalance: Decided to move IRQ215 from CPU5 to CPU4
09-13 17:58:12.539  1467  4512 W ContextImpl: Calling a method in the system process without a qualified user: android.app.ContextImpl.sendBroadcast:906 j.h.vy:-1 j.h.vx:-1 j.m.handleMessage:-1 android.os.Handler.dispatchMessage:102 
09-13 17:58:12.540  1467  4512 D SurveyLogging: app_id = com.android.server.ssrm, feature = SLUG, extra = {"S_INFO":"30009/com.quvideo.xiaoying/0/4073/1", "SSRM":"0/403200/400000000/42/0/3606958/X/X/X/X", "MEMINFO":"3710320/183616/173376/1737788/581212/403836/936844/952956/2097148/1995904/512032", "OOMINFO":"229335/202216/200681/10985/114598/46234/92997/0/0/50708/0/0/165919/453844/0", "COMP":"interpret-only", "UPTIME":"13185.45"}
09-13 17:58:12.602  1467  4512 D SSRM:a  : SIOP:: AP = 400, PST = 396 (W:14), BAT = 338, CHG = 390
09-13 17:58:12.606  1467  4512 W System.err: java.lang.ArrayIndexOutOfBoundsException: length=2; index=2
09-13 17:58:12.607  1467  4512 W System.err: 	at j.d.uY()
09-13 17:58:12.607  1467  4512 W System.err: 	at j.a.uJ()
09-13 17:58:12.607  1467  4512 W System.err: 	at e.F.nh()
09-13 17:58:12.607  1467  4512 W System.err: 	at com.android.server.ssrm.am.iX()
09-13 17:58:12.607  1467  4512 W System.err: 	at e.a.ii()
09-13 17:58:12.607  1467  4512 W System.err: 	at e.a.iR()
09-13 17:58:12.607  1467  4512 W System.err: 	at e.b.run()
09-13 17:58:12.607  1467  4512 W System.err: 	at android.os.Handler.handleCallback(Handler.java:751)
09-13 17:58:12.607  1467  4512 W System.err: 	at android.os.Handler.dispatchMessage(Handler.java:95)
09-13 17:58:12.607  1467  4512 W System.err: 	at android.os.Looper.loop(Looper.java:154)
09-13 17:58:12.607  1467  4512 W System.err: 	at android.os.HandlerThread.run(HandlerThread.java:61)
09-13 17:58:12.759  1467  2538 D WifiWatchdogStateMachine.NetworkStatsAnalyzer: 66 12 24663 913 373 76
09-13 17:58:12.985  1467  2398 D SamsungAlarmManager: Expired : 4
09-13 17:58:12.985  1467  2398 I SamsungAlarmManager: setLocked to kernel - T:2 / 20180913T180027, SetElapsed=13320763, nowELAPSED=13185905
09-13 17:58:12.985  1467  2398 I SamsungAlarmManager: setLocked to kernel - T:3 / 20180913T175813, SetElapsed=13186501, nowELAPSED=13185905
09-13 17:58:12.986  1467  2398 V SamsungAlarmManager: Sending to uid : 10547 action=com.pingstart.adsdk.ACTION_START_OPTIMIZE alarm=Alarm{56e8f4e type 0 when 1536832692985 com.quvideo.xiaoying}
09-13 17:58:12.988  1467  1509 D MountService: getExternalStorageMountMode : 1
09-13 17:58:12.988  1467  1509 D MountService: getExternalStorageMountMode : 3
09-13 17:58:12.989  1467  1509 D MountService: getExternalStorageMountMode : final mountMode=1, uid : 10547, packageName : com.quvideo.xiaoying
09-13 17:58:13.010  1467  1509 I ActivityManager: Start proc 16682:com.quvideo.xiaoying:optimize/u0a547 for broadcast com.quvideo.xiaoying/com.pingstart.adsdk.receiver.OptimizeReceiver
09-13 17:58:13.012 16682 16682 E Zygote  : v2
09-13 17:58:13.012 16682 16682 I libpersona: KNOX_SDCARD checking this for 10547
09-13 17:58:13.012 16682 16682 I libpersona: KNOX_SDCARD not a persona
09-13 17:58:13.014 16682 16682 E Zygote  : accessInfo : 0
09-13 17:58:13.015 16682 16682 W SELinux : SELinux selinux_android_compute_policy_index : Policy Index[2],  Con:u:r:zygote:s0 RAM:SEPF_SECMOBILE_7.0_0009, [-1 -1 -1 -1 0 1]
09-13 17:58:13.019 16682 16682 I SELinux : SELinux: seapp_context_lookup: seinfo=untrusted, level=s0:c512,c768, pkgname=com.quvideo.xiaoying:optimize 
09-13 17:58:13.047  1467  2479 I ActivityManager: DSS on for com.quvideo.xiaoying and scale is 1.0
09-13 17:58:13.223 16682 16682 D XiaoYing: VivaBaseApplication:attachBaseContext isMainProcess
09-13 17:58:13.224 16682 16682 D XiaoYing: loadDex:App attachBaseContext 
09-13 17:58:13.225 16682 16682 D XiaoYing: loadDex::quickStart curProcessName=com.quvideo.xiaoying:optimize
09-13 17:58:13.225 16682 16682 D XiaoYing: loadDex::quickStart false!
09-13 17:58:13.233 16682 16682 D XiaoYing: loadDex::quickStart curProcessName=com.quvideo.xiaoying:optimize
09-13 17:58:13.233 16682 16682 D XiaoYing: loadDex::quickStart false!
09-13 17:58:13.235 16682 16682 D XiaoYing: loadDex::quickStart curProcessName=com.quvideo.xiaoying:optimize
09-13 17:58:13.235 16682 16682 D XiaoYing: loadDex::quickStart false!
09-13 17:58:13.250  1467 11063 D PackageManager: setEnabledSetting : userId = 0 packageName = com.quvideo.xiaoying cmp = androidx.work.impl.background.systemjob.SystemJobService newState = 1 callingPackage = 10547
09-13 17:58:13.255 16682 16682 D PackageManagerHelper: androidx.work.impl.background.systemjob.SystemJobService enabled
09-13 17:58:13.255 16682 16682 D Schedulers: Created SystemJobScheduler and enabled SystemJobService
09-13 17:58:13.258  1467  2511 D PackageManager: setEnabledSetting : userId = 0 packageName = com.quvideo.xiaoying cmp = androidx.work.impl.background.firebase.FirebaseJobService newState = 2 callingPackage = 10547
09-13 17:58:13.259 16682 16682 D PackageManagerHelper: androidx.work.impl.background.firebase.FirebaseJobService disabled
09-13 17:58:13.261  1467  1484 D PackageManager: setEnabledSetting : userId = 0 packageName = com.quvideo.xiaoying cmp = androidx.work.impl.background.systemalarm.SystemAlarmService newState = 2 callingPackage = 10547
09-13 17:58:13.262 16682 16682 D PackageManagerHelper: androidx.work.impl.background.systemalarm.SystemAlarmService disabled
09-13 17:58:13.304  1467 14387 I ActivityManager: Killing 15497:com.samsung.android.app.music.chn:provider/u0a190 (adj 906): DHA:empty #37
09-13 17:58:13.318  1467  6812 D SamsungAlarmManager: Cancel Alarm calling from uid:10547 pid :16682 / op:PendingIntent{410f86f: PendingIntentRecord{71effcb com.quvideo.xiaoying startService}}
09-13 17:58:13.325  1467  2565 D SamsungAlarmManager: setExact Intent (T:0/F:1/AC:false) 20180914T015813 - CU:10547/CP:16682
09-13 17:58:13.389  1467  3812 D ActivityManager: cleanUpApplicationRecord -- 15497
09-13 17:58:13.391  2920  2946 D ForegroundUtils: could not check pending caller
09-13 17:58:13.581  1467  2398 D SamsungAlarmManager: Expired : 8
09-13 17:58:13.581  1467  2398 I SamsungAlarmManager: setLocked to kernel - T:3 / 20180913T175900, SetElapsed=13232920, nowELAPSED=13186501
09-13 17:58:13.581  1467  2398 V SamsungAlarmManager: Sending to uid : 10547 action=com.android.xiaoying.alarm.receive alarm=Alarm{882c205 type 1 when 1536832693581 com.quvideo.xiaoying}
09-13 17:58:13.604  1467 14389 D SamsungAlarmManager: Cancel Alarm calling from uid:10547 pid :16359 / op:PendingIntent{ba8525a: PendingIntentRecord{b5eac8b com.quvideo.xiaoying broadcastIntent}}
09-13 17:58:13.607  1467 11063 D SamsungAlarmManager: Cancel Alarm calling from uid:10547 pid :16359 / op:PendingIntent{e640168: PendingIntentRecord{7727981 com.quvideo.xiaoying broadcastIntent}}
09-13 17:58:13.612  1467  3785 D SamsungAlarmManager: Cancel Alarm calling from uid:10547 pid :16359 / op:PendingIntent{7893a26: PendingIntentRecord{b5eac8b com.quvideo.xiaoying broadcastIntent}}
09-13 17:58:13.613  1467  2479 D SamsungAlarmManager: Cancel Alarm calling from uid:10547 pid :16359 / op:PendingIntent{4898667: PendingIntentRecord{7727981 com.quvideo.xiaoying broadcastIntent}}
09-13 17:58:13.640 16359 16387 D PlatformAlarmService: Run job, request{id=2, tag=AlarmReceiverJob, transient=false}, waited 00:00:00, delay 00:00:00
09-13 17:58:13.645 16359 16387 I JobExecutor: Executing request{id=2, tag=AlarmReceiverJob, transient=false}, context PlatformAlarmService
09-13 17:58:13.666 16359 16701 I JobExecutor: Finished job{id=2, finished=true, result=SUCCESS, canceled=false, periodic=false, class=b, tag=AlarmReceiverJob}
09-13 17:58:13.668 16359 16387 D PlatformAlarmService: Finished job, request{id=2, tag=AlarmReceiverJob, transient=false} SUCCESS
09-13 17:58:13.672 16359 16591 W linker  : /data/app/com.quvideo.xiaoying-1/lib/arm/libffmpeg.so: unused DT entry: type 0x7ffffffd arg 0x11470
09-13 17:58:13.672 16359 16591 W linker  : /data/app/com.quvideo.xiaoying-1/lib/arm/libffmpeg.so: unused DT entry: type 0x7ffffffd arg 0x11474
09-13 17:58:13.682 16359 16591 D QVDEBUG : register_native_methods_of_imageutils enter
09-13 17:58:13.682 16359 16591 D QVDEBUG : get_java_methods_of_imageutils enter
09-13 17:58:13.682 16359 16591 D QVDEBUG : get_java_methods_of_imageutils success
09-13 17:58:13.694 16359 16591 D QVDEBUG : register_native_methods_of_imageutils enter
09-13 17:58:13.694 16359 16591 D QVDEBUG : get_java_methods_of_imageutils enter
09-13 17:58:13.694 16359 16591 D QVDEBUG : get_java_methods_of_imageutils success
09-13 17:58:13.712 16359 16702 E XiaoYing: XiaoYing:[XY-SDK]{a=si, b=1.0, c=10022901, d=6779b7204f299e76c0145550bde4f2d3, e=, i={"a":"zh_CN","b":"CN"}, j=68541f9d23db2fdaa3f43db18816fa5f, k=7.3.1, l=1536832693, h=}
09-13 17:58:13.713 16359 16702 E XiaoYing: XiaoYing:[XY-SDK]Before execute API[si]
09-13 17:58:13.718 16359 16703 E XiaoYing: XiaoYing:[XY-SDK]{a=sv, b=1.0, c=10022901, d=6779b7204f299e76c0145550bde4f2d3, e=, i={"b":"zh_CN","c":"CN","duid":""}, j=ac855e378b17f8318c37826445144675, k=7.3.1, l=1536832693, h=}
09-13 17:58:13.720 16359 16703 E XiaoYing: XiaoYing:[XY-SDK]Before execute API[sv]
09-13 17:58:13.726 16359 16704 E XiaoYing: XiaoYing:[XY-SDK]{a=su, b=1.0, c=10022901, d=6779b7204f299e76c0145550bde4f2d3, e=, i={"a":"CN","b":"0"}, j=12f71d59c8c9d26a6b2c1a2482e7547d, k=7.3.1, l=1536832693, h=}
09-13 17:58:13.726 16359 16704 E XiaoYing: XiaoYing:[XY-SDK]Before execute API[su]
09-13 17:58:13.730 16359 16705 I XiaoYing: OkHttpRequest:Sending request https://s.api.xiaoying.co/api/rest/s/sv?requestMethod=sv&serverVer=1.0&appKey=10022901&requestParam=%7B%22b%22%3A%22zh_CN%22%2C%22c%22%3A%22CN%22%2C%22duid%22%3A%22%22%7D&countryCode=CN&productId=2 on null
09-13 17:58:13.730 16359 16705 I XiaoYing: X-Xiaoying-Security-countryCode: CN
09-13 17:58:13.730 16359 16705 I XiaoYing: X-Xiaoying-Security-productId: 2
09-13 17:58:13.730 16359 16705 I XiaoYing: Accept: text/html,application/xhtml+xml,application/xml,application/json,application/octet-stream
09-13 17:58:13.730 16359 16705 I XiaoYing: User-Agent: XiaoYing Android
09-13 17:58:13.733   529  1537 D EnterpriseController: netId is 0
09-13 17:58:13.733   529  1537 D Netd    : getNetworkForDns: using netid 502 for uid 10547
09-13 17:58:13.733   529  1537 D DnsProxyListener: DNSDBG::dns addrinfo af 2
09-13 17:58:13.738 16359 16707 I XiaoYing: OkHttpRequest:Sending request https://s.api.xiaoying.co/api/rest/s/si?requestMethod=si&serverVer=1.0&appKey=10022901&requestParam=%7B%22a%22%3A%22zh_CN%22%2C%22b%22%3A%22CN%22%7D&countryCode=CN&productId=2 on null
09-13 17:58:13.738 16359 16707 I XiaoYing: X-Xiaoying-Security-countryCode: CN
09-13 17:58:13.738 16359 16707 I XiaoYing: X-Xiaoying-Security-productId: 2
09-13 17:58:13.738 16359 16707 I XiaoYing: Accept: text/html,application/xhtml+xml,application/xml,application/json,application/octet-stream
09-13 17:58:13.738 16359 16707 I XiaoYing: User-Agent: XiaoYing Android
09-13 17:58:13.744 16359 16708 I XiaoYing: OkHttpRequest:Sending request https://s.api.xiaoying.co/api/rest/s/su?requestMethod=su&serverVer=1.0&appKey=10022901&requestParam=%7B%22a%22%3A%22CN%22%2C%22b%22%3A%220%22%7D&countryCode=CN&productId=2 on null
09-13 17:58:13.744 16359 16708 I XiaoYing: X-Xiaoying-Security-countryCode: CN
09-13 17:58:13.744 16359 16708 I XiaoYing: X-Xiaoying-Security-productId: 2
09-13 17:58:13.744 16359 16708 I XiaoYing: Accept: text/html,application/xhtml+xml,application/xml,application/json,application/octet-stream
09-13 17:58:13.744 16359 16708 I XiaoYing: User-Agent: XiaoYing Android
09-13 17:58:13.761  1467  2538 D WifiWatchdogStateMachine.NetworkStatsAnalyzer: 44 9 13769 1091 312 121
09-13 17:58:13.882 16359 16707 I XiaoYing: OkHttpRequest:Received response for https://s.api.xiaoying.co/api/rest/s/si?requestMethod=si&serverVer=1.0&appKey=10022901&requestParam=%7B%22a%22%3A%22zh_CN%22%2C%22b%22%3A%22CN%22%7D&countryCode=CN&productId=2 in 143.6ms
09-13 17:58:13.882 16359 16707 I XiaoYing: server: Tengine
09-13 17:58:13.882 16359 16707 I XiaoYing: date: Thu, 13 Sep 2018 09:58:15 GMT
09-13 17:58:13.882 16359 16707 I XiaoYing: content-type: application/json;charset=UTF-8
09-13 17:58:13.882 16359 16707 I XiaoYing: content-length: 2
09-13 17:58:13.882 16359 16707 I XiaoYing: expires: Thu,13 Sep 2018 10:28:15 GMT
09-13 17:58:13.883 16359 16705 I XiaoYing: OkHttpRequest:Received response for https://s.api.xiaoying.co/api/rest/s/sv?requestMethod=sv&serverVer=1.0&appKey=10022901&requestParam=%7B%22b%22%3A%22zh_CN%22%2C%22c%22%3A%22CN%22%2C%22duid%22%3A%22%22%7D&countryCode=CN&productId=2 in 153.6ms
09-13 17:58:13.883 16359 16705 I XiaoYing: server: Tengine
09-13 17:58:13.883 16359 16705 I XiaoYing: date: Thu, 13 Sep 2018 09:58:15 GMT
09-13 17:58:13.883 16359 16705 I XiaoYing: content-type: application/json;charset=UTF-8
09-13 17:58:13.883 16359 16705 I XiaoYing: content-length: 2
09-13 17:58:13.883 16359 16705 I XiaoYing: expires: Thu,1 Jan 1970 12:00:00 GMT
09-13 17:58:13.884 16359 16702 E XiaoYing: XiaoYing:[XY-SDK]After execute API[si], cost[171]
09-13 17:58:13.884 16359 16702 E XiaoYing: XiaoYing:[XY-SDK]Parse API[si] data, cost[0]
09-13 17:58:13.884 16359 16702 E XiaoYing: XiaoYing:[XY-SDK]jsonObject = []
09-13 17:58:13.887 16359 16703 E XiaoYing: XiaoYing:[XY-SDK]After execute API[sv], cost[167]
09-13 17:58:13.887 16359 16703 E XiaoYing: XiaoYing:[XY-SDK]Parse API[sv] data, cost[0]
09-13 17:58:13.887 16359 16703 E XiaoYing: XiaoYing:[XY-SDK]jsonObject = []
09-13 17:58:13.904 16359 16702 E XiaoYing: SocialService:API [support.splash.update] total cost:194
09-13 17:58:13.904 16359 16592 E XiaoYing: i:onServiceNotify,key[key_api_method],result[131072]
09-13 17:58:13.905 16359 16592 I XiaoYing: h:Method[support.splash.update], result[131072], bundle:Bundle[{request_param1=CN, social_method=support.splash.update, errCode=-1, lParam=0, wParam=0, lang=zh_CN, splash_update_count=0}]
09-13 17:58:13.908 16359 16708 I XiaoYing: OkHttpRequest:Received response for https://s.api.xiaoying.co/api/rest/s/su?requestMethod=su&serverVer=1.0&appKey=10022901&requestParam=%7B%22a%22%3A%22CN%22%2C%22b%22%3A%220%22%7D&countryCode=CN&productId=2 in 164.0ms
09-13 17:58:13.908 16359 16708 I XiaoYing: server: Tengine
09-13 17:58:13.908 16359 16708 I XiaoYing: date: Thu, 13 Sep 2018 09:58:15 GMT
09-13 17:58:13.908 16359 16708 I XiaoYing: content-type: application/json;charset=UTF-8
09-13 17:58:13.908 16359 16708 I XiaoYing: content-length: 543
09-13 17:58:13.908 16359 16708 I XiaoYing: expires: Thu,13 Sep 2018 10:28:15 GMT
09-13 17:58:13.910 16359 16592 E XiaoYing: SplashInfoManager:doUpdateSplash onNotify back
09-13 17:58:13.911 16359 16703 E XiaoYing: SocialService:API [support.get.popwindow] total cost:194
09-13 17:58:13.913 16359 16704 E XiaoYing: XiaoYing:[XY-SDK]After execute API[su], cost[187]
09-13 17:58:13.914 16359 16704 E XiaoYing: XiaoYing:[XY-SDK]Parse API[su] data, cost[1]
09-13 17:58:13.914 16359 16704 E XiaoYing: XiaoYing:[XY-SDK]jsonObject = [{"pagetype":1,"snscode":"7","orderno":0,"countrycode":"CN","ismain":0,"snsname":"微信","snslogo":"","title":"微信","intentparam":"","isintent":0,"desc":""},{"pagetype":1,"snscode":"11","orderno":0,"countrycode":"CN","ismain":0,"snsname":"QQ","snslogo":"","title":"QQ","intentparam":"","isintent":0,"desc":""},{"pagetype":1,"snscode":"1","orderno":0,"countrycode":"CN","ismain":0,"snsname":"新浪微博","snslogo":"http:\/\/app2.xiaoying.tv\/2016\/6\/1\/111213\/1464750733003.png","title":"新浪微博","intentparam":"","isintent":0,"desc":""}]
09-13 17:58:13.923 16359 16704 E XiaoYing: SocialService:API [support.get.snsconfig] total cost:199
09-13 17:58:13.923 16359 16592 E XiaoYing: i:onServiceNotify,key[key_api_method],result[131072]
09-13 17:58:13.923 16359 16592 I XiaoYing: h:Method[support.get.popwindow], result[131072], bundle:Bundle[{request_param1=CN, request_param2=zh_CN, social_method=support.get.popwindow, errCode=-1, popupwindow_update_count=0, lParam=0, wParam=0}]
09-13 17:58:13.923 16359 16592 E XiaoYing: SplashInfoManager:doUpdatePopupWindowInfo onNotify back
09-13 17:58:13.930 16359 16592 E XiaoYing: i:onServiceNotify,key[key_api_method],result[131072]
09-13 17:58:13.931 16359 16592 I XiaoYing: h:Method[support.get.snsconfig], result[131072], bundle:Bundle[{request_param1=CN, request_param2=0, social_method=support.get.snsconfig, errCode=-1, lParam=0, wParam=0}]
09-13 17:58:14.357  1467  2470 D wifi    : onLinkStatsResults: radio_stat.on_time = 4021937
09-13 17:58:14.357  1467  2470 D wifi    : onLinkStatsResults: radio_stat.tx_time = 0
09-13 17:58:14.357  1467  2470 D wifi    : onLinkStatsResults: radio_stat.rx_time = 0
09-13 17:58:14.357  1467  2470 D wifi    : android_net_wifi_getLinkLayerStats: radio_stat.on_time = 4021937
09-13 17:58:14.357  1467  2470 D wifi    : android_net_wifi_getLinkLayerStats: radio_stat.tx_time = 0
09-13 17:58:14.357  1467  2470 D wifi    : android_net_wifi_getLinkLayerStats: radio_stat.rx_time = 0
09-13 17:58:14.363  1467  2470 D WifiStateMachine: Current network is: "XY_Employee" , ID is: 2
09-13 17:58:14.363  1467  2470 D WifiStateMachine: Current network is still qualified due to heavy traffic, txSuccessRate=68.42399342467647 rxSuccessRate=231.89449011702442
09-13 17:58:14.363  1467  2470 D WifiStateMachine: Current network is 5GHz, bail out...
09-13 17:58:14.505 13698 13720 D MSF.D.QLog: QLog clear logs
09-13 17:58:14.609   531   531 I cnss-daemon: RTM_NEWROUTE Indication
09-13 17:58:14.618 16359 16428 I System.out: (HTTPLog)-Static: isSBSettingEnabled false
09-13 17:58:14.620 16359 16428 I System.out: (HTTPLog)-Static: isSBSettingEnabled false
09-13 17:58:14.623   529  1537 D EnterpriseController: netId is 0
09-13 17:58:14.623   529  1537 D Netd    : getNetworkForDns: using netid 502 for uid 10547
09-13 17:58:14.623   529  1537 D DnsProxyListener: DNSDBG::dns addrinfo af 2
09-13 17:58:14.654  8333  8360 I ReschedulableTimer: [#CMH#] ReschedulableTimer started 
09-13 17:58:14.764  1467  2538 D WifiWatchdogStateMachine.NetworkStatsAnalyzer: 95 41 38017 4732 400 115
09-13 17:58:14.804 16695 16695 E ExtendedServiceUtils: Failed to load libdashplayer.so : dlopen failed: library "libdashplayer.so" not found
09-13 17:58:14.804 16695 16695 D SecurityManagerNative: SecurityManagerNative v2.7.2.6 On 32bit PLATFORM With BORINGSSL
09-13 17:58:14.812 16695 16695 E appproc : Enhanced Zygote ASLR: ro.knox.enhance.zygote.aslr != 1. Enhanced Zygote ASLR is DISABLED!
09-13 17:58:14.812 16695 16695 D AndroidRuntime: >>>>>> START com.android.internal.os.RuntimeInit uid 2000 <<<<<<
09-13 17:58:14.821 16695 16695 D AndroidRuntime: CheckJNI is OFF
09-13 17:58:14.827 16695 16695 D AndroidRuntime: addProductProperty: start
09-13 17:58:14.953 16695 16695 I MLDAP   :            libMLDAP/MLDAP.c:  53: ================================================
09-13 17:58:14.953 16695 16695 I MLDAP   :            libMLDAP/MLDAP.c:  53:  MLDAP_LIB v1.1.20
09-13 17:58:14.953 16695 16695 I MLDAP   :            libMLDAP/MLDAP.c:  53: ================================================
09-13 17:58:15.093 16695 16695 I TMSDISP : AcsAndroidVirtualDisplayIntfImpl
09-13 17:58:15.117 16695 16695 D ICU     : No timezone override file found: /data/misc/zoneinfo/current/icu/icu_tzdata.dat
09-13 17:58:15.175 16695 16695 I Radio-JNI: register_android_hardware_Radio DONE
09-13 17:58:15.195 16695 16695 D ReflectionHelper: loadKlass() : caller=android.app.Activity.<clinit>:7594 <bottom of call stack> 
09-13 17:58:15.195 16695 16695 D ReflectionHelper: Reflecting method.....  class <onScreenChanged>
09-13 17:58:15.201 16695 16695 E SemAffinityControl: SemAffinityControl: registerfunction enter
09-13 17:58:15.244 16695 16695 D AndroidRuntime: Calling main entry com.android.commands.pm.Pm
09-13 17:58:15.449 16695 16720 W MessageQueue: Handler (android.os.Handler) {d63dafe} sending message to a Handler on a dead thread
09-13 17:58:15.449 16695 16720 W MessageQueue: java.lang.IllegalStateException: Handler (android.os.Handler) {d63dafe} sending message to a Handler on a dead thread
09-13 17:58:15.449 16695 16720 W MessageQueue: 	at android.os.MessageQueue.enqueueMessage(MessageQueue.java:543)
09-13 17:58:15.449 16695 16720 W MessageQueue: 	at android.os.Handler.enqueueMessage(Handler.java:643)
09-13 17:58:15.449 16695 16720 W MessageQueue: 	at android.os.Handler.sendMessageAtTime(Handler.java:612)
09-13 17:58:15.449 16695 16720 W MessageQueue: 	at android.os.Handler.sendMessageDelayed(Handler.java:582)
09-13 17:58:15.449 16695 16720 W MessageQueue: 	at android.os.Handler.post(Handler.java:338)
09-13 17:58:15.449 16695 16720 W MessageQueue: 	at android.os.ResultReceiver$MyResultReceiver.send(ResultReceiver.java:57)
09-13 17:58:15.449 16695 16720 W MessageQueue: 	at com.android.internal.os.IResultReceiver$Stub.onTransact(IResultReceiver.java:58)
09-13 17:58:15.449 16695 16720 W MessageQueue: 	at android.os.Binder.execTransact(Binder.java:573)
09-13 17:58:15.450 16695 16695 I art     : System.exit called, status: 0
09-13 17:58:15.450 16695 16695 I AndroidRuntime: VM exiting with result code 0.
09-13 17:58:15.450 16695 16695 I TMSDISP : AcsAndroidVirtualDisplayIntfImpl::~AcsAndroidVirtualDisplayIntfImpl - Enter
09-13 17:58:15.450 16695 16695 I TMSDISP : AcsAndroidVirtualDisplayIntfImpl::~AcsAndroidVirtualDisplayIntfImpl - Enter2
09-13 17:58:15.450 16695 16695 I TMSDISP : AcsAndroidVirtualDisplayIntfImpl::~AcsAndroidVirtualDisplayIntfImpl - mSource2
09-13 17:58:15.450 16695 16695 I TMSDISP : AcsAndroidVirtualDisplayIntfImpl::~AcsAndroidVirtualDisplayIntfImpl - Exit
09-13 17:58:15.766  1467  2538 D WifiWatchdogStateMachine.NetworkStatsAnalyzer: 29 0 9839 0 339 0
09-13 17:58:16.768  1467  2538 D WifiWatchdogStateMachine.NetworkStatsAnalyzer: 36 0 14528 0 403 0
09-13 17:58:17.200 16724 16724 E ExtendedServiceUtils: Failed to load libdashplayer.so : dlopen failed: library "libdashplayer.so" not found
09-13 17:58:17.201 16724 16724 D SecurityManagerNative: SecurityManagerNative v2.7.2.6 On 32bit PLATFORM With BORINGSSL
09-13 17:58:17.209 16724 16724 E appproc : Enhanced Zygote ASLR: ro.knox.enhance.zygote.aslr != 1. Enhanced Zygote ASLR is DISABLED!
09-13 17:58:17.209 16724 16724 D AndroidRuntime: >>>>>> START com.android.internal.os.RuntimeInit uid 2000 <<<<<<
09-13 17:58:17.218 16724 16724 D AndroidRuntime: CheckJNI is OFF
09-13 17:58:17.224 16724 16724 D AndroidRuntime: addProductProperty: start
09-13 17:58:17.351 16724 16724 I MLDAP   :            libMLDAP/MLDAP.c:  53: ================================================
09-13 17:58:17.351 16724 16724 I MLDAP   :            libMLDAP/MLDAP.c:  53:  MLDAP_LIB v1.1.20
09-13 17:58:17.351 16724 16724 I MLDAP   :            libMLDAP/MLDAP.c:  53: ================================================
09-13 17:58:17.385  1467  2470 D wifi    : onLinkStatsResults: radio_stat.on_time = 4023305
09-13 17:58:17.385  1467  2470 D wifi    : onLinkStatsResults: radio_stat.tx_time = 0
09-13 17:58:17.386  1467  2470 D wifi    : onLinkStatsResults: radio_stat.rx_time = 0
09-13 17:58:17.386  1467  2470 D wifi    : android_net_wifi_getLinkLayerStats: radio_stat.on_time = 4023305
09-13 17:58:17.386  1467  2470 D wifi    : android_net_wifi_getLinkLayerStats: radio_stat.tx_time = 0
09-13 17:58:17.386  1467  2470 D wifi    : android_net_wifi_getLinkLayerStats: radio_stat.rx_time = 0
09-13 17:58:17.391  1467  2470 D WifiStateMachine: Current network is: "XY_Employee" , ID is: 2
09-13 17:58:17.392  1467  2470 D WifiStateMachine: Current network is still qualified due to heavy traffic, txSuccessRate=39.711996712338234 rxSuccessRate=191.4472450585122
09-13 17:58:17.392  1467  2470 D WifiStateMachine: Current network is 5GHz, bail out...
09-13 17:58:17.421   786   786 I MSM-irqbalance: Decided to move IRQ177 from CPU5 to CPU4
09-13 17:58:17.496 16724 16724 I TMSDISP : AcsAndroidVirtualDisplayIntfImpl
09-13 17:58:17.519 16724 16724 D ICU     : No timezone override file found: /data/misc/zoneinfo/current/icu/icu_tzdata.dat
09-13 17:58:17.576 16724 16724 I Radio-JNI: register_android_hardware_Radio DONE
09-13 17:58:17.596 16724 16724 D ReflectionHelper: loadKlass() : caller=android.app.Activity.<clinit>:7594 <bottom of call stack> 
09-13 17:58:17.596 16724 16724 D ReflectionHelper: Reflecting method.....  class <onScreenChanged>
09-13 17:58:17.604 16724 16724 E SemAffinityControl: SemAffinityControl: registerfunction enter
09-13 17:58:17.647 16724 16724 D AndroidRuntime: Calling main entry com.android.commands.am.Am
09-13 17:58:17.661  1467 14386 I ActivityManager: Force stopping com.quvideo.xiaoying appid=10547 user=0: from pid 16724
09-13 17:58:17.663  1467 14386 I ActivityManager: Killing 16682:com.quvideo.xiaoying:optimize/u0a547 (adj 500): stop com.quvideo.xiaoying cause from pid 16724
09-13 17:58:17.663  1467 14386 D ActivityManager: cleanUpApplicationRecord -- 16682
09-13 17:58:17.664  1467 14386 W ActivityManager: Scheduling restart of crashed service com.quvideo.xiaoying/com.pingstart.adsdk.service.OptimizeService in 1000ms
09-13 17:58:17.665  1467 14386 I ActivityManager: Killing 16359:com.quvideo.xiaoying/u0a547 (adj 0): stop com.quvideo.xiaoying cause from pid 16724
09-13 17:58:17.665  2920  2938 D ForegroundUtils: could not check pending caller
09-13 17:58:17.668  1467 14386 D ActivityManager: cleanUpApplicationRecord -- 16359
09-13 17:58:17.669  1467 14386 W ActivityManager: Scheduling restart of crashed service com.quvideo.xiaoying/com.xiaomi.mipush.sdk.MessageHandleService in 10995ms
09-13 17:58:17.669  1467 14386 W ActivityManager: Scheduling restart of crashed service com.quvideo.xiaoying/com.cloudtech.ads.core.AdGuardService in 20995ms
09-13 17:58:17.670  1467 14386 W ActivityManager: Force removing ActivityRecord{fbc3022d0 u0 com.quvideo.xiaoying/.app.SplashActivity t2625}: app died, no saved state
09-13 17:58:17.670  1467 14386 W MultiScreenManagerService: moveTaskBackToDisplayIfNeeded(): root is not base activity
09-13 17:58:17.670  2920  2946 D ForegroundUtils: could not check pending caller
09-13 17:58:17.673  1467  1511 D WindowManager: set systemUiVisibility of statusbar : systemUiFlags= 0x608 fullscreenStackSysUiFlag= 0x0
09-13 17:58:17.679  1467 14386 D InputDispatcher: Focus left window: 16359
09-13 17:58:17.680  1467 14386 D InputDispatcher: Focused application released
09-13 17:58:17.680  1467 11063 D WindowManager: adjustSystemUiVisibilityLw : vis= 0x608
09-13 17:58:17.682  1467 14386 D ActivityManager: moveToFront() : reason=appDied setFocusedActivity isAttached=true TaskRecord{bafe6b9d0 #2537 I=com.sec.android.app.launcher/com.android.launcher3.Launcher U=0 StackId=0 sz=1}
09-13 17:58:17.683  1467 14386 D ActivityManager: setFocusStackUnchecked: reason=appDied setFocusedActivity focusCandidate=ActivityStack{9a0359dd0 stackId=0, 2 tasks} caller=com.android.server.am.ActivityStack.moveToFront:883 com.android.server.am.ActivityStackSupervisor.moveActivityStackToFront:2050 
09-13 17:58:17.683  1467 14386 W MultiScreenManagerService: failed to move task TaskRecord{a912c6ed0 #2625 A=com.quvideo.xiaoying U=0 StackId=1 sz=0}
09-13 17:58:17.689  1467 14386 D InputDispatcher: Focused application set to: xxxx
09-13 17:58:17.690  1467 14386 D ActivityManager: resumeTopActivityInnerLocked() : #0 prevTask=null next=ActivityRecord{8f54bbdd0 u0 com.sec.android.app.launcher/.activities.LauncherActivity t2537} mFocusedStack=ActivityStack{9a0359dd0 stackId=0, 2 tasks}
09-13 17:58:17.691  1467  4512 D ac      : limitGPUFreq:: freq = -1
09-13 17:58:17.694  1467  4512 D ac      : limitCPUFreq:: freq = -1
09-13 17:58:17.695  1467  4512 D CustomFrequencyManagerService: releaseDVFSLockLocked : Getting Lock type frm List : DVFS_MAX_LIMIT  frequency : 403200  uid : 1000  pid : 1467  tag : SIOP_ARM_MAX@34
09-13 17:58:17.696  1467 14386 D CustomFrequencyManagerService: acquireDVFSLockLocked : type : DVFS_MIN_LIMIT  frequency : 1516800  uid : 1000  pid : 1467  pkgName : AMS_APP_HOME@CPU_MIN@70
09-13 17:58:17.699  1467 14386 D ActivityManagerPerformance: AMP_acquire() HOME
09-13 17:58:17.699  1467 14386 D ActivityManager: applyOptionsLocked(), pendingOptions : null
09-13 17:58:17.707  1467 14386 V WindowManager: rotationForOrientationLw(orient=5, last=0); user=0 USER_ROTATION_LOCKED sensorRotation=-1 mLidState=-1 mDockMode=0 mHdmiPlugged=false
09-13 17:58:17.711  1467  2530 D GameManagerService: handleForegroundChange(). pkgName: com.sec.android.app.launcher, clsName: com.android.launcher3.Launcher,FgActivityName:com.sec.android.app.launcher/com.android.launcher3.Launcher
09-13 17:58:17.712  1467 14386 D MARsPolicyManager: handlePackageResumedFG pkgName = com.sec.android.app.launcher, userId = 0
09-13 17:58:17.712  1467 14386 V MARsPolicyManager: Current Home Package com.sec.android.app.launcher Resumed
09-13 17:58:17.712  1467  2530 D GameManagerService: there is not sem_perfomance_mode on setting
09-13 17:58:17.712  1467  2530 D GameManagerService: notifyResumePause(). pkg: com.sec.android.app.launcher, type: 4, isMinimized: false, isTunableApp: false
09-13 17:58:17.712  1467  2530 D GameManagerService:   notifyResumePause(). unexpected mPrevNotiType: -1
09-13 17:58:17.715  1467 14386 I ActivityManager: Killing 16457:com.quvideo.xiaoying:pushservice/u0a547 (adj 500): stop com.quvideo.xiaoying cause from pid 16724
09-13 17:58:17.715  1467 14386 D ActivityManager: cleanUpApplicationRecord -- 16457
09-13 17:58:17.715  1467 14386 W ActivityManager: Scheduling restart of crashed service com.quvideo.xiaoying/com.xiaomi.push.service.XMPushService in 30949ms
09-13 17:58:17.716  1467 14386 I ActivityManager: Killing 16440:com.quvideo.xiaoying:pushcore/u0a547 (adj 500): stop com.quvideo.xiaoying cause from pid 16724
09-13 17:58:17.716  1467 14386 D ActivityManager: cleanUpApplicationRecord -- 16440
09-13 17:58:17.716  1467 14386 W ActivityManager: Scheduling restart of crashed service com.quvideo.xiaoying/cn.jpush.android.service.PushService in 40948ms
09-13 17:58:17.719  1467 14386 I ActivityManager:   Force stopping service ServiceRecord{f255aa7 u0 com.quvideo.xiaoying/com.xiaomi.mipush.sdk.MessageHandleService}
09-13 17:58:17.719  1467 14386 I ActivityManager:   Force stopping service ServiceRecord{bc5c97c u0 com.quvideo.xiaoying/com.pingstart.adsdk.service.OptimizeService}
09-13 17:58:17.719  1467 14386 I ActivityManager:   Force stopping service ServiceRecord{d759283 u0 com.quvideo.xiaoying/cn.jpush.android.service.PushService}
09-13 17:58:17.719  1467 14386 I ActivityManager:   Force stopping service ServiceRecord{8b0ab54 u0 com.quvideo.xiaoying/com.cloudtech.ads.core.AdGuardService}
09-13 17:58:17.719  1467 14386 I ActivityManager:   Force stopping service ServiceRecord{2057c00 u0 com.quvideo.xiaoying/com.xiaomi.push.service.XMPushService}
09-13 17:58:17.720  3817  3817 I Launcher: onWindowVisibilityChanged : false
09-13 17:58:17.722  3817  3817 D ViewRootImpl@ed57b9f[LauncherActivity]: mHardwareRenderer.destroy()#1
09-13 17:58:17.723  1467  4512 D SSRM:a  : SIOP:: AP = 390, PST = 395 (W:14), BAT = 338, CHG = 390
09-13 17:58:17.723  1467  6812 V WindowManager: Relayout Window{fa82effd0 u0 com.sec.android.app.launcher/com.sec.android.app.launcher.activities.LauncherActivity}: viewVisibility=4 req=1080x1920 WM.LayoutParams{(0,0)(fillxfill) sim=#30 ty=1 fl=#81910d00 pfl=0x20000 fmt=-2 wanim=0x1030391 vsysui=0x700 needsMenuKey=2}
09-13 17:58:17.726  2920  2938 D ForegroundUtils: could not check pending caller
09-13 17:58:17.730  2920  2938 D ForegroundUtils: could not check pending caller
09-13 17:58:17.730  2920  2938 D ForegroundUtils: could not check pending caller
09-13 17:58:17.730  1467  1467 D SamsungAlarmManager: Remove alarm for next reason : android.intent.action.PACKAGE_RESTARTED : package: com.quvideo.xiaoying
09-13 17:58:17.731  1467  4512 W System.err: java.lang.ArrayIndexOutOfBoundsException: length=2; index=2
09-13 17:58:17.731  1467  4512 W System.err: 	at j.d.uY()
09-13 17:58:17.731  1467  4512 W System.err: 	at j.a.uJ()
09-13 17:58:17.731  1467  4512 W System.err: 	at e.F.nh()
09-13 17:58:17.731  1467  4512 W System.err: 	at com.android.server.ssrm.am.iX()
09-13 17:58:17.731  1467  4512 W System.err: 	at e.a.ii()
09-13 17:58:17.731  1467  4512 W System.err: 	at e.a.iR()
09-13 17:58:17.731  1467  4512 W System.err: 	at e.b.run()
09-13 17:58:17.731  1467  4512 W System.err: 	at android.os.Handler.handleCallback(Handler.java:751)
09-13 17:58:17.731  1467  4512 W System.err: 	at android.os.Handler.dispatchMessage(Handler.java:95)
09-13 17:58:17.731  1467  4512 W System.err: 	at android.os.Looper.loop(Looper.java:154)
09-13 17:58:17.731  1467  4512 W System.err: 	at android.os.HandlerThread.run(HandlerThread.java:61)
09-13 17:58:17.732  1467  2461 V NetworkPolicy: getFirewallRuleWifi UID:10547 policy:0
09-13 17:58:17.734  1467  2461 V NetworkPolicy: getFirewallRuleWifi UID:10063 policy:0
09-13 17:58:17.735  1467  2461 V NetworkPolicy: getFirewallRuleWifi UID:10038 policy:0
09-13 17:58:17.738  2587  2587 D CarrierSvcBindHelper: No carrier app for: 0
09-13 17:58:17.738  2587  2587 D CarrierSvcBindHelper: No carrier app for: 1
09-13 17:58:17.739  1467  4512 D GamePkgDataHelper: getGamePkgData(). com.sec.android.app.launcher
09-13 17:58:17.740  1467  4512 D GameManagerService: identifyGamePackage. com.sec.android.app.launcher
09-13 17:58:17.743  3817  3817 D ViewRootImpl@ed57b9f[LauncherActivity]: Relayout returned: oldFrame=[0,0][1080,1920] newFrame=[0,0][1080,1920] result=0x1 surface={isValid=false 0} surfaceGenerationChanged=false
09-13 17:58:17.745  1467  4512 D GameManagerService: identifyGamePackage. com.sec.android.app.launcher
09-13 17:58:17.749  1467  4512 D GameManagerService: identifyGamePackage. com.sec.android.app.launcher
09-13 17:58:17.749  3907  3907 D [WeatherWidget(15411)]  ClearDataReceiver: {[2B4A2AC40B5A9FD87A06E8EADDAC90149450B281952438798C09FE26B63B4828D5F14E5258F3A650127AC845F4C1177503CEA9BBF2A83714FBBE78987D5FB70604019314A9E6FB475D592C1F768929367EBD7A1D48681237A3889418BE38961E70144869951EFC7FC4E0DAADB0E1FF82]}
09-13 17:58:17.756  2920  2920 D RegisteredServicesCache: invalidateCache
09-13 17:58:17.757  1467  4512 D GameManagerService: identifyGamePackage. com.sec.android.app.launcher
09-13 17:58:17.762  3817  3817 V Launcher: Launcher.onResume()
09-13 17:58:17.770  1467  2538 D WifiWatchdogStateMachine.NetworkStatsAnalyzer: 28 1 16856 40 602 40
09-13 17:58:17.770  2920  2920 D ApduServiceInfo: seId: 0
09-13 17:58:17.771  2920  2920 D ApduServiceInfo: No com.gsma.nfc.services meta-data
09-13 17:58:17.773  2920  2920 D ApduServiceInfo: seId: 1
09-13 17:58:17.773  2920  2920 D RegisteredOthersCache: start invalidate
09-13 17:58:17.773  2920  2920 D RegisteredPoliciesCache: invalidate
09-13 17:58:17.774  2920  2920 D RegisteredAidCache: onServicePolicyUpdated
09-13 17:58:17.774  2920  2920 D RegisteredAidCache: generateAidPolicyMapLocked
09-13 17:58:17.774  2920  2920 D AidPolicyManager: print policy
09-13 17:58:17.774  2920  2920 D AidPolicyManager: table size : 0
09-13 17:58:17.778  1467  3812 W ActivityManager: Unable to start service Intent { act=com.android.launcher3.WINDOW_OVERLAY dat=app://com.sec.android.app.launcher:10063?v=0 pkg=com.google.android.googlequicksearchbox launchParam=MultiScreenLaunchParams { mDisplayId=0 mBaseDisplayId=0 mFlags=0 } } U=0: not found
09-13 17:58:17.778  3817  3817 D ExternalRequestQueue: Getting and clearing EXTERNAL_REQUEST_LIST: []
09-13 17:58:17.778  3817  3817 D ExternalMethodQueue: Getting and clearing EXTERNAL_METHOD_LIST: null
09-13 17:58:17.779  3817  3817 D Launcher.HomeController: onResume HomeContainer current alpha = 1.0
09-13 17:58:17.781  2920  2920 D RegisteredNfcFServicesCache: Service unchanged, not updating
09-13 17:58:17.784  1467  2511 D ActivityManager: post active user change for 0 fullscreen true isHomeActivity() true
09-13 17:58:17.784  1467  2511 I WallpaperManagerService: switchPersonaWallpaper is called for personaId-0
09-13 17:58:17.784  1467  1467 D WallpaperManagerService:  force update = false; persona id = 0; current user =0; current persona = 0
09-13 17:58:17.784  1467  1467 D KnoxKeyguardDelegate: clear Flag
09-13 17:58:17.785  3817  3817 I Launcher: onWindowVisibilityChanged : true
09-13 17:58:17.789  1467  6812 V WindowManager: Relayout Window{fa82effd0 u0 com.sec.android.app.launcher/com.sec.android.app.launcher.activities.LauncherActivity}: viewVisibility=0 req=1080x1920 WM.LayoutParams{(0,0)(fillxfill) sim=#130 ty=1 fl=#81910d00 pfl=0x20000 fmt=-2 wanim=0x1030391 vsysui=0x700 needsMenuKey=2}
09-13 17:58:17.790   468   468 I SurfaceFlinger: id=591 createSurf (1080x1920),1 flag=4, MauncherAct
09-13 17:58:17.792  1467  1511 D WindowManager: set systemUiVisibility of statusbar : systemUiFlags= 0x708 fullscreenStackSysUiFlag= 0x0
09-13 17:58:17.796  1467  6812 D InputDispatcher: Focus entered window: 3817
09-13 17:58:17.797  1467  2817 D WindowManager: adjustSystemUiVisibilityLw : vis= 0x708
09-13 17:58:17.797  3817  3817 D ViewRootImpl@ed57b9f[LauncherActivity]: Relayout returned: oldFrame=[0,0][1080,1920] newFrame=[0,0][1080,1920] result=0x7 surface={isValid=true -1667137536} surfaceGenerationChanged=true
09-13 17:58:17.797  3817  3817 D ViewRootImpl@ed57b9f[LauncherActivity]: mHardwareRenderer.initialize() mSurface={isValid=true -1667137536} hwInitialized=true
09-13 17:58:17.802  3817  3817 W Activity: AppLock checkAppLockState locked:false verifying:false pkgName = com.sec.android.app.launcher isInMultiWindowMode:false
09-13 17:58:17.803  3817  3817 D ViewRootImpl@ed57b9f[LauncherActivity]: MSG_WINDOW_FOCUS_CHANGED 1
09-13 17:58:17.803  3817  3817 D ViewRootImpl@ed57b9f[LauncherActivity]: mHardwareRenderer.initializeIfNeeded()#2 mSurface={isValid=true -1667137536}
09-13 17:58:17.808  3817  3817 V InputMethodManager: Starting input: tba=android.view.inputmethod.EditorInfo@869e337 nm : com.sec.android.app.launcher ic=null
09-13 17:58:17.808  3817  3817 I InputMethodManager: [IMM] startInputInner - mService.startInputOrWindowGainedFocus
09-13 17:58:17.809  1467  3812 D InputMethodManagerService: windowGainedFocus mCurrentFocusedUserId - 0 and mSecureKeypadEnabled-false
09-13 17:58:17.809  1467  3812 V InputMethodManagerService: windowGainedFocus: reason=WINDOW_FOCUS_GAIN client=android.os.BinderProxy@3997ea0 inputContext=null missingMethods= attribute=android.view.inputmethod.EditorInfo@4039580 nm = com.sec.android.app.launcher controlFlags=#104 softInputMode=#130 windowFlags=#81910d00
09-13 17:58:17.809  1467  3812 V InputMethodManagerService: Unspecified window will hide input
09-13 17:58:17.809  1467  3812 V InputMethodManagerService: hideCurrentInputLocked - !shouldHideSoftInput
09-13 17:58:17.810  1467  3812 E JavaBinder: !!! FAILED BINDER TRANSACTION !!!  (parcel size = 104)
09-13 17:58:17.811  1467  3812 W InputMethodManagerService: Got RemoteException sending setActive(false) notification to pid 16359 uid 10547
09-13 17:58:17.811  1467  3812 E JavaBinder: !!! FAILED BINDER TRANSACTION !!!  (parcel size = 108)
09-13 17:58:17.812  1467  3812 D InputTransport: Input channel constructed: fd=434
09-13 17:58:17.812  1467  3812 D InputTransport: Input channel destroyed: fd=434
09-13 17:58:17.813  3817  3817 D InputTransport: Input channel constructed: fd=80
09-13 17:58:17.814 16247 16247 I AppiumUnicodeIME: onFinishInput
09-13 17:58:17.814 16247 16247 I AppiumUnicodeIME: onStartInput
09-13 17:58:17.837  1467  3785 D WindowManager: finishDrawingWindow: Window{fa82effd0 u0 com.sec.android.app.launcher/com.sec.android.app.launcher.activities.LauncherActivity} mDrawState=DRAW_PENDING
09-13 17:58:17.839  2643  2643 D WallpaperService: updateSurface forceRelayout=false redrawNeeded=false myWidth=1920 myHeight=1920 fixedSize=true x = 0 y = 0 mWidth=1920 mHeight=1920
09-13 17:58:17.840  2643  2643 D ImageWallpaper: onVisibilityChanged: mVisible=false visible=true
09-13 17:58:17.840  2643  2643 D ImageWallpaper: Visibility changed to visible=true
09-13 17:58:17.841  2643  2643 D ImageWallpaper: drawFrame=false rotation=0 mLastRotation=0
09-13 17:58:17.841  2643  2643 D ImageWallpaper: drawFrame:[frame.width()]1920[frame.height()]1920
09-13 17:58:17.841  2643  2643 D ImageWallpaper: surfaceDimensionsChanged=false mLastSurfaceRotation=0 mDisplayWidth=-1 mDisplayHeight=-1
09-13 17:58:17.841  2643  2643 D ImageWallpaper: redrawNeeded = false, mOffsetsChanged = false
09-13 17:58:17.841  2643  2643 D ImageWallpaper: Suppressed drawFrame since redraw is not needed and offsets have not changed.
09-13 17:58:17.842  1467  1549 D CHNLowEndSamsungAnimationCreator: createSamsungAnimation type/enter : 13/false
09-13 17:58:17.842  1467  1549 D CHNLowEndSamsungAnimationCreator: createSamsungAnimation wallpaerXOffset : -420
09-13 17:58:17.842  1467  1549 D CHNLowEndSamsungAnimationCreator: createSamsungAnimation isSplit/isFixedOrientation : false/false
09-13 17:58:17.860  1467  2524 D MdnieScenarioControlService:  packageName : com.sec.android.app.launcher    className : com.sec.android.app.launcher.activities.LauncherActivity
09-13 17:58:17.861  1467  2524 V MdnieScenarioControlService: setUIMode from UI function(2)
09-13 17:58:17.869  1467  2524 V MdnieScenarioControlService: Calling MdnieManager API(setContentMode(0))
09-13 17:58:17.870  1467  2524 D SemDisplaySolutionManagerService: setMultipleScreenBrightness , application, DEFAULT, -1.0
09-13 17:58:17.870  1467  2524 V MdnieScenarioControlService: Calling SemDisplaySolutionManager API(setMultipleScreenBrightness(0)
09-13 17:58:17.870  1467  2524 I AudioService: audioEffectParam;audioHDR=0;packageName=com.sec.android.app.launcher
09-13 17:58:17.870  1467  2524 V MdnieScenarioControlService: setUIMode from UI function
09-13 17:58:17.875  1467  1549 D WindowManager: disposeInputChannel mInputChannel: 5c02da2 com.quvideo.xiaoying/com.quvideo.xiaoying.app.SplashActivity (server)
09-13 17:58:17.876  1467  1549 I WindowManager_SurfaceController: Destroying surface Surface(name=com.quvideo.xiaoying/com.quvideo.xiaoying.app.SplashActivity) called by com.android.server.wm.WindowStateAnimator.destroySurface:3070 com.android.server.wm.WindowStateAnimator.destroySurfaceLocked:1138 com.android.server.wm.WindowState.removeLocked:1923 com.android.server.wm.WindowManagerService.removeWindowInnerLocked:3056 com.android.server.wm.WindowManagerService.removeWindowInnerLocked:3016 com.android.server.wm.WindowManagerService.removeWindowLocked:2995 com.android.server.wm.WindowManagerService.removeWindowLocked:2797 com.android.server.wm.WindowManagerService.removeWindowLocked:2792 
09-13 17:58:17.877  1467 14389 D ConnectivityService: ConnectivityService NetworkRequestInfo binderDied(NetworkRequest [ id=149, legacyType=-1, [ Capabilities: INTERNET&NOT_RESTRICTED&TRUSTED] ], android.os.BinderProxy@ed6db5f)
09-13 17:58:17.877  1467  2817 D ConnectivityService: ConnectivityService NetworkRequestInfo binderDied(NetworkRequest [ id=150, legacyType=-1, [ Capabilities: INTERNET&NOT_RESTRICTED&TRUSTED] ], android.os.BinderProxy@2cc89ac)
09-13 17:58:17.877  1467  3812 D InputTransport: Input channel destroyed: fd=454
09-13 17:58:17.878  1467  1484 D GraphicsStats: Buffer count: 7
09-13 17:58:17.878  1467  2493 D ConnectivityService: releasing NetworkRequest NetworkRequest [ id=149, legacyType=-1, [ Capabilities: INTERNET&NOT_RESTRICTED&TRUSTED] ]
09-13 17:58:17.878   468  3360 I SurfaceFlinger: id=590 Removed TplashActiv (1/6)
09-13 17:58:17.879   468  3360 I SurfaceFlinger: id=590 Removed TplashActiv (-2/6)
09-13 17:58:17.879  1467  2493 D ConnectivityService: sending notification RELEASED for NetworkRequest [ id=149, legacyType=-1, [ Capabilities: INTERNET&NOT_RESTRICTED&TRUSTED] ]
09-13 17:58:17.879  1467  1549 D InputTransport: Input channel destroyed: fd=438
09-13 17:58:17.880  1467  1549 D WindowManager: disposeInputChannel mInputChannel: 51ab766 com.quvideo.xiaoying/com.quvideo.xiaoying.app.SplashActivity (server)
09-13 17:58:17.880 16247 16247 D InputTransport: Input channel destroyed: fd=61
09-13 17:58:17.880  1467  2493 E ConnectivityService: RemoteException caught trying to send a callback msg for NetworkRequest [ id=149, legacyType=-1, [ Capabilities: INTERNET&NOT_RESTRICTED&TRUSTED] ]
09-13 17:58:17.880  1467  2493 D ConnectivityService: releasing NetworkRequest NetworkRequest [ id=150, legacyType=-1, [ Capabilities: INTERNET&NOT_RESTRICTED&TRUSTED] ]
09-13 17:58:17.881  1467  1549 I WindowManager_SurfaceController: Destroying surface Surface(name=com.quvideo.xiaoying/com.quvideo.xiaoying.app.SplashActivity) called by com.android.server.wm.WindowStateAnimator.destroySurface:3070 com.android.server.wm.WindowStateAnimator.destroySurfaceLocked:1138 com.android.server.wm.WindowState.removeLocked:1923 com.android.server.wm.WindowManagerService.removeWindowInnerLocked:3056 com.android.server.wm.WindowManagerService.removeWindowInnerLocked:3016 com.android.server.wm.WindowManagerService.removeWindowLocked:2995 com.android.server.wm.WindowManagerService.removeWindowLocked:2797 com.android.server.wm.WindowManagerService.removeWindowLocked:2792 
09-13 17:58:17.882   468  3360 I SurfaceFlinger: id=589 Removed TplashActiv (1/5)
09-13 17:58:17.882   468   976 I SurfaceFlinger: id=589 Removed TplashActiv (-2/5)
09-13 17:58:17.883  1467  2493 D ConnectivityService: sending notification RELEASED for NetworkRequest [ id=150, legacyType=-1, [ Capabilities: INTERNET&NOT_RESTRICTED&TRUSTED] ]
09-13 17:58:17.883  1467  1549 D InputTransport: Input channel destroyed: fd=403
09-13 17:58:17.883  1467  2493 E ConnectivityService: RemoteException caught trying to send a callback msg for NetworkRequest [ id=150, legacyType=-1, [ Capabilities: INTERNET&NOT_RESTRICTED&TRUSTED] ]
09-13 17:58:17.887  1467 11061 W WindowManager: Failed looking up window
09-13 17:58:17.887  1467 11061 W WindowManager: java.lang.IllegalArgumentException: Requested window android.os.BinderProxy@13f5d6d does not exist
09-13 17:58:17.887  1467 11061 W WindowManager: 	at com.android.server.wm.WindowManagerService.windowForClientLocked(WindowManagerService.java:10865)
09-13 17:58:17.887  1467 11061 W WindowManager: 	at com.android.server.wm.WindowManagerService.windowForClientLocked(WindowManagerService.java:10856)
09-13 17:58:17.887  1467 11061 W WindowManager: 	at com.android.server.wm.WindowState$DeathRecipient.binderDied(WindowState.java:2449)
09-13 17:58:17.887  1467 11061 W WindowManager: 	at android.os.BinderProxy.sendDeathNotice(Binder.java:701)
09-13 17:58:17.887  1467 11061 I WindowManager: WIN DEATH: null
09-13 17:58:17.888   468  3360 I SurfaceFlinger: id=589 Removed TplashActiv (-2/5)
09-13 17:58:17.888   468  3360 I SurfaceFlinger: id=590 Removed TplashActiv (-2/5)
09-13 17:58:17.888  1467  2952 W WindowManager: Failed looking up window
09-13 17:58:17.888  1467  2952 W WindowManager: java.lang.IllegalArgumentException: Requested window android.os.BinderProxy@312a3c1 does not exist
09-13 17:58:17.888  1467  2952 W WindowManager: 	at com.android.server.wm.WindowManagerService.windowForClientLocked(WindowManagerService.java:10865)
09-13 17:58:17.888  1467  2952 W WindowManager: 	at com.android.server.wm.WindowManagerService.windowForClientLocked(WindowManagerService.java:10856)
09-13 17:58:17.888  1467  2952 W WindowManager: 	at com.android.server.wm.WindowState$DeathRecipient.binderDied(WindowState.java:2449)
09-13 17:58:17.888  1467  2952 W WindowManager: 	at android.os.BinderProxy.sendDeathNotice(Binder.java:701)
09-13 17:58:17.888  1467  2952 I WindowManager: WIN DEATH: null
09-13 17:58:17.978  1467  6812 I ActivityManager: START u0 {act=android.intent.action.MAIN typ=null flg=0x10200000 cmp=ComponentInfo{com.quvideo.xiaoying/com.quvideo.xiaoying.app.SplashActivity}} from uid 2000 on display 0
09-13 17:58:17.979  1467  6812 D ActivityManager: ActivityRecord() Constructor : multiScreenAttrs=MultiScreenAttrs{mDisplayId=0, mBaseDisplayId=0, mBaseActivity=false}
09-13 17:58:17.980  1467  6812 D CustomFrequencyManagerService: acquireDVFSLockLocked : type : DVFS_MIN_LIMIT  frequency : 1516800  uid : 1000  pid : 1467  pkgName : AMS_APP_SWITCH@CPU_MIN@56
09-13 17:58:17.981  1467  6812 D ActivityManagerPerformance: AMP_acquire() APP_SWITCH
