09-13 17:58:19.263 16735 16735 I art     : Caused by: java.lang.ClassNotFoundException: Didn't find class "android.webkit.RenderProcessGoneDetail" on path: DexPathList[[zip file "/system/app/WebViewGoogle/WebViewGoogle.apk"],nativeLibraryDirectories=[/system/app/WebViewGoogle/lib/arm, /system/app/WebViewGoogle/WebViewGoogle.apk!/lib/armeabi-v7a, /system/lib, /vendor/lib, /system/lib, /vendor/lib]]
09-13 17:58:19.263 16735 16735 I art     :   at java.lang.Class dalvik.system.BaseDexClassLoader.findClass(java.lang.String) (BaseDexClassLoader.java:56)
09-13 17:58:19.263 16735 16735 I art     :   at java.lang.Class java.lang.ClassLoader.loadClass(java.lang.String, boolean) (ClassLoader.java:380)
09-13 17:58:19.263 16735 16735 I art     :   at java.lang.Class java.lang.ClassLoader.loadClass(java.lang.String) (ClassLoader.java:312)
09-13 17:58:19.263 16735 16735 I art     :   at com.android.webview.chromium.WebViewContentsClientAdapter com.android.webview.chromium.WebViewChromiumFactoryProvider.createWebViewContentsClientAdapter(android.webkit.WebView, android.content.Context) (WebViewChromiumFactoryProvider.java:328)
09-13 17:58:19.263 16735 16735 I art     :   at void com.android.webview.chromium.WebViewChromium.init(java.util.Map, boolean) (WebViewChromium.java:42)
09-13 17:58:19.263 16735 16735 I art     :   at void android.webkit.WebView.<init>(android.content.Context, android.util.AttributeSet, int, int, java.util.Map, boolean) (WebView.java:636)
09-13 17:58:19.263 16735 16735 I art     :   at void android.webkit.WebView.<init>(android.content.Context, android.util.AttributeSet, int, int) (WebView.java:572)
09-13 17:58:19.263 16735 16735 I art     :   at void android.webkit.WebView.<init>(android.content.Context, android.util.AttributeSet, int) (WebView.java:555)
09-13 17:58:19.263 16735 16735 I art     :   at void android.webkit.WebView.<init>(android.content.Context, android.util.AttributeSet) (WebView.java:542)
09-13 17:58:19.263 16735 16735 I art     :   at void android.webkit.WebView.<init>(android.content.Context) (WebView.java:532)
09-13 17:58:19.263 16735 16735 I art     :   at void com.pingstart.adsdk.a.b.<init>(android.content.Context) (SourceFile:38)
09-13 17:58:19.263 16735 16735 I art     :   at java.lang.String com.pingstart.adsdk.i.l.cG(android.content.Context) (SourceFile:19)
09-13 17:58:19.263 16735 16735 I art     :   at void com.pingstart.adsdk.a.c(android.content.Context) (SourceFile:114)
09-13 17:58:19.263 16735 16735 I art     :   at void com.pingstart.adsdk.a.a(android.content.Context, java.lang.String, int) (SourceFile:70)
09-13 17:58:19.263 16735 16735 I art     :   at void com.pingstart.adsdk.a.l(android.content.Context, java.lang.String, int) (SourceFile:52)
09-13 17:58:19.263 16735 16735 I art     :   at void com.pingstart.adsdk.a.M(android.content.Context, java.lang.String) (SourceFile:37)
09-13 17:58:19.263 16735 16735 I art     :   at void com.quvideo.xiaoying.ads.pingstart.PingStartSdkMgr.initSdk(android.content.Context) (SourceFile:31)
09-13 17:58:19.263 16735 16735 I art     :   at void com.quvideo.xiaoying.ads.AbsAdGlobalMgr$1.a(android.content.Context, com.quvideo.xiaoying.ads.AbsAdGlobalMgr$AdSdk) (SourceFile:30)
09-13 17:58:19.263 16735 16735 I art     :   at void com.quvideo.xiaoying.ads.AbsAdGlobalMgr$1.a(java.lang.Object, com.quvideo.xiaoying.ads.AbsAdGlobalMgr$AdSdk) (SourceFile:28)
09-13 17:58:19.263 16735 16735 I art     :   at void com.quvideo.xiaoying.ads.AbsAdGlobalMgr.a(java.lang.Object, java.util.List, com.quvideo.xiaoying.ads.AbsAdGlobalMgr$a) (SourceFile:73)
09-13 17:58:19.263 16735 16735 I art     :   at void com.quvideo.xiaoying.ads.AbsAdGlobalMgr.initSdkInApplication(android.content.Context) (SourceFile:28)
09-13 17:58:19.263 16735 16735 I art     :   at void com.quvideo.xiaoying.app.g.et(android.content.Context) (SourceFile:15)
09-13 17:58:19.263 16735 16735 I art     :   at void com.quvideo.xiaoying.app.ApplicationBase.Ua() (SourceFile:187)
09-13 17:58:19.263 16735 16735 I art     :   at void com.quvideo.xiaoying.app.ApplicationBase.onCreate() (SourceFile:158)
09-13 17:58:19.263 16735 16735 I art     :   at void com.quvideo.xiaoying.shell.VivaAppApplication.onCreate() (SourceFile:12)
09-13 17:58:19.263 16735 16735 I art     :   at void android.app.Instrumentation.callApplicationOnCreate(android.app.Application) (Instrumentation.java:1032)
09-13 17:58:19.263 16735 16735 I art     :   at void android.app.ActivityThread.handleBindApplication(android.app.ActivityThread$AppBindData) (ActivityThread.java:5970)
09-13 17:58:19.263 16735 16735 I art     :   at void android.app.ActivityThread.-wrap3(android.app.ActivityThread, android.app.ActivityThread$AppBindData) (ActivityThread.java:-1)
09-13 17:58:19.263 16735 16735 I art     :   at void android.app.ActivityThread$H.handleMessage(android.os.Message) (ActivityThread.java:1710)
09-13 17:58:19.263 16735 16735 I art     :   at void android.os.Handler.dispatchMessage(android.os.Message) (Handler.java:102)
09-13 17:58:19.263 16735 16735 I art     :   at void android.os.Looper.loop() (Looper.java:154)
09-13 17:58:19.263 16735 16735 I art     :   at void android.app.ActivityThread.main(java.lang.String[]) (ActivityThread.java:6776)
09-13 17:58:19.263 16735 16735 I art     :   at java.lang.Object java.lang.reflect.Method.invoke!(java.lang.Object, java.lang.Object[]) (Method.java:-2)
09-13 17:58:19.263 16735 16735 I art     :   at void com.android.internal.os.ZygoteInit$MethodAndArgsCaller.run() (ZygoteInit.java:1518)
09-13 17:58:19.263 16735 16735 I art     :   at void com.android.internal.os.ZygoteInit.main(java.lang.String[]) (ZygoteInit.java:1408)
09-13 17:58:19.263 16735 16735 I art     : 
09-13 17:58:19.286 16735 16735 D ConnectivityManager: requestNetwork; CallingUid : 10547, CallingPid : 16735
09-13 17:58:19.289  1467  1483 D ConnectivityService: listenForNetwork for Listen from uid/pid:10547/16735 for NetworkRequest [ id=151, legacyType=-1, [ Capabilities: INTERNET&NOT_RESTRICTED&TRUSTED] ]
09-13 17:58:19.290  1467  2493 D ConnectivityService: rematching NetworkAgentInfo [WIFI () - 502]
09-13 17:58:19.290  1467  2493 D ConnectivityService:  network has: [ Transports: WIFI Capabilities: NOT_METERED&INTERNET&NOT_RESTRICTED&TRUSTED&NOT_VPN&VALIDATED LinkUpBandwidth>=1048576Kbps LinkDnBandwidth>=1048576Kbps SignalStrength: -46]
09-13 17:58:19.290  1467  2493 D ConnectivityService: Network NetworkAgentInfo [WIFI () - 502] was already satisfying request 1. No change.
09-13 17:58:19.290  1467  2493 D ConnectivityService:   checking if request is satisfied: NetworkRequest [ id=3, legacyType=-1, [] ]
09-13 17:58:19.290  1467  2493 D ConnectivityService:   checking if request is satisfied: NetworkRequest [ id=4, legacyType=-1, [ Transports: CELLULAR Capabilities: INTERNET&NOT_RESTRICTED&TRUSTED&NOT_VPN] ]
09-13 17:58:19.290  1467  2493 D ConnectivityService:   checking if request is satisfied: NetworkRequest [ id=7, legacyType=-1, [] ]
09-13 17:58:19.290  1467  2493 D ConnectivityService:   checking if request is satisfied: NetworkRequest [ id=6, legacyType=-1, [ Transports: CELLULAR|WIFI Capabilities: NOT_RESTRICTED&TRUSTED&NOT_VPN] ]
09-13 17:58:19.290  1467  2493 D ConnectivityService:   checking if request is satisfied: NetworkRequest [ id=8, legacyType=-1, [ Transports: WIFI Capabilities: INTERNET&NOT_RESTRICTED&TRUSTED&NOT_VPN] ]
09-13 17:58:19.290  1467  2493 D ConnectivityService:   checking if request is satisfied: NetworkRequest [ id=151, legacyType=-1, [ Capabilities: INTERNET&NOT_RESTRICTED&TRUSTED] ]
09-13 17:58:19.290  1467  2493 D ConnectivityService:   checking if request is satisfied: NetworkRequest [ id=9, legacyType=-1, [ Transports: WIFI Capabilities: INTERNET&NOT_RESTRICTED&TRUSTED&NOT_VPN] ]
09-13 17:58:19.290  1467  2493 D ConnectivityService:   checking if request is satisfied: NetworkRequest [ id=5, legacyType=-1, [ Transports: WIFI Capabilities: INTERNET&NOT_RESTRICTED&TRUSTED&NOT_VPN] ]
09-13 17:58:19.291  1467  2493 D ConnectivityService: sending notification AVAILABLE for NetworkRequest [ id=151, legacyType=-1, [ Capabilities: INTERNET&NOT_RESTRICTED&TRUSTED] ]
09-13 17:58:19.297 16735 16735 D Choreographer: init sf_choreo_doframe   debug_Level : 0x4f4cdebug_game_running : false
09-13 17:58:19.328  1467  2565 D SamsungAlarmManager: Cancel Alarm calling from uid:10547 pid :16735 / op:PendingIntent{dce1459: PendingIntentRecord{71effcb com.quvideo.xiaoying startService}}
09-13 17:58:19.334  1467  3815 D SamsungAlarmManager: setExact Intent (T:0/F:1/AC:false) 20180913T175824 - CU:10547/CP:16735
09-13 17:58:19.334  1467  3815 I SamsungAlarmManager: setLocked to kernel - T:2 / 20180913T175824, SetElapsed=13197250, nowELAPSED=13192254
09-13 17:58:19.442 16735 16907 I MediaPlayer: Need to enable context aware info
09-13 17:58:19.443 16735 16907 V MediaPlayer-JNI: native_setup
09-13 17:58:19.443 16735 16907 E MediaPlayer-JNI: JNIMediaPlayerFactory: bIsQCMediaPlayerPresent 0
09-13 17:58:19.443 16735 16907 E MediaPlayer-JNI: JNIMediaPlayerFactory: bIsQCMediaPlayerPresent 0
09-13 17:58:19.443 16735 16907 V MediaPlayer: constructor
09-13 17:58:19.448 16735 16907 V MediaPlayer: setListener
09-13 17:58:19.454 16735 16735 E XiaoYing: AppStateModel:AppStateModel isCommunityFeatureEnable construct func
09-13 17:58:19.467 16735 16735 D ProxyApp: UserApplicationLifeCycleImpl onCreateFinished cost = 0ms
09-13 17:58:19.467 16735 16735 D ProxyApp: CommunityApplicationImpl onCreateFinished cost = 0ms
09-13 17:58:19.496  1467  2461 V NetworkPolicy: getFirewallRuleWifi UID:10547 policy:0
09-13 17:58:19.499 16735 16735 D MotuCrashReporter: onActivityCreated
09-13 17:58:19.507 16817 16873 E SQLiteLog: (10) POSIX Error : 9 SQLite Error : 3850
09-13 17:58:19.536 16735 16767 I System.out: (HTTPLog)-Static: isSBSettingEnabled false
09-13 17:58:19.540 16735 16767 I System.out: (HTTPLog)-Static: isSBSettingEnabled false
09-13 17:58:19.551 16735 16917 W GooglePlayServicesUtil: Google Play Store is missing.
09-13 17:58:19.703 16735 16745 I art     : Background partial concurrent mark sweep GC freed 24247(903KB) AllocSpace objects, 11(3MB) LOS objects, 39% free, 16MB/28MB, paused 8.146ms total 99.796ms
09-13 17:58:19.719 16735 16735 D MotuCrashReporter: onActivityStarted
09-13 17:58:19.732 16735 16735 W ResourceType: No package identifier when getting value for resource number 0x00000000
09-13 17:58:19.772 16735 16735 D MotuCrashReporter: onActivityResumed
09-13 17:58:19.775  1467  2538 D WifiWatchdogStateMachine.NetworkStatsAnalyzer: 46 31 10920 7482 237 241
09-13 17:58:19.791 16735 16752 I FA      : Tag Manager is not found and thus will not be used
09-13 17:58:19.798 16735 16927 I System.out: (HTTPLog)-Static: isSBSettingEnabled false
09-13 17:58:19.799 16735 16927 I System.out: (HTTPLog)-Static: isSBSettingEnabled false
09-13 17:58:19.800   529  1537 D EnterpriseController: netId is 0
09-13 17:58:19.800   529  1537 D Netd    : getNetworkForDns: using netid 502 for uid 10547
09-13 17:58:19.800   529  1537 D DnsProxyListener: DNSDBG::dns addrinfo af 2
09-13 17:58:19.822  1467 11061 D LocationManagerService: getLastLocation: Request[POWER_NONE passive fastest=0 num=1]
09-13 17:58:19.836  1467  2565 D SamsungAlarmManager: Cancel Alarm calling from uid:10547 pid :16735 / op:PendingIntent{c72e282: PendingIntentRecord{58131d0 com.quvideo.xiaoying broadcastIntent}}
09-13 17:58:19.845 16735 16735 D ViewRootImpl@653e910[SplashActivity]: ThreadedRenderer.create() translucent=true
09-13 17:58:19.846  1467  2479 D WindowManager: addWindow: android.view.IWindow$Stub$Proxy@c0fc5c9 displayId=0
09-13 17:58:19.847  1467  2479 D InputTransport: Input channel constructed: fd=403
09-13 17:58:19.847  1467  2479 D InputTransport: Input channel constructed: fd=438
09-13 17:58:19.847  1467  2479 D WindowManager: openInputChannel mInputChannel: e811fef com.quvideo.xiaoying/com.quvideo.xiaoying.app.SplashActivity (server)
09-13 17:58:19.848 16735 16932 I System.out: (HTTPLog)-Static: isSBSettingEnabled false
09-13 17:58:19.849 16735 16932 I System.out: (HTTPLog)-Static: isSBSettingEnabled false
09-13 17:58:19.850  1467  2479 D InputTransport: Input channel destroyed: fd=438
09-13 17:58:19.850 16735 16735 D InputTransport: Input channel constructed: fd=145
09-13 17:58:19.850   529  1537 D EnterpriseController: netId is 0
09-13 17:58:19.851   529  1537 D Netd    : getNetworkForDns: using netid 502 for uid 10547
09-13 17:58:19.851   529  1537 D DnsProxyListener: DNSDBG::dns addrinfo af 2
09-13 17:58:19.854 16735 16735 D ViewRootImpl@653e910[SplashActivity]: setView = DecorView@55027d[SplashActivity] touchMode=true
09-13 17:58:19.856  1467 14387 D ActivityManager: post active user change for 0 fullscreen true isHomeActivity() false
09-13 17:58:19.860 16735 16920 D OkHttp  : --> GET https://s.api.xiaoying.co/api/rest/s/configuration?requestParam=%7B%22d%22%3A%22310%22%2C%22a%22%3A%220%22%2C%22b%22%3A%22zh_CN%22%2C%22c%22%3A%22CN%22%2C%22duid%22%3A%22DA4l91PU%22%7D&appKey=10022901&countryCode=CN&productId=2&serverVer=1.0 http/1.1
09-13 17:58:19.860 16735 16920 D OkHttp  : --> END GET
09-13 17:58:19.866   529  1537 D EnterpriseController: netId is 0
09-13 17:58:19.866   529  1537 D Netd    : getNetworkForDns: using netid 502 for uid 10547
09-13 17:58:19.866   529  1537 D DnsProxyListener: DNSDBG::dns addrinfo af 2
09-13 17:58:19.873 16735 16939 D OkHttp  : --> GET https://s.api.xiaoying.co/api/rest/s/configuration?requestParam=%7B%22d%22%3A%22250%22%2C%22a%22%3A%220%22%2C%22b%22%3A%22zh_CN%22%2C%22c%22%3A%22CN%22%2C%22duid%22%3A%22DA4l91PU%22%7D&appKey=10022901&countryCode=CN&productId=2&serverVer=1.0 http/1.1
09-13 17:58:19.873 16735 16939 D OkHttp  : --> END GET
09-13 17:58:19.880  1467  1484 D SamsungAlarmManager: Cancel Alarm calling from uid:10547 pid :16735 / op:PendingIntent{68f9afc: PendingIntentRecord{bc709f9 com.quvideo.xiaoying broadcastIntent}}
09-13 17:58:19.882  1467  2952 D SamsungAlarmManager: Cancel Alarm calling from uid:10547 pid :16735 / op:PendingIntent{745f585: PendingIntentRecord{610f79f com.quvideo.xiaoying broadcastIntent}}
09-13 17:58:19.887  1467  2816 D SamsungAlarmManager: Cancel Alarm calling from uid:10547 pid :16735 / op:PendingIntent{3763fda: PendingIntentRecord{bc709f9 com.quvideo.xiaoying broadcastIntent}}
09-13 17:58:19.893  1467 14387 D SamsungAlarmManager: setInexact Intent (T:1/F:0/AC:false) 20180927T190000 - CU:10547/CP:16735
09-13 17:58:19.896  1467  2817 D PackageManager: setEnabledSetting : userId = 0 packageName = com.quvideo.xiaoying cmp = com.xiaomi.push.service.XMPushService newState = 1 callingPackage = 10547
09-13 17:58:19.907  1467  3812 D SamsungAlarmManager: Cancel Alarm calling from uid:10547 pid :16735 / op:PendingIntent{db96ae8: PendingIntentRecord{610f79f com.quvideo.xiaoying broadcastIntent}}
09-13 17:58:19.912  1467  2952 D MountService: getExternalStorageMountMode : 1
09-13 17:58:19.913  1467  2952 D MountService: getExternalStorageMountMode : 3
09-13 17:58:19.914  1467  2952 D MountService: getExternalStorageMountMode : final mountMode=1, uid : 10547, packageName : com.quvideo.xiaoying
09-13 17:58:19.933  1467  2952 I ActivityManager: Start proc 16954:com.quvideo.xiaoying:pushservice/u0a547 for service com.quvideo.xiaoying/com.xiaomi.push.service.XMPushService
09-13 17:58:19.937 16954 16954 E Zygote  : v2
09-13 17:58:19.937 16954 16954 I libpersona: KNOX_SDCARD checking this for 10547
09-13 17:58:19.937 16954 16954 I libpersona: KNOX_SDCARD not a persona
09-13 17:58:19.939 16954 16954 E Zygote  : accessInfo : 0
09-13 17:58:19.939 16954 16954 W SELinux : SELinux selinux_android_compute_policy_index : Policy Index[2],  Con:u:r:zygote:s0 RAM:SEPF_SECMOBILE_7.0_0009, [-1 -1 -1 -1 0 1]
09-13 17:58:19.942 16954 16954 I SELinux : SELinux: seapp_context_lookup: seinfo=untrusted, level=s0:c512,c768, pkgname=com.quvideo.xiaoying:pushservice 
09-13 17:58:19.942  1467  2816 D SamsungAlarmManager: setInexact Intent (T:1/F:0/AC:false) 20180916T180000 - CU:10547/CP:16735
09-13 17:58:19.943  1467 11063 D SamsungAlarmManager: Cancel Alarm calling from uid:10547 pid :16735 / op:PendingIntent{df56501: PendingIntentRecord{99ba65e com.quvideo.xiaoying broadcastIntent}}
09-13 17:58:19.954  1467  1483 D SamsungAlarmManager: setInexact Intent (T:1/F:0/AC:false) 20180913T175919 - CU:10547/CP:16735
09-13 17:58:19.956  1467  1484 D SamsungAlarmManager: Cancel Alarm calling from uid:10547 pid :16735 / op:PendingIntent{6087fa6: PendingIntentRecord{5594fd8 com.quvideo.xiaoying broadcastIntent}}
09-13 17:58:19.963  1467 20676 D SamsungAlarmManager: setExact Intent (T:1/F:0/AC:false) 20180913T175824 - CU:10547/CP:16735
09-13 17:58:19.966  1467 11063 D SamsungAlarmManager: Cancel Alarm calling from uid:10547 pid :16735 / op:PendingIntent{8e71de7: PendingIntentRecord{635c616 com.quvideo.xiaoying broadcastIntent}}
09-13 17:58:19.971  1467  2972 I ActivityManager: DSS on for com.quvideo.xiaoying and scale is 1.0
09-13 17:58:19.979  1467  3812 D SamsungAlarmManager: setInexact Intent (T:1/F:0/AC:false) 20180914T193000 - CU:10547/CP:16735
09-13 17:58:19.986 16735 16929 W GooglePlayServicesUtil: Google Play Store is missing.
09-13 17:58:20.004 16735 16735 I CTService: startAdGuardService
09-13 17:58:20.005 16735 16735 I CTService: startAdGuardNativeService Failed
09-13 17:58:20.028 16735 16941 I CrashlyticsCore: Initializing Crashlytics 2.6.3.25
09-13 17:58:20.031 16735 16759 I System.out: (HTTPLog)-Static: isSBSettingEnabled false
09-13 17:58:20.033 16735 16759 I System.out: (HTTPLog)-Static: isSBSettingEnabled false
09-13 17:58:20.035 16735 16978 W GooglePlayServicesUtil: Google Play Store is missing.
09-13 17:58:20.040   529  1537 D EnterpriseController: netId is 0
09-13 17:58:20.040   529  1537 D Netd    : getNetworkForDns: using netid 502 for uid 10547
09-13 17:58:20.041   529  1537 D DnsProxyListener: DNSDBG::dns addrinfo af 2
09-13 17:58:20.052 16735 16735 D ConnectivityManager: requestNetwork; CallingUid : 10547, CallingPid : 16735
09-13 17:58:20.055  1467  2565 D ConnectivityService: listenForNetwork for Listen from uid/pid:10547/16735 for NetworkRequest [ id=152, legacyType=-1, [ Capabilities: INTERNET&NOT_RESTRICTED&TRUSTED] ]
09-13 17:58:20.057  1467  2493 D ConnectivityService: rematching NetworkAgentInfo [WIFI () - 502]
09-13 17:58:20.057  1467  2493 D ConnectivityService:  network has: [ Transports: WIFI Capabilities: NOT_METERED&INTERNET&NOT_RESTRICTED&TRUSTED&NOT_VPN&VALIDATED LinkUpBandwidth>=1048576Kbps LinkDnBandwidth>=1048576Kbps SignalStrength: -46]
09-13 17:58:20.057  1467  2493 D ConnectivityService: Network NetworkAgentInfo [WIFI () - 502] was already satisfying request 1. No change.
09-13 17:58:20.057  1467  2493 D ConnectivityService:   checking if request is satisfied: NetworkRequest [ id=152, legacyType=-1, [ Capabilities: INTERNET&NOT_RESTRICTED&TRUSTED] ]
09-13 17:58:20.057  1467  2493 D ConnectivityService:   checking if request is satisfied: NetworkRequest [ id=3, legacyType=-1, [] ]
09-13 17:58:20.058  1467  2493 D ConnectivityService:   checking if request is satisfied: NetworkRequest [ id=4, legacyType=-1, [ Transports: CELLULAR Capabilities: INTERNET&NOT_RESTRICTED&TRUSTED&NOT_VPN] ]
09-13 17:58:20.058  1467  2493 D ConnectivityService:   checking if request is satisfied: NetworkRequest [ id=7, legacyType=-1, [] ]
09-13 17:58:20.058  1467  2493 D ConnectivityService:   checking if request is satisfied: NetworkRequest [ id=6, legacyType=-1, [ Transports: CELLULAR|WIFI Capabilities: NOT_RESTRICTED&TRUSTED&NOT_VPN] ]
09-13 17:58:20.058  1467  2493 D ConnectivityService:   checking if request is satisfied: NetworkRequest [ id=8, legacyType=-1, [ Transports: WIFI Capabilities: INTERNET&NOT_RESTRICTED&TRUSTED&NOT_VPN] ]
09-13 17:58:20.058  1467  2493 D ConnectivityService:   checking if request is satisfied: NetworkRequest [ id=151, legacyType=-1, [ Capabilities: INTERNET&NOT_RESTRICTED&TRUSTED] ]
09-13 17:58:20.058  1467  2493 D ConnectivityService:   checking if request is satisfied: NetworkRequest [ id=9, legacyType=-1, [ Transports: WIFI Capabilities: INTERNET&NOT_RESTRICTED&TRUSTED&NOT_VPN] ]
09-13 17:58:20.058  1467  2493 D ConnectivityService:   checking if request is satisfied: NetworkRequest [ id=5, legacyType=-1, [ Transports: WIFI Capabilities: INTERNET&NOT_RESTRICTED&TRUSTED&NOT_VPN] ]
09-13 17:58:20.058  1467  2493 D ConnectivityService: sending notification AVAILABLE for NetworkRequest [ id=152, legacyType=-1, [ Capabilities: INTERNET&NOT_RESTRICTED&TRUSTED] ]
09-13 17:58:20.073  1467 20676 D Sensors : GeomagneticSensor(2) setDelay : 10000000(ns)
09-13 17:58:20.073  1467 20676 I Sensors : Geomagnetic setDelay: mEnabled 0, handle 2, final_delay 10000000
09-13 17:58:20.073  1467 20676 D Sensors : GeomagneticSensor(2) setDelay : before write 5000000
09-13 17:58:20.073  1467 20676 I Sensors : GeomagneticSensor enable: mEnabled 0, handle 2, en 1
09-13 17:58:20.090 16954 16954 D XiaoYing: VivaBaseApplication:attachBaseContext isMainProcess
09-13 17:58:20.090 16954 16954 D XiaoYing: loadDex:App attachBaseContext 
09-13 17:58:20.091 16954 16954 D XiaoYing: loadDex::quickStart curProcessName=com.quvideo.xiaoying:pushservice
09-13 17:58:20.091 16954 16954 D XiaoYing: loadDex::quickStart false!
09-13 17:58:20.098 16954 16954 D XiaoYing: loadDex::quickStart curProcessName=com.quvideo.xiaoying:pushservice
09-13 17:58:20.098 16954 16954 D XiaoYing: loadDex::quickStart false!
09-13 17:58:20.100 16954 16954 D XiaoYing: loadDex::quickStart curProcessName=com.quvideo.xiaoying:pushservice
09-13 17:58:20.100 16954 16954 D XiaoYing: loadDex::quickStart false!
09-13 17:58:20.101 16735 16735 D SensorManager: registerListener :: 2, YAS539 Magnetic field Sensor, 0, 0,  
09-13 17:58:20.104  1467  2972 I bsthal  : bhy_batch: handle=1, flags=0, period_ns=10000000, timeout=0
09-13 17:58:20.104  1467  2972 D bsthal  : Replace timeout to 0
09-13 17:58:20.108  1467  2972 I bsthal  : bhy_activate: handle=1, enabled=1
09-13 17:58:20.112  1467  2952 D PackageManager: setEnabledSetting : userId = 0 packageName = com.quvideo.xiaoying cmp = androidx.work.impl.background.systemjob.SystemJobService newState = 1 callingPackage = 10547
09-13 17:58:20.115 16954 16954 D PackageManagerHelper: androidx.work.impl.background.systemjob.SystemJobService enabled
09-13 17:58:20.115 16954 16954 D Schedulers: Created SystemJobScheduler and enabled SystemJobService
09-13 17:58:20.117  1467  3815 D PackageManager: setEnabledSetting : userId = 0 packageName = com.quvideo.xiaoying cmp = androidx.work.impl.background.firebase.FirebaseJobService newState = 2 callingPackage = 10547
09-13 17:58:20.118 16735 16735 D SensorManager: registerListener :: 7184, BOSCH Accelerometer Sensor, 0, 0,  
09-13 17:58:20.119 16735 16929 W GooglePlayServicesUtil: Google Play Store is missing.
09-13 17:58:20.120 16954 16954 D PackageManagerHelper: androidx.work.impl.background.firebase.FirebaseJobService disabled
09-13 17:58:20.124 16735 16920 D OkHttp  : <-- 200  https://s.api.xiaoying.co/api/rest/s/configuration?requestParam=%7B%22d%22%3A%22310%22%2C%22a%22%3A%220%22%2C%22b%22%3A%22zh_CN%22%2C%22c%22%3A%22CN%22%2C%22duid%22%3A%22DA4l91PU%22%7D&appKey=10022901&countryCode=CN&productId=2&serverVer=1.0 (264ms)
09-13 17:58:20.124 16735 16920 D OkHttp  : server: Tengine
09-13 17:58:20.124 16735 16920 D OkHttp  : date: Thu, 13 Sep 2018 09:58:21 GMT
09-13 17:58:20.125 16735 16920 D OkHttp  : content-type: application/json;charset=UTF-8
09-13 17:58:20.125 16735 16920 D OkHttp  : content-length: 347
09-13 17:58:20.125 16735 16920 D OkHttp  : expires: Thu,13 Sep 2018 10:28:21 GMT
09-13 17:58:20.125 16735 16939 D OkHttp  : <-- 200  https://s.api.xiaoying.co/api/rest/s/configuration?requestParam=%7B%22d%22%3A%22250%22%2C%22a%22%3A%220%22%2C%22b%22%3A%22zh_CN%22%2C%22c%22%3A%22CN%22%2C%22duid%22%3A%22DA4l91PU%22%7D&appKey=10022901&countryCode=CN&productId=2&serverVer=1.0 (251ms)
09-13 17:58:20.125 16735 16939 D OkHttp  : server: Tengine
09-13 17:58:20.125 16735 16939 D OkHttp  : date: Thu, 13 Sep 2018 09:58:21 GMT
09-13 17:58:20.125 16735 16939 D OkHttp  : content-type: application/json;charset=UTF-8
09-13 17:58:20.125 16735 16939 D OkHttp  : expires: Thu,13 Sep 2018 10:28:21 GMT
09-13 17:58:20.126 16735 16920 D OkHttp  : {"310":[{"channel":"","code":0,"countryCode":"CN","desc":"随机立减","eventContent":"{}","eventType":0,"expireTime":32493542400000,"flag":0,"id":78400,"lang":"zh_CN","maxValue":99,"minValue":0,"minVercode":100228,"modelContent":"","orderNo":1,"publishTime":1536163200000,"title":"随机立减","type":3,"vipInfo":{"effectiveTime":0,"type":3}}]}
09-13 17:58:20.126 16735 16920 D OkHttp  : <-- END HTTP (347-byte body)
09-13 17:58:20.126 16735 16939 D OkHttp  : {"250":[{"channel":"","code":0,"countryCode":"CN","desc":"小影6个月VIP高级会员","eventContent":"{}","eventType":0,"expireTime":4079692800000,"extend":"{\"oPrice\":8800,\"pPrice\":6800,\"effectiveTime\":183,\"label\":\"热门\"}","flag":1,"id":37645,"lang":"zh_CN","maxValue":99,"minValue":0,"minVercode":100208,"modelContent":"","orderNo":4,"publishTime":1523548800000,"title":"6个月VIP会员","type":7,"vipInfo":{"effectiveTime":183,"type":7}},{"channel":"","code":0,"countryCode":"CN","desc":"小影1年VIP会员","eventContent":"{}","eventType":0,"expireTime":32487840000000,"extend":"{\"oPrice\":15800,\"pPrice\":12800,\"effectiveTime\":365,\"label\":\"推荐\"}","flag":1,"id":37982,"lang":"zh_CN","maxValue":99,"minValue":0,"minVercode":100217,"modelContent":"","orderNo":2,"publishTime":1530460800000,"title":"1年VIP会员","type":7,"vipInfo":{"effectiveTime":365,"type":7}},{"channel":"","code":0,"countryCode":"CN","desc":"小影1个月VIP会员","eventContent":"{}","eventType":0,"expireTime":32487840000000,"extend":"{\"oPrice\":3500,\"pPrice\":2800,\"effectiveTime\":30,\"label\":\"\"}","flag":1,"id":37983,"lang":"zh_CN","maxValue":99,"minValue":0,"minVercode":100217,"modelContent":"","orderNo":3,"publishTime":1530460800000,"title":"1个月VIP会员","type":7,"vipInfo":{"effectiveTime":30,"type":7}}]}
09-13 17:58:20.126 16735 16939 D OkHttp  : <-- END HTTP (1328-byte body)
09-13 17:58:20.134  1467  2377 I bsthal  : Sensor [19] sample rate changed, type is 254
09-13 17:58:20.134  1467  2377 I bsthal  : Sensor [1] sample rate changed, type is 254
09-13 17:58:20.134  1467  2377 I bsthal  : Sensor [19] sample rate changed, type is 254
09-13 17:58:20.135 16735 16735 W Activity: AppLock checkAppLockState locked:false verifying:false pkgName = com.quvideo.xiaoying isInMultiWindowMode:false
09-13 17:58:20.136  1467 14386 D PackageManager: setEnabledSetting : userId = 0 packageName = com.quvideo.xiaoying cmp = androidx.work.impl.background.systemalarm.SystemAlarmService newState = 2 callingPackage = 10547
09-13 17:58:20.136 16954 16954 D PackageManagerHelper: androidx.work.impl.background.systemalarm.SystemAlarmService disabled
09-13 17:58:20.144 16735 16929 W GooglePlayServicesUtil: Google Play Store is missing.
09-13 17:58:20.152 16735 16735 D ViewRootImpl@653e910[SplashActivity]: dispatchAttachedToWindow
09-13 17:58:20.169  1467  2951 V WindowManager: Relayout Window{e811fefd0 u0 com.quvideo.xiaoying/com.quvideo.xiaoying.app.SplashActivity}: viewVisibility=0 req=1079x1856 WM.LayoutParams{(0,0)(fillxfill) sim=#120 ty=1 fl=#81810100 pfl=0x20000 fmt=-3 wanim=0x103046c vsysui=0x600 needsMenuKey=2 naviIconColor=0}
09-13 17:58:20.172   468   468 I SurfaceFlinger: id=593 createSurf (1x1),1 flag=4, TplashActiv
09-13 17:58:20.180  1467  2951 D InputDispatcher: Focus entered window: 16735
09-13 17:58:20.187 16735 16735 D ViewRootImpl@653e910[SplashActivity]: Relayout returned: oldFrame=[0,0][0,0] newFrame=[0,0][1080,1920] result=0x27 surface={isValid=true -2122983424} surfaceGenerationChanged=true
09-13 17:58:20.187 16735 16735 D ViewRootImpl@653e910[SplashActivity]: mHardwareRenderer.initialize() mSurface={isValid=true -2122983424} hwInitialized=true
09-13 17:58:20.188 16735 16935 I OpenGLRenderer: Initialized EGL, version 1.4
09-13 17:58:20.188 16735 16935 D OpenGLRenderer: Swap behavior 1
09-13 17:58:20.198 16954 16998 V xiaomi  : [Thread:3017] JOB: Init Job
09-13 17:58:20.205 16954 16954 V xiaomi  : [Thread:1] XMPushService created pid = 16954
09-13 17:58:20.216 16735 16929 W GooglePlayServicesUtil: Google Play Store is missing.
09-13 17:58:20.221 16954 16998 V xiaomi  : [Thread:3017] JOB: prepare the mi push account.
09-13 17:58:20.228 16954 16998 V xiaomi  : [Thread:3017] JOB: Handle intent action = android.net.conn.CONNECTIVITY_CHANGE
09-13 17:58:20.230 16954 16998 V xiaomi  : [Thread:3017] network changed,[type: WIFI[], state: CONNECTED/CONNECTED
09-13 17:58:20.233 16735 16997 D SoLoader: About to load: libimagepipeline.so
09-13 17:58:20.239 16954 16998 V xiaomi  : [Thread:3017] JOB: do reconnect..
09-13 17:58:20.240 16735 16997 D SoLoader: libimagepipeline.so not found on /data/data/com.quvideo.xiaoying/lib-main
09-13 17:58:20.240 16735 16997 D SoLoader: Result 0 for libimagepipeline.so in source com.facebook.soloader.ApkSoSource[root = /data/data/com.quvideo.xiaoying/lib-main flags = 1]
09-13 17:58:20.240 16735 16997 D SoLoader: Extraction logs: null
09-13 17:58:20.243 16954 16998 V xiaomi  : [Thread:3017] should not connect. quit the job.
09-13 17:58:20.254 16735 16929 I System.out: (HTTPLog)-Static: isSBSettingEnabled false
09-13 17:58:20.255 16735 16929 I System.out: (HTTPLog)-Static: isSBSettingEnabled false
09-13 17:58:20.257   529  1537 D EnterpriseController: netId is 0
09-13 17:58:20.257   529  1537 D Netd    : getNetworkForDns: using netid 502 for uid 10547
09-13 17:58:20.257   529  1537 D DnsProxyListener: DNSDBG::dns addrinfo af 2
09-13 17:58:20.272 16735 16997 D SoLoader: Loaded: libimagepipeline.so
09-13 17:58:20.290 16735 16745 I art     : Background sticky concurrent mark sweep GC freed 155107(6MB) AllocSpace objects, 30(696KB) LOS objects, 16% free, 23MB/28MB, paused 8.875ms total 199.994ms
09-13 17:58:20.337 16735 16735 D TextView: setTypeface with style : 0
09-13 17:58:20.355 16735 16735 D TextView: setTypeface with style : 0
09-13 17:58:20.356 16735 16740 I art     : Do partial code cache collection, code=23KB, data=29KB
09-13 17:58:20.357 16735 16735 D TextView: setTypeface with style : 0
09-13 17:58:20.358 16735 16740 I art     : After code cache collection, code=22KB, data=29KB
09-13 17:58:20.358 16735 16740 I art     : Increasing code cache capacity to 128KB
09-13 17:58:20.359 16735 16735 D TextView: setTypeface with style : 0
09-13 17:58:20.367 16735 16735 D ViewRootImpl@a0a2e97[SplashActivity]: ThreadedRenderer.create() translucent=true
09-13 17:58:20.368  1467  2479 D WindowManager: addWindow: android.view.IWindow$Stub$Proxy@f461e56 displayId=0
09-13 17:58:20.369  1467  2479 D InputTransport: Input channel constructed: fd=438
09-13 17:58:20.369  1467  2479 D InputTransport: Input channel constructed: fd=454
09-13 17:58:20.369  1467  2479 D WindowManager: openInputChannel mInputChannel: 44a43c4 com.quvideo.xiaoying/com.quvideo.xiaoying.app.SplashActivity (server)
09-13 17:58:20.370  1467  1511 D WindowManager: set systemUiVisibility of statusbar : systemUiFlags= 0x8 fullscreenStackSysUiFlag= 0x0
09-13 17:58:20.372  1467  2479 D InputDispatcher: Focus left window: 16735
09-13 17:58:20.372  1467  2479 D InputDispatcher: Focus entered window: 16735
09-13 17:58:20.372  1467  2479 D InputTransport: Input channel destroyed: fd=454
09-13 17:58:20.372 16735 16735 D InputTransport: Input channel constructed: fd=171
09-13 17:58:20.376  1467 14386 D WindowManager: adjustSystemUiVisibilityLw : vis= 0x8
09-13 17:58:20.377 16735 16735 D ViewRootImpl@a0a2e97[SplashActivity]: setView = DecorView@a28fca2[SplashActivity] touchMode=true
09-13 17:58:20.380 16735 16735 D XiaoYing: JpushReceiver:onReceive - cn.jpush.android.intent.CONNECTION
09-13 17:58:20.380 16735 16735 D XiaoYing: JpushReceiver:Unhandled intent - cn.jpush.android.intent.CONNECTION
09-13 17:58:20.382 16735 16735 D XiaoYing: i:onServiceConnected
09-13 17:58:20.382 16735 16735 D XiaoYing: i:onServiceConnected
09-13 17:58:20.383 16735 16735 D XiaoYing: i:onServiceConnected
09-13 17:58:20.384 16735 16735 D AdGuardService: onStartCommand: 
09-13 17:58:20.386 16735 16752 I FA      : This instance being marked as an uploader
09-13 17:58:20.391  1467  3785 D SamsungAlarmManager: setInexact Listener (T:2/F:0/AC:false) 20180913T175830 - CU:1000/CP:1467
09-13 17:58:20.406 16735 16735 D ViewRootImpl@653e910[SplashActivity]: MSG_RESIZED_REPORT: frame=Rect(0, 0 - 1080, 1920) ci=Rect(0, 63 - 0, 0) vi=Rect(0, 63 - 0, 0) or=1
09-13 17:58:20.406 16735 16735 D ViewRootImpl@653e910[SplashActivity]: MSG_WINDOW_FOCUS_CHANGED 1
09-13 17:58:20.407 16735 16735 D ViewRootImpl@653e910[SplashActivity]: mHardwareRenderer.initializeIfNeeded()#2 mSurface={isValid=true -2122983424}
09-13 17:58:20.408 16735 16735 V InputMethodManager: Starting input: tba=android.view.inputmethod.EditorInfo@a37d1a1 nm : com.quvideo.xiaoying ic=null
09-13 17:58:20.408 16735 16735 I InputMethodManager: [IMM] startInputInner - mService.startInputOrWindowGainedFocus
09-13 17:58:20.413  1467  2470 D wifi    : onLinkStatsResults: radio_stat.on_time = 4023816
09-13 17:58:20.413  1467  2470 D wifi    : onLinkStatsResults: radio_stat.tx_time = 0
09-13 17:58:20.413  1467  2470 D wifi    : onLinkStatsResults: radio_stat.rx_time = 0
09-13 17:58:20.415  1467  2470 D wifi    : android_net_wifi_getLinkLayerStats: radio_stat.on_time = 4023816
09-13 17:58:20.415  1467  2470 D wifi    : android_net_wifi_getLinkLayerStats: radio_stat.tx_time = 0
09-13 17:58:20.415  1467  2952 D InputMethodManagerService: windowGainedFocus mCurrentFocusedUserId - 0 and mSecureKeypadEnabled-false
09-13 17:58:20.415  1467  2470 D wifi    : android_net_wifi_getLinkLayerStats: radio_stat.rx_time = 0
09-13 17:58:20.415  1467  2952 I WindowManager: Switching to real app window: Window{e811fefd0 u0 com.quvideo.xiaoying/com.quvideo.xiaoying.app.SplashActivity}
09-13 17:58:20.415  1467  2952 V InputMethodManagerService: windowGainedFocus: reason=WINDOW_FOCUS_GAIN client=android.os.BinderProxy@7aa59cd inputContext=null missingMethods= attribute=android.view.inputmethod.EditorInfo@589d830 nm = com.quvideo.xiaoying controlFlags=#104 softInputMode=#120 windowFlags=#81810100
09-13 17:58:20.415  1467  2952 V InputMethodManagerService: Unspecified window will hide input
09-13 17:58:20.415  1467  2952 V InputMethodManagerService: hideCurrentInputLocked - !shouldHideSoftInput
09-13 17:58:20.416  1467  2952 V InputMethodManagerService: Creating new session for client ClientState{afdca9 uid 10547 pid 16735}
09-13 17:58:20.416  1467  2952 D InputTransport: Input channel constructed: fd=454
09-13 17:58:20.416  1467  2952 D InputTransport: Input channel constructed: fd=456
09-13 17:58:20.416  1467  2952 D InputTransport: Input channel destroyed: fd=456
09-13 17:58:20.417  3817  3817 D InputTransport: Input channel destroyed: fd=80
09-13 17:58:20.418 16247 16260 D InputTransport: Input channel constructed: fd=61
09-13 17:58:20.420  1467 20676 D InputTransport: Input channel constructed: fd=456
09-13 17:58:20.420  1467 20676 D InputTransport: Input channel destroyed: fd=456
09-13 17:58:20.421 16735 16747 D InputTransport: Input channel constructed: fd=173
09-13 17:58:20.423 16247 16247 I AppiumUnicodeIME: onFinishInput
09-13 17:58:20.423 16247 16247 I AppiumUnicodeIME: onStartInput
09-13 17:58:20.425  1467  1484 D SamsungAlarmManager: Cancel Alarm calling from uid:10547 pid :16735 / op:PendingIntent{3d2a22e: PendingIntentRecord{bad41cf com.quvideo.xiaoying broadcastIntent}}
09-13 17:58:20.426  1467  2470 D WifiStateMachine: Current network is: "XY_Employee" , ID is: 2
09-13 17:58:20.426  1467  2470 D WifiStateMachine: Current network is still qualified due to heavy traffic, txSuccessRate=82.85599835616912 rxSuccessRate=204.7236225292561
09-13 17:58:20.427  1467  2470 D WifiStateMachine: Current network is 5GHz, bail out...
09-13 17:58:20.433  1467  1477 I art     : Background sticky concurrent mark sweep GC freed 34248(1673KB) AllocSpace objects, 1(20KB) LOS objects, 3% free, 57MB/59MB, paused 6.277ms total 63.194ms
09-13 17:58:20.457  1467  2951 D WindowManager: finishDrawingWindow: Window{e811fefd0 u0 com.quvideo.xiaoying/com.quvideo.xiaoying.app.SplashActivity} mDrawState=DRAW_PENDING
09-13 17:58:20.458 16735 16752 W FA      : Callable skipped the worker queue.
09-13 17:58:20.460 16735 16735 D ViewRootImpl@a0a2e97[SplashActivity]: dispatchAttachedToWindow
09-13 17:58:20.474  1467  1549 D ViewRootImpl@e554c6b[xiaoying]: dispatchDetachedFromWindow
09-13 17:58:20.475  1467  1549 D WindowManager: disposeInputChannel mInputChannel: 686cc61 Starting com.quvideo.xiaoying (server)
09-13 17:58:20.480  1467  1549 D InputTransport: Input channel destroyed: fd=418
09-13 17:58:20.480 16735 16978 I System.out: (HTTPLog)-Static: isSBSettingEnabled false
09-13 17:58:20.480  1467  1549 D InputTransport: Input channel destroyed: fd=434
09-13 17:58:20.481  1467  1549 D ViewRootImpl@9d31540[ContainerKeyguardScrim]: mHardwareRenderer.destroy()#1
09-13 17:58:20.482 16735 16978 I System.out: (HTTPLog)-Static: isSBSettingEnabled false
09-13 17:58:20.482  1467  2479 V WindowManager: Relayout Window{44a43c4d0 u0 com.quvideo.xiaoying/com.quvideo.xiaoying.app.SplashActivity}: viewVisibility=0 req=1024x668 WM.LayoutParams{(0,0)(wrapxwrap) gr=#11 sim=#120 ty=2 fl=#1820002 fmt=-3 wanim=0x7f110013 surfaceInsets=Rect(84, 84 - 84, 84) needsMenuKey=2 naviIconColor=0}
09-13 17:58:20.483   468   468 I SurfaceFlinger: id=594 createSurf (169x169),1 flag=4, TplashActiv
09-13 17:58:20.484   529  1537 D EnterpriseController: netId is 0
09-13 17:58:20.484   529  1537 D Netd    : getNetworkForDns: using netid 502 for uid 10547
09-13 17:58:20.484   529  1537 D DnsProxyListener: DNSDBG::dns addrinfo af 2
09-13 17:58:20.510 16735 16735 D ViewRootImpl@a0a2e97[SplashActivity]: Relayout returned: oldFrame=[0,0][0,0] newFrame=[28,657][1052,1325] result=0x27 surface={isValid=true -2133528576} surfaceGenerationChanged=true
09-13 17:58:20.510 16735 16735 D ViewRootImpl@a0a2e97[SplashActivity]: mHardwareRenderer.initialize() mSurface={isValid=true -2133528576} hwInitialized=true
09-13 17:58:20.528  1467  2951 D SamsungAlarmManager: Cancel Alarm calling from uid:10547 pid :16735 / op:PendingIntent{d662beb: PendingIntentRecord{bad41cf com.quvideo.xiaoying broadcastIntent}}
09-13 17:58:20.529 16735 16735 D ViewRootImpl@a0a2e97[SplashActivity]: MSG_WINDOW_FOCUS_CHANGED 1
09-13 17:58:20.529 16735 16735 D ViewRootImpl@a0a2e97[SplashActivity]: mHardwareRenderer.initializeIfNeeded()#2 mSurface={isValid=true -2133528576}
09-13 17:58:20.532  1467  3785 D SamsungAlarmManager: setInexact Listener (T:2/F:0/AC:false) 20180913T180011 - CU:1000/CP:1467
09-13 17:58:20.540 16735 16735 V InputMethodManager: Starting input: tba=android.view.inputmethod.EditorInfo@1ab7402 nm : com.quvideo.xiaoying ic=null
09-13 17:58:20.543  1467  3785 D SamsungAlarmManager: setExact Listener (T:2/F:0/AC:false) 20180913T175830 - CU:1000/CP:1467
09-13 17:58:20.594  1467  3815 D WindowManager: finishDrawingWindow: Window{44a43c4d0 u0 com.quvideo.xiaoying/com.quvideo.xiaoying.app.SplashActivity} mDrawState=DRAW_PENDING
09-13 17:58:20.598 16735 16735 D ViewRootImpl@a0a2e97[SplashActivity]: MSG_RESIZED_REPORT: frame=Rect(28, 657 - 1052, 1325) ci=Rect(0, 0 - 0, 0) vi=Rect(0, 0 - 0, 0) or=1
09-13 17:58:20.617  1467  2479 W ActivityManager: Unable to start service Intent { act=com.google.android.gms.ads.identifier.service.START pkg=com.google.android.gms launchParam=MultiScreenLaunchParams { mDisplayId=0 mBaseDisplayId=0 mFlags=0 } } U=0: not found
09-13 17:58:20.624  1467  1549 I ActivityManager: Displayed com.quvideo.xiaoying/.app.SplashActivity: +2s626ms
09-13 17:58:20.625  1467 14387 D WindowManager: finishDrawingWindow: Window{44a43c4d0 u0 com.quvideo.xiaoying/com.quvideo.xiaoying.app.SplashActivity} mDrawState=HAS_DRAWN
09-13 17:58:20.626 16724 16724 D AndroidRuntime: Shutting down VM
09-13 17:58:20.630 16735 16735 D AdGuardService: onStartJob: 
09-13 17:58:20.639 16735 17016 D AdGuardService: initCTService::really
09-13 17:58:20.642  1467  2951 I bsthal  : bhy_activate: handle=1, enabled=0
09-13 17:58:20.646  1467  1467 D SamsungAlarmManager: setInexact Listener (T:2/F:0/AC:false) 20180913T180011 - CU:1000/CP:1467
09-13 17:58:20.648  1467  1467 D SamsungAlarmManager: setInexact Listener (T:2/F:0/AC:false) 20180913T180511 - CU:1000/CP:1467
09-13 17:58:20.651 16735 16735 D SensorManager: unregisterListener ::   
09-13 17:58:20.651  1467  2817 I Sensors : GeomagneticSensor enable: mEnabled 1, handle 2, en 0
09-13 17:58:20.653 16735 16735 D SensorManager: unregisterListener ::   
09-13 17:58:20.653 16735 16735 D ViewRootImpl@653e910[SplashActivity]: MSG_WINDOW_FOCUS_CHANGED 0
09-13 17:58:20.656  1467  2479 W ActivityManager: Unable to start service Intent { act=com.google.android.gms.ads.identifier.service.START pkg=com.google.android.gms launchParam=MultiScreenLaunchParams { mDisplayId=0 mBaseDisplayId=0 mFlags=0 } } U=0: not found
09-13 17:58:20.676  1467  1549 I WindowManager_SurfaceController: Destroying surface Surface(name=Starting com.quvideo.xiaoying) called by com.android.server.wm.WindowStateAnimator.destroySurface:3070 com.android.server.wm.WindowStateAnimator.destroySurfaceLocked:1138 com.android.server.wm.WindowState.destroyOrSaveSurface:2825 com.android.server.wm.AppWindowToken.destroySurfaces:429 com.android.server.wm.AppWindowToken.destroySurfaces:393 com.android.server.wm.WindowStateAnimator.finishExit:699 com.android.server.wm.WindowStateAnimator.stepAnimationLocked:583 com.android.server.wm.WindowAnimator.updateWindowsLocked:444 
09-13 17:58:20.676   468   518 I SurfaceFlinger: id=592 Removed yiaoying (5/7)
09-13 17:58:20.697 16724 16724 I TMSDISP : AcsAndroidVirtualDisplayIntfImpl::~AcsAndroidVirtualDisplayIntfImpl - Enter
09-13 17:58:20.697 16724 16724 I TMSDISP : AcsAndroidVirtualDisplayIntfImpl::~AcsAndroidVirtualDisplayIntfImpl - Enter2
09-13 17:58:20.697 16724 16724 I TMSDISP : AcsAndroidVirtualDisplayIntfImpl::~AcsAndroidVirtualDisplayIntfImpl - mSource2
09-13 17:58:20.697 16724 16724 I TMSDISP : AcsAndroidVirtualDisplayIntfImpl::~AcsAndroidVirtualDisplayIntfImpl - Exit
09-13 17:58:20.736 16735 16740 I art     : Do partial code cache collection, code=55KB, data=62KB
09-13 17:58:20.738 16735 16740 I art     : After code cache collection, code=55KB, data=62KB
09-13 17:58:20.738 16735 16740 I art     : Increasing code cache capacity to 256KB
09-13 17:58:20.778  1467  2538 D WifiWatchdogStateMachine.NetworkStatsAnalyzer: 70 60 31828 7641 454 127
09-13 17:58:20.784  1467  1549 D CustomFrequencyManagerService: acquireDVFSLockLocked : type : DVFS_MIN_LIMIT  frequency : 1344000  uid : 1000  pid : 1467  pkgName : AMS_RESUME_TAIL@CPU_MIN@25
09-13 17:58:20.784  1467  1549 D ActivityManagerPerformance: AMP_acquire() TAIL
09-13 17:58:20.784  1467  1549 D CustomFrequencyManagerService: FrequencyrequestList.getNextMaxCPUCoreRequest, index: 2
09-13 17:58:20.787  1467  1549 D CustomFrequencyManagerService: releaseDVFSLockLocked : Getting Lock type frm List : DVFS_MIN_LIMIT  frequency : 1516800  uid : 1000  pid : 1467  tag : AMS_APP_SWITCH@CPU_MIN@56
09-13 17:58:20.788  1467  1549 D ActivityManagerPerformance: AMP_release() APP_SWITCH
09-13 17:58:20.798 16735 16745 I art     : Background partial concurrent mark sweep GC freed 67004(4MB) AllocSpace objects, 12(1120KB) LOS objects, 40% free, 22MB/37MB, paused 6.105ms total 143.933ms
09-13 17:58:20.808 16735 16735 D ConnectivityManager: unregisterNetworkCallback; CallingUid : 10547, CallingPid : 16735
09-13 17:58:20.810  1467  2493 D ConnectivityService: releasing NetworkRequest NetworkRequest [ id=151, legacyType=-1, [ Capabilities: INTERNET&NOT_RESTRICTED&TRUSTED] ]
09-13 17:58:20.811  1467  2493 D ConnectivityService: sending notification RELEASED for NetworkRequest [ id=151, legacyType=-1, [ Capabilities: INTERNET&NOT_RESTRICTED&TRUSTED] ]
09-13 17:58:20.812 16735 16897 E ConnectivityManager.CallbackHandler: callback not found for RELEASED message
09-13 17:58:20.887 16327 17021 I appium  : channel read invoked!
09-13 17:58:20.887 16327 17021 I appium  : channel read: POST /wd/hub/session/f3f5a5b5-55a5-4511-99e8-94d5aaa0f88f/element
09-13 17:58:20.888 16327 17021 I appium  : Find element command
09-13 17:58:20.889 16327 17021 D appium  : payload: {"strategy":"id","selector":"com.quvideo.xiaoying:id/xiaoying_alert_dialog_positive","context":"","multiple":false}
09-13 17:58:20.890 16327 17021 I appium  : find element command using 'id' with selector 'com.quvideo.xiaoying:id/xiaoying_alert_dialog_positive'.
09-13 17:58:20.912  1467  2511 D ActivityTrigger: ActivityTrigger activityStopTrigger 
09-13 17:58:20.915  3817  3817 D StageManager: saved stages : inStack [1] , outStack[]
09-13 17:58:20.917  3817  4018 W OpenGLRenderer: Incorrectly called buildLayer on View: WorkspaceCellLayoutChildren, destroying layer...
09-13 17:58:20.917  3817  4018 W OpenGLRenderer: Incorrectly called buildLayer on View: WorkspaceCellLayoutChildren, destroying layer...
09-13 17:58:20.922  1467  2461 V NetworkPolicy: getFirewallRuleWifi UID:10063 policy:0
09-13 17:58:20.924  1467  2461 V NetworkPolicy: getFirewallRuleWifi UID:10038 policy:0
09-13 17:58:20.925 16735 16911 W GooglePlayServicesUtil: Google Play Store is missing.
09-13 17:58:20.935 16735 17023 I System.out: (HTTPLog)-Static: isSBSettingEnabled false
09-13 17:58:20.937 16735 17023 I System.out: (HTTPLog)-Static: isSBSettingEnabled false
09-13 17:58:20.939   529  1537 D EnterpriseController: netId is 0
09-13 17:58:20.939   529  1537 D Netd    : getNetworkForDns: using netid 502 for uid 10547
09-13 17:58:20.939   529  1537 D DnsProxyListener: DNSDBG::dns addrinfo af 2
09-13 17:58:20.944  1467  3815 I WindowManager_SurfaceController: Destroying surface Surface(name=com.sec.android.app.launcher/com.sec.android.app.launcher.activities.LauncherActivity) called by com.android.server.wm.WindowStateAnimator.destroySurface:3070 com.android.server.wm.WindowStateAnimator.destroySurfaceLocked:1138 com.android.server.wm.WindowState.destroyOrSaveSurface:2825 com.android.server.wm.AppWindowToken.destroySurfaces:429 com.android.server.wm.AppWindowToken.destroySurfaces:393 com.android.server.wm.AppWindowToken.notifyAppStopped:473 com.android.server.wm.WindowManagerService.notifyAppStopped:5593 com.android.server.am.ActivityStack.activityStoppedLocked:1611 
09-13 17:58:20.945 16735 16735 I XiaoYing: j:referringParams : {"+clicked_branch_link":false,"+is_first_session":false}
09-13 17:58:20.945   468  3360 I SurfaceFlinger: id=591 Removed MauncherAct (1/6)
09-13 17:58:20.946   468  3839 I SurfaceFlinger: id=591 Removed MauncherAct (-2/6)
09-13 17:58:20.950  2920  2946 D ForegroundUtils: could not check pending caller
09-13 17:58:21.081  1467  2524 D MdnieScenarioControlService:  packageName : com.quvideo.xiaoying    className : com.quvideo.xiaoying.app.SplashActivity
09-13 17:58:21.139 16735 16735 D ConnectivityManager: requestNetwork; CallingUid : 10547, CallingPid : 16735
09-13 17:58:21.140  1467  2952 D ConnectivityService: listenForNetwork for Listen from uid/pid:10547/16735 for NetworkRequest [ id=153, legacyType=-1, [ Capabilities: INTERNET&NOT_RESTRICTED&TRUSTED] ]
09-13 17:58:21.141  1467  2493 D ConnectivityService: rematching NetworkAgentInfo [WIFI () - 502]
09-13 17:58:21.141  1467  2493 D ConnectivityService:  network has: [ Transports: WIFI Capabilities: NOT_METERED&INTERNET&NOT_RESTRICTED&TRUSTED&NOT_VPN&VALIDATED LinkUpBandwidth>=1048576Kbps LinkDnBandwidth>=1048576Kbps SignalStrength: -46]
09-13 17:58:21.141  1467  2493 D ConnectivityService: Network NetworkAgentInfo [WIFI () - 502] was already satisfying request 1. No change.
09-13 17:58:21.141  1467  2493 D ConnectivityService:   checking if request is satisfied: NetworkRequest [ id=152, legacyType=-1, [ Capabilities: INTERNET&NOT_RESTRICTED&TRUSTED] ]
09-13 17:58:21.141  1467  2493 D ConnectivityService:   checking if request is satisfied: NetworkRequest [ id=3, legacyType=-1, [] ]
09-13 17:58:21.141  1467  2493 D ConnectivityService:   checking if request is satisfied: NetworkRequest [ id=4, legacyType=-1, [ Transports: CELLULAR Capabilities: INTERNET&NOT_RESTRICTED&TRUSTED&NOT_VPN] ]
09-13 17:58:21.142  1467  2493 D ConnectivityService:   checking if request is satisfied: NetworkRequest [ id=7, legacyType=-1, [] ]
09-13 17:58:21.142  1467  2493 D ConnectivityService:   checking if request is satisfied: NetworkRequest [ id=153, legacyType=-1, [ Capabilities: INTERNET&NOT_RESTRICTED&TRUSTED] ]
09-13 17:58:21.142  1467  2493 D ConnectivityService:   checking if request is satisfied: NetworkRequest [ id=6, legacyType=-1, [ Transports: CELLULAR|WIFI Capabilities: NOT_RESTRICTED&TRUSTED&NOT_VPN] ]
09-13 17:58:21.142  1467  2493 D ConnectivityService:   checking if request is satisfied: NetworkRequest [ id=8, legacyType=-1, [ Transports: WIFI Capabilities: INTERNET&NOT_RESTRICTED&TRUSTED&NOT_VPN] ]
09-13 17:58:21.142  1467  2493 D ConnectivityService:   checking if request is satisfied: NetworkRequest [ id=9, legacyType=-1, [ Transports: WIFI Capabilities: INTERNET&NOT_RESTRICTED&TRUSTED&NOT_VPN] ]
09-13 17:58:21.142  1467  2493 D ConnectivityService:   checking if request is satisfied: NetworkRequest [ id=5, legacyType=-1, [ Transports: WIFI Capabilities: INTERNET&NOT_RESTRICTED&TRUSTED&NOT_VPN] ]
09-13 17:58:21.142  1467  2493 D ConnectivityService: sending notification AVAILABLE for NetworkRequest [ id=153, legacyType=-1, [ Capabilities: INTERNET&NOT_RESTRICTED&TRUSTED] ]
09-13 17:58:21.162 16735 16891 W cr_media: Requires BLUETOOTH permission
09-13 17:58:21.191 16327 17021 I appium  : AppiumResponse: {"sessionId":"f3f5a5b5-55a5-4511-99e8-94d5aaa0f88f","status":0,"value":{"ELEMENT":"adc7bdb1-aa91-4bfd-a264-51db76cbd837"}}
09-13 17:58:21.224 16327 17034 I appium  : channel read invoked!
09-13 17:58:21.225 16327 17034 I appium  : channel read: POST /wd/hub/session/f3f5a5b5-55a5-4511-99e8-94d5aaa0f88f/element
09-13 17:58:21.226 16327 17034 I appium  : Find element command
