09-13 17:58:17.981  1467  6812 D ActivityManager: computeStackFocus: stackId=1
09-13 17:58:17.982  1467  6812 D MultiScreenManagerService: createStack: stackId=1 createOnTop=true caller=com.android.server.am.ActivityStackSupervisor.getStack:2479 com.android.server.am.ActivityStarter.computeStackFocus:2632 com.android.server.am.ActivityStarter.setTaskFromReuseOrCreateNewTask:2318 com.android.server.am.ActivityStarter.startActivityUnchecked:1537 
09-13 17:58:17.982  1467  6812 D ActivityManager: attachDisplay() : attach stack#1 to d0
09-13 17:58:17.983  1467  6812 D MultiScreenManagerService: createStack: stackId=1 displayId=0 createOnTop=true
09-13 17:58:17.983  1467  6812 D MultiScreenManagerService: createStack: stack=ActivityStack{4e9498d0 stackId=1, 0 tasks}
09-13 17:58:17.983  1467  6812 D ActivityManager: computeStackFocus: New stack r=ActivityRecord{84bc4f1d0 u0 com.quvideo.xiaoying/.app.SplashActivity t-1} stackId=1
09-13 17:58:17.983  1467  6812 D ActivityTrigger: Activity is Triggerred in full screen 
09-13 17:58:17.985  1467  6812 D ActivityManager: moveToFront() : reason=startedActivity setFocusedActivity isAttached=true TaskRecord{5c6bf2dd0 #2626 A=com.quvideo.xiaoying U=0 StackId=1 sz=1}
09-13 17:58:17.986  1467  6812 D ActivityManager: setFocusStackUnchecked: reason=startedActivity setFocusedActivity focusCandidate=ActivityStack{4e9498d0 stackId=1, 1 tasks} caller=com.android.server.am.ActivityStack.moveToFront:883 com.android.server.am.ActivityStackSupervisor.moveActivityStackToFront:2050 
09-13 17:58:17.988  1467  6812 D InputDispatcher: Focused application set to: xxxx
09-13 17:58:17.989  1467  6812 D InputDispatcher: Focus left window: 3817
09-13 17:58:17.991  1467  6812 D ActivityManager: resumeTopActivityInnerLocked() : #1 prevTask=TaskRecord{5c6bf2dd0 #2626 A=com.quvideo.xiaoying U=0 StackId=1 sz=1} next=ActivityRecord{84bc4f1d0 u0 com.quvideo.xiaoying/.app.SplashActivity t2626} mFocusedStack=ActivityStack{4e9498d0 stackId=1, 1 tasks}
09-13 17:58:17.991  1467  6812 D ActivityTrigger: ActivityTrigger activityPauseTrigger 
09-13 17:58:17.992  3817  3817 V Launcher: Launcher.onPause()
09-13 17:58:17.997  1467  3785 D ActivityManager: clearAppIconInfo()
09-13 17:58:17.997  1467  3785 D SamsungAnimationCreator: setAnimationTriggerActivity type 1
09-13 17:58:17.998  1467  3785 D ActivityManager: resumeTopActivityInnerLocked() : #1 prevTask=TaskRecord{bafe6b9d0 #2537 I=com.sec.android.app.launcher/com.android.launcher3.Launcher U=0 StackId=0 sz=1} next=ActivityRecord{84bc4f1d0 u0 com.quvideo.xiaoying/.app.SplashActivity t2626} mFocusedStack=ActivityStack{4e9498d0 stackId=1, 1 tasks}
09-13 17:58:17.998  1467  3785 D ActivityManager: applyOptionsLocked(), pendingOptions : null
09-13 17:58:18.000  1467  3785 D MountService: getExternalStorageMountMode : 1
09-13 17:58:18.000  1467  4512 D SSRM:a  : SIOP:: AP = 390, PST = 395 (W:14), BAT = 338, CHG = 390
09-13 17:58:18.000  1467  3785 D MountService: getExternalStorageMountMode : 3
09-13 17:58:18.001  1467  3785 D MountService: getExternalStorageMountMode : final mountMode=1, uid : 10547, packageName : com.quvideo.xiaoying
09-13 17:58:18.006  1467  4512 W System.err: java.lang.ArrayIndexOutOfBoundsException: length=2; index=2
09-13 17:58:18.006  1467  4512 W System.err: 	at j.d.uY()
09-13 17:58:18.006  1467  4512 W System.err: 	at j.a.uJ()
09-13 17:58:18.006  1467  4512 W System.err: 	at e.F.nh()
09-13 17:58:18.006  1467  4512 W System.err: 	at com.android.server.ssrm.am.iX()
09-13 17:58:18.006  1467  4512 W System.err: 	at e.a.ii()
09-13 17:58:18.006  1467  4512 W System.err: 	at e.a.iR()
09-13 17:58:18.006  1467  4512 W System.err: 	at e.b.run()
09-13 17:58:18.006  1467  4512 W System.err: 	at android.os.Handler.handleCallback(Handler.java:751)
09-13 17:58:18.006  1467  4512 W System.err: 	at android.os.Handler.dispatchMessage(Handler.java:95)
09-13 17:58:18.006  1467  4512 W System.err: 	at android.os.Looper.loop(Looper.java:154)
09-13 17:58:18.006  1467  4512 W System.err: 	at android.os.HandlerThread.run(HandlerThread.java:61)
09-13 17:58:18.018  1467  3785 I ActivityManager: Start proc 16735:com.quvideo.xiaoying/u0a547 for activity com.quvideo.xiaoying/.app.SplashActivity
09-13 17:58:18.019 16735 16735 E Zygote  : v2
09-13 17:58:18.019 16735 16735 I libpersona: KNOX_SDCARD checking this for 10547
09-13 17:58:18.019 16735 16735 I libpersona: KNOX_SDCARD not a persona
09-13 17:58:18.021 16735 16735 E Zygote  : accessInfo : 0
09-13 17:58:18.021 16735 16735 W SELinux : SELinux selinux_android_compute_policy_index : Policy Index[2],  Con:u:r:zygote:s0 RAM:SEPF_SECMOBILE_7.0_0009, [-1 -1 -1 -1 0 1]
09-13 17:58:18.022  1467  2461 V NetworkPolicy: getFirewallRuleWifi UID:10547 policy:0
09-13 17:58:18.024 16735 16735 I SELinux : SELinux: seapp_context_lookup: seinfo=untrusted, level=s0:c512,c768, pkgname=com.quvideo.xiaoying 
09-13 17:58:18.025  1467  2461 V NetworkPolicy: getFirewallRuleWifi UID:10547 policy:0
09-13 17:58:18.044  1467 14386 I ActivityManager: DSS on for com.quvideo.xiaoying and scale is 1.0
09-13 17:58:18.048  1467 14386 V WindowManager: rotationForOrientationLw(orient=1, last=0); user=0 USER_ROTATION_LOCKED sensorRotation=-1 mLidState=-1 mDockMode=0 mHdmiPlugged=false
09-13 17:58:18.062  1467  2530 D GameManagerService: handleForegroundChange(). pkgName: com.quvideo.xiaoying, clsName: com.quvideo.xiaoying.app.SplashActivity,FgActivityName:com.quvideo.xiaoying/.app.SplashActivity
09-13 17:58:18.062  1467  2530 D GameManagerService: there is not sem_perfomance_mode on setting
09-13 17:58:18.062  1467  2530 D GameManagerService: notifyResumePause(). pkg: com.quvideo.xiaoying, type: 4, isMinimized: false, isTunableApp: false
09-13 17:58:18.062  1467  2530 D GameManagerService:   notifyResumePause(). unexpected mPrevNotiType: -1
09-13 17:58:18.063  1467 14386 D MARsPolicyManager: handlePackageResumedFG pkgName = com.quvideo.xiaoying, userId = 0
09-13 17:58:18.067  1467  4512 D GamePkgDataHelper: getGamePkgData(). com.quvideo.xiaoying
09-13 17:58:18.068  1467  2461 V NetworkPolicy: getFirewallRuleWifi UID:10547 policy:0
09-13 17:58:18.068  2920  2946 D ForegroundUtils: could not check pending caller
09-13 17:58:18.069  1467  4512 D GameManagerService: identifyGamePackage. com.quvideo.xiaoying
09-13 17:58:18.074  1467  4512 D GameManagerService: identifyGamePackage. com.quvideo.xiaoying
09-13 17:58:18.081  1467  4512 D GameManagerService: identifyGamePackage. com.quvideo.xiaoying
09-13 17:58:18.088  1467  1549 D WindowManager: addWindow: android.view.ViewRootImpl$W@d5c53c8 displayId=0
09-13 17:58:18.089  1467  1549 D InputTransport: Input channel constructed: fd=418
09-13 17:58:18.089  1467  1549 D InputTransport: Input channel constructed: fd=434
09-13 17:58:18.089  1467  1549 D WindowManager: openInputChannel mInputChannel: 686cc61 Starting com.quvideo.xiaoying (server)
09-13 17:58:18.090  1467  1549 D ViewRootImpl@e554c6b[xiaoying]: setView = DecorView@db0c386[xiaoying] touchMode=true
09-13 17:58:18.090  1467  4512 D GameManagerService: identifyGamePackage. com.quvideo.xiaoying
09-13 17:58:18.090  3817  3817 D ViewRootImpl@ed57b9f[LauncherActivity]: MSG_WINDOW_FOCUS_CHANGED 0
09-13 17:58:18.092  1467  1549 D ViewRootImpl@e554c6b[xiaoying]: dispatchAttachedToWindow
09-13 17:58:18.094  1467  1549 V WindowManager: Relayout Window{686cc61d0 u0 Starting com.quvideo.xiaoying}: viewVisibility=0 req=1079x1856 WM.LayoutParams{(0,0)(fillxfill) sim=#20 ty=3 fl=#81830118 pfl=0x20011 fmt=-3 wanim=0x103046c vsysui=0x600 needsMenuKey=2 naviIconColor=0}
09-13 17:58:18.095   468   468 I SurfaceFlinger: id=592 createSurf (1x1),1 flag=4, yiaoying
09-13 17:58:18.113  1467  1549 D ViewRootImpl@e554c6b[xiaoying]: Relayout returned: oldFrame=[0,0][0,0] newFrame=[0,0][1080,1920] result=0x27 surface={isValid=true -2018598912} surfaceGenerationChanged=true
09-13 17:58:18.117  1467  1549 D ViewRootImpl@e554c6b[xiaoying]: MSG_RESIZED_REPORT: frame=Rect(0, 0 - 1080, 1920) ci=Rect(0, 63 - 0, 0) vi=Rect(0, 63 - 0, 0) or=1
09-13 17:58:18.138  1467  1549 D WindowManager: finishDrawingWindow: Window{686cc61d0 u0 Starting com.quvideo.xiaoying} mDrawState=DRAW_PENDING
09-13 17:58:18.141  1467  1549 D CHNLowEndSamsungAnimationCreator: createSamsungAnimation type/enter : 12/false
09-13 17:58:18.141  1467  1549 D CHNLowEndSamsungAnimationCreator: createSamsungAnimation wallpaerXOffset : -420
09-13 17:58:18.141  1467  1549 D CHNLowEndSamsungAnimationCreator: createSamsungAnimation isSplit/isFixedOrientation : false/false
09-13 17:58:18.147  1467  1511 D WindowManager: set systemUiVisibility of statusbar : systemUiFlags= 0x608 fullscreenStackSysUiFlag= 0x0
09-13 17:58:18.149  1467 11063 D WindowManager: adjustSystemUiVisibilityLw : vis= 0x608
09-13 17:58:18.158  3817  3817 I Launcher: onWindowVisibilityChanged : false
09-13 17:58:18.167  3817  3817 D ViewRootImpl@ed57b9f[LauncherActivity]: mHardwareRenderer.destroy()#1
09-13 17:58:18.168  1467 11061 V WindowManager: Relayout Window{fa82effd0 u0 com.sec.android.app.launcher/com.sec.android.app.launcher.activities.LauncherActivity}: viewVisibility=8 req=1080x1920 WM.LayoutParams{(0,0)(fillxfill) sim=#130 ty=1 fl=#81910d00 pfl=0x20000 fmt=-2 wanim=0x1030391 vsysui=0x700 needsMenuKey=2}
09-13 17:58:18.174  3817  3817 D ViewRootImpl@ed57b9f[LauncherActivity]: Relayout returned: oldFrame=[0,0][1080,1920] newFrame=[0,0][1080,1920] result=0x5 surface={isValid=false 0} surfaceGenerationChanged=true
09-13 17:58:18.193  1467  1467 D CustomFrequencyManagerService: FrequencyrequestList.getNextMaxCPUCoreRequest, index: 1
09-13 17:58:18.196 16735 16735 D XiaoYing: VivaBaseApplication:attachBaseContext isMainProcess
09-13 17:58:18.196 16735 16735 D XiaoYing: loadDex:App attachBaseContext 
09-13 17:58:18.197 16735 16735 D XiaoYing: loadDex::quickStart curProcessName=com.quvideo.xiaoying
09-13 17:58:18.197 16735 16735 D XiaoYing: loadDex::quickStart false!
09-13 17:58:18.199  1467  1467 D CustomFrequencyManagerService: releaseDVFSLockLocked : Getting Lock type frm List : DVFS_MIN_LIMIT  frequency : 1516800  uid : 1000  pid : 1467  tag : AMS_APP_HOME@CPU_MIN@70
09-13 17:58:18.200  1467  2524 D MdnieScenarioControlService:  packageName : com.quvideo.xiaoying    className : com.quvideo.xiaoying.app.SplashActivity
09-13 17:58:18.215 16735 16735 D FirebaseApp: com.google.firebase.auth.FirebaseAuth is not linked. Skipping initialization.
09-13 17:58:18.221 16735 16735 D FirebaseApp: com.google.firebase.crash.FirebaseCrash is not linked. Skipping initialization.
09-13 17:58:18.222 16735 16751 E FirebaseInstanceId: Google Play services missing or without correct permission.
09-13 17:58:18.234  1467  2951 D SamsungAlarmManager: Cancel Alarm calling from uid:10547 pid :16735 / op:PendingIntent{fe6bd5e: PendingIntentRecord{7a5753f com.quvideo.xiaoying broadcastIntent}}
09-13 17:58:18.237  1467 14386 D SamsungAlarmManager: setInexact Listener (T:2/F:0/AC:false) 20180913T180011 - CU:1000/CP:1467
09-13 17:58:18.240  1467 14386 D SamsungAlarmManager: setInexact Listener (T:2/F:0/AC:false) 20180913T180511 - CU:1000/CP:1467
09-13 17:58:18.242 16735 16735 I FirebaseInitProvider: FirebaseApp initialization successful
09-13 17:58:18.243 16735 16735 D DebugJSInitProvider: init debugjs
09-13 17:58:18.251 16735 16735 D a       : Open http://10.0.28.36:8080 in your browser
09-13 17:58:18.260  1467  2817 D PackageManager: setEnabledSetting : userId = 0 packageName = com.quvideo.xiaoying cmp = androidx.work.impl.background.systemjob.SystemJobService newState = 1 callingPackage = 10547
09-13 17:58:18.267 16735 16735 D PackageManagerHelper: androidx.work.impl.background.systemjob.SystemJobService enabled
09-13 17:58:18.267 16735 16735 D Schedulers: Created SystemJobScheduler and enabled SystemJobService
09-13 17:58:18.268  1467  3812 D PackageManager: setEnabledSetting : userId = 0 packageName = com.quvideo.xiaoying cmp = androidx.work.impl.background.firebase.FirebaseJobService newState = 2 callingPackage = 10547
09-13 17:58:18.269 16735 16735 D PackageManagerHelper: androidx.work.impl.background.firebase.FirebaseJobService disabled
09-13 17:58:18.270  1467 20676 D PackageManager: setEnabledSetting : userId = 0 packageName = com.quvideo.xiaoying cmp = androidx.work.impl.background.systemalarm.SystemAlarmService newState = 2 callingPackage = 10547
09-13 17:58:18.271 16735 16735 D PackageManagerHelper: androidx.work.impl.background.systemalarm.SystemAlarmService disabled
09-13 17:58:18.273 16735 16752 I FA      : App measurement is starting up, version: 11910
09-13 17:58:18.273 16735 16752 I FA      : To enable debug logging run: adb shell setprop log.tag.FA VERBOSE
09-13 17:58:18.274 16735 16752 I FA      : To enable faster debug mode event logging run:
09-13 17:58:18.274 16735 16752 I FA      :   adb shell setprop debug.firebase.analytics.app com.quvideo.xiaoying
09-13 17:58:18.298 16735 16752 W GooglePlayServicesUtil: Google Play Store is missing.
09-13 17:58:18.298 16735 16752 W FA      : Service invalid
09-13 17:58:18.312 16735 16759 D NetworkSecurityConfig: No Network Security Config specified, using platform default
09-13 17:58:18.340 16735 16759 I System.out: (HTTPLog)-Static: HongbaoModeServiceAPI: getService class android.os.ServiceManager
09-13 17:58:18.346 16735 16759 I System.out: (HTTPLog)-Static: isSBSettingEnabled false
09-13 17:58:18.348 16735 16759 I System.out: (HTTPLog)-Static: isSBSettingEnabled false
09-13 17:58:18.349 16735 16767 W GooglePlayServicesUtil: Google Play Store is missing.
09-13 17:58:18.351   529  1537 D EnterpriseController: netId is 0
09-13 17:58:18.352   529  1537 D Netd    : getNetworkForDns: using netid 502 for uid 10547
09-13 17:58:18.352   529  1537 D DnsProxyListener: DNSDBG::dns addrinfo af 2
09-13 17:58:18.352  1467  2524 D MdnieScenarioControlService: Use Current User
09-13 17:58:18.352  1467  2524 V MdnieScenarioControlService: hdr_effect_enable : false , perfomance_mode : 0 , SemFloatingFeature : false , pbm_video_enhancer : true
09-13 17:58:18.357  1467  2511 W ActivityManager: Unable to start service Intent { act=com.google.android.gms.ads.identifier.service.START pkg=com.google.android.gms launchParam=MultiScreenLaunchParams { mDisplayId=0 mBaseDisplayId=0 mFlags=0 } } U=0: not found
09-13 17:58:18.359  1467  2524 V MdnieScenarioControlService: Calling MdnieManager API(setContentMode(1))
09-13 17:58:18.359  1467  2524 D SemDisplaySolutionManagerService: setMultipleScreenBrightness , application, DEFAULT, -1.0
09-13 17:58:18.359  1467  2524 V MdnieScenarioControlService: Calling SemDisplaySolutionManager API(setMultipleScreenBrightness(0)
09-13 17:58:18.363  1467  2524 I AudioService: audioEffectParam;audioHDR=0;packageName=com.quvideo.xiaoying
09-13 17:58:18.363  1467  2524 V MdnieScenarioControlService: setVideoMode from Video function
09-13 17:58:18.410 16735 16761 I System.out: (HTTPLog)-Static: isSBSettingEnabled false
09-13 17:58:18.411 16735 16761 I System.out: (HTTPLog)-Static: isSBSettingEnabled false
09-13 17:58:18.413   529  1537 D EnterpriseController: netId is 0
09-13 17:58:18.413   529  1537 D Netd    : getNetworkForDns: using netid 502 for uid 10547
09-13 17:58:18.413   529  1537 D DnsProxyListener: DNSDBG::dns addrinfo af 2
09-13 17:58:18.447 16735 16735 D XiaoYing: loadDex::quickStart curProcessName=com.quvideo.xiaoying
09-13 17:58:18.447 16735 16735 D XiaoYing: loadDex::quickStart false!
09-13 17:58:18.448 16735 16735 D XiaoYing: loadDex::quickStart curProcessName=com.quvideo.xiaoying
09-13 17:58:18.448 16735 16735 D XiaoYing: loadDex::quickStart false!
09-13 17:58:18.474 16735 16735 D ProxyApp: UserApplicationLifeCycleImpl onCreate cost = 0ms
09-13 17:58:18.495 16735 16784 I System.out: (HTTPLog)-Static: isSBSettingEnabled false
09-13 17:58:18.496 16735 16784 I System.out: (HTTPLog)-Static: isSBSettingEnabled false
09-13 17:58:18.524 16735 16735 D ProxyApp: CommunityApplicationImpl onCreate cost = 50ms
09-13 17:58:18.545 16735 16735 E ActivityThread: Failed to find provider info for com.quvideo.xiaoying.vivasetting
09-13 17:58:18.546 16735 16735 E ActivityThread: Failed to find provider info for com.quvideo.xiaoying.vivasetting
09-13 17:58:18.547 16735 16735 E XiaoYing: AppStateModel:AppStateModel isCommunityFeatureEnable construct func
09-13 17:58:18.557 16735 16735 E XiaoYing: Notch:hasNotchAtVivo ClassNotFoundException
09-13 17:58:18.569 16735 16735 D AliONEUserbehaviorLog: AliONEUserbehaviorLog init
09-13 17:58:18.589 16735 16735 W AppMonitor: load ut_c_api.so failed
09-13 17:58:18.602 16735 16735 D MotuCrashReporter: package name:com.quvideo.xiaoying
09-13 17:58:18.603 16735 16735 D start enable. context:: com.quvideo.xiaoying.shell.VivaAppApplication@b7a71eb
09-13 17:58:18.603 16735 16735 D start enable. appKey: : 24794025
09-13 17:58:18.603 16735 16735 D start enable. appVersion: : 7.3.1
09-13 17:58:18.603  2643  2643 D ImageWallpaper: onVisibilityChanged: mVisible=true visible=false
09-13 17:58:18.603  2643  2643 D ImageWallpaper: Visibility changed to visible=false
09-13 17:58:18.607 16735 16735 I MOTU_NATIVECRASH: setLogMode 6 current 4
09-13 17:58:18.607 16735 16735 D MotuCrashReporter: native crash handler regist succ!
09-13 17:58:18.610 16735 16735 D MotuCrashReporter: user nick is null or length <= 0!
09-13 17:58:18.621 16735 16735 D MotuCrashReporter: enable succ!
09-13 17:58:18.621 16735 16795 D MotuCrashReporter: Looking for error files in /data/user/0/com.quvideo.xiaoying/app_tombstone
09-13 17:58:18.622 16735 16735 D set appVersion succ!: 7.3.1
09-13 17:58:18.624 16735 16795 D MotuCrashReporter: Looking for error files in /data/user/0/com.quvideo.xiaoying/app_tombstone/motu
09-13 17:58:18.639 16735 16797 E FlurryAgent: GOOGLE PLAY SERVICES ERROR: null
09-13 17:58:18.639 16735 16797 E FlurryAgent: There is a problem with the Google Play Services library, which is required for Android Advertising ID support. The Google Play Services library should be integrated in any app shipping in the Play Store that uses analytics or advertising.
09-13 17:58:18.648 16735 16788 E FlurryAgent: Listener cannot be null
09-13 17:58:18.649 16735 16788 W com.facebook.appevents.AppEventsLogger: activateApp events are being logged automatically. There's no need to call activateApp explicitly, this is safe to remove.
09-13 17:58:18.686  1467  3815 D PackageManager: setEnabledSetting : userId = 0 packageName = com.quvideo.xiaoying cmp = cn.jpush.android.service.DataProvider newState = 1 callingPackage = 10547
09-13 17:58:18.690 16735 16793 I System.out: (HTTPLog)-Static: isSBSettingEnabled false
09-13 17:58:18.691 16735 16793 I System.out: (HTTPLog)-Static: isSBSettingEnabled false
09-13 17:58:18.692   529  1537 D EnterpriseController: netId is 0
09-13 17:58:18.692   529  1537 D Netd    : getNetworkForDns: using netid 502 for uid 10547
09-13 17:58:18.692   529  1537 D DnsProxyListener: DNSDBG::dns addrinfo af 2
09-13 17:58:18.694   512   512 D SoftKeymaster: system/keymaster/soft_keymaster_device.cpp, Line 697: Not performing software digesting for algorithm 32
09-13 17:58:18.694   512   512 D SoftKeymaster: system/keymaster/soft_keymaster_device.cpp, Line 1208: Operation supported by Keymaster QTI HAL, passing through to keymaster1 module
09-13 17:58:18.696   585   596 D DrmLibTime: got the req here! ret=0
09-13 17:58:18.696   585   596 D DrmLibTime: command id, time_cmd_id = 770
09-13 17:58:18.696   585   596 D DrmLibTime: time_getutcsec starts!
09-13 17:58:18.696   585   596 D DrmLibTime: QSEE Time Listener: time_getutcsec
09-13 17:58:18.696   585   596 D DrmLibTime: QSEE Time Listener: get_utc_seconds
09-13 17:58:18.696   585   596 D DrmLibTime: QSEE Time Listener: time_get_modem_time
09-13 17:58:18.696   585   596 D DrmLibTime: QSEE Time Listener: Checking if ATS_MODEM is set or not.
09-13 17:58:18.696   585   596 D QC-time-services: Lib:time_genoff_operation: pargs->base = 13
09-13 17:58:18.696   585   596 D QC-time-services: Lib:time_genoff_operation: pargs->operation = 2
09-13 17:58:18.696   585   596 D QC-time-services: Lib:time_genoff_operation: pargs->ts_val = 0
09-13 17:58:18.697   585   596 D QC-time-services: Lib:time_genoff_operation: Send to server  passed!!
09-13 17:58:18.697   559   609 D QC-time-services: Daemon: Connection accepted:time_genoff
09-13 17:58:18.698   559 16806 D QC-time-services: Daemon: genoff_handler: Process name is qseecomd
09-13 17:58:18.698   559 16806 E QC-time-services: Daemon:genoff_handler: Socket client is not qualcomm time service, uid: 1000, pid: 585
09-13 17:58:18.698   585   596 E QC-time-services: Receive Passed == base = 0, unit = 0, operation = 2, result = -1
09-13 17:58:18.698   585   596 D DrmLibTime: QSEE Time Listener: ATS_MODEM is not set. Fallback to Android system time.
09-13 17:58:18.698   585   596 D DrmLibTime: QSEE Time Listener: Retrieved Android system time: 1536832698
09-13 17:58:18.698   585   596 D DrmLibTime: time_getutcsec returns 0, sec = 1536832698; nsec = 0
09-13 17:58:18.698   585   596 D DrmLibTime: time_getutcsec finished! 
09-13 17:58:18.698   585   596 D DrmLibTime: iotcl_continue_command finished! and return 0 
09-13 17:58:18.698   585   596 D DrmLibTime: before calling ioctl to read the next time_cmd
09-13 17:58:18.698   559   609 E QC-time-services: Daemon: Time-services: Waiting to acceptconnection
09-13 17:58:18.703   512   512 W keystore: ENTER abort from uid 10547
09-13 17:58:18.717 16735 16788 I GAv4    : Google Analytics 11.9.10 is starting up. To enable debug logging on a device run:
09-13 17:58:18.717 16735 16788 I GAv4    :   adb shell setprop log.tag.GAv4 DEBUG
09-13 17:58:18.717 16735 16788 I GAv4    :   adb logcat -s GAv4
09-13 17:58:18.730  1467  1483 D SamsungAlarmManager: Cancel Alarm calling from uid:10547 pid :16735 / op:PendingIntent{9e105d3: PendingIntentRecord{3077cfe com.quvideo.xiaoying broadcastIntent}}
09-13 17:58:18.731  1467 20676 D PackageManager: setEnabledSetting : userId = 0 packageName = com.quvideo.xiaoying cmp = cn.jpush.android.service.PushService newState = 1 callingPackage = 10547
09-13 17:58:18.733  1467  3815 D SamsungAlarmManager: setInexact Listener (T:2/F:0/AC:false) 20180913T180011 - CU:1000/CP:1467
09-13 17:58:18.735  1467 14386 D PackageManager: setEnabledSetting : userId = 0 packageName = com.quvideo.xiaoying cmp = cn.jpush.android.service.DataProvider newState = 1 callingPackage = 10547
09-13 17:58:18.736  1467  3815 D SamsungAlarmManager: setInexact Listener (T:2/F:0/AC:false) 20180913T180511 - CU:1000/CP:1467
09-13 17:58:18.745  1467  3785 D PackageManager: setEnabledSetting : userId = 0 packageName = com.quvideo.xiaoying cmp = cn.jpush.android.service.PushReceiver newState = 1 callingPackage = 10547
09-13 17:58:18.748  1467  2565 D PackageManager: setEnabledSetting : userId = 0 packageName = com.quvideo.xiaoying cmp = cn.jpush.android.service.AlarmReceiver newState = 1 callingPackage = 10547
09-13 17:58:18.756  1467  1484 D SamsungAlarmManager: setExact Intent (T:0/F:1/AC:false) 20180913T180308 - CU:10547/CP:16735
09-13 17:58:18.758  1467 14386 W ActivityManager: Unable to start service Intent { act=com.google.android.gms.analytics.service.START cmp=com.google.android.gms/.analytics.service.AnalyticsService launchParam=MultiScreenLaunchParams { mDisplayId=0 mBaseDisplayId=0 mFlags=0 } (has extras) } U=0: not found
09-13 17:58:18.766  1467  2952 D SamsungAlarmManager: Cancel Alarm calling from uid:10547 pid :16735 / op:PendingIntent{c9f523c: PendingIntentRecord{3077cfe com.quvideo.xiaoying broadcastIntent}}
09-13 17:58:18.769  1467 11061 D MountService: getExternalStorageMountMode : 1
09-13 17:58:18.770  1467 11061 D MountService: getExternalStorageMountMode : 3
09-13 17:58:18.770  1467 11061 D MountService: getExternalStorageMountMode : final mountMode=1, uid : 10547, packageName : com.quvideo.xiaoying
09-13 17:58:18.773  1467  2538 D WifiWatchdogStateMachine.NetworkStatsAnalyzer: 112 49 43668 4155 389 84
09-13 17:58:18.785  1467 11061 I ActivityManager: Start proc 16817:com.quvideo.xiaoying:pushcore/u0a547 for service com.quvideo.xiaoying/cn.jpush.android.service.PushService
09-13 17:58:18.801 16817 16817 E Zygote  : v2
09-13 17:58:18.802 16817 16817 I libpersona: KNOX_SDCARD checking this for 10547
09-13 17:58:18.802 16817 16817 I libpersona: KNOX_SDCARD not a persona
09-13 17:58:18.804 16817 16817 E Zygote  : accessInfo : 0
09-13 17:58:18.804 16817 16817 W SELinux : SELinux selinux_android_compute_policy_index : Policy Index[2],  Con:u:r:zygote:s0 RAM:SEPF_SECMOBILE_7.0_0009, [-1 -1 -1 -1 0 1]
09-13 17:58:18.808 16817 16817 I SELinux : SELinux: seapp_context_lookup: seinfo=untrusted, level=s0:c512,c768, pkgname=com.quvideo.xiaoying:pushcore 
09-13 17:58:18.829 16735 16735 D XiaoYing: XMPushClient:initPushService mStrAppId 2000337
09-13 17:58:18.829 16735 16735 D XiaoYing: XMPushClient:initPushService mStrAppKey 900200086337
09-13 17:58:18.832  1467 14387 I ActivityManager: DSS on for com.quvideo.xiaoying and scale is 1.0
09-13 17:58:18.833 16735 16833 V xiaomi  : Because of lack of necessary information, mi push can't be initialized
09-13 17:58:18.864 16735 16735 D AppsFlyer_4.8.11: Initializing AppsFlyer SDK: (v4.8.11.383)
09-13 17:58:18.878 16735 16735 D SoLoader: init start
09-13 17:58:18.881 16735 16735 D SoLoader: Preparing SO source: com.facebook.soloader.DirectorySoSource[root = /system/lib flags = 2]
09-13 17:58:18.881 16735 16735 D SoLoader: Preparing SO source: com.facebook.soloader.DirectorySoSource[root = /system/vendor/lib flags = 2]
09-13 17:58:18.881 16735 16735 D SoLoader: Preparing SO source: com.facebook.soloader.DirectorySoSource[root = /data/app/com.quvideo.xiaoying-1/lib/arm flags = 0]
09-13 17:58:18.881 16735 16735 D SoLoader: Preparing SO source: com.facebook.soloader.ApkSoSource[root = /data/data/com.quvideo.xiaoying/lib-main flags = 1]
09-13 17:58:18.882 16735 16735 V fb-UnpackingSoSource: locked dso store /data/user/0/com.quvideo.xiaoying/lib-main
09-13 17:58:18.883 16735 16735 I fb-UnpackingSoSource: dso store is up-to-date: /data/user/0/com.quvideo.xiaoying/lib-main
09-13 17:58:18.883 16735 16735 V fb-UnpackingSoSource: releasing dso store lock for /data/user/0/com.quvideo.xiaoying/lib-main
09-13 17:58:18.884 16735 16735 D SoLoader: init finish: 4 SO sources prepared
09-13 17:58:18.898 16735 16735 W ResourceType: No package identifier when getting value for resource number 0x00000000
09-13 17:58:18.912  1467  2972 D SamsungAlarmManager: Cancel Alarm calling from uid:10547 pid :16735 / op:PendingIntent{9ce035: PendingIntentRecord{aed1961 com.quvideo.xiaoying broadcastIntent}}
09-13 17:58:18.914 16735 16735 I XiaoYing: AlarmMgr:getNormalCheckTime REQUEST_CODE_VIDEO_UNCOMPLETE intervalTime 3701
09-13 17:58:18.915  1467 14386 D SamsungAlarmManager: Cancel Alarm calling from uid:10547 pid :16735 / op:PendingIntent{d19ccca: PendingIntentRecord{aed1961 com.quvideo.xiaoying broadcastIntent}}
09-13 17:58:18.919 16735 16809 I System.out: (HTTPLog)-Static: isSBSettingEnabled false
09-13 17:58:18.919  1467  1484 D SamsungAlarmManager: setInexact Intent (T:1/F:0/AC:false) 20180913T190000 - CU:10547/CP:16735
09-13 17:58:18.920 16735 16809 I System.out: (HTTPLog)-Static: isSBSettingEnabled false
09-13 17:58:18.920  1467  2565 D SamsungAlarmManager: Cancel Alarm calling from uid:10547 pid :16735 / op:PendingIntent{e9dee3b: PendingIntentRecord{99ba65e com.quvideo.xiaoying broadcastIntent}}
09-13 17:58:18.921   529  1537 D EnterpriseController: netId is 0
09-13 17:58:18.921   529  1537 D Netd    : getNetworkForDns: using netid 502 for uid 10547
09-13 17:58:18.921   529  1537 D DnsProxyListener: DNSDBG::dns addrinfo af 2
09-13 17:58:18.924  1467  2511 D SamsungAlarmManager: setInexact Intent (T:1/F:0/AC:false) 20180913T175918 - CU:10547/CP:16735
09-13 17:58:18.953 16817 16817 D XiaoYing: VivaBaseApplication:attachBaseContext isMainProcess
09-13 17:58:18.953 16817 16817 D XiaoYing: loadDex:App attachBaseContext 
09-13 17:58:18.953 16817 16817 D XiaoYing: loadDex::quickStart curProcessName=com.quvideo.xiaoying:pushcore
09-13 17:58:18.953 16817 16817 D XiaoYing: loadDex::quickStart false!
09-13 17:58:18.958 16817 16817 D XiaoYing: loadDex::quickStart curProcessName=com.quvideo.xiaoying:pushcore
09-13 17:58:18.958 16817 16817 D XiaoYing: loadDex::quickStart false!
09-13 17:58:18.960 16817 16817 D XiaoYing: loadDex::quickStart curProcessName=com.quvideo.xiaoying:pushcore
09-13 17:58:18.960 16817 16817 D XiaoYing: loadDex::quickStart false!
09-13 17:58:18.963  1467  2972 W ActivityManager: Unable to start service Intent { act=com.google.android.gms.ads.identifier.service.START pkg=com.google.android.gms launchParam=MultiScreenLaunchParams { mDisplayId=0 mBaseDisplayId=0 mFlags=0 } } U=0: not found
09-13 17:58:18.974  1467  3785 D PackageManager: setEnabledSetting : userId = 0 packageName = com.quvideo.xiaoying cmp = androidx.work.impl.background.systemjob.SystemJobService newState = 1 callingPackage = 10547
09-13 17:58:18.978  1467  2479 W ActivityManager: Unable to start service Intent { act=com.google.android.gms.ads.identifier.service.START pkg=com.google.android.gms launchParam=MultiScreenLaunchParams { mDisplayId=0 mBaseDisplayId=0 mFlags=0 } } U=0: not found
09-13 17:58:18.980 16817 16817 D PackageManagerHelper: androidx.work.impl.background.systemjob.SystemJobService enabled
09-13 17:58:18.980 16817 16817 D Schedulers: Created SystemJobScheduler and enabled SystemJobService
09-13 17:58:18.981  1467 14389 D PackageManager: setEnabledSetting : userId = 0 packageName = com.quvideo.xiaoying cmp = androidx.work.impl.background.firebase.FirebaseJobService newState = 2 callingPackage = 10547
09-13 17:58:18.982 16817 16817 D PackageManagerHelper: androidx.work.impl.background.firebase.FirebaseJobService disabled
09-13 17:58:18.983  1467  2972 D PackageManager: setEnabledSetting : userId = 0 packageName = com.quvideo.xiaoying cmp = androidx.work.impl.background.systemalarm.SystemAlarmService newState = 2 callingPackage = 10547
09-13 17:58:18.984 16817 16817 D PackageManagerHelper: androidx.work.impl.background.systemalarm.SystemAlarmService disabled
09-13 17:58:18.996 16735 16735 I AdTemplateManager: TemplateUrl: -> http://api.cloudmobi.net/api/v3/template/get?slot_id=843&update_time=1536751468000&user_id=2ad114d0681bc676
09-13 17:58:19.001 16735 16853 I System.out: (HTTPLog)-Static: isSBSettingEnabled false
09-13 17:58:19.002 16735 16853 I System.out: (HTTPLog)-Static: isSBSettingEnabled false
09-13 17:58:19.005   529  1537 D EnterpriseController: netId is 0
09-13 17:58:19.005   529  1537 D Netd    : getNetworkForDns: using netid 502 for uid 10547
09-13 17:58:19.005   529  1537 D DnsProxyListener: DNSDBG::dns addrinfo af 2
09-13 17:58:19.014 16735 16735 I art     : Rejecting re-init on previously-failed class java.lang.Class<com.cloudtech.ads.core.a$2>: java.lang.NoClassDefFoundError: Failed resolution of: Lcom/cloudtech/image/Callback;
09-13 17:58:19.014 16735 16735 I art     :   at com.cloudtech.ads.core.RequestHolder com.cloudtech.ads.core.CTService.a(com.cloudtech.ads.enums.b, boolean, java.lang.String, boolean, android.content.Context, com.cloudtech.ads.enums.CTImageRatioType, com.cloudtech.ads.enums.CTAdsCat, java.util.List, com.cloudtech.ads.callback.a, boolean, boolean, com.cloudtech.ads.vo.AdsVO, boolean, int, boolean, com.cloudtech.ads.enums.VideoLoadType) (SourceFile:444)
09-13 17:58:19.014 16735 16735 I art     :   at com.cloudtech.ads.core.RequestHolder com.cloudtech.ads.core.CTService.a(com.cloudtech.ads.enums.b, boolean, java.lang.String, boolean, android.content.Context, com.cloudtech.ads.enums.CTImageRatioType, com.cloudtech.ads.enums.CTAdsCat, java.util.List, com.cloudtech.ads.callback.CTAdEventListener, boolean, boolean) (SourceFile:377)
09-13 17:58:19.014 16735 16735 I art     :   at void com.cloudtech.ads.core.CTServiceInternal.getNoSenseAd(java.lang.String) (SourceFile:108)
09-13 17:58:19.014 16735 16735 I art     :   at void com.cloudtech.ads.manager.d.a(java.lang.String) (SourceFile:25)
09-13 17:58:19.014 16735 16735 I art     :   at void com.cloudtech.ads.core.CTService.b(android.content.Context, java.lang.String) (SourceFile:92)
09-13 17:58:19.014 16735 16735 I art     :   at void com.cloudtech.ads.core.CTService.init(android.content.Context, java.lang.String) (SourceFile:59)
09-13 17:58:19.014  1467 20676 D PackageManager: setEnabledSetting : userId = 0 packageName = com.quvideo.xiaoying cmp = cn.jpush.android.service.DataProvider newState = 1 callingPackage = 10547
09-13 17:58:19.014 16735 16735 I art     :   at void com.quvideo.xiaoying.ads.yeahmobi.YeahMoBiSdkMgr.initSdk(android.content.Context) (SourceFile:27)
09-13 17:58:19.014 16735 16735 I art     :   at void com.quvideo.xiaoying.ads.AbsAdGlobalMgr$1.a(android.content.Context, com.quvideo.xiaoying.ads.AbsAdGlobalMgr$AdSdk) (SourceFile:30)
09-13 17:58:19.014 16735 16735 I art     :   at void com.quvideo.xiaoying.ads.AbsAdGlobalMgr$1.a(java.lang.Object, com.quvideo.xiaoying.ads.AbsAdGlobalMgr$AdSdk) (SourceFile:28)
09-13 17:58:19.014 16735 16735 I art     :   at void com.quvideo.xiaoying.ads.AbsAdGlobalMgr.a(java.lang.Object, java.util.List, com.quvideo.xiaoying.ads.AbsAdGlobalMgr$a) (SourceFile:73)
09-13 17:58:19.014 16735 16735 I art     :   at void com.quvideo.xiaoying.ads.AbsAdGlobalMgr.initSdkInApplication(android.content.Context) (SourceFile:28)
09-13 17:58:19.014 16735 16735 I art     :   at void com.quvideo.xiaoying.app.g.et(android.content.Context) (SourceFile:15)
09-13 17:58:19.014 16735 16735 I art     :   at void com.quvideo.xiaoying.app.ApplicationBase.Ua() (SourceFile:187)
09-13 17:58:19.014 16735 16735 I art     :   at void com.quvideo.xiaoying.app.ApplicationBase.onCreate() (SourceFile:158)
09-13 17:58:19.014 16735 16735 I art     :   at void com.quvideo.xiaoying.shell.VivaAppApplication.onCreate() (SourceFile:12)
09-13 17:58:19.014 16735 16735 I art     :   at void android.app.Instrumentation.callApplicationOnCreate(android.app.Application) (Instrumentation.java:1032)
09-13 17:58:19.014 16735 16735 I art     :   at void android.app.ActivityThread.handleBindApplication(android.app.ActivityThread$AppBindData) (ActivityThread.java:5970)
09-13 17:58:19.014 16735 16735 I art     :   at void android.app.ActivityThread.-wrap3(android.app.ActivityThread, android.app.ActivityThread$AppBindData) (ActivityThread.java:-1)
09-13 17:58:19.014 16735 16735 I art     :   at void android.app.ActivityThread$H.handleMessage(android.os.Message) (ActivityThread.java:1710)
09-13 17:58:19.014 16735 16735 I art     :   at void android.os.Handler.dispatchMessage(android.os.Message) (Handler.java:102)
09-13 17:58:19.014 16735 16735 I art     :   at void android.os.Looper.loop() (Looper.java:154)
09-13 17:58:19.014 16735 16735 I art     :   at void android.app.ActivityThread.main(java.lang.String[]) (ActivityThread.java:6776)
09-13 17:58:19.014 16735 16735 I art     :   at java.lang.Object java.lang.reflect.Method.invoke!(java.lang.Object, java.lang.Object[]) (Method.java:-2)
09-13 17:58:19.014 16735 16735 I art     :   at void com.android.internal.os.ZygoteInit$MethodAndArgsCaller.run() (ZygoteInit.java:1518)
09-13 17:58:19.014 16735 16735 I art     :   at void com.android.internal.os.ZygoteInit.main(java.lang.String[]) (ZygoteInit.java:1408)
09-13 17:58:19.014 16735 16735 I art     : Caused by: java.lang.ClassNotFoundException: Didn't find class "com.cloudtech.image.Callback" on path: DexPathList[[zip file "/data/app/com.quvideo.xiaoying-1/base.apk"],nativeLibraryDirectories=[/data/app/com.quvideo.xiaoying-1/lib/arm, /data/app/com.quvideo.xiaoying-1/base.apk!/lib/armeabi, /system/lib, /vendor/lib]]
09-13 17:58:19.014 16735 16735 I art     :   at java.lang.Class dalvik.system.BaseDexClassLoader.findClass(java.lang.String) (BaseDexClassLoader.java:56)
09-13 17:58:19.014 16735 16735 I art     :   at java.lang.Class java.lang.ClassLoader.loadClass(java.lang.String, boolean) (ClassLoader.java:380)
09-13 17:58:19.014 16735 16735 I art     :   at java.lang.Class java.lang.ClassLoader.loadClass(java.lang.String) (ClassLoader.java:312)
09-13 17:58:19.014 16735 16735 I art     :   at com.cloudtech.ads.core.RequestHolder com.cloudtech.ads.core.CTService.a(com.cloudtech.ads.enums.b, boolean, java.lang.String, boolean, android.content.Context, com.cloudtech.ads.enums.CTImageRatioType, com.cloudtech.ads.enums.CTAdsCat, java.util.List, com.cloudtech.ads.callback.a, boolean, boolean, com.cloudtech.ads.vo.AdsVO, boolean, int, boolean, com.cloudtech.ads.enums.VideoLoadType) (SourceFile:444)
09-13 17:58:19.014 16735 16735 I art     :   at com.cloudtech.ads.core.RequestHolder com.cloudtech.ads.core.CTService.a(com.cloudtech.ads.enums.b, boolean, java.lang.String, boolean, android.content.Context, com.cloudtech.ads.enums.CTImageRatioType, com.cloudtech.ads.enums.CTAdsCat, java.util.List, com.cloudtech.ads.callback.CTAdEventListener, boolean, boolean) (SourceFile:377)
09-13 17:58:19.014 16735 16735 I art     :   at void com.cloudtech.ads.core.CTServiceInternal.getNoSenseAd(java.lang.String) (SourceFile:108)
09-13 17:58:19.014 16735 16735 I art     :   at void com.cloudtech.ads.manager.d.a(java.lang.String) (SourceFile:25)
09-13 17:58:19.014 16735 16735 I art     :   at void com.cloudtech.ads.core.CTService.b(android.content.Context, java.lang.String) (SourceFile:92)
09-13 17:58:19.014 16735 16735 I art     :   at void com.cloudtech.ads.core.CTService.init(android.content.Context, java.lang.String) (SourceFile:59)
09-13 17:58:19.014 16735 16735 I art     :   at void com.quvideo.xiaoying.ads.yeahmobi.YeahMoBiSdkMgr.initSdk(android.content.Context) (SourceFile:27)
09-13 17:58:19.014 16735 16735 I art     :   at void com.quvideo.xiaoying.ads.AbsAdGlobalMgr$1.a(android.content.Context, com.quvideo.xiaoying.ads.AbsAdGlobalMgr$AdSdk) (SourceFile:30)
09-13 17:58:19.014 16735 16735 I art     :   at void com.quvideo.xiaoying.ads.AbsAdGlobalMgr$1.a(java.lang.Object, com.quvideo.xiaoying.ads.AbsAdGlobalMgr$AdSdk) (SourceFile:28)
09-13 17:58:19.014 16735 16735 I art     :   at void com.quvideo.xiaoying.ads.AbsAdGlobalMgr.a(java.lang.Object, java.util.List, com.quvideo.xiaoying.ads.AbsAdGlobalMgr$a) (SourceFile:73)
09-13 17:58:19.014 16735 16735 I art     :   at void com.quvideo.xiaoying.ads.AbsAdGlobalMgr.initSdkInApplication(android.content.Context) (SourceFile:28)
09-13 17:58:19.014 16735 16735 I art     :   at void com.quvideo.xiaoying.app.g.et(android.content.Context) (SourceFile:15)
09-13 17:58:19.014 16735 16735 I art     :   at void com.quvideo.xiaoying.app.ApplicationBase.Ua() (SourceFile:187)
09-13 17:58:19.014 16735 16735 I art     :   at void com.quvideo.xiaoying.app.ApplicationBase.onCreate() (SourceFile:158)
09-13 17:58:19.014 16735 16735 I art     :   at void com.quvideo.xiaoying.shell.VivaAppApplication.onCreate() (SourceFile:12)
09-13 17:58:19.014 16735 16735 I art     :   at void android.app.Instrumentation.callApplicationOnCreate(android.app.Application) (Instrumentation.java:1032)
09-13 17:58:19.014 16735 16735 I art     :   at void android.app.ActivityThread.handleBindApplication(android.app.ActivityThread$AppBindData) (ActivityThread.java:5970)
09-13 17:58:19.014 16735 16735 I art     :   at void android.app.ActivityThread.-wrap3(android.app.ActivityThread, android.app.ActivityThread$AppBindData) (ActivityThread.java:-1)
09-13 17:58:19.014 16735 16735 I art     :   at void android.app.ActivityThread$H.handleMessage(android.os.Message) (ActivityThread.java:1710)
09-13 17:58:19.014 16735 16735 I art     :   at void android.os.Handler.dispatchMessage(android.os.Message) (Handler.java:102)
09-13 17:58:19.014 16735 16735 I art     :   at void android.os.Looper.loop() (Looper.java:154)
09-13 17:58:19.014 16735 16735 I art     :   at void android.app.ActivityThread.main(java.lang.String[]) (ActivityThread.java:6776)
09-13 17:58:19.014 16735 16735 I art     :   at java.lang.Object java.lang.reflect.Method.invoke!(java.lang.Object, java.lang.Object[]) (Method.java:-2)
09-13 17:58:19.014 16735 16735 I art     :   at void com.android.internal.os.ZygoteInit$MethodAndArgsCaller.run() (ZygoteInit.java:1518)
09-13 17:58:19.014 16735 16735 I art     :   at void com.android.internal.os.ZygoteInit.main(java.lang.String[]) (ZygoteInit.java:1408)
09-13 17:58:19.014 16735 16735 I art     : 
09-13 17:58:19.020 16735 16735 I CTService: SDK init success
09-13 17:58:19.053 16735 16735 I WebViewFactory: Loading com.google.android.webview version 62.0.3202.84 (code 320208400)
09-13 17:58:19.063  1467  3812 D PackageManager: setEnabledSetting : userId = 0 packageName = com.quvideo.xiaoying cmp = cn.jpush.android.service.PushService newState = 1 callingPackage = 10547
09-13 17:58:19.068  1467  3785 D PackageManager: setEnabledSetting : userId = 0 packageName = com.quvideo.xiaoying cmp = cn.jpush.android.service.DataProvider newState = 1 callingPackage = 10547
09-13 17:58:19.073 16735 16809 I System.out: Thread-3060(ApacheHTTPLog):Reading from variable values from setDefaultValuesToVariables
09-13 17:58:19.074 16735 16809 I System.out: Thread-3060(ApacheHTTPLog):isSBSettingEnabled false
09-13 17:58:19.074 16735 16809 I System.out: Thread-3060(ApacheHTTPLog):isShipBuild true
09-13 17:58:19.074 16735 16809 I System.out: Thread-3060(ApacheHTTPLog):getDebugLevel 0x4f4c
09-13 17:58:19.074 16735 16809 I System.out: Thread-3060(ApacheHTTPLog):Smart Bonding Setting is false
09-13 17:58:19.074 16735 16809 I System.out: Thread-3060(ApacheHTTPLog):SmartBonding Setting is false, SHIP_BUILD is true, log to file is false, DBG is false, DEBUG_LEVEL (1-LOW, 2-MID, 3-HIGH) is 1
09-13 17:58:19.079   529  1537 D EnterpriseController: netId is 0
09-13 17:58:19.079   529  1537 D Netd    : getNetworkForDns: using netid 502 for uid 10547
09-13 17:58:19.079   529  1537 D DnsProxyListener: DNSDBG::dns addrinfo af 2
09-13 17:58:19.083  1467  1483 D PackageManager: setEnabledSetting : userId = 0 packageName = com.quvideo.xiaoying cmp = cn.jpush.android.service.PushReceiver newState = 1 callingPackage = 10547
09-13 17:58:19.087  1467 20676 D PackageManager: setEnabledSetting : userId = 0 packageName = com.quvideo.xiaoying cmp = cn.jpush.android.service.AlarmReceiver newState = 1 callingPackage = 10547
09-13 17:58:19.090 16735 16809 I System.out: pool-22-thread-1 calls detatch()
09-13 17:58:19.097 16735 16735 I cr_LibraryLoader: Time to load native libraries: 4 ms (timestamps 4297-4301)
09-13 17:58:19.102  1467 11063 D SamsungAlarmManager: setExact Intent (T:0/F:1/AC:false) 20180913T180309 - CU:10547/CP:16817
09-13 17:58:19.126 16735 16735 I chromium: [INFO:library_loader_hooks.cc(46)] Chromium logging enabled: level = 0, default verbosity = 0
09-13 17:58:19.127 16735 16735 I cr_LibraryLoader: Expected native library version number "62.0.3202.84", actual native library version number "62.0.3202.84"
09-13 17:58:19.150  1467  2951 D SamsungAlarmManager: setExact Intent (T:0/F:1/AC:false) 20180913T180309 - CU:10547/CP:16817
09-13 17:58:19.159 16735 16735 I cr_BrowserStartup: Initializing chromium process, singleProcess=true
09-13 17:58:19.197 16735 16735 I Adreno  : QUALCOMM build                   : bc01238, I8e5c908169
09-13 17:58:19.197 16735 16735 I Adreno  : Build Date                       : 12/22/16
09-13 17:58:19.197 16735 16735 I Adreno  : OpenGL ES Shader Compiler Version: XE031.09.00.03
09-13 17:58:19.197 16735 16735 I Adreno  : Local Branch                     : 
09-13 17:58:19.197 16735 16735 I Adreno  : Remote Branch                    : quic/LA.BR.1.3.6.c1_rb1.5
09-13 17:58:19.197 16735 16735 I Adreno  : Remote Branch                    : NONE
09-13 17:58:19.197 16735 16735 I Adreno  : Reconstruct Branch               : NOTHING
09-13 17:58:19.230  1467  3815 D ActivityManager: The following uid has registered to recieve broadcast for proxy related updates 10547
09-13 17:58:19.230  1467  3815 W ContextImpl: Calling a method in the system process without a qualified user: android.app.ContextImpl.sendBroadcast:921 com.android.server.am.ActivityManagerService.requestKnoxVpnToSendProxyBroadcast:27333 com.android.server.am.ActivityManagerService.registerReceiver:22069 android.app.ActivityManagerNative.onTransact:466 com.android.server.am.ActivityManagerService.onTransact:3682 
09-13 17:58:19.232  1467  1467 D KnoxVpnEngineService: Vpn Receiver : com.samsung.android.knox.intent.action.VPN_PROXY_BROADCAST_INTERNAL
09-13 17:58:19.232  1467  2456 I KnoxVpnEngineService: vpn handle : Message received
09-13 17:58:19.252 16735 16761 W cr_CrashFileManager: /data/user/0/com.quvideo.xiaoying/cache/WebView/Crash Reports does not exist or is not a directory
09-13 17:58:19.256 16735 16812 W GAv4    : Error getting advertiser id: com.google.android.gms.common.GooglePlayServicesNotAvailableException
09-13 17:58:19.262 16735 16735 I art     : Rejecting re-init on previously-failed class java.lang.Class<com.android.webview.chromium.WebViewContentsClientAdapter$6>: java.lang.NoClassDefFoundError: Failed resolution of: Landroid/webkit/RenderProcessGoneDetail;
09-13 17:58:19.262 16735 16735 I art     :   at com.android.webview.chromium.WebViewContentsClientAdapter com.android.webview.chromium.WebViewChromiumFactoryProvider.createWebViewContentsClientAdapter(android.webkit.WebView, android.content.Context) (WebViewChromiumFactoryProvider.java:328)
09-13 17:58:19.262 16735 16735 I art     :   at void com.android.webview.chromium.WebViewChromium.init(java.util.Map, boolean) (WebViewChromium.java:42)
09-13 17:58:19.262 16735 16735 I art     :   at void android.webkit.WebView.<init>(android.content.Context, android.util.AttributeSet, int, int, java.util.Map, boolean) (WebView.java:636)
09-13 17:58:19.262 16735 16735 I art     :   at void android.webkit.WebView.<init>(android.content.Context, android.util.AttributeSet, int, int) (WebView.java:572)
09-13 17:58:19.262 16735 16735 I art     :   at void android.webkit.WebView.<init>(android.content.Context, android.util.AttributeSet, int) (WebView.java:555)
09-13 17:58:19.262 16735 16735 I art     :   at void android.webkit.WebView.<init>(android.content.Context, android.util.AttributeSet) (WebView.java:542)
09-13 17:58:19.263 16735 16735 I art     :   at void android.webkit.WebView.<init>(android.content.Context) (WebView.java:532)
09-13 17:58:19.263 16735 16735 I art     :   at void com.pingstart.adsdk.a.b.<init>(android.content.Context) (SourceFile:38)
09-13 17:58:19.263 16735 16735 I art     :   at java.lang.String com.pingstart.adsdk.i.l.cG(android.content.Context) (SourceFile:19)
09-13 17:58:19.263 16735 16735 I art     :   at void com.pingstart.adsdk.a.c(android.content.Context) (SourceFile:114)
09-13 17:58:19.263 16735 16735 I art     :   at void com.pingstart.adsdk.a.a(android.content.Context, java.lang.String, int) (SourceFile:70)
09-13 17:58:19.263 16735 16735 I art     :   at void com.pingstart.adsdk.a.l(android.content.Context, java.lang.String, int) (SourceFile:52)
09-13 17:58:19.263 16735 16735 I art     :   at void com.pingstart.adsdk.a.M(android.content.Context, java.lang.String) (SourceFile:37)
09-13 17:58:19.263 16735 16735 I art     :   at void com.quvideo.xiaoying.ads.pingstart.PingStartSdkMgr.initSdk(android.content.Context) (SourceFile:31)
09-13 17:58:19.263 16735 16735 I art     :   at void com.quvideo.xiaoying.ads.AbsAdGlobalMgr$1.a(android.content.Context, com.quvideo.xiaoying.ads.AbsAdGlobalMgr$AdSdk) (SourceFile:30)
09-13 17:58:19.263 16735 16735 I art     :   at void com.quvideo.xiaoying.ads.AbsAdGlobalMgr$1.a(java.lang.Object, com.quvideo.xiaoying.ads.AbsAdGlobalMgr$AdSdk) (SourceFile:28)
09-13 17:58:19.263 16735 16735 I art     :   at void com.quvideo.xiaoying.ads.AbsAdGlobalMgr.a(java.lang.Object, java.util.List, com.quvideo.xiaoying.ads.AbsAdGlobalMgr$a) (SourceFile:73)
09-13 17:58:19.263 16735 16735 I art     :   at void com.quvideo.xiaoying.ads.AbsAdGlobalMgr.initSdkInApplication(android.content.Context) (SourceFile:28)
09-13 17:58:19.263 16735 16735 I art     :   at void com.quvideo.xiaoying.app.g.et(android.content.Context) (SourceFile:15)
09-13 17:58:19.263 16735 16735 I art     :   at void com.quvideo.xiaoying.app.ApplicationBase.Ua() (SourceFile:187)
09-13 17:58:19.263 16735 16735 I art     :   at void com.quvideo.xiaoying.app.ApplicationBase.onCreate() (SourceFile:158)
09-13 17:58:19.263 16735 16735 I art     :   at void com.quvideo.xiaoying.shell.VivaAppApplication.onCreate() (SourceFile:12)
09-13 17:58:19.263 16735 16735 I art     :   at void android.app.Instrumentation.callApplicationOnCreate(android.app.Application) (Instrumentation.java:1032)
09-13 17:58:19.263 16735 16735 I art     :   at void android.app.ActivityThread.handleBindApplication(android.app.ActivityThread$AppBindData) (ActivityThread.java:5970)
09-13 17:58:19.263 16735 16735 I art     :   at void android.app.ActivityThread.-wrap3(android.app.ActivityThread, android.app.ActivityThread$AppBindData) (ActivityThread.java:-1)
09-13 17:58:19.263 16735 16735 I art     :   at void android.app.ActivityThread$H.handleMessage(android.os.Message) (ActivityThread.java:1710)
09-13 17:58:19.263 16735 16735 I art     :   at void android.os.Handler.dispatchMessage(android.os.Message) (Handler.java:102)
09-13 17:58:19.263 16735 16735 I art     :   at void android.os.Looper.loop() (Looper.java:154)
09-13 17:58:19.263 16735 16735 I art     :   at void android.app.ActivityThread.main(java.lang.String[]) (ActivityThread.java:6776)
09-13 17:58:19.263 16735 16735 I art     :   at java.lang.Object java.lang.reflect.Method.invoke!(java.lang.Object, java.lang.Object[]) (Method.java:-2)
09-13 17:58:19.263 16735 16735 I art     :   at void com.android.internal.os.ZygoteInit$MethodAndArgsCaller.run() (ZygoteInit.java:1518)
09-13 17:58:19.263 16735 16735 I art     :   at void com.android.internal.os.ZygoteInit.main(java.lang.String[]) (ZygoteInit.java:1408)
