09-13 17:58:36.697 16954 16998 V xiaomi  : [Thread:3017] JOB: Handle intent action = com.xiaomi.mipush.SEND_MESSAGE
09-13 17:58:36.698   529  1537 D EnterpriseController: netId is 0
09-13 17:58:36.698   529  1537 D Netd    : getNetworkForDns: using netid 502 for uid 10547
09-13 17:58:36.698   529  1537 D DnsProxyListener: DNSDBG::dns addrinfo af 2
09-13 17:58:36.699 16735 17261 I System.out: (HTTPLog)-Static: isSBSettingEnabled false
09-13 17:58:36.699 16954 16998 V xiaomi  : [Thread:3017] Perf_code  packetType  1003  length 215
09-13 17:58:36.701 16954 16998 V xiaomi  : [Thread:3017] try send mi push message. packagename:com.quvideo.xiaoying action:Subscription
09-13 17:58:36.705   529  1537 D EnterpriseController: netId is 0
09-13 17:58:36.705   529  1537 D Netd    : getNetworkForDns: using netid 502 for uid 10547
09-13 17:58:36.705   529  1537 D DnsProxyListener: DNSDBG::dns addrinfo af 2
09-13 17:58:36.723  1467  2951 D PackageManager: setEnabledSetting : userId = 0 packageName = com.quvideo.xiaoying cmp = com.xiaomi.push.service.XMPushService newState = 1 callingPackage = 10547
09-13 17:58:36.724 16735 17263 I System.out: (HTTPLog)-Static: isSBSettingEnabled false
09-13 17:58:36.726 16735 17263 I System.out: (HTTPLog)-Static: isSBSettingEnabled false
09-13 17:58:36.739 16954 16998 V xiaomi  : [Thread:3017] JOB: Handle intent action = com.xiaomi.mipush.SEND_MESSAGE
09-13 17:58:36.741 16954 16998 V xiaomi  : [Thread:3017] Perf_code  packetType  1003  length 215
09-13 17:58:36.743 16954 16998 V xiaomi  : [Thread:3017] try send mi push message. packagename:com.quvideo.xiaoying action:Subscription
09-13 17:58:36.753  1467 14386 D PackageManager: setEnabledSetting : userId = 0 packageName = com.quvideo.xiaoying cmp = com.xiaomi.push.service.XMPushService newState = 1 callingPackage = 10547
09-13 17:58:36.756 16735 17266 I System.out: (HTTPLog)-Static: isSBSettingEnabled false
09-13 17:58:36.757 16735 17266 I System.out: (HTTPLog)-Static: isSBSettingEnabled false
09-13 17:58:36.759 16735 17261 I System.out: (HTTPLog)-Static: isSBSettingEnabled false
09-13 17:58:36.761 16735 17261 I System.out: (HTTPLog)-Static: isSBSettingEnabled false
09-13 17:58:36.763   529  1537 D EnterpriseController: netId is 0
09-13 17:58:36.763   529  1537 D Netd    : getNetworkForDns: using netid 502 for uid 10547
09-13 17:58:36.763   529  1537 D DnsProxyListener: DNSDBG::dns addrinfo af 2
09-13 17:58:36.765 16954 16998 V xiaomi  : [Thread:3017] receive a message, appid=2000337, msgid= 8Zor27
09-13 17:58:36.767 16954 16998 V xiaomi  : [Thread:3017] Perf_code  packetType  1003  length 356
09-13 17:58:36.776  1467 11061 D PackageManager: setEnabledSetting : userId = 0 packageName = com.quvideo.xiaoying cmp = com.xiaomi.push.service.XMPushService newState = 1 callingPackage = 10547
09-13 17:58:36.777 16954 16998 V xiaomi  : [Thread:3017] receive a message, appid=2000337, msgid= 8Zor26
09-13 17:58:36.782 16954 16998 V xiaomi  : [Thread:3017] Perf_code  packetType  1010  length 409
09-13 17:58:36.803 16954 16998 V xiaomi  : [Thread:3017] JOB: Handle intent action = com.xiaomi.mipush.SEND_MESSAGE
09-13 17:58:36.803 16954 16998 V xiaomi  : [Thread:3017] JOB: Handle intent action = com.xiaomi.mipush.SEND_MESSAGE
09-13 17:58:36.804 16954 16998 V xiaomi  : [Thread:3017] Perf_code  packetType  1003  length 215
09-13 17:58:36.807 16954 16998 V xiaomi  : [Thread:3017] try send mi push message. packagename:com.quvideo.xiaoying action:Subscription
09-13 17:58:36.807  1467  3812 D PackageManager: setEnabledSetting : userId = 0 packageName = com.quvideo.xiaoying cmp = com.xiaomi.push.service.XMPushService newState = 1 callingPackage = 10547
09-13 17:58:36.810 16954 16998 V xiaomi  : [Thread:3017] Perf_code  packetType  1003  length 233
09-13 17:58:36.814 16954 16998 V xiaomi  : [Thread:3017] try send mi push message. packagename:com.quvideo.xiaoying action:Subscription
09-13 17:58:36.817 16735 17262 I System.out: (HTTPLog)-Static: isSBSettingEnabled false
09-13 17:58:36.819 16735 17262 I System.out: (HTTPLog)-Static: isSBSettingEnabled false
09-13 17:58:36.826 16735 17263 I System.out: (HTTPLog)-Static: isSBSettingEnabled false
09-13 17:58:36.826 16954 16998 V xiaomi  : [Thread:3017] JOB: Handle intent action = com.xiaomi.mipush.SEND_MESSAGE
09-13 17:58:36.827 16735 17263 I System.out: (HTTPLog)-Static: isSBSettingEnabled false
09-13 17:58:36.828 16954 16998 V xiaomi  : [Thread:3017] Perf_code  packetType  1003  length 215
09-13 17:58:36.831   529  1537 D EnterpriseController: netId is 0
09-13 17:58:36.831   529  1537 D Netd    : getNetworkForDns: using netid 502 for uid 10547
09-13 17:58:36.831   529  1537 D DnsProxyListener: DNSDBG::dns addrinfo af 2
09-13 17:58:36.833 16954 16998 V xiaomi  : [Thread:3017] try send mi push message. packagename:com.quvideo.xiaoying action:Subscription
09-13 17:58:36.862  1467  3785 D PackageManager: setEnabledSetting : userId = 0 packageName = com.quvideo.xiaoying cmp = com.xiaomi.push.service.XMPushService newState = 1 callingPackage = 10547
09-13 17:58:36.868 16954 16998 V xiaomi  : [Thread:3017] receive a message, appid=2000337, msgid= 8Zor28
09-13 17:58:36.869 16954 16998 V xiaomi  : [Thread:3017] Perf_code  packetType  1003  length 356
09-13 17:58:36.884 16954 16998 V xiaomi  : [Thread:3017] receive a message, appid=2000337, msgid= 8Zor29
09-13 17:58:36.886 16954 16998 V xiaomi  : [Thread:3017] Perf_code  packetType  1003  length 356
09-13 17:58:36.888  1467  1483 D PackageManager: setEnabledSetting : userId = 0 packageName = com.quvideo.xiaoying cmp = com.xiaomi.push.service.XMPushService newState = 1 callingPackage = 10547
09-13 17:58:36.893 16954 16998 V xiaomi  : [Thread:3017] JOB: Handle intent action = com.xiaomi.mipush.SEND_MESSAGE
09-13 17:58:36.900 16954 16998 V xiaomi  : [Thread:3017] Perf_code  packetType  1003  length 233
09-13 17:58:36.905 16954 16998 V xiaomi  : [Thread:3017] try send mi push message. packagename:com.quvideo.xiaoying action:Subscription
09-13 17:58:36.908 16954 16998 V xiaomi  : [Thread:3017] JOB: Handle intent action = com.xiaomi.mipush.SEND_MESSAGE
09-13 17:58:36.909 16735 17262 I System.out: (HTTPLog)-Static: isSBSettingEnabled false
09-13 17:58:36.909 16954 16998 V xiaomi  : [Thread:3017] Perf_code  packetType  1003  length 215
09-13 17:58:36.910 16735 17262 I System.out: (HTTPLog)-Static: isSBSettingEnabled false
09-13 17:58:36.913 16954 16998 V xiaomi  : [Thread:3017] try send mi push message. packagename:com.quvideo.xiaoying action:Subscription
09-13 17:58:36.920 16735 17261 I System.out: (HTTPLog)-Static: isSBSettingEnabled false
09-13 17:58:36.921 16735 17261 I System.out: (HTTPLog)-Static: isSBSettingEnabled false
09-13 17:58:36.928 16735 17263 I System.out: (HTTPLog)-Static: isSBSettingEnabled false
09-13 17:58:36.930 16954 16998 V xiaomi  : [Thread:3017] receive a message, appid=2000337, msgid= 8Zor30
09-13 17:58:36.930 16735 17263 I System.out: (HTTPLog)-Static: isSBSettingEnabled false
09-13 17:58:36.931 16954 16998 V xiaomi  : [Thread:3017] Perf_code  packetType  1003  length 374
09-13 17:58:36.931   529  1537 D EnterpriseController: netId is 0
09-13 17:58:36.931   529  1537 D Netd    : getNetworkForDns: using netid 502 for uid 10547
09-13 17:58:36.932   529  1537 D DnsProxyListener: DNSDBG::dns addrinfo af 2
09-13 17:58:36.934  1467  2511 D PackageManager: setEnabledSetting : userId = 0 packageName = com.quvideo.xiaoying cmp = com.xiaomi.push.service.XMPushService newState = 1 callingPackage = 10547
09-13 17:58:36.963 16954 16998 V xiaomi  : [Thread:3017] JOB: Handle intent action = com.xiaomi.mipush.SEND_MESSAGE
09-13 17:58:36.964 16954 16998 V xiaomi  : [Thread:3017] Perf_code  packetType  1003  length 233
09-13 17:58:36.971 16954 16998 V xiaomi  : [Thread:3017] try send mi push message. packagename:com.quvideo.xiaoying action:Subscription
09-13 17:58:36.983 16954 16998 V xiaomi  : [Thread:3017] receive a message, appid=2000337, msgid= 8Zor32
09-13 17:58:36.985 16954 16998 V xiaomi  : [Thread:3017] Perf_code  packetType  1003  length 374
09-13 17:58:37.005 16954 16998 V xiaomi  : [Thread:3017] receive a message, appid=2000337, msgid= 8Zor31
09-13 17:58:37.006 16954 16998 V xiaomi  : [Thread:3017] Perf_code  packetType  1003  length 374
09-13 17:58:37.014 16954 16998 V xiaomi  : [Thread:3017] receive a message, appid=2000337, msgid= 8Zor33
09-13 17:58:37.015 16954 16998 V xiaomi  : [Thread:3017] Perf_code  packetType  1003  length 374
09-13 17:58:37.034 16735 17261 I System.out: (HTTPLog)-Static: isSBSettingEnabled false
09-13 17:58:37.036 16735 17261 I System.out: (HTTPLog)-Static: isSBSettingEnabled false
09-13 17:58:37.043  1467  2972 D PackageManager: setEnabledSetting : userId = 0 packageName = com.quvideo.xiaoying cmp = com.xiaomi.push.service.XMPushService newState = 1 callingPackage = 10547
09-13 17:58:37.051 16735 16784 I System.out: (HTTPLog)-Static: isSBSettingEnabled false
09-13 17:58:37.052 16735 16784 I System.out: (HTTPLog)-Static: isSBSettingEnabled false
09-13 17:58:37.068 16954 16998 V xiaomi  : [Thread:3017] JOB: Handle intent action = com.xiaomi.mipush.SEND_MESSAGE
09-13 17:58:37.069 16954 16998 V xiaomi  : [Thread:3017] Perf_code  packetType  1003  length 215
09-13 17:58:37.071 16954 16998 V xiaomi  : [Thread:3017] try send mi push message. packagename:com.quvideo.xiaoying action:Subscription
09-13 17:58:37.100  1467  3815 D PackageManager: setEnabledSetting : userId = 0 packageName = com.quvideo.xiaoying cmp = com.xiaomi.push.service.XMPushService newState = 1 callingPackage = 10547
09-13 17:58:37.116 16954 16998 V xiaomi  : [Thread:3017] receive a message, appid=2000337, msgid= 8Zor34
09-13 17:58:37.117 16954 16998 V xiaomi  : [Thread:3017] Perf_code  packetType  1003  length 374
09-13 17:58:37.130  1467  2538 D WifiWatchdogStateMachine:  [|206] []
09-13 17:58:37.133 16735 17263 I System.out: (HTTPLog)-Static: isSBSettingEnabled false
09-13 17:58:37.136  1467  2972 D PackageManager: setEnabledSetting : userId = 0 packageName = com.quvideo.xiaoying cmp = com.xiaomi.push.service.XMPushService newState = 1 callingPackage = 10547
09-13 17:58:37.137 16954 16998 V xiaomi  : [Thread:3017] JOB: Handle intent action = com.xiaomi.mipush.SEND_MESSAGE
09-13 17:58:37.137 16735 17263 I System.out: (HTTPLog)-Static: isSBSettingEnabled false
09-13 17:58:37.138 16954 16998 V xiaomi  : [Thread:3017] Perf_code  packetType  1003  length 215
09-13 17:58:37.140 16954 16998 V xiaomi  : [Thread:3017] try send mi push message. packagename:com.quvideo.xiaoying action:Subscription
09-13 17:58:37.148 16954 16998 V xiaomi  : [Thread:3017] JOB: Handle intent action = com.xiaomi.mipush.SEND_MESSAGE
09-13 17:58:37.149 16954 16998 V xiaomi  : [Thread:3017] Perf_code  packetType  1003  length 215
09-13 17:58:37.156 16954 16998 V xiaomi  : [Thread:3017] try send mi push message. packagename:com.quvideo.xiaoying action:Subscription
09-13 17:58:37.156  1467 14386 D PackageManager: setEnabledSetting : userId = 0 packageName = com.quvideo.xiaoying cmp = com.xiaomi.push.service.XMPushService newState = 1 callingPackage = 10547
09-13 17:58:37.156 16735 17278 I System.out: (HTTPLog)-Static: isSBSettingEnabled false
09-13 17:58:37.158 16735 17278 I System.out: (HTTPLog)-Static: isSBSettingEnabled false
09-13 17:58:37.167 16954 16998 V xiaomi  : [Thread:3017] receive a message, appid=2000337, msgid= 8Zor35
09-13 17:58:37.168 16954 16998 V xiaomi  : [Thread:3017] Perf_code  packetType  1003  length 356
09-13 17:58:37.172 16954 16998 V xiaomi  : [Thread:3017] JOB: Handle intent action = com.xiaomi.mipush.SEND_MESSAGE
09-13 17:58:37.172  1467 11061 D PackageManager: setEnabledSetting : userId = 0 packageName = com.quvideo.xiaoying cmp = com.xiaomi.push.service.XMPushService newState = 1 callingPackage = 10547
09-13 17:58:37.173 16954 16998 V xiaomi  : [Thread:3017] Perf_code  packetType  1003  length 215
09-13 17:58:37.176 16954 16998 V xiaomi  : [Thread:3017] try send mi push message. packagename:com.quvideo.xiaoying action:Subscription
09-13 17:58:37.183 16954 16998 V xiaomi  : [Thread:3017] JOB: Handle intent action = com.xiaomi.mipush.SEND_MESSAGE
09-13 17:58:37.184 16954 16998 V xiaomi  : [Thread:3017] Perf_code  packetType  1003  length 215
09-13 17:58:37.186 16954 16998 V xiaomi  : [Thread:3017] try send mi push message. packagename:com.quvideo.xiaoying action:Subscription
09-13 17:58:37.203  1467  3812 D PackageManager: setEnabledSetting : userId = 0 packageName = com.quvideo.xiaoying cmp = com.xiaomi.push.service.XMPushService newState = 1 callingPackage = 10547
09-13 17:58:37.215 16954 16998 V xiaomi  : [Thread:3017] JOB: Handle intent action = com.xiaomi.mipush.SEND_MESSAGE
09-13 17:58:37.216 16954 16998 V xiaomi  : [Thread:3017] Perf_code  packetType  1003  length 233
09-13 17:58:37.220 16954 16998 V xiaomi  : [Thread:3017] try send mi push message. packagename:com.quvideo.xiaoying action:Subscription
09-13 17:58:37.232  1467  2952 D PackageManager: setEnabledSetting : userId = 0 packageName = com.quvideo.xiaoying cmp = com.xiaomi.push.service.XMPushService newState = 1 callingPackage = 10547
09-13 17:58:37.233 16954 16998 V xiaomi  : [Thread:3017] receive a message, appid=2000337, msgid= 8Zor39
09-13 17:58:37.233 16954 16998 V xiaomi  : [Thread:3017] Perf_code  packetType  1003  length 321
09-13 17:58:37.256 16954 16998 V xiaomi  : [Thread:3017] JOB: Handle intent action = com.xiaomi.mipush.SEND_MESSAGE
09-13 17:58:37.257 16954 16998 V xiaomi  : [Thread:3017] Perf_code  packetType  1003  length 215
09-13 17:58:37.259 16954 16998 V xiaomi  : [Thread:3017] try send mi push message. packagename:com.quvideo.xiaoying action:Subscription
09-13 17:58:37.262 16954 16998 V xiaomi  : [Thread:3017] receive a message, appid=2000337, msgid= 8Zor40
09-13 17:58:37.262 16954 16998 V xiaomi  : [Thread:3017] Perf_code  packetType  1003  length 321
09-13 17:58:37.263 16735 17280 I System.out: (HTTPLog)-Static: isSBSettingEnabled false
09-13 17:58:37.265 16735 17280 I System.out: (HTTPLog)-Static: isSBSettingEnabled false
09-13 17:58:37.279 16954 16998 V xiaomi  : [Thread:3017] receive a message, appid=2000337, msgid= 8Zor36
09-13 17:58:37.280 16954 16998 V xiaomi  : [Thread:3017] Perf_code  packetType  1003  length 356
09-13 17:58:37.288  1467  1483 D PackageManager: setEnabledSetting : userId = 0 packageName = com.quvideo.xiaoying cmp = com.xiaomi.push.service.XMPushService newState = 1 callingPackage = 10547
09-13 17:58:37.294 16954 16998 V xiaomi  : [Thread:3017] receive a message, appid=2000337, msgid= 8Zor37
09-13 17:58:37.295 16954 16998 V xiaomi  : [Thread:3017] Perf_code  packetType  1003  length 356
09-13 17:58:37.316 16954 16998 V xiaomi  : [Thread:3017] receive a message, appid=2000337, msgid= 8Zor41
09-13 17:58:37.317 16954 16998 V xiaomi  : [Thread:3017] Perf_code  packetType  1003  length 303
09-13 17:58:37.323 16954 16998 V xiaomi  : [Thread:3017] receive a message, appid=2000337, msgid= 8Zor38
09-13 17:58:37.324 16954 16998 V xiaomi  : [Thread:3017] Perf_code  packetType  1003  length 374
09-13 17:58:37.329 16954 16998 V xiaomi  : [Thread:3017] JOB: Handle intent action = com.xiaomi.mipush.SEND_MESSAGE
09-13 17:58:37.329 16954 16998 V xiaomi  : [Thread:3017] Perf_code  packetType  1003  length 215
09-13 17:58:37.331 16954 16998 V xiaomi  : [Thread:3017] try send mi push message. packagename:com.quvideo.xiaoying action:Subscription
09-13 17:58:37.351  1467  2565 D SamsungAlarmManager: Cancel Alarm calling from uid:10547 pid :16735 / op:PendingIntent{8d6c657: PendingIntentRecord{bad41cf com.quvideo.xiaoying broadcastIntent}}
09-13 17:58:37.358  1467 11063 D SamsungAlarmManager: setInexact Listener (T:2/F:0/AC:false) 20180913T180011 - CU:1000/CP:1467
09-13 17:58:37.364  1467 11063 D SamsungAlarmManager: setInexact Listener (T:2/F:0/AC:false) 20180913T180511 - CU:1000/CP:1467
09-13 17:58:37.366 16735 16745 W art     : Suspending all threads took: 7.920ms
09-13 17:58:37.367 16954 16998 V xiaomi  : [Thread:3017] receive a message, appid=2000337, msgid= 8Zor42
09-13 17:58:37.367 16954 16998 V xiaomi  : [Thread:3017] Perf_code  packetType  1003  length 303
09-13 17:58:37.386 16735 17282 I System.out: (HTTPLog)-Static: isSBSettingEnabled false
09-13 17:58:37.388 16735 17282 I System.out: (HTTPLog)-Static: isSBSettingEnabled false
09-13 17:58:37.417  1467  2972 D PackageManager: setEnabledSetting : userId = 0 packageName = com.quvideo.xiaoying cmp = com.xiaomi.push.service.XMPushService newState = 1 callingPackage = 10547
09-13 17:58:37.426 16954 16998 V xiaomi  : [Thread:3017] JOB: Handle intent action = com.xiaomi.mipush.SEND_MESSAGE
09-13 17:58:37.427 16954 16998 V xiaomi  : [Thread:3017] Perf_code  packetType  1003  length 215
09-13 17:58:37.429 16954 16998 V xiaomi  : [Thread:3017] try send mi push message. packagename:com.quvideo.xiaoying action:Subscription
09-13 17:58:37.431   786   786 I MSM-irqbalance: Decided to move IRQ76 from CPU6 to CPU4
09-13 17:58:37.442  1467  2816 D PackageManager: setEnabledSetting : userId = 0 packageName = com.quvideo.xiaoying cmp = com.xiaomi.push.service.XMPushService newState = 1 callingPackage = 10547
09-13 17:58:37.452 16735 16735 I Choreographer: Skipped 35 frames!  The application may be doing too much work on its main thread.
09-13 17:58:37.453 16954 16998 V xiaomi  : [Thread:3017] JOB: Handle intent action = com.xiaomi.mipush.SEND_MESSAGE
09-13 17:58:37.454 16954 16998 V xiaomi  : [Thread:3017] Perf_code  packetType  1003  length 215
09-13 17:58:37.457 16954 16998 V xiaomi  : [Thread:3017] try send mi push message. packagename:com.quvideo.xiaoying action:Subscription
09-13 17:58:37.463  1467 14389 D PackageManager: setEnabledSetting : userId = 0 packageName = com.quvideo.xiaoying cmp = com.xiaomi.push.service.XMPushService newState = 1 callingPackage = 10547
09-13 17:58:37.469 16954 16998 V xiaomi  : [Thread:3017] receive a message, appid=2000337, msgid= 8Zor43
09-13 17:58:37.470 16954 16998 V xiaomi  : [Thread:3017] Perf_code  packetType  1003  length 303
09-13 17:58:37.477 16954 16998 V xiaomi  : [Thread:3017] JOB: Handle intent action = com.xiaomi.mipush.SEND_MESSAGE
09-13 17:58:37.478 16954 16998 V xiaomi  : [Thread:3017] Perf_code  packetType  1003  length 215
09-13 17:58:37.480 16954 16998 V xiaomi  : [Thread:3017] try send mi push message. packagename:com.quvideo.xiaoying action:Subscription
09-13 17:58:37.480  1467  1483 D PackageManager: setEnabledSetting : userId = 0 packageName = com.quvideo.xiaoying cmp = com.xiaomi.push.service.XMPushService newState = 1 callingPackage = 10547
09-13 17:58:37.491 16954 16998 V xiaomi  : [Thread:3017] JOB: Handle intent action = com.xiaomi.mipush.SEND_MESSAGE
09-13 17:58:37.492 16954 16998 V xiaomi  : [Thread:3017] Perf_code  packetType  1003  length 215
09-13 17:58:37.494 16954 16998 V xiaomi  : [Thread:3017] try send mi push message. packagename:com.quvideo.xiaoying action:Subscription
09-13 17:58:37.498 16954 16998 V xiaomi  : [Thread:3017] receive a message, appid=2000337, msgid= 8Zor44
09-13 17:58:37.499 16954 16998 V xiaomi  : [Thread:3017] Perf_code  packetType  1003  length 303
09-13 17:58:37.502  1467  2816 D PackageManager: setEnabledSetting : userId = 0 packageName = com.quvideo.xiaoying cmp = com.xiaomi.push.service.XMPushService newState = 1 callingPackage = 10547
09-13 17:58:37.519 16954 16998 V xiaomi  : [Thread:3017] JOB: Handle intent action = com.xiaomi.mipush.SEND_MESSAGE
09-13 17:58:37.520 16954 16998 V xiaomi  : [Thread:3017] Perf_code  packetType  1003  length 215
09-13 17:58:37.522 16954 16998 V xiaomi  : [Thread:3017] try send mi push message. packagename:com.quvideo.xiaoying action:Subscription
09-13 17:58:37.528 16954 16998 V xiaomi  : [Thread:3017] receive a message, appid=2000337, msgid= 8Zor45
09-13 17:58:37.529 16954 16998 V xiaomi  : [Thread:3017] Perf_code  packetType  1003  length 303
09-13 17:58:37.538 16954 16998 V xiaomi  : [Thread:3017] receive a message, appid=2000337, msgid= 8Zor46
09-13 17:58:37.539 16954 16998 V xiaomi  : [Thread:3017] Perf_code  packetType  1003  length 303
09-13 17:58:37.546  1467  1484 D PackageManager: setEnabledSetting : userId = 0 packageName = com.quvideo.xiaoying cmp = com.xiaomi.push.service.XMPushService newState = 1 callingPackage = 10547
09-13 17:58:37.558 16954 16998 V xiaomi  : [Thread:3017] JOB: Handle intent action = com.xiaomi.mipush.SEND_MESSAGE
09-13 17:58:37.559 16954 16998 V xiaomi  : [Thread:3017] Perf_code  packetType  1003  length 215
09-13 17:58:37.562 16954 16998 V xiaomi  : [Thread:3017] try send mi push message. packagename:com.quvideo.xiaoying action:Subscription
09-13 17:58:37.574 16954 16998 V xiaomi  : [Thread:3017] receive a message, appid=2000337, msgid= 8Zor47
09-13 17:58:37.574  1467 11061 D PackageManager: setEnabledSetting : userId = 0 packageName = com.quvideo.xiaoying cmp = com.xiaomi.push.service.XMPushService newState = 1 callingPackage = 10547
09-13 17:58:37.575 16954 16998 V xiaomi  : [Thread:3017] Perf_code  packetType  1003  length 303
09-13 17:58:37.587 16954 16998 V xiaomi  : [Thread:3017] JOB: Handle intent action = com.xiaomi.mipush.SEND_MESSAGE
09-13 17:58:37.589 16954 16998 V xiaomi  : [Thread:3017] Perf_code  packetType  1003  length 215
09-13 17:58:37.595 16954 16998 V xiaomi  : [Thread:3017] try send mi push message. packagename:com.quvideo.xiaoying action:Subscription
09-13 17:58:37.614 16954 16998 V xiaomi  : [Thread:3017] receive a message, appid=2000337, msgid= 8Zor48
09-13 17:58:37.621  1467  1484 D PackageManager: setEnabledSetting : userId = 0 packageName = com.quvideo.xiaoying cmp = com.xiaomi.push.service.XMPushService newState = 1 callingPackage = 10547
09-13 17:58:37.622 16954 16998 V xiaomi  : [Thread:3017] Perf_code  packetType  1003  length 303
09-13 17:58:37.627 16735 16745 I art     : Background sticky concurrent mark sweep GC freed 69552(4MB) AllocSpace objects, 77(2MB) LOS objects, 11% free, 38MB/43MB, paused 20.700ms total 404.030ms
09-13 17:58:37.645  2643  3025 D NetworkController.MobileSignalController(0/-2): onSignalStrengthsChanged signalStrength=SignalStrength: 14 99 -120 -160 -120 -1 -1 99 2147483647 2147483647 2147483647 2147483647 2147483647 0x5 gsm|lte level=5
09-13 17:58:37.646  2643  3025 D NetworkController.MobileSignalController(0/-2): getMobileIconGroup(): 0
09-13 17:58:37.646  2643  3025 D NetworkController.MobileSignalController(0/-2): updateCMCCMobileIconGroup(): 0
09-13 17:58:37.658 16735 16784 I System.out: (HTTPLog)-Static: isSBSettingEnabled false
09-13 17:58:37.659 16954 16998 V xiaomi  : [Thread:3017] JOB: Handle intent action = com.xiaomi.mipush.SEND_MESSAGE
09-13 17:58:37.659 16954 16998 V xiaomi  : [Thread:3017] Perf_code  packetType  1003  length 233
09-13 17:58:37.662 16735 16784 I System.out: (HTTPLog)-Static: isSBSettingEnabled false
09-13 17:58:37.672 16954 16998 V xiaomi  : [Thread:3017] try send mi push message. packagename:com.quvideo.xiaoying action:Subscription
09-13 17:58:37.686 16954 16998 V xiaomi  : [Thread:3017] receive a message, appid=2000337, msgid= 8Zor49
09-13 17:58:37.688 16954 16998 V xiaomi  : [Thread:3017] Perf_code  packetType  1003  length 374
09-13 17:58:37.695  1467  2952 D PackageManager: setEnabledSetting : userId = 0 packageName = com.quvideo.xiaoying cmp = com.xiaomi.push.service.XMPushService newState = 1 callingPackage = 10547
09-13 17:58:37.701  2643  3025 D NetworkController.MobileSignalController(0/-2): onCellLocationChanged
09-13 17:58:37.712 16954 16998 V xiaomi  : [Thread:3017] JOB: Handle intent action = com.xiaomi.mipush.SEND_MESSAGE
09-13 17:58:37.713 16954 16998 V xiaomi  : [Thread:3017] Perf_code  packetType  1003  length 233
09-13 17:58:37.716 16954 16998 V xiaomi  : [Thread:3017] try send mi push message. packagename:com.quvideo.xiaoying action:Subscription
09-13 17:58:37.721  1467  1483 D PackageManager: setEnabledSetting : userId = 0 packageName = com.quvideo.xiaoying cmp = com.xiaomi.push.service.XMPushService newState = 1 callingPackage = 10547
09-13 17:58:37.731 16954 16998 V xiaomi  : [Thread:3017] JOB: Handle intent action = com.xiaomi.mipush.SEND_MESSAGE
09-13 17:58:37.731 16954 16998 V xiaomi  : [Thread:3017] Perf_code  packetType  1003  length 233
09-13 17:58:37.734 16954 16998 V xiaomi  : [Thread:3017] try send mi push message. packagename:com.quvideo.xiaoying action:Subscription
09-13 17:58:37.753 16735 17291 I System.out: (HTTPLog)-Static: isSBSettingEnabled false
09-13 17:58:37.754  1467  2951 D PackageManager: setEnabledSetting : userId = 0 packageName = com.quvideo.xiaoying cmp = com.xiaomi.push.service.XMPushService newState = 1 callingPackage = 10547
09-13 17:58:37.764 16735 17291 I System.out: (HTTPLog)-Static: isSBSettingEnabled false
09-13 17:58:37.780 16954 16998 V xiaomi  : [Thread:3017] receive a message, appid=2000337, msgid= 8Zor50
09-13 17:58:37.780 16954 16998 V xiaomi  : [Thread:3017] Perf_code  packetType  1003  length 374
09-13 17:58:37.790 16954 16998 V xiaomi  : [Thread:3017] JOB: Handle intent action = com.xiaomi.mipush.SEND_MESSAGE
09-13 17:58:37.790 16954 16998 V xiaomi  : [Thread:3017] Perf_code  packetType  1003  length 233
09-13 17:58:37.796 16954 16998 V xiaomi  : [Thread:3017] try send mi push message. packagename:com.quvideo.xiaoying action:Subscription
09-13 17:58:37.816 16954 16998 V xiaomi  : [Thread:3017] receive a message, appid=2000337, msgid= 8Zor51
09-13 17:58:37.824  1467  2538 D WifiWatchdogStateMachine.NetworkStatsAnalyzer: 1424 992 1666734 65690 1170 66
09-13 17:58:37.825 16735 17292 I System.out: (HTTPLog)-Static: isSBSettingEnabled false
09-13 17:58:37.826 16735 17292 I System.out: (HTTPLog)-Static: isSBSettingEnabled false
09-13 17:58:37.830 16954 16998 V xiaomi  : [Thread:3017] Perf_code  packetType  1003  length 374
09-13 17:58:37.882 16735 17289 I System  : Loaded time zone names for "en" in 98ms (91ms in ICU)
09-13 17:58:38.193 16954 16998 V xiaomi  : [Thread:3017] receive a message, appid=2000337, msgid= 8Zor52
09-13 17:58:38.193 16954 16998 V xiaomi  : [Thread:3017] Perf_code  packetType  1003  length 391
09-13 17:58:38.414 16735 16784 I System.out: (HTTPLog)-Static: isSBSettingEnabled false
09-13 17:58:38.415 16735 16784 I System.out: (HTTPLog)-Static: isSBSettingEnabled false
09-13 17:58:38.417 16735 17302 I System.out: (HTTPLog)-Static: isSBSettingEnabled false
09-13 17:58:38.418 16735 17289 I System.out: (HTTPLog)-Static: isSBSettingEnabled false
09-13 17:58:38.420 16735 17289 I System.out: (HTTPLog)-Static: isSBSettingEnabled false
09-13 17:58:38.425   529  1537 D EnterpriseController: netId is 0
09-13 17:58:38.425   529  1537 D Netd    : getNetworkForDns: using netid 502 for uid 10547
09-13 17:58:38.425   529  1537 D DnsProxyListener: DNSDBG::dns addrinfo af 2
09-13 17:58:38.436 16735 17302 I System.out: (HTTPLog)-Static: isSBSettingEnabled false
09-13 17:58:38.438 16735 16784 I System.out: (HTTPLog)-Static: isSBSettingEnabled false
09-13 17:58:38.439 16735 16784 I System.out: (HTTPLog)-Static: isSBSettingEnabled false
09-13 17:58:38.441 16954 16998 V xiaomi  : [Thread:3017] receive a message, appid=2000337, msgid= 8Zor53
09-13 17:58:38.446 16954 16998 V xiaomi  : [Thread:3017] Perf_code  packetType  1003  length 374
09-13 17:58:38.451 16735 16784 I System.out: (HTTPLog)-Static: isSBSettingEnabled false
09-13 17:58:38.453 16735 16784 I System.out: (HTTPLog)-Static: isSBSettingEnabled false
09-13 17:58:38.470 16735 17305 I System.out: (HTTPLog)-Static: isSBSettingEnabled false
09-13 17:58:38.473 16735 17305 I System.out: (HTTPLog)-Static: isSBSettingEnabled false
09-13 17:58:38.519 16735 17257 I System.out: (HTTPLog)-Static: isSBSettingEnabled false
09-13 17:58:38.522 16735 17257 I System.out: (HTTPLog)-Static: isSBSettingEnabled false
09-13 17:58:38.662 16735 17309 I System.out: (HTTPLog)-Static: isSBSettingEnabled false
09-13 17:58:38.663 16735 17309 I System.out: (HTTPLog)-Static: isSBSettingEnabled false
09-13 17:58:38.677  1467  2470 D wifi    : onLinkStatsResults: radio_stat.on_time = 4036298
09-13 17:58:38.677  1467  2470 D wifi    : onLinkStatsResults: radio_stat.tx_time = 0
09-13 17:58:38.677  1467  2470 D wifi    : onLinkStatsResults: radio_stat.rx_time = 0
09-13 17:58:38.678  1467  2470 D wifi    : android_net_wifi_getLinkLayerStats: radio_stat.on_time = 4036298
09-13 17:58:38.678  1467  2470 D wifi    : android_net_wifi_getLinkLayerStats: radio_stat.tx_time = 0
09-13 17:58:38.678  1467  2470 D wifi    : android_net_wifi_getLinkLayerStats: radio_stat.rx_time = 0
09-13 17:58:38.685  1467  2470 D WifiStateMachine: Current network is: "XY_Employee" , ID is: 2
09-13 17:58:38.685  1467  2470 D WifiStateMachine: Current network is still qualified due to heavy traffic, txSuccessRate=841.7008749743152 rxSuccessRate=1317.0425566020197
09-13 17:58:38.686  1467  2470 D WifiStateMachine: Current network is 5GHz, bail out...
09-13 17:58:38.802 16327 17066 I appium  : AppiumResponse: {"sessionId":"f3f5a5b5-55a5-4511-99e8-94d5aaa0f88f","status":0,"value":{"ELEMENT":"2635587b-7e54-47d1-b2ea-a46af5ffb1fc"}}
09-13 17:58:38.830 16327 17080 I appium  : channel read invoked!
09-13 17:58:38.830 16327 17080 I appium  : channel read: POST /wd/hub/session/f3f5a5b5-55a5-4511-99e8-94d5aaa0f88f/element
09-13 17:58:38.831 16327 17080 I appium  : Find element command
09-13 17:58:38.832 16327 17080 D appium  : payload: {"strategy":"id","selector":"com.quvideo.xiaoying:id/img_creation","context":"","multiple":false}
09-13 17:58:38.833 16327 17080 I appium  : find element command using 'id' with selector 'com.quvideo.xiaoying:id/img_creation'.
09-13 17:58:38.865 16735 16745 I art     : Background partial concurrent mark sweep GC freed 83751(5MB) AllocSpace objects, 58(1632KB) LOS objects, 30% free, 37MB/53MB, paused 11.205ms total 360.651ms
09-13 17:58:39.403  1467  2952 D PackageManager: setEnabledSetting : userId = 0 packageName = com.quvideo.xiaoying cmp = com.xiaomi.push.service.XMPushService newState = 1 callingPackage = 10547
09-13 17:58:39.415 16954 16998 V xiaomi  : [Thread:3017] JOB: Handle intent action = com.xiaomi.mipush.SEND_MESSAGE
09-13 17:58:39.415 16954 16998 V xiaomi  : [Thread:3017] Perf_code  packetType  1009  length 215
09-13 17:58:39.418 16954 16998 V xiaomi  : [Thread:3017] try send mi push message. packagename:com.quvideo.xiaoying action:Notification
09-13 17:58:39.496 16954 16998 V xiaomi  : [Thread:3017] receive a message, appid=2000337, msgid= dcn_1536832721110
09-13 17:58:39.496 16954 16998 V xiaomi  : [Thread:3017] Perf_code  packetType  1009  length 3008
09-13 17:58:39.718  1467  1509 I ActivityManager: Waited long enough for: ServiceRecord{b5ee2d8 u0 com.quvideo.xiaoying/com.pingstart.adsdk.service.OptimizeService}
09-13 17:58:40.157 16735 17100 W System.err: org.json.JSONException: Value {"expire": ""} at parameter of type java.lang.String cannot be converted to JSONObject
09-13 17:58:40.157 16735 17100 W System.err: 	at org.json.JSON.typeMismatch(JSON.java:100)
09-13 17:58:40.157 16735 17100 W System.err: 	at org.json.JSONObject.getJSONObject(JSONObject.java:613)
09-13 17:58:40.157 16735 17100 W System.err: 	at com.quvideo.xiaoying.datacenter.TemplateDataDao.updateTemplateLockInfo(SourceFile:265)
09-13 17:58:40.157 16735 17100 W System.err: 	at com.quvideo.xiaoying.datacenter.TemplateDataDao.saveTemplateRollLockInfo(SourceFile:152)
09-13 17:58:40.160 16735 17100 W System.err: 	at com.quvideo.xiaoying.datacenter.SocialServiceMiscNotify.onNotify(SourceFile:99)
09-13 17:58:40.160 16735 17100 W System.err: 	at com.quvideo.xiaoying.datacenter.SocialService.onMiscIntent(SourceFile:3370)
09-13 17:58:40.160 16735 17100 W System.err: 	at com.quvideo.xiaoying.datacenter.SocialService.access$300(SourceFile:89)
09-13 17:58:40.160 16735 17100 W System.err: 	at com.quvideo.xiaoying.datacenter.SocialService$RunIntentInExecutor$1.doInBackground(SourceFile:6373)
09-13 17:58:40.160 16735 17100 W System.err: 	at com.quvideo.xiaoying.datacenter.SocialService$RunIntentInExecutor$1.doInBackground(SourceFile:6352)
09-13 17:58:40.160 16735 17100 W System.err: 	at com.quvideo.xiaoying.common.ExAsyncTask$1.call(SourceFile:244)
09-13 17:58:40.160 16735 17100 W System.err: 	at java.util.concurrent.FutureTask.run(FutureTask.java:237)
09-13 17:58:40.160 16735 17100 W System.err: 	at java.util.concurrent.ThreadPoolExecutor.runWorker(ThreadPoolExecutor.java:1133)
09-13 17:58:40.160 16735 17100 W System.err: 	at java.util.concurrent.ThreadPoolExecutor$Worker.run(ThreadPoolExecutor.java:607)
09-13 17:58:40.160 16735 17100 W System.err: 	at java.lang.Thread.run(Thread.java:762)
09-13 17:58:40.189 16735 17100 W System.err: org.json.JSONException: Value {} at parameter of type java.lang.String cannot be converted to JSONObject
09-13 17:58:40.190 16735 17100 W System.err: 	at org.json.JSON.typeMismatch(JSON.java:100)
09-13 17:58:40.190 16735 17100 W System.err: 	at org.json.JSONObject.getJSONObject(JSONObject.java:613)
09-13 17:58:40.190 16735 17100 W System.err: 	at com.quvideo.xiaoying.datacenter.TemplateDataDao.updateTemplateLockInfo(SourceFile:265)
09-13 17:58:40.190 16735 17100 W System.err: 	at com.quvideo.xiaoying.datacenter.TemplateDataDao.saveTemplateRollLockInfo(SourceFile:152)
09-13 17:58:40.190 16735 17100 W System.err: 	at com.quvideo.xiaoying.datacenter.SocialServiceMiscNotify.onNotify(SourceFile:99)
09-13 17:58:40.190 16735 17100 W System.err: 	at com.quvideo.xiaoying.datacenter.SocialService.onMiscIntent(SourceFile:3370)
09-13 17:58:40.190 16735 17100 W System.err: 	at com.quvideo.xiaoying.datacenter.SocialService.access$300(SourceFile:89)
09-13 17:58:40.190 16735 17100 W System.err: 	at com.quvideo.xiaoying.datacenter.SocialService$RunIntentInExecutor$1.doInBackground(SourceFile:6373)
09-13 17:58:40.190 16735 17100 W System.err: 	at com.quvideo.xiaoying.datacenter.SocialService$RunIntentInExecutor$1.doInBackground(SourceFile:6352)
09-13 17:58:40.190 16735 17100 W System.err: 	at com.quvideo.xiaoying.common.ExAsyncTask$1.call(SourceFile:244)
09-13 17:58:40.190 16735 17100 W System.err: 	at java.util.concurrent.FutureTask.run(FutureTask.java:237)
09-13 17:58:40.190 16735 17100 W System.err: 	at java.util.concurrent.ThreadPoolExecutor.runWorker(ThreadPoolExecutor.java:1133)
09-13 17:58:40.190 16735 17100 W System.err: 	at java.util.concurrent.ThreadPoolExecutor$Worker.run(ThreadPoolExecutor.java:607)
09-13 17:58:40.190 16735 17100 W System.err: 	at java.lang.Thread.run(Thread.java:762)
09-13 17:58:40.230 16735 17100 W System.err: org.json.JSONException: Value {} at parameter of type java.lang.String cannot be converted to JSONObject
09-13 17:58:40.230 16735 17100 W System.err: 	at org.json.JSON.typeMismatch(JSON.java:100)
09-13 17:58:40.230 16735 17100 W System.err: 	at org.json.JSONObject.getJSONObject(JSONObject.java:613)
09-13 17:58:40.230 16735 17100 W System.err: 	at com.quvideo.xiaoying.datacenter.TemplateDataDao.updateTemplateLockInfo(SourceFile:265)
09-13 17:58:40.230 16735 17100 W System.err: 	at com.quvideo.xiaoying.datacenter.TemplateDataDao.saveTemplateRollLockInfo(SourceFile:152)
09-13 17:58:40.230 16735 17100 W System.err: 	at com.quvideo.xiaoying.datacenter.SocialServiceMiscNotify.onNotify(SourceFile:99)
09-13 17:58:40.230 16735 17100 W System.err: 	at com.quvideo.xiaoying.datacenter.SocialService.onMiscIntent(SourceFile:3370)
09-13 17:58:40.230 16735 17100 W System.err: 	at com.quvideo.xiaoying.datacenter.SocialService.access$300(SourceFile:89)
09-13 17:58:40.230 16735 17100 W System.err: 	at com.quvideo.xiaoying.datacenter.SocialService$RunIntentInExecutor$1.doInBackground(SourceFile:6373)
09-13 17:58:40.230 16735 17100 W System.err: 	at com.quvideo.xiaoying.datacenter.SocialService$RunIntentInExecutor$1.doInBackground(SourceFile:6352)
09-13 17:58:40.231 16735 17100 W System.err: 	at com.quvideo.xiaoying.common.ExAsyncTask$1.call(SourceFile:244)
09-13 17:58:40.231 16735 17100 W System.err: 	at java.util.concurrent.FutureTask.run(FutureTask.java:237)
09-13 17:58:40.231 16735 17100 W System.err: 	at java.util.concurrent.ThreadPoolExecutor.runWorker(ThreadPoolExecutor.java:1133)
09-13 17:58:40.231 16735 17100 W System.err: 	at java.util.concurrent.ThreadPoolExecutor$Worker.run(ThreadPoolExecutor.java:607)
09-13 17:58:40.231 16735 17100 W System.err: 	at java.lang.Thread.run(Thread.java:762)
09-13 17:58:40.291 16735 17100 W System.err: org.json.JSONException: Value {} at parameter of type java.lang.String cannot be converted to JSONObject
09-13 17:58:40.291 16735 17100 W System.err: 	at org.json.JSON.typeMismatch(JSON.java:100)
09-13 17:58:40.291 16735 17100 W System.err: 	at org.json.JSONObject.getJSONObject(JSONObject.java:613)
09-13 17:58:40.291 16735 17100 W System.err: 	at com.quvideo.xiaoying.datacenter.TemplateDataDao.updateTemplateLockInfo(SourceFile:265)
09-13 17:58:40.291 16735 17100 W System.err: 	at com.quvideo.xiaoying.datacenter.TemplateDataDao.saveTemplateRollLockInfo(SourceFile:152)
09-13 17:58:40.291 16735 17100 W System.err: 	at com.quvideo.xiaoying.datacenter.SocialServiceMiscNotify.onNotify(SourceFile:99)
09-13 17:58:40.291 16735 17100 W System.err: 	at com.quvideo.xiaoying.datacenter.SocialService.onMiscIntent(SourceFile:3370)
09-13 17:58:40.291 16735 17100 W System.err: 	at com.quvideo.xiaoying.datacenter.SocialService.access$300(SourceFile:89)
09-13 17:58:40.292 16735 17100 W System.err: 	at com.quvideo.xiaoying.datacenter.SocialService$RunIntentInExecutor$1.doInBackground(SourceFile:6373)
09-13 17:58:40.292 16735 17100 W System.err: 	at com.quvideo.xiaoying.datacenter.SocialService$RunIntentInExecutor$1.doInBackground(SourceFile:6352)
09-13 17:58:40.292 16735 17100 W System.err: 	at com.quvideo.xiaoying.common.ExAsyncTask$1.call(SourceFile:244)
09-13 17:58:40.292 16735 17100 W System.err: 	at java.util.concurrent.FutureTask.run(FutureTask.java:237)
09-13 17:58:40.292 16735 17100 W System.err: 	at java.util.concurrent.ThreadPoolExecutor.runWorker(ThreadPoolExecutor.java:1133)
09-13 17:58:40.292 16735 17100 W System.err: 	at java.util.concurrent.ThreadPoolExecutor$Worker.run(ThreadPoolExecutor.java:607)
09-13 17:58:40.292 16735 17100 W System.err: 	at java.lang.Thread.run(Thread.java:762)
09-13 17:58:40.326 16735 17100 W System.err: org.json.JSONException: Value {"expire": ""} at parameter of type java.lang.String cannot be converted to JSONObject
09-13 17:58:40.326 16735 17100 W System.err: 	at org.json.JSON.typeMismatch(JSON.java:100)
09-13 17:58:40.327 16735 17100 W System.err: 	at org.json.JSONObject.getJSONObject(JSONObject.java:613)
09-13 17:58:40.327 16735 17100 W System.err: 	at com.quvideo.xiaoying.datacenter.TemplateDataDao.updateTemplateLockInfo(SourceFile:265)
09-13 17:58:40.327 16735 17100 W System.err: 	at com.quvideo.xiaoying.datacenter.TemplateDataDao.saveTemplateRollLockInfo(SourceFile:152)
09-13 17:58:40.327 16735 17100 W System.err: 	at com.quvideo.xiaoying.datacenter.SocialServiceMiscNotify.onNotify(SourceFile:99)
09-13 17:58:40.327 16735 17100 W System.err: 	at com.quvideo.xiaoying.datacenter.SocialService.onMiscIntent(SourceFile:3370)
09-13 17:58:40.327 16735 17100 W System.err: 	at com.quvideo.xiaoying.datacenter.SocialService.access$300(SourceFile:89)
09-13 17:58:40.327 16735 17100 W System.err: 	at com.quvideo.xiaoying.datacenter.SocialService$RunIntentInExecutor$1.doInBackground(SourceFile:6373)
09-13 17:58:40.327 16735 17100 W System.err: 	at com.quvideo.xiaoying.datacenter.SocialService$RunIntentInExecutor$1.doInBackground(SourceFile:6352)
09-13 17:58:40.327 16735 17100 W System.err: 	at com.quvideo.xiaoying.common.ExAsyncTask$1.call(SourceFile:244)
09-13 17:58:40.327 16735 17100 W System.err: 	at java.util.concurrent.FutureTask.run(FutureTask.java:237)
09-13 17:58:40.327 16735 17100 W System.err: 	at java.util.concurrent.ThreadPoolExecutor.runWorker(ThreadPoolExecutor.java:1133)
09-13 17:58:40.327 16735 17100 W System.err: 	at java.util.concurrent.ThreadPoolExecutor$Worker.run(ThreadPoolExecutor.java:607)
09-13 17:58:40.327 16735 17100 W System.err: 	at java.lang.Thread.run(Thread.java:762)
09-13 17:58:40.335 16735 17100 W System.err: org.json.JSONException: Value {} at parameter of type java.lang.String cannot be converted to JSONObject
09-13 17:58:40.335 16735 17100 W System.err: 	at org.json.JSON.typeMismatch(JSON.java:100)
09-13 17:58:40.335 16735 17100 W System.err: 	at org.json.JSONObject.getJSONObject(JSONObject.java:613)
09-13 17:58:40.336 16735 17100 W System.err: 	at com.quvideo.xiaoying.datacenter.TemplateDataDao.updateTemplateLockInfo(SourceFile:265)
09-13 17:58:40.336 16735 17100 W System.err: 	at com.quvideo.xiaoying.datacenter.TemplateDataDao.saveTemplateRollLockInfo(SourceFile:152)
09-13 17:58:40.336 16735 17100 W System.err: 	at com.quvideo.xiaoying.datacenter.SocialServiceMiscNotify.onNotify(SourceFile:99)
09-13 17:58:40.336 16735 17100 W System.err: 	at com.quvideo.xiaoying.datacenter.SocialService.onMiscIntent(SourceFile:3370)
09-13 17:58:40.336 16735 17100 W System.err: 	at com.quvideo.xiaoying.datacenter.SocialService.access$300(SourceFile:89)
09-13 17:58:40.336 16735 17100 W System.err: 	at com.quvideo.xiaoying.datacenter.SocialService$RunIntentInExecutor$1.doInBackground(SourceFile:6373)
09-13 17:58:40.336 16735 17100 W System.err: 	at com.quvideo.xiaoying.datacenter.SocialService$RunIntentInExecutor$1.doInBackground(SourceFile:6352)
09-13 17:58:40.336 16735 17100 W System.err: 	at com.quvideo.xiaoying.common.ExAsyncTask$1.call(SourceFile:244)
09-13 17:58:40.336 16735 17100 W System.err: 	at java.util.concurrent.FutureTask.run(FutureTask.java:237)
09-13 17:58:40.336 16735 17100 W System.err: 	at java.util.concurrent.ThreadPoolExecutor.runWorker(ThreadPoolExecutor.java:1133)
09-13 17:58:40.336 16735 17100 W System.err: 	at java.util.concurrent.ThreadPoolExecutor$Worker.run(ThreadPoolExecutor.java:607)
09-13 17:58:40.336 16735 17100 W System.err: 	at java.lang.Thread.run(Thread.java:762)
09-13 17:58:40.356 16735 17100 W System.err: org.json.JSONException: Value {} at parameter of type java.lang.String cannot be converted to JSONObject
09-13 17:58:40.356 16735 17100 W System.err: 	at org.json.JSON.typeMismatch(JSON.java:100)
09-13 17:58:40.356 16735 17100 W System.err: 	at org.json.JSONObject.getJSONObject(JSONObject.java:613)
09-13 17:58:40.356 16735 17100 W System.err: 	at com.quvideo.xiaoying.datacenter.TemplateDataDao.updateTemplateLockInfo(SourceFile:265)
09-13 17:58:40.356 16735 17100 W System.err: 	at com.quvideo.xiaoying.datacenter.TemplateDataDao.saveTemplateRollLockInfo(SourceFile:152)
09-13 17:58:40.356 16735 17100 W System.err: 	at com.quvideo.xiaoying.datacenter.SocialServiceMiscNotify.onNotify(SourceFile:99)
09-13 17:58:40.356 16735 17100 W System.err: 	at com.quvideo.xiaoying.datacenter.SocialService.onMiscIntent(SourceFile:3370)
09-13 17:58:40.356 16735 17100 W System.err: 	at com.quvideo.xiaoying.datacenter.SocialService.access$300(SourceFile:89)
09-13 17:58:40.356 16735 17100 W System.err: 	at com.quvideo.xiaoying.datacenter.SocialService$RunIntentInExecutor$1.doInBackground(SourceFile:6373)
09-13 17:58:40.356 16735 17100 W System.err: 	at com.quvideo.xiaoying.datacenter.SocialService$RunIntentInExecutor$1.doInBackground(SourceFile:6352)
09-13 17:58:40.357 16735 17100 W System.err: 	at com.quvideo.xiaoying.common.ExAsyncTask$1.call(SourceFile:244)
09-13 17:58:40.357 16735 17100 W System.err: 	at java.util.concurrent.FutureTask.run(FutureTask.java:237)
09-13 17:58:40.357 16735 17100 W System.err: 	at java.util.concurrent.ThreadPoolExecutor.runWorker(ThreadPoolExecutor.java:1133)
09-13 17:58:40.357 16735 17100 W System.err: 	at java.util.concurrent.ThreadPoolExecutor$Worker.run(ThreadPoolExecutor.java:607)
09-13 17:58:40.357 16735 17100 W System.err: 	at java.lang.Thread.run(Thread.java:762)
09-13 17:58:40.374 16735 17100 W System.err: org.json.JSONException: Value {"expire": "[明天]LT"} at parameter of type java.lang.String cannot be converted to JSONObject
09-13 17:58:40.375 16735 17100 W System.err: 	at org.json.JSON.typeMismatch(JSON.java:100)
09-13 17:58:40.375 16735 17100 W System.err: 	at org.json.JSONObject.getJSONObject(JSONObject.java:613)
09-13 17:58:40.375 16735 17100 W System.err: 	at com.quvideo.xiaoying.datacenter.TemplateDataDao.updateTemplateLockInfo(SourceFile:265)
09-13 17:58:40.375 16735 17100 W System.err: 	at com.quvideo.xiaoying.datacenter.TemplateDataDao.saveTemplateRollLockInfo(SourceFile:152)
09-13 17:58:40.375 16735 17100 W System.err: 	at com.quvideo.xiaoying.datacenter.SocialServiceMiscNotify.onNotify(SourceFile:99)
09-13 17:58:40.375 16735 17100 W System.err: 	at com.quvideo.xiaoying.datacenter.SocialService.onMiscIntent(SourceFile:3370)
09-13 17:58:40.375 16735 17100 W System.err: 	at com.quvideo.xiaoying.datacenter.SocialService.access$300(SourceFile:89)
09-13 17:58:40.375 16735 17100 W System.err: 	at com.quvideo.xiaoying.datacenter.SocialService$RunIntentInExecutor$1.doInBackground(SourceFile:6373)
09-13 17:58:40.375 16735 17100 W System.err: 	at com.quvideo.xiaoying.datacenter.SocialService$RunIntentInExecutor$1.doInBackground(SourceFile:6352)
09-13 17:58:40.375 16735 17100 W System.err: 	at com.quvideo.xiaoying.common.ExAsyncTask$1.call(SourceFile:244)
09-13 17:58:40.375 16735 17100 W System.err: 	at java.util.concurrent.FutureTask.run(FutureTask.java:237)
09-13 17:58:40.375 16735 17100 W System.err: 	at java.util.concurrent.ThreadPoolExecutor.runWorker(ThreadPoolExecutor.java:1133)
09-13 17:58:40.375 16735 17100 W System.err: 	at java.util.concurrent.ThreadPoolExecutor$Worker.run(ThreadPoolExecutor.java:607)
09-13 17:58:40.375 16735 17100 W System.err: 	at java.lang.Thread.run(Thread.java:762)
09-13 17:58:40.439 16735 17104 W System.err: org.json.JSONException: Value {} at parameter of type java.lang.String cannot be converted to JSONObject
09-13 17:58:40.440 16735 17104 W System.err: 	at org.json.JSON.typeMismatch(JSON.java:100)
09-13 17:58:40.440 16735 17104 W System.err: 	at org.json.JSONObject.getJSONObject(JSONObject.java:613)
09-13 17:58:40.440 16735 17104 W System.err: 	at com.quvideo.xiaoying.datacenter.TemplateDataDao.updateTemplateLockInfo(SourceFile:265)
09-13 17:58:40.440 16735 17104 W System.err: 	at com.quvideo.xiaoying.datacenter.TemplateDataDao.saveTemplateRollLockInfo(SourceFile:152)
09-13 17:58:40.440 16735 17104 W System.err: 	at com.quvideo.xiaoying.datacenter.SocialServiceMiscNotify.onNotify(SourceFile:99)
09-13 17:58:40.440 16735 17104 W System.err: 	at com.quvideo.xiaoying.datacenter.SocialService.onMiscIntent(SourceFile:3370)
09-13 17:58:40.440 16735 17104 W System.err: 	at com.quvideo.xiaoying.datacenter.SocialService.access$300(SourceFile:89)
09-13 17:58:40.440 16735 17104 W System.err: 	at com.quvideo.xiaoying.datacenter.SocialService$RunIntentInExecutor$1.doInBackground(SourceFile:6373)
09-13 17:58:40.440 16735 17104 W System.err: 	at com.quvideo.xiaoying.datacenter.SocialService$RunIntentInExecutor$1.doInBackground(SourceFile:6352)
09-13 17:58:40.440 16735 17104 W System.err: 	at com.quvideo.xiaoying.common.ExAsyncTask$1.call(SourceFile:244)
09-13 17:58:40.440 16735 17104 W System.err: 	at java.util.concurrent.FutureTask.run(FutureTask.java:237)
09-13 17:58:40.440 16735 17104 W System.err: 	at java.util.concurrent.ThreadPoolExecutor.runWorker(ThreadPoolExecutor.java:1133)
09-13 17:58:40.440 16735 17104 W System.err: 	at java.util.concurrent.ThreadPoolExecutor$Worker.run(ThreadPoolExecutor.java:607)
09-13 17:58:40.440 16735 17104 W System.err: 	at java.lang.Thread.run(Thread.java:762)
09-13 17:58:40.446 16735 17104 W System.err: org.json.JSONException: Value {"expire": ""} at parameter of type java.lang.String cannot be converted to JSONObject
09-13 17:58:40.446 16735 17104 W System.err: 	at org.json.JSON.typeMismatch(JSON.java:100)
09-13 17:58:40.447 16735 17104 W System.err: 	at org.json.JSONObject.getJSONObject(JSONObject.java:613)
09-13 17:58:40.447 16735 17104 W System.err: 	at com.quvideo.xiaoying.datacenter.TemplateDataDao.updateTemplateLockInfo(SourceFile:265)
09-13 17:58:40.447 16735 17104 W System.err: 	at com.quvideo.xiaoying.datacenter.TemplateDataDao.saveTemplateRollLockInfo(SourceFile:152)
09-13 17:58:40.447 16735 17104 W System.err: 	at com.quvideo.xiaoying.datacenter.SocialServiceMiscNotify.onNotify(SourceFile:99)
09-13 17:58:40.447 16735 17104 W System.err: 	at com.quvideo.xiaoying.datacenter.SocialService.onMiscIntent(SourceFile:3370)
09-13 17:58:40.447 16735 17104 W System.err: 	at com.quvideo.xiaoying.datacenter.SocialService.access$300(SourceFile:89)
09-13 17:58:40.447 16735 17104 W System.err: 	at com.quvideo.xiaoying.datacenter.SocialService$RunIntentInExecutor$1.doInBackground(SourceFile:6373)
09-13 17:58:40.447 16735 17104 W System.err: 	at com.quvideo.xiaoying.datacenter.SocialService$RunIntentInExecutor$1.doInBackground(SourceFile:6352)
09-13 17:58:40.447 16735 17104 W System.err: 	at com.quvideo.xiaoying.common.ExAsyncTask$1.call(SourceFile:244)
09-13 17:58:40.447 16735 17104 W System.err: 	at java.util.concurrent.FutureTask.run(FutureTask.java:237)
09-13 17:58:40.447 16735 17104 W System.err: 	at java.util.concurrent.ThreadPoolExecutor.runWorker(ThreadPoolExecutor.java:1133)
09-13 17:58:40.447 16735 17104 W System.err: 	at java.util.concurrent.ThreadPoolExecutor$Worker.run(ThreadPoolExecutor.java:607)
09-13 17:58:40.447 16735 17104 W System.err: 	at java.lang.Thread.run(Thread.java:762)
09-13 17:58:40.466 16735 17104 W System.err: org.json.JSONException: Value {} at parameter of type java.lang.String cannot be converted to JSONObject
09-13 17:58:40.466 16735 17104 W System.err: 	at org.json.JSON.typeMismatch(JSON.java:100)
09-13 17:58:40.466 16735 17104 W System.err: 	at org.json.JSONObject.getJSONObject(JSONObject.java:613)
09-13 17:58:40.466 16735 17104 W System.err: 	at com.quvideo.xiaoying.datacenter.TemplateDataDao.updateTemplateLockInfo(SourceFile:265)
09-13 17:58:40.466 16735 17104 W System.err: 	at com.quvideo.xiaoying.datacenter.TemplateDataDao.saveTemplateRollLockInfo(SourceFile:152)
09-13 17:58:40.466 16735 17104 W System.err: 	at com.quvideo.xiaoying.datacenter.SocialServiceMiscNotify.onNotify(SourceFile:99)
